ï»¿2026-10-03T03:06:02.7428220Z Current runner version: '2.337.0'
2026-10-03T03:06:02.7483300Z ##[group]Runner Image Provisioner
2026-10-03T03:06:02.7485440Z Hosted Compute Agent
2026-10-03T03:06:02.7485920Z Version: 20260828.587
2026-10-03T03:06:02.7486740Z Commit: abac92662cab4cc7352de4f9f9d2e2419aad9c29
2026-10-03T03:06:02.7488980Z Build Date: 2026-08-28T16:44:25Z
2026-10-03T03:06:02.7490370Z Worker ID: {bde30215-a3da-426f-bc6c-235007be0411}
2026-10-03T03:06:02.7491710Z Azure Region: westus
2026-10-03T03:06:02.7492190Z ##[endgroup]
2026-10-03T03:06:02.7493940Z ##[group]Operating System
2026-10-03T03:06:02.7494480Z macOS
2026-10-03T03:06:02.7495700Z 15.7.9
2026-10-03T03:06:02.7496150Z 24G830
2026-10-03T03:06:02.7497450Z ##[endgroup]
2026-10-03T03:06:02.7498200Z ##[group]Runner Image
2026-10-03T03:06:02.7500340Z Image: macos-15-arm64
2026-10-03T03:06:02.7500910Z Version: 20260907.0337.1
2026-10-03T03:06:02.7503400Z Included Software: https://github.com/actions/runner-images/blob/macos-15-arm64/20260907.0337/images/macos/macos-15-arm64-Readme.md
2026-10-03T03:06:02.7506380Z Image Release: https://github.com/actions/runner-images/releases/tag/macos-15-arm64%2F20260907.0337
2026-10-03T03:06:02.7507180Z ##[endgroup]
2026-10-03T03:06:02.7509500Z ##[group]GITHUB_TOKEN Permissions
2026-10-03T03:06:02.7513240Z Contents: read
2026-10-03T03:06:02.7513630Z Metadata: read
2026-10-03T03:06:02.7514110Z Packages: read
2026-10-03T03:06:02.7514540Z ##[endgroup]
2026-10-03T03:06:02.7516590Z Secret source: Actions
2026-10-03T03:06:02.7517220Z Cache mode: write
2026-10-03T03:06:02.7517730Z Prepare workflow directory
2026-10-03T03:06:02.7957590Z Prepare all required actions
2026-10-03T03:06:02.8054950Z Getting action download info
2026-10-03T03:06:03.0787650Z Download action repository 'actions/checkout@v4' (SHA:11d5960a326750d5838078e36cf38b85af677262)
2026-10-03T03:06:03.4702850Z Download action repository 'actions/upload-artifact@v4' (SHA:ea165f8d65b6e75b540449e92b4886f43607fa02)
2026-10-03T03:06:03.8476350Z Complete job name: Build FEXCore static libs for tvOS
2026-10-03T03:06:03.9023770Z ##[warning]Unexpected input(s) 'submodule-depth', valid inputs are ['repository', 'ref', 'token', 'ssh-key', 'ssh-known-hosts', 'ssh-strict', 'ssh-user', 'persist-credentials', 'path', 'clean', 'filter', 'sparse-checkout', 'sparse-checkout-cone-mode', 'fetch-depth', 'fetch-tags', 'show-progress', 'lfs', 'submodules', 'set-safe-directory', 'github-server-url', 'allow-unsafe-pr-checkout']
2026-10-03T03:06:03.9073290Z ##[group]Run actions/checkout@v4
2026-10-03T03:06:03.9073790Z with:
2026-10-03T03:06:03.9074110Z   fetch-depth: 0
2026-10-03T03:06:03.9074430Z   submodules: recursive
2026-10-03T03:06:03.9074770Z   submodule-depth: 1
2026-10-03T03:06:03.9075130Z   repository: duranereloise-hash/MadeiraTV
2026-10-03T03:06:03.9077720Z   token: ***
2026-10-03T03:06:03.9078030Z   ssh-strict: true
2026-10-03T03:06:03.9078360Z   ssh-user: git
2026-10-03T03:06:03.9078680Z   persist-credentials: true
2026-10-03T03:06:03.9079030Z   clean: true
2026-10-03T03:06:03.9079400Z   sparse-checkout-cone-mode: true
2026-10-03T03:06:03.9079790Z   fetch-tags: false
2026-10-03T03:06:03.9080110Z   show-progress: true
2026-10-03T03:06:03.9080440Z   lfs: false
2026-10-03T03:06:03.9080760Z   set-safe-directory: true
2026-10-03T03:06:03.9081140Z   allow-unsafe-pr-checkout: false
2026-10-03T03:06:03.9081630Z ##[endgroup]
2026-10-03T03:06:04.2586730Z Syncing repository: duranereloise-hash/MadeiraTV
2026-10-03T03:06:04.2589250Z ##[group]Getting Git version info
2026-10-03T03:06:04.2589940Z Working directory is '/Users/runner/work/MadeiraTV/MadeiraTV'
2026-10-03T03:06:04.2590840Z [command]/opt/homebrew/bin/git version
2026-10-03T03:06:04.3211590Z git version 2.55.0
2026-10-03T03:06:04.3250680Z ##[endgroup]
2026-10-03T03:06:04.3377220Z Copying '/Users/runner/.gitconfig' to '/Users/runner/work/_temp/0f59193a-1d3b-4392-963f-5cf72d13b1e0/.gitconfig'
2026-10-03T03:06:04.3395080Z Temporarily overriding HOME='/Users/runner/work/_temp/0f59193a-1d3b-4392-963f-5cf72d13b1e0' before making global git config changes
2026-10-03T03:06:04.3399110Z Adding repository directory to the temporary git global config as a safe directory
2026-10-03T03:06:04.3401470Z [command]/opt/homebrew/bin/git config --global --add safe.directory /Users/runner/work/MadeiraTV/MadeiraTV
2026-10-03T03:06:04.3564200Z Deleting the contents of '/Users/runner/work/MadeiraTV/MadeiraTV'
2026-10-03T03:06:04.3568630Z ##[group]Initializing the repository
2026-10-03T03:06:04.3570760Z [command]/opt/homebrew/bin/git init /Users/runner/work/MadeiraTV/MadeiraTV
2026-10-03T03:06:04.3865400Z hint: Using 'master' as the name for the initial branch. This default branch name
2026-10-03T03:06:04.3867010Z hint: will change to "main" in Git 3.0. To configure the initial branch name
2026-10-03T03:06:04.3868290Z hint: to use in all of your new repositories, which will suppress this warning,
2026-10-03T03:06:04.3868950Z hint: call:
2026-10-03T03:06:04.3870480Z hint:
2026-10-03T03:06:04.3872240Z hint: 	git config --global init.defaultBranch <name>
2026-10-03T03:06:04.3875030Z hint:
2026-10-03T03:06:04.3877210Z hint: Names commonly chosen instead of 'master' are 'main', 'trunk' and
2026-10-03T03:06:04.3878480Z hint: 'development'. The just-created branch can be renamed via this command:
2026-10-03T03:06:04.3880800Z hint:
2026-10-03T03:06:04.3881300Z hint: 	git branch -m <name>
2026-10-03T03:06:04.3881800Z hint:
2026-10-03T03:06:04.3882930Z hint: Disable this message with "git config set advice.defaultBranchName false"
2026-10-03T03:06:04.3885920Z Initialized empty Git repository in /Users/runner/work/MadeiraTV/MadeiraTV/.git/
2026-10-03T03:06:04.4023920Z [command]/opt/homebrew/bin/git remote add origin https://github.com/duranereloise-hash/MadeiraTV
2026-10-03T03:06:04.4109400Z ##[endgroup]
2026-10-03T03:06:04.4112200Z ##[group]Disabling automatic garbage collection
2026-10-03T03:06:04.4114390Z [command]/opt/homebrew/bin/git config --local gc.auto 0
2026-10-03T03:06:04.4230030Z ##[endgroup]
2026-10-03T03:06:04.4230730Z ##[group]Setting up auth
2026-10-03T03:06:04.4238970Z [command]/opt/homebrew/bin/git config --local --name-only --get-regexp core\.sshCommand
2026-10-03T03:06:04.4330520Z [command]/opt/homebrew/bin/git submodule foreach --recursive sh -c "git config --local --name-only --get-regexp 'core\.sshCommand' && git config --local --unset-all 'core.sshCommand' || :"
2026-10-03T03:06:04.6239470Z [command]/opt/homebrew/bin/git config --local --name-only --get-regexp http\.https\:\/\/github\.com\/\.extraheader
2026-10-03T03:06:04.6322140Z [command]/opt/homebrew/bin/git submodule foreach --recursive sh -c "git config --local --name-only --get-regexp 'http\.https\:\/\/github\.com\/\.extraheader' && git config --local --unset-all 'http.https://github.com/.extraheader' || :"
2026-10-03T03:06:04.7571830Z [command]/opt/homebrew/bin/git config --local --name-only --get-regexp ^includeIf\.gitdir:
2026-10-03T03:06:04.7643180Z [command]/opt/homebrew/bin/git submodule foreach --recursive git config --local --show-origin --name-only --get-regexp remote.origin.url
2026-10-03T03:06:04.8474890Z [command]/opt/homebrew/bin/git config --local http.https://github.com/.extraheader AUTHORIZATION: basic ***
2026-10-03T03:06:04.8556080Z ##[endgroup]
2026-10-03T03:06:04.8557690Z ##[group]Fetching the repository
2026-10-03T03:06:04.8563940Z [command]/opt/homebrew/bin/git -c protocol.version=2 fetch --prune --no-recurse-submodules origin +refs/heads/*:refs/remotes/origin/* +refs/tags/*:refs/tags/*
2026-10-03T03:06:05.5028090Z From https://github.com/duranereloise-hash/MadeiraTV
2026-10-03T03:06:05.5029980Z  * [new branch]      main       -> origin/main
2026-10-03T03:06:05.5049860Z [command]/opt/homebrew/bin/git branch --list --remote origin/main
2026-10-03T03:06:05.5165550Z   origin/main
2026-10-03T03:06:05.5271410Z [command]/opt/homebrew/bin/git rev-parse refs/remotes/origin/main
2026-10-03T03:06:05.5273150Z 939d8e36297358a824c655ed1a15049f28f198ab
2026-10-03T03:06:05.5276200Z ##[endgroup]
2026-10-03T03:06:05.5277570Z ##[group]Determining the checkout info
2026-10-03T03:06:05.5284290Z ##[endgroup]
2026-10-03T03:06:05.5286080Z [command]/opt/homebrew/bin/git sparse-checkout disable
2026-10-03T03:06:05.5395290Z [command]/opt/homebrew/bin/git config --local --unset-all extensions.worktreeConfig
2026-10-03T03:06:05.5502230Z ##[group]Checking out the ref
2026-10-03T03:06:05.5505630Z [command]/opt/homebrew/bin/git checkout --progress --force -B main refs/remotes/origin/main
2026-10-03T03:06:05.5876810Z Switched to a new branch 'main'
2026-10-03T03:06:05.5884830Z branch 'main' set up to track 'origin/main'.
2026-10-03T03:06:05.5895910Z ##[endgroup]
2026-10-03T03:06:05.5899020Z ##[group]Setting up auth for fetching submodules
2026-10-03T03:06:05.5902480Z [command]/opt/homebrew/bin/git config --global http.https://github.com/.extraheader AUTHORIZATION: basic ***
2026-10-03T03:06:05.5990110Z [command]/opt/homebrew/bin/git config --global --unset-all url.https://github.com/.insteadOf
2026-10-03T03:06:05.6062950Z [command]/opt/homebrew/bin/git config --global --add url.https://github.com/.insteadOf git@github.com:
2026-10-03T03:06:05.6135980Z [command]/opt/homebrew/bin/git config --global --add url.https://github.com/.insteadOf org-309539288@github.com:
2026-10-03T03:06:05.6209340Z ##[endgroup]
2026-10-03T03:06:05.6212250Z ##[group]Fetching submodules
2026-10-03T03:06:05.6214730Z [command]/opt/homebrew/bin/git submodule sync --recursive
2026-10-03T03:06:05.6997310Z [command]/opt/homebrew/bin/git -c protocol.version=2 submodule update --init --force --recursive
2026-10-03T03:06:05.7684100Z [command]/opt/homebrew/bin/git submodule foreach --recursive git config --local gc.auto 0
2026-10-03T03:06:05.8560250Z ##[endgroup]
2026-10-03T03:06:05.8562300Z ##[group]Persisting credentials for submodules
2026-10-03T03:06:05.8564800Z [command]/opt/homebrew/bin/git submodule foreach --recursive sh -c "git config --local --name-only --get-regexp 'url\.https\:\/\/github\.com\/\.insteadOf' && git config --local --unset-all 'url.https://github.com/.insteadOf' || :"
2026-10-03T03:06:05.9409990Z [command]/opt/homebrew/bin/git submodule foreach --recursive sh -c "git config --local 'http.https://github.com/.extraheader' 'AUTHORIZATION: basic ***' && git config --local --show-origin --name-only --get-regexp remote.origin.url"
2026-10-03T03:06:06.0257090Z [command]/opt/homebrew/bin/git submodule foreach --recursive git config --local --add 'url.https://github.com/.insteadOf' 'git@github.com:'
2026-10-03T03:06:06.0864150Z [command]/opt/homebrew/bin/git submodule foreach --recursive git config --local --add 'url.https://github.com/.insteadOf' 'org-309539288@github.com:'
2026-10-03T03:06:06.1623580Z ##[endgroup]
2026-10-03T03:06:06.1668520Z [command]/opt/homebrew/bin/git log -1 --format=%H
2026-10-03T03:06:06.1734940Z 939d8e36297358a824c655ed1a15049f28f198ab
2026-10-03T03:06:06.1919470Z ##[group]Run xcodebuild -version
2026-10-03T03:06:06.1920030Z [36;1mxcodebuild -version[0m
2026-10-03T03:06:06.1920390Z [36;1mcmake --version | head -2[0m
2026-10-03T03:06:06.1920770Z [36;1mxcrun --sdk appletvos --show-sdk-version[0m
2026-10-03T03:06:06.1971280Z shell: /bin/bash -e {0}
2026-10-03T03:06:06.1971660Z ##[endgroup]
2026-10-03T03:06:06.3905430Z Xcode 16.4
2026-10-03T03:06:06.3915610Z Build version 16F6
2026-10-03T03:06:06.4365340Z cmake version 4.4.3
2026-10-03T03:06:06.4365870Z 
2026-10-03T03:06:08.2013350Z 18.5
2026-10-03T03:06:08.2138610Z ##[group]Run set -o pipefail
2026-10-03T03:06:08.2140890Z [36;1mset -o pipefail[0m
2026-10-03T03:06:08.2141460Z [36;1mmkdir -p build[0m
2026-10-03T03:06:08.2142070Z [36;1mR="$(pwd)"[0m
2026-10-03T03:06:08.2142530Z [36;1mB="$R/FEX/build-ios"[0m
2026-10-03T03:06:08.2143380Z [36;1m# Detect whether CMake accepts iOS system name + tvOS sysroot[0m
2026-10-03T03:06:08.2144260Z [36;1mcmake -S "$R/FEX" -B "$B" \[0m
2026-10-03T03:06:08.2144980Z [36;1m  -DCMAKE_SYSTEM_NAME=iOS \[0m
2026-10-03T03:06:08.2145820Z [36;1m  -DCMAKE_OSX_ARCHITECTURES=arm64 \[0m
2026-10-03T03:06:08.2146550Z [36;1m  -DCMAKE_OSX_SYSROOT=appletvos \[0m
2026-10-03T03:06:08.2147820Z [36;1m  -DCMAKE_OSX_DEPLOYMENT_TARGET=17.0 \[0m
2026-10-03T03:06:08.2148540Z [36;1m  -DCMAKE_BUILD_TYPE=Release \[0m
2026-10-03T03:06:08.2150780Z [36;1m  -DBUILD_TESTING=OFF -DBUILD_THUNKS=OFF -DBUILD_FEXCONFIG=OFF \[0m
2026-10-03T03:06:08.2151920Z [36;1m  -DBUILD_FEX_LINUX_TESTS=OFF -DENABLE_FEX_ALLOCATOR=OFF \[0m
2026-10-03T03:06:08.2153220Z [36;1m  -DENABLE_ASSERTIONS=OFF -DENABLE_CLANG_THUNKS=ON \[0m
2026-10-03T03:06:08.2159040Z [36;1m  -DENABLE_CCACHE=ON 2>&1 | tee build/fex-config.log[0m
2026-10-03T03:06:08.2195440Z shell: /bin/bash -e {0}
2026-10-03T03:06:08.2195690Z env:
2026-10-03T03:06:08.2195870Z   CC: $(xcrun --sdk appletvos --find clang)
2026-10-03T03:06:08.2196170Z   CXX: $(xcrun --sdk appletvos --find clang++)
2026-10-03T03:06:08.2196400Z ##[endgroup]
2026-10-03T03:06:08.2697270Z CMake Error: The source directory "/Users/runner/work/MadeiraTV/MadeiraTV/FEX" does not exist.
2026-10-03T03:06:08.2700980Z Specify --help for usage, or press the help button on the CMake GUI.
2026-10-03T03:06:08.2708260Z ##[error]Process completed with exit code 1.
2026-10-03T03:06:08.3030600Z ##[group]Run ls -la FEX/build-ios/FEXCore/Source/*.a 2>/dev/null || echo "no .a produced"
2026-10-03T03:06:08.3031220Z [36;1mls -la FEX/build-ios/FEXCore/Source/*.a 2>/dev/null || echo "no .a produced"[0m
2026-10-03T03:06:08.3031690Z [36;1mtail -40 build/fex-config.log build/fex-build.log 2>/dev/null[0m
2026-10-03T03:06:08.3068740Z shell: /bin/bash -e {0}
2026-10-03T03:06:08.3069010Z ##[endgroup]
2026-10-03T03:06:08.3675380Z no .a produced
2026-10-03T03:06:08.3728740Z ==> build/fex-config.log <==
2026-10-03T03:06:08.3731200Z CMake Error: The source directory "/Users/runner/work/MadeiraTV/MadeiraTV/FEX" does not exist.
2026-10-03T03:06:08.3734080Z Specify --help for usage, or press the help button on the CMake GUI.
2026-10-03T03:06:08.3736010Z ##[error]Process completed with exit code 1.
2026-10-03T03:06:08.3789850Z ##[group]Run actions/upload-artifact@v4
2026-10-03T03:06:08.3790140Z with:
2026-10-03T03:06:08.3790310Z   name: fex-tvos-build-artifacts
2026-10-03T03:06:08.3790730Z   path: FEX/build-ios/FEXCore/Source/*.a
build/fex-config.log
build/fex-build.log

2026-10-03T03:06:08.3791150Z   if-no-files-found: warn
2026-10-03T03:06:08.3791350Z   compression-level: 6
2026-10-03T03:06:08.3791540Z   overwrite: false
2026-10-03T03:06:08.3791730Z   include-hidden-files: false
2026-10-03T03:06:08.3791910Z ##[endgroup]
2026-10-03T03:06:08.5483550Z (node:4169) [DEP0040] DeprecationWarning: The `punycode` module is deprecated. Please use a userland alternative instead.
2026-10-03T03:06:08.5485420Z (Use `node --trace-deprecation ...` to show where the warning was created)
2026-10-03T03:06:08.5540280Z Multiple search paths detected. Calculating the least common ancestor of all paths
2026-10-03T03:06:08.5544680Z The least common ancestor is /Users/runner/work/MadeiraTV/MadeiraTV. This will be the root directory of the artifact
2026-10-03T03:06:08.5546030Z With the provided path, there will be 1 file uploaded
2026-10-03T03:06:08.5568850Z Artifact name is valid!
2026-10-03T03:06:08.5569670Z Root directory input is valid!
2026-10-03T03:06:08.8444720Z Beginning upload of artifact content to blob storage
2026-10-03T03:06:08.8597230Z (node:4169) [DEP0169] DeprecationWarning: `url.parse()` behavior is not standardized and prone to errors that have security implications. Use the WHATWG URL API instead. CVEs are not issued for `url.parse()` vulnerabilities.
2026-10-03T03:06:09.0141010Z Uploaded bytes 283
2026-10-03T03:06:09.0624600Z Finished uploading artifact content to blob storage!
2026-10-03T03:06:09.0626290Z SHA256 digest of uploaded artifact zip is 8325613fc567a4fbf53f0ab93265226455778913231dc9dd831c64e8ec5ddb54
2026-10-03T03:06:09.0627670Z Finalizing artifact upload
2026-10-03T03:06:09.2718490Z Artifact fex-tvos-build-artifacts.zip successfully finalized. Artifact ID 11262705924
2026-10-03T03:06:09.2720460Z Artifact fex-tvos-build-artifacts has been successfully uploaded! Final size is 283 bytes. Artifact ID is 11262705924
2026-10-03T03:06:09.2727230Z Artifact download URL: https://github.com/duranereloise-hash/MadeiraTV/actions/runs/37092058490/artifacts/11262705924
2026-10-03T03:06:09.2873940Z ##[warning]Unexpected input(s) 'submodule-depth', valid inputs are ['repository', 'ref', 'token', 'ssh-key', 'ssh-known-hosts', 'ssh-strict', 'ssh-user', 'persist-credentials', 'path', 'clean', 'filter', 'sparse-checkout', 'sparse-checkout-cone-mode', 'fetch-depth', 'fetch-tags', 'show-progress', 'lfs', 'submodules', 'set-safe-directory', 'github-server-url', 'allow-unsafe-pr-checkout']
2026-10-03T03:06:09.2880030Z Post job cleanup.
2026-10-03T03:06:09.4087290Z [command]/opt/homebrew/bin/git version
2026-10-03T03:06:09.4157160Z git version 2.55.0
2026-10-03T03:06:09.4179780Z Copying '/Users/runner/.gitconfig' to '/Users/runner/work/_temp/c8a86a18-9940-41e0-b8de-e1d566bd002f/.gitconfig'
2026-10-03T03:06:09.4191550Z Temporarily overriding HOME='/Users/runner/work/_temp/c8a86a18-9940-41e0-b8de-e1d566bd002f' before making global git config changes
2026-10-03T03:06:09.4193360Z Adding repository directory to the temporary git global config as a safe directory
2026-10-03T03:06:09.4195250Z [command]/opt/homebrew/bin/git config --global --add safe.directory /Users/runner/work/MadeiraTV/MadeiraTV
2026-10-03T03:06:09.4269280Z [command]/opt/homebrew/bin/git config --local --name-only --get-regexp core\.sshCommand
2026-10-03T03:06:09.4346420Z [command]/opt/homebrew/bin/git submodule foreach --recursive sh -c "git config --local --name-only --get-regexp 'core\.sshCommand' && git config --local --unset-all 'core.sshCommand' || :"
2026-10-03T03:06:09.5330120Z [command]/opt/homebrew/bin/git config --local --name-only --get-regexp http\.https\:\/\/github\.com\/\.extraheader
2026-10-03T03:06:09.5437890Z http.https://github.com/.extraheader
2026-10-03T03:06:09.5446860Z [command]/opt/homebrew/bin/git config --local --unset-all http.https://github.com/.extraheader
2026-10-03T03:06:09.5511690Z [command]/opt/homebrew/bin/git submodule foreach --recursive sh -c "git config --local --name-only --get-regexp 'http\.https\:\/\/github\.com\/\.extraheader' && git config --local --unset-all 'http.https://github.com/.extraheader' || :"
2026-10-03T03:06:09.6329050Z [command]/opt/homebrew/bin/git config --local --name-only --get-regexp ^includeIf\.gitdir:
2026-10-03T03:06:09.6407300Z [command]/opt/homebrew/bin/git submodule foreach --recursive git config --local --show-origin --name-only --get-regexp remote.origin.url
2026-10-03T03:06:09.7279860Z Cleaning up orphan processes
2026-10-03T03:06:09.7377850Z ##[warning]Node.js 20 is deprecated. The following actions target Node.js 20 but are being forced to run on Node.js 24: actions/checkout@v4, actions/upload-artifact@v4. For more information see: https://github.blog/changelog/2025-09-19-deprecation-of-node-20-on-github-actions-runners/

