ï»¿2026-10-03T03:27:43.5450470Z Current runner version: '2.337.0'
2026-10-03T03:27:43.5465170Z ##[group]Runner Image Provisioner
2026-10-03T03:27:43.5465670Z Hosted Compute Agent
2026-10-03T03:27:43.5466040Z Version: 20260828.587
2026-10-03T03:27:43.5466440Z Commit: abac92662cab4cc7352de4f9f9d2e2419aad9c29
2026-10-03T03:27:43.5466900Z Build Date: 2026-08-28T16:44:25Z
2026-10-03T03:27:43.5467330Z Worker ID: {4a477ee7-9457-43e9-83b4-ae7ad806e4c0}
2026-10-03T03:27:43.5467780Z Azure Region: westus
2026-10-03T03:27:43.5468220Z ##[endgroup]
2026-10-03T03:27:43.5469050Z ##[group]Operating System
2026-10-03T03:27:43.5469430Z macOS
2026-10-03T03:27:43.5469750Z 15.7.9
2026-10-03T03:27:43.5470360Z 24G830
2026-10-03T03:27:43.5470710Z ##[endgroup]
2026-10-03T03:27:43.5471060Z ##[group]Runner Image
2026-10-03T03:27:43.5471440Z Image: macos-15-arm64
2026-10-03T03:27:43.5471810Z Version: 20260907.0337.1
2026-10-03T03:27:43.5472680Z Included Software: https://github.com/actions/runner-images/blob/macos-15-arm64/20260907.0337/images/macos/macos-15-arm64-Readme.md
2026-10-03T03:27:43.5473900Z Image Release: https://github.com/actions/runner-images/releases/tag/macos-15-arm64%2F20260907.0337
2026-10-03T03:27:43.5474550Z ##[endgroup]
2026-10-03T03:27:43.5475360Z ##[group]GITHUB_TOKEN Permissions
2026-10-03T03:27:43.5476520Z Contents: read
2026-10-03T03:27:43.5476890Z Metadata: read
2026-10-03T03:27:43.5477240Z Packages: read
2026-10-03T03:27:43.5477600Z ##[endgroup]
2026-10-03T03:27:43.5479050Z Secret source: Actions
2026-10-03T03:27:43.5479640Z Cache mode: write
2026-10-03T03:27:43.5480100Z Prepare workflow directory
2026-10-03T03:27:43.5729620Z Prepare all required actions
2026-10-03T03:27:43.5828840Z Getting action download info
2026-10-03T03:27:43.8898860Z Download action repository 'actions/checkout@v4' (SHA:11d5960a326750d5838078e36cf38b85af677262)
2026-10-03T03:27:44.0536880Z Download action repository 'actions/upload-artifact@v4' (SHA:ea165f8d65b6e75b540449e92b4886f43607fa02)
2026-10-03T03:27:44.2111190Z Complete job name: Build FEXCore static libs for tvOS
2026-10-03T03:27:44.2550700Z ##[warning]Unexpected input(s) 'submodule-depth', valid inputs are ['repository', 'ref', 'token', 'ssh-key', 'ssh-known-hosts', 'ssh-strict', 'ssh-user', 'persist-credentials', 'path', 'clean', 'filter', 'sparse-checkout', 'sparse-checkout-cone-mode', 'fetch-depth', 'fetch-tags', 'show-progress', 'lfs', 'submodules', 'set-safe-directory', 'github-server-url', 'allow-unsafe-pr-checkout']
2026-10-03T03:27:44.2594130Z ##[group]Run actions/checkout@v4
2026-10-03T03:27:44.2594590Z with:
2026-10-03T03:27:44.2594880Z   fetch-depth: 0
2026-10-03T03:27:44.2595200Z   submodules: recursive
2026-10-03T03:27:44.2595520Z   submodule-depth: 1
2026-10-03T03:27:44.2595860Z   repository: duranereloise-hash/MadeiraTV
2026-10-03T03:27:44.2598470Z   token: ***
2026-10-03T03:27:44.2598770Z   ssh-strict: true
2026-10-03T03:27:44.2599070Z   ssh-user: git
2026-10-03T03:27:44.2599380Z   persist-credentials: true
2026-10-03T03:27:44.2599710Z   clean: true
2026-10-03T03:27:44.2600040Z   sparse-checkout-cone-mode: true
2026-10-03T03:27:44.2600410Z   fetch-tags: false
2026-10-03T03:27:44.2600720Z   show-progress: true
2026-10-03T03:27:44.2601030Z   lfs: false
2026-10-03T03:27:44.2601330Z   set-safe-directory: true
2026-10-03T03:27:44.2601740Z   allow-unsafe-pr-checkout: false
2026-10-03T03:27:44.2602200Z ##[endgroup]
2026-10-03T03:27:44.6435830Z Syncing repository: duranereloise-hash/MadeiraTV
2026-10-03T03:27:44.6437700Z ##[group]Getting Git version info
2026-10-03T03:27:44.6438750Z Working directory is '/Users/runner/work/MadeiraTV/MadeiraTV'
2026-10-03T03:27:44.6440610Z [command]/opt/homebrew/bin/git version
2026-10-03T03:27:44.7006540Z git version 2.55.0
2026-10-03T03:27:44.7018200Z ##[endgroup]
2026-10-03T03:27:44.7024150Z Copying '/Users/runner/.gitconfig' to '/Users/runner/work/_temp/65da412a-dcfa-4fce-914c-75d8df06e7c4/.gitconfig'
2026-10-03T03:27:44.7033760Z Temporarily overriding HOME='/Users/runner/work/_temp/65da412a-dcfa-4fce-914c-75d8df06e7c4' before making global git config changes
2026-10-03T03:27:44.7036320Z Adding repository directory to the temporary git global config as a safe directory
2026-10-03T03:27:44.7038260Z [command]/opt/homebrew/bin/git config --global --add safe.directory /Users/runner/work/MadeiraTV/MadeiraTV
2026-10-03T03:27:44.7197860Z Deleting the contents of '/Users/runner/work/MadeiraTV/MadeiraTV'
2026-10-03T03:27:44.7199240Z ##[group]Initializing the repository
2026-10-03T03:27:44.7200060Z [command]/opt/homebrew/bin/git init /Users/runner/work/MadeiraTV/MadeiraTV
2026-10-03T03:27:44.7397750Z hint: Using 'master' as the name for the initial branch. This default branch name
2026-10-03T03:27:44.7420540Z hint: will change to "main" in Git 3.0. To configure the initial branch name
2026-10-03T03:27:44.7484570Z hint: to use in all of your new repositories, which will suppress this warning,
2026-10-03T03:27:44.7524620Z hint: call:
2026-10-03T03:27:44.7554110Z hint:
2026-10-03T03:27:44.7555470Z hint: 	git config --global init.defaultBranch <name>
2026-10-03T03:27:44.7556310Z hint:
2026-10-03T03:27:44.7556960Z hint: Names commonly chosen instead of 'master' are 'main', 'trunk' and
2026-10-03T03:27:44.7557730Z hint: 'development'. The just-created branch can be renamed via this command:
2026-10-03T03:27:44.7558400Z hint:
2026-10-03T03:27:44.7558790Z hint: 	git branch -m <name>
2026-10-03T03:27:44.7559310Z hint:
2026-10-03T03:27:44.7559870Z hint: Disable this message with "git config set advice.defaultBranchName false"
2026-10-03T03:27:44.7560740Z Initialized empty Git repository in /Users/runner/work/MadeiraTV/MadeiraTV/.git/
2026-10-03T03:27:44.7562530Z [command]/opt/homebrew/bin/git remote add origin https://github.com/duranereloise-hash/MadeiraTV
2026-10-03T03:27:44.7564350Z ##[endgroup]
2026-10-03T03:27:44.7565080Z ##[group]Disabling automatic garbage collection
2026-10-03T03:27:44.7565750Z [command]/opt/homebrew/bin/git config --local gc.auto 0
2026-10-03T03:27:44.7567320Z ##[endgroup]
2026-10-03T03:27:44.7568010Z ##[group]Setting up auth
2026-10-03T03:27:44.7569420Z [command]/opt/homebrew/bin/git config --local --name-only --get-regexp core\.sshCommand
2026-10-03T03:27:44.7636550Z [command]/opt/homebrew/bin/git submodule foreach --recursive sh -c "git config --local --name-only --get-regexp 'core\.sshCommand' && git config --local --unset-all 'core.sshCommand' || :"
2026-10-03T03:27:44.8553320Z [command]/opt/homebrew/bin/git config --local --name-only --get-regexp http\.https\:\/\/github\.com\/\.extraheader
2026-10-03T03:27:44.8614490Z [command]/opt/homebrew/bin/git submodule foreach --recursive sh -c "git config --local --name-only --get-regexp 'http\.https\:\/\/github\.com\/\.extraheader' && git config --local --unset-all 'http.https://github.com/.extraheader' || :"
2026-10-03T03:27:44.9340690Z [command]/opt/homebrew/bin/git config --local --name-only --get-regexp ^includeIf\.gitdir:
2026-10-03T03:27:44.9391140Z [command]/opt/homebrew/bin/git submodule foreach --recursive git config --local --show-origin --name-only --get-regexp remote.origin.url
2026-10-03T03:27:45.0606420Z [command]/opt/homebrew/bin/git config --local http.https://github.com/.extraheader AUTHORIZATION: basic ***
2026-10-03T03:27:45.0706190Z ##[endgroup]
2026-10-03T03:27:45.0782190Z ##[group]Fetching the repository
2026-10-03T03:27:45.0783800Z [command]/opt/homebrew/bin/git -c protocol.version=2 fetch --prune --no-recurse-submodules origin +refs/heads/*:refs/remotes/origin/* +refs/tags/*:refs/tags/*
2026-10-03T03:27:45.6484940Z From https://github.com/duranereloise-hash/MadeiraTV
2026-10-03T03:27:45.6589090Z  * [new branch]      main       -> origin/main
2026-10-03T03:27:45.6638620Z [command]/opt/homebrew/bin/git branch --list --remote origin/main
2026-10-03T03:27:45.6639760Z   origin/main
2026-10-03T03:27:45.6647070Z [command]/opt/homebrew/bin/git rev-parse refs/remotes/origin/main
2026-10-03T03:27:45.6681010Z 0ac764a2b3de8fc9851eff89c26cc5bc85b3b1eb
2026-10-03T03:27:45.6684560Z ##[endgroup]
2026-10-03T03:27:45.6698070Z ##[group]Determining the checkout info
2026-10-03T03:27:45.6881900Z ##[endgroup]
2026-10-03T03:27:45.7073060Z [command]/opt/homebrew/bin/git sparse-checkout disable
2026-10-03T03:27:45.7425440Z [command]/opt/homebrew/bin/git config --local --unset-all extensions.worktreeConfig
2026-10-03T03:27:45.7484080Z ##[group]Checking out the ref
2026-10-03T03:27:45.7485430Z [command]/opt/homebrew/bin/git checkout --progress --force -B main refs/remotes/origin/main
2026-10-03T03:27:45.7533970Z Switched to a new branch 'main'
2026-10-03T03:27:45.7545580Z branch 'main' set up to track 'origin/main'.
2026-10-03T03:27:45.7550740Z ##[endgroup]
2026-10-03T03:27:45.7552400Z ##[group]Setting up auth for fetching submodules
2026-10-03T03:27:45.7554550Z [command]/opt/homebrew/bin/git config --global http.https://github.com/.extraheader AUTHORIZATION: basic ***
2026-10-03T03:27:45.7630690Z [command]/opt/homebrew/bin/git config --global --unset-all url.https://github.com/.insteadOf
2026-10-03T03:27:45.7688900Z [command]/opt/homebrew/bin/git config --global --add url.https://github.com/.insteadOf git@github.com:
2026-10-03T03:27:45.7753180Z [command]/opt/homebrew/bin/git config --global --add url.https://github.com/.insteadOf org-309539288@github.com:
2026-10-03T03:27:45.7811490Z ##[endgroup]
2026-10-03T03:27:45.7812980Z ##[group]Fetching submodules
2026-10-03T03:27:45.7814370Z [command]/opt/homebrew/bin/git submodule sync --recursive
2026-10-03T03:27:45.8599620Z [command]/opt/homebrew/bin/git -c protocol.version=2 submodule update --init --force --recursive
2026-10-03T03:27:45.9602190Z Submodule 'FEX' (https://github.com/willfaust/FEX.git) registered for path 'FEX'
2026-10-03T03:27:45.9705560Z Submodule 'dxmt' (https://github.com/willfaust/dxmt.git) registered for path 'dxmt'
2026-10-03T03:27:45.9809630Z Submodule 'madeira-dock' (https://github.com/willfaust/madeira-dock.git) registered for path 'madeira-dock'
2026-10-03T03:27:45.9833870Z Submodule 'wine' (https://github.com/willfaust/wine.git) registered for path 'wine'
2026-10-03T03:27:45.9844100Z Cloning into '/Users/runner/work/MadeiraTV/MadeiraTV/FEX'...
2026-10-03T03:27:49.2282880Z Cloning into '/Users/runner/work/MadeiraTV/MadeiraTV/dxmt'...
2026-10-03T03:27:50.4166650Z Cloning into '/Users/runner/work/MadeiraTV/MadeiraTV/madeira-dock'...
2026-10-03T03:27:50.9135260Z Cloning into '/Users/runner/work/MadeiraTV/MadeiraTV/wine'...
2026-10-03T03:29:19.7970700Z Submodule path 'FEX': checked out '26859e184ad90f0e811d7f8bbd943a4b1573a2c3'
2026-10-03T03:29:19.8015280Z Submodule 'External/Catch2' (https://github.com/catchorg/Catch2.git) registered for path 'FEX/External/Catch2'
2026-10-03T03:29:19.8019300Z Submodule 'External/Vulkan-Headers' (https://github.com/KhronosGroup/Vulkan-Headers.git) registered for path 'FEX/External/Vulkan-Headers'
2026-10-03T03:29:19.8035240Z Submodule 'External/drm-headers' (https://github.com/FEX-Emu/drm-headers.git) registered for path 'FEX/External/drm-headers'
2026-10-03T03:29:19.8037320Z Submodule 'External/fex-gcc-target-tests-bins' (https://github.com/FEX-Emu/fex-gcc-target-tests-bins.git) registered for path 'FEX/External/fex-gcc-target-tests-bins'
2026-10-03T03:29:19.8038890Z Submodule 'External/fex-gvisor-tests-bins' (https://github.com/FEX-Emu/fex-gvisor-tests-bins.git) registered for path 'FEX/External/fex-gvisor-tests-bins'
2026-10-03T03:29:19.8041810Z Submodule 'External/fex-posixtest-bins' (https://github.com/FEX-Emu/fex-posixtest-bins.git) registered for path 'FEX/External/fex-posixtest-bins'
2026-10-03T03:29:19.8046370Z Submodule 'External/fmt' (https://github.com/fmtlib/fmt.git) registered for path 'FEX/External/fmt'
2026-10-03T03:29:19.8051480Z Submodule 'External/jemalloc_glibc' (https://github.com/FEX-Emu/jemalloc.git) registered for path 'FEX/External/jemalloc_glibc'
2026-10-03T03:29:19.8057750Z Submodule 'External/range-v3' (https://github.com/ericniebler/range-v3.git) registered for path 'FEX/External/range-v3'
2026-10-03T03:29:19.8063220Z Submodule 'External/rpmalloc' (https://github.com/willfaust/rpmalloc.git) registered for path 'FEX/External/rpmalloc'
2026-10-03T03:29:19.8068080Z Submodule 'External/tracy' (https://github.com/wolfpld/tracy) registered for path 'FEX/External/tracy'
2026-10-03T03:29:19.8074740Z Submodule 'External/unordered_dense' (https://github.com/martinus/unordered_dense.git) registered for path 'FEX/External/unordered_dense'
2026-10-03T03:29:19.8078370Z Submodule 'External/vixl' (https://github.com/FEX-Emu/vixl.git) registered for path 'FEX/External/vixl'
2026-10-03T03:29:19.8083410Z Submodule 'External/xxhash' (https://github.com/Cyan4973/xxHash.git) registered for path 'FEX/External/xxhash'
2026-10-03T03:29:19.8088600Z Submodule 'External/zydis' (https://github.com/zyantific/zydis.git) registered for path 'FEX/External/zydis'
2026-10-03T03:29:19.8093780Z Submodule 'External/cpp-optparse' (https://github.com/Sonicadvance1/cpp-optparse) registered for path 'FEX/Source/Common/cpp-optparse'
2026-10-03T03:29:19.8199990Z Cloning into '/Users/runner/work/MadeiraTV/MadeiraTV/FEX/External/Catch2'...
2026-10-03T03:29:22.8904810Z Cloning into '/Users/runner/work/MadeiraTV/MadeiraTV/FEX/External/Vulkan-Headers'...
2026-10-03T03:29:23.5138690Z Cloning into '/Users/runner/work/MadeiraTV/MadeiraTV/FEX/External/drm-headers'...
2026-10-03T03:29:24.0521680Z Cloning into '/Users/runner/work/MadeiraTV/MadeiraTV/FEX/External/fex-gcc-target-tests-bins'...
2026-10-03T03:29:24.6461990Z Cloning into '/Users/runner/work/MadeiraTV/MadeiraTV/FEX/External/fex-gvisor-tests-bins'...
2026-10-03T03:29:28.5935020Z Cloning into '/Users/runner/work/MadeiraTV/MadeiraTV/FEX/External/fex-posixtest-bins'...
2026-10-03T03:29:29.2682190Z Cloning into '/Users/runner/work/MadeiraTV/MadeiraTV/FEX/External/fmt'...
2026-10-03T03:29:30.8347940Z Cloning into '/Users/runner/work/MadeiraTV/MadeiraTV/FEX/External/jemalloc_glibc'...
2026-10-03T03:29:31.7933330Z Cloning into '/Users/runner/work/MadeiraTV/MadeiraTV/FEX/External/range-v3'...
2026-10-03T03:29:34.5202940Z Cloning into '/Users/runner/work/MadeiraTV/MadeiraTV/FEX/External/rpmalloc'...
2026-10-03T03:29:35.1529580Z Cloning into '/Users/runner/work/MadeiraTV/MadeiraTV/FEX/External/tracy'...
2026-10-03T03:29:38.8133300Z Cloning into '/Users/runner/work/MadeiraTV/MadeiraTV/FEX/External/unordered_dense'...
2026-10-03T03:29:39.6764310Z Cloning into '/Users/runner/work/MadeiraTV/MadeiraTV/FEX/External/vixl'...
2026-10-03T03:29:41.6028020Z Cloning into '/Users/runner/work/MadeiraTV/MadeiraTV/FEX/External/xxhash'...
2026-10-03T03:29:42.4442160Z Cloning into '/Users/runner/work/MadeiraTV/MadeiraTV/FEX/External/zydis'...
2026-10-03T03:29:43.2458660Z Cloning into '/Users/runner/work/MadeiraTV/MadeiraTV/FEX/Source/Common/cpp-optparse'...
2026-10-03T03:29:43.8494450Z Submodule path 'FEX/External/Catch2': checked out 'b3fb4b9feafcd8d91c5cb510a4775143fdbef02f'
2026-10-03T03:29:59.0677800Z From https://github.com/KhronosGroup/Vulkan-Headers
2026-10-03T03:29:59.0678820Z  * branch            450bd2232225d6c7728a4108055ac2e37cef6475 -> FETCH_HEAD
2026-10-03T03:29:59.1528650Z Submodule path 'FEX/External/Vulkan-Headers': checked out '450bd2232225d6c7728a4108055ac2e37cef6475'
2026-10-03T03:29:59.2030720Z Submodule path 'FEX/External/drm-headers': checked out '3e49836995c1dcb3df709440ad2f270b569c6a5f'
2026-10-03T03:29:59.6253460Z Submodule path 'FEX/External/fex-gcc-target-tests-bins': checked out '442678a134e2d25e759c430cca32e06e9e142f1f'
2026-10-03T03:30:01.2408350Z Submodule path 'FEX/External/fex-gvisor-tests-bins': checked out '71349ae6d14ac2e3e792730e240aecd8076cee6c'
2026-10-03T03:30:02.1812760Z Submodule path 'FEX/External/fex-posixtest-bins': checked out '9ae29638f8000c1603f16385ed1cf6c4c23ee414'
2026-10-03T03:30:02.2306000Z Submodule path 'FEX/External/fmt': checked out '407c905e45ad75fc29bf0f9bb7c5c2fd3475976f'
2026-10-03T03:30:02.3636190Z Submodule path 'FEX/External/jemalloc_glibc': checked out '8436195ad5e1bc347d9b39743af3d29abee59f06'
2026-10-03T03:30:02.5205950Z Submodule path 'FEX/External/range-v3': checked out 'ca1388fb9da8e69314dda222dc7b139ca84e092f'
2026-10-03T03:30:02.5262230Z Submodule 'doc/gh-pages' (https://github.com/ericniebler/range-v3.git) registered for path 'FEX/External/range-v3/doc/gh-pages'
2026-10-03T03:30:02.5369090Z Cloning into '/Users/runner/work/MadeiraTV/MadeiraTV/FEX/External/range-v3/doc/gh-pages'...
2026-10-03T03:30:05.2942210Z Submodule path 'FEX/External/range-v3/doc/gh-pages': checked out '2dae74bb693e42d850fb0adcc9045c5b71fbdeae'
2026-10-03T03:30:05.3384220Z Submodule path 'FEX/External/rpmalloc': checked out '812c2b9cf4310ffacf14e6b64066e78ab0c394b5'
2026-10-03T03:30:05.4607340Z Submodule path 'FEX/External/tracy': checked out '650c98ece70da9e155e7ba1c2b3ee16004aae118'
2026-10-03T03:30:05.7688700Z Submodule path 'FEX/External/unordered_dense': checked out '3234af2c03549bc85656bfd3a86993bf1cd8aef1'
2026-10-03T03:30:14.5854480Z From https://github.com/FEX-Emu/vixl
2026-10-03T03:30:14.5855250Z  * branch              5f418449c48f6ca3ad37c47ec632f17a561c0580 -> FETCH_HEAD
2026-10-03T03:30:15.5953490Z Submodule path 'FEX/External/vixl': checked out '5f418449c48f6ca3ad37c47ec632f17a561c0580'
2026-10-03T03:30:15.6604100Z Submodule path 'FEX/External/xxhash': checked out 'e626a72bc2321cd320e953a0ccf1584cad60f363'
2026-10-03T03:30:22.3261530Z From https://github.com/zyantific/zydis
2026-10-03T03:30:22.3262080Z  * branch            9bfadd6a55fc92dbd37fa3ba089bf8b36622df4f -> FETCH_HEAD
2026-10-03T03:30:22.4448320Z Submodule path 'FEX/External/zydis': checked out '9bfadd6a55fc92dbd37fa3ba089bf8b36622df4f'
2026-10-03T03:30:22.4500110Z Submodule 'dependencies/zycore' (https://github.com/zyantific/zycore-c) registered for path 'FEX/External/zydis/dependencies/zycore'
2026-10-03T03:30:22.4590520Z Cloning into '/Users/runner/work/MadeiraTV/MadeiraTV/FEX/External/zydis/dependencies/zycore'...
2026-10-03T03:30:23.1185890Z Submodule path 'FEX/External/zydis/dependencies/zycore': checked out '75a36c45ae1ad382b0f4e0ede0af84c11ee69928'
2026-10-03T03:30:23.1561740Z Submodule path 'FEX/Source/Common/cpp-optparse': checked out '9f94388a339fcbb0bc95c17768eb786c85988f6e'
2026-10-03T03:30:23.3679080Z Submodule path 'dxmt': checked out 'a5e0cd3d41bf248fd1c030a2e1c515ba3522f4ef'
2026-10-03T03:30:23.3736650Z Submodule 'external/nvapi' (https://github.com/NVIDIA/nvapi.git) registered for path 'dxmt/external/nvapi'
2026-10-03T03:30:23.3739190Z Submodule 'include/native/directx' (https://github.com/misyltoad/mingw-directx-headers) registered for path 'dxmt/include/native/directx'
2026-10-03T03:30:23.3828300Z Cloning into '/Users/runner/work/MadeiraTV/MadeiraTV/dxmt/external/nvapi'...
2026-10-03T03:30:29.3906180Z Cloning into '/Users/runner/work/MadeiraTV/MadeiraTV/dxmt/include/native/directx'...
2026-10-03T03:30:30.0057840Z Submodule path 'dxmt/external/nvapi': checked out 'd08488fcc82eef313b0464db37d2955709691e94'
2026-10-03T03:30:30.0509610Z Submodule path 'dxmt/include/native/directx': checked out '9df86f2341616ef1888ae59919feaa6d4fad693d'
2026-10-03T03:30:30.0906400Z Submodule path 'madeira-dock': checked out '3cadfbea700e4da4b04e331dd7ef1ba633dfacef'
2026-10-03T03:30:32.6850060Z Submodule path 'wine': checked out '4f5b19718f4de88ecc5cb0dc08b119497a67ba8f'
2026-10-03T03:30:32.6983550Z [command]/opt/homebrew/bin/git submodule foreach --recursive git config --local gc.auto 0
2026-10-03T03:30:32.7771950Z Entering 'FEX'
2026-10-03T03:30:32.7932780Z Entering 'FEX/External/Catch2'
2026-10-03T03:30:32.8092080Z Entering 'FEX/External/Vulkan-Headers'
2026-10-03T03:30:32.8247540Z Entering 'FEX/External/drm-headers'
2026-10-03T03:30:32.8402550Z Entering 'FEX/External/fex-gcc-target-tests-bins'
2026-10-03T03:30:32.8558820Z Entering 'FEX/External/fex-gvisor-tests-bins'
2026-10-03T03:30:32.8717860Z Entering 'FEX/External/fex-posixtest-bins'
2026-10-03T03:30:32.8887890Z Entering 'FEX/External/fmt'
2026-10-03T03:30:32.9032130Z Entering 'FEX/External/jemalloc_glibc'
2026-10-03T03:30:32.9179090Z Entering 'FEX/External/range-v3'
2026-10-03T03:30:32.9318440Z Entering 'FEX/External/range-v3/doc/gh-pages'
2026-10-03T03:30:32.9461010Z Entering 'FEX/External/rpmalloc'
2026-10-03T03:30:32.9598900Z Entering 'FEX/External/tracy'
2026-10-03T03:30:32.9735940Z Entering 'FEX/External/unordered_dense'
2026-10-03T03:30:32.9880060Z Entering 'FEX/External/vixl'
2026-10-03T03:30:33.0026960Z Entering 'FEX/External/xxhash'
2026-10-03T03:30:33.0184370Z Entering 'FEX/External/zydis'
2026-10-03T03:30:33.0339600Z Entering 'FEX/External/zydis/dependencies/zycore'
2026-10-03T03:30:33.0483070Z Entering 'FEX/Source/Common/cpp-optparse'
2026-10-03T03:30:33.0617870Z Entering 'dxmt'
2026-10-03T03:30:33.0747160Z Entering 'dxmt/external/nvapi'
2026-10-03T03:30:33.0880450Z Entering 'dxmt/include/native/directx'
2026-10-03T03:30:33.1027430Z Entering 'madeira-dock'
2026-10-03T03:30:33.1214200Z Entering 'wine'
2026-10-03T03:30:33.1365130Z ##[endgroup]
2026-10-03T03:30:33.1365450Z ##[group]Persisting credentials for submodules
2026-10-03T03:30:33.1405920Z [command]/opt/homebrew/bin/git submodule foreach --recursive sh -c "git config --local --name-only --get-regexp 'url\.https\:\/\/github\.com\/\.insteadOf' && git config --local --unset-all 'url.https://github.com/.insteadOf' || :"
2026-10-03T03:30:33.2042480Z Entering 'FEX'
2026-10-03T03:30:33.2251670Z Entering 'FEX/External/Catch2'
2026-10-03T03:30:33.2423220Z Entering 'FEX/External/Vulkan-Headers'
2026-10-03T03:30:33.2586340Z Entering 'FEX/External/drm-headers'
2026-10-03T03:30:33.2774510Z Entering 'FEX/External/fex-gcc-target-tests-bins'
2026-10-03T03:30:33.2976070Z Entering 'FEX/External/fex-gvisor-tests-bins'
2026-10-03T03:30:33.3158580Z Entering 'FEX/External/fex-posixtest-bins'
2026-10-03T03:30:33.3349770Z Entering 'FEX/External/fmt'
2026-10-03T03:30:33.3751000Z Entering 'FEX/External/jemalloc_glibc'
2026-10-03T03:30:33.4054390Z Entering 'FEX/External/range-v3'
2026-10-03T03:30:33.4354990Z Entering 'FEX/External/range-v3/doc/gh-pages'
2026-10-03T03:30:33.4656460Z Entering 'FEX/External/rpmalloc'
2026-10-03T03:30:33.5058280Z Entering 'FEX/External/tracy'
2026-10-03T03:30:33.5360080Z Entering 'FEX/External/unordered_dense'
2026-10-03T03:30:33.5651440Z Entering 'FEX/External/vixl'
2026-10-03T03:30:33.5873600Z Entering 'FEX/External/xxhash'
2026-10-03T03:30:33.6104390Z Entering 'FEX/External/zydis'
2026-10-03T03:30:33.6344780Z Entering 'FEX/External/zydis/dependencies/zycore'
2026-10-03T03:30:33.6555240Z Entering 'FEX/Source/Common/cpp-optparse'
2026-10-03T03:30:33.6766820Z Entering 'dxmt'
2026-10-03T03:30:33.6967200Z Entering 'dxmt/external/nvapi'
2026-10-03T03:30:33.7174050Z Entering 'dxmt/include/native/directx'
2026-10-03T03:30:33.7383670Z Entering 'madeira-dock'
2026-10-03T03:30:33.7592120Z Entering 'wine'
2026-10-03T03:30:33.7816990Z [command]/opt/homebrew/bin/git submodule foreach --recursive sh -c "git config --local 'http.https://github.com/.extraheader' 'AUTHORIZATION: basic ***' && git config --local --show-origin --name-only --get-regexp remote.origin.url"
2026-10-03T03:30:33.8569610Z Entering 'FEX'
2026-10-03T03:30:33.8752920Z file:/Users/runner/work/MadeiraTV/MadeiraTV/.git/modules/FEX/config	remote.origin.url
2026-10-03T03:30:33.8818100Z Entering 'FEX/External/Catch2'
2026-10-03T03:30:33.8981900Z file:/Users/runner/work/MadeiraTV/MadeiraTV/.git/modules/FEX/modules/External/Catch2/config	remote.origin.url
2026-10-03T03:30:33.9035600Z Entering 'FEX/External/Vulkan-Headers'
2026-10-03T03:30:33.9529860Z file:/Users/runner/work/MadeiraTV/MadeiraTV/.git/modules/FEX/modules/External/Vulkan-Headers/config	remote.origin.url
2026-10-03T03:30:33.9609950Z Entering 'FEX/External/drm-headers'
2026-10-03T03:30:33.9781130Z file:/Users/runner/work/MadeiraTV/MadeiraTV/.git/modules/FEX/modules/External/drm-headers/config	remote.origin.url
2026-10-03T03:30:33.9840130Z Entering 'FEX/External/fex-gcc-target-tests-bins'
2026-10-03T03:30:34.0018660Z file:/Users/runner/work/MadeiraTV/MadeiraTV/.git/modules/FEX/modules/External/fex-gcc-target-tests-bins/config	remote.origin.url
2026-10-03T03:30:34.0078760Z Entering 'FEX/External/fex-gvisor-tests-bins'
2026-10-03T03:30:34.0255790Z file:/Users/runner/work/MadeiraTV/MadeiraTV/.git/modules/FEX/modules/External/fex-gvisor-tests-bins/config	remote.origin.url
2026-10-03T03:30:34.0316710Z Entering 'FEX/External/fex-posixtest-bins'
2026-10-03T03:30:34.0486900Z file:/Users/runner/work/MadeiraTV/MadeiraTV/.git/modules/FEX/modules/External/fex-posixtest-bins/config	remote.origin.url
2026-10-03T03:30:34.0541690Z Entering 'FEX/External/fmt'
2026-10-03T03:30:34.0702570Z file:/Users/runner/work/MadeiraTV/MadeiraTV/.git/modules/FEX/modules/External/fmt/config	remote.origin.url
2026-10-03T03:30:34.0754540Z Entering 'FEX/External/jemalloc_glibc'
2026-10-03T03:30:34.0936510Z file:/Users/runner/work/MadeiraTV/MadeiraTV/.git/modules/FEX/modules/External/jemalloc_glibc/config	remote.origin.url
2026-10-03T03:30:34.0995150Z Entering 'FEX/External/range-v3'
2026-10-03T03:30:34.1175390Z file:/Users/runner/work/MadeiraTV/MadeiraTV/.git/modules/FEX/modules/External/range-v3/config	remote.origin.url
2026-10-03T03:30:34.1237940Z Entering 'FEX/External/range-v3/doc/gh-pages'
2026-10-03T03:30:34.1785000Z file:/Users/runner/work/MadeiraTV/MadeiraTV/.git/modules/FEX/modules/External/range-v3/modules/doc/gh-pages/config	remote.origin.url
2026-10-03T03:30:34.1886070Z Entering 'FEX/External/rpmalloc'
2026-10-03T03:30:34.2066030Z file:/Users/runner/work/MadeiraTV/MadeiraTV/.git/modules/FEX/modules/External/rpmalloc/config	remote.origin.url
2026-10-03T03:30:34.2122950Z Entering 'FEX/External/tracy'
2026-10-03T03:30:34.2307960Z file:/Users/runner/work/MadeiraTV/MadeiraTV/.git/modules/FEX/modules/External/tracy/config	remote.origin.url
2026-10-03T03:30:34.2367830Z Entering 'FEX/External/unordered_dense'
2026-10-03T03:30:34.2538820Z file:/Users/runner/work/MadeiraTV/MadeiraTV/.git/modules/FEX/modules/External/unordered_dense/config	remote.origin.url
2026-10-03T03:30:34.2592160Z Entering 'FEX/External/vixl'
2026-10-03T03:30:34.2759540Z file:/Users/runner/work/MadeiraTV/MadeiraTV/.git/modules/FEX/modules/External/vixl/config	remote.origin.url
2026-10-03T03:30:34.2820510Z Entering 'FEX/External/xxhash'
2026-10-03T03:30:34.2984760Z file:/Users/runner/work/MadeiraTV/MadeiraTV/.git/modules/FEX/modules/External/xxhash/config	remote.origin.url
2026-10-03T03:30:34.3040000Z Entering 'FEX/External/zydis'
2026-10-03T03:30:34.3200710Z file:/Users/runner/work/MadeiraTV/MadeiraTV/.git/modules/FEX/modules/External/zydis/config	remote.origin.url
2026-10-03T03:30:34.3252950Z Entering 'FEX/External/zydis/dependencies/zycore'
2026-10-03T03:30:34.3408680Z file:/Users/runner/work/MadeiraTV/MadeiraTV/.git/modules/FEX/modules/External/zydis/modules/dependencies/zycore/config	remote.origin.url
2026-10-03T03:30:34.3464480Z Entering 'FEX/Source/Common/cpp-optparse'
2026-10-03T03:30:34.3627830Z file:/Users/runner/work/MadeiraTV/MadeiraTV/.git/modules/FEX/modules/External/cpp-optparse/config	remote.origin.url
2026-10-03T03:30:34.3689710Z Entering 'dxmt'
2026-10-03T03:30:34.3892760Z file:/Users/runner/work/MadeiraTV/MadeiraTV/.git/modules/dxmt/config	remote.origin.url
2026-10-03T03:30:34.3955920Z Entering 'dxmt/external/nvapi'
2026-10-03T03:30:34.4161050Z file:/Users/runner/work/MadeiraTV/MadeiraTV/.git/modules/dxmt/modules/external/nvapi/config	remote.origin.url
2026-10-03T03:30:34.4229560Z Entering 'dxmt/include/native/directx'
2026-10-03T03:30:34.4434690Z file:/Users/runner/work/MadeiraTV/MadeiraTV/.git/modules/dxmt/modules/include/native/directx/config	remote.origin.url
2026-10-03T03:30:34.4497050Z Entering 'madeira-dock'
2026-10-03T03:30:34.4662580Z file:/Users/runner/work/MadeiraTV/MadeiraTV/.git/modules/madeira-dock/config	remote.origin.url
2026-10-03T03:30:34.4715250Z Entering 'wine'
2026-10-03T03:30:34.4880650Z file:/Users/runner/work/MadeiraTV/MadeiraTV/.git/modules/wine/config	remote.origin.url
2026-10-03T03:30:34.5014540Z [command]/opt/homebrew/bin/git submodule foreach --recursive git config --local --add 'url.https://github.com/.insteadOf' 'git@github.com:'
2026-10-03T03:30:34.5663950Z Entering 'FEX'
2026-10-03T03:30:34.5799560Z Entering 'FEX/External/Catch2'
2026-10-03T03:30:34.5931110Z Entering 'FEX/External/Vulkan-Headers'
2026-10-03T03:30:34.6062400Z Entering 'FEX/External/drm-headers'
2026-10-03T03:30:34.6193240Z Entering 'FEX/External/fex-gcc-target-tests-bins'
2026-10-03T03:30:34.6340470Z Entering 'FEX/External/fex-gvisor-tests-bins'
2026-10-03T03:30:34.6485940Z Entering 'FEX/External/fex-posixtest-bins'
2026-10-03T03:30:34.6621770Z Entering 'FEX/External/fmt'
2026-10-03T03:30:34.6756430Z Entering 'FEX/External/jemalloc_glibc'
2026-10-03T03:30:34.6890280Z Entering 'FEX/External/range-v3'
2026-10-03T03:30:34.7021490Z Entering 'FEX/External/range-v3/doc/gh-pages'
2026-10-03T03:30:34.7157700Z Entering 'FEX/External/rpmalloc'
2026-10-03T03:30:34.7289670Z Entering 'FEX/External/tracy'
2026-10-03T03:30:34.7423170Z Entering 'FEX/External/unordered_dense'
2026-10-03T03:30:34.7574310Z Entering 'FEX/External/vixl'
2026-10-03T03:30:34.7740470Z Entering 'FEX/External/xxhash'
2026-10-03T03:30:34.7888720Z Entering 'FEX/External/zydis'
2026-10-03T03:30:34.8027870Z Entering 'FEX/External/zydis/dependencies/zycore'
2026-10-03T03:30:34.8163720Z Entering 'FEX/Source/Common/cpp-optparse'
2026-10-03T03:30:34.8302790Z Entering 'dxmt'
2026-10-03T03:30:34.8436760Z Entering 'dxmt/external/nvapi'
2026-10-03T03:30:34.8572560Z Entering 'dxmt/include/native/directx'
2026-10-03T03:30:34.8707080Z Entering 'madeira-dock'
2026-10-03T03:30:34.8858190Z Entering 'wine'
2026-10-03T03:30:34.9008670Z [command]/opt/homebrew/bin/git submodule foreach --recursive git config --local --add 'url.https://github.com/.insteadOf' 'org-309539288@github.com:'
2026-10-03T03:30:34.9653290Z Entering 'FEX'
2026-10-03T03:30:34.9807860Z Entering 'FEX/External/Catch2'
2026-10-03T03:30:34.9975180Z Entering 'FEX/External/Vulkan-Headers'
2026-10-03T03:30:35.0173260Z Entering 'FEX/External/drm-headers'
2026-10-03T03:30:35.0370510Z Entering 'FEX/External/fex-gcc-target-tests-bins'
2026-10-03T03:30:35.0548520Z Entering 'FEX/External/fex-gvisor-tests-bins'
2026-10-03T03:30:35.0708620Z Entering 'FEX/External/fex-posixtest-bins'
2026-10-03T03:30:35.0870290Z Entering 'FEX/External/fmt'
2026-10-03T03:30:35.1055370Z Entering 'FEX/External/jemalloc_glibc'
2026-10-03T03:30:35.1219320Z Entering 'FEX/External/range-v3'
2026-10-03T03:30:35.1387440Z Entering 'FEX/External/range-v3/doc/gh-pages'
2026-10-03T03:30:35.1551540Z Entering 'FEX/External/rpmalloc'
2026-10-03T03:30:35.1712950Z Entering 'FEX/External/tracy'
2026-10-03T03:30:35.1872340Z Entering 'FEX/External/unordered_dense'
2026-10-03T03:30:35.2027810Z Entering 'FEX/External/vixl'
2026-10-03T03:30:35.2188670Z Entering 'FEX/External/xxhash'
2026-10-03T03:30:35.2348410Z Entering 'FEX/External/zydis'
2026-10-03T03:30:35.2504330Z Entering 'FEX/External/zydis/dependencies/zycore'
2026-10-03T03:30:35.2671620Z Entering 'FEX/Source/Common/cpp-optparse'
2026-10-03T03:30:35.2827690Z Entering 'dxmt'
2026-10-03T03:30:35.2984120Z Entering 'dxmt/external/nvapi'
2026-10-03T03:30:35.3143260Z Entering 'dxmt/include/native/directx'
2026-10-03T03:30:35.3301220Z Entering 'madeira-dock'
2026-10-03T03:30:35.3458040Z Entering 'wine'
2026-10-03T03:30:35.3625950Z ##[endgroup]
2026-10-03T03:30:35.3724430Z [command]/opt/homebrew/bin/git log -1 --format=%H
2026-10-03T03:30:35.3784830Z 0ac764a2b3de8fc9851eff89c26cc5bc85b3b1eb
2026-10-03T03:30:35.4177840Z ##[group]Run xcodebuild -version
2026-10-03T03:30:35.4178620Z [36;1mxcodebuild -version[0m
2026-10-03T03:30:35.4179070Z [36;1mcmake --version | head -2[0m
2026-10-03T03:30:35.4179420Z [36;1mxcrun --sdk appletvos --show-sdk-version[0m
2026-10-03T03:30:35.4477120Z shell: /bin/bash -e {0}
2026-10-03T03:30:35.4534260Z ##[endgroup]
2026-10-03T03:30:35.8917000Z Xcode 16.4
2026-10-03T03:30:35.8932020Z Build version 16F6
2026-10-03T03:30:35.9431750Z cmake version 4.4.3
2026-10-03T03:30:35.9433370Z 
2026-10-03T03:30:37.6435680Z 18.5
2026-10-03T03:30:37.6474540Z ##[group]Run # Accept tvOS as a supported system (fork-only change; do not send upstream)
2026-10-03T03:30:37.6475080Z [36;1m# Accept tvOS as a supported system (fork-only change; do not send upstream)[0m
2026-10-03T03:30:37.6476010Z [36;1msed -i 's/CMAKE_SYSTEM_NAME STREQUAL "iOS")/CMAKE_SYSTEM_NAME STREQUAL "iOS" OR CMAKE_SYSTEM_NAME STREQUAL "tvOS")/' FEX/CMakeLists.txt[0m
2026-10-03T03:30:37.6476800Z [36;1mgrep -n 'tvOS' FEX/CMakeLists.txt | head -5[0m
2026-10-03T03:30:37.6519270Z shell: /bin/bash -e {0}
2026-10-03T03:30:37.6519490Z ##[endgroup]
2026-10-03T03:30:37.6733360Z sed: 1: "FEX/CMakeLists.txt": invalid command code F
2026-10-03T03:30:37.6738410Z ##[error]Process completed with exit code 1.
2026-10-03T03:30:37.6780140Z ##[group]Run ls -la FEX/build-ios/FEXCore/Source/*.a 2>/dev/null || echo "no .a produced"
2026-10-03T03:30:37.6780680Z [36;1mls -la FEX/build-ios/FEXCore/Source/*.a 2>/dev/null || echo "no .a produced"[0m
2026-10-03T03:30:37.6781110Z [36;1mtail -40 build/fex-config.log build/fex-build.log 2>/dev/null[0m
2026-10-03T03:30:37.6817700Z shell: /bin/bash -e {0}
2026-10-03T03:30:37.6818090Z ##[endgroup]
2026-10-03T03:30:37.7029910Z no .a produced
2026-10-03T03:30:37.7067250Z ##[error]Process completed with exit code 1.
2026-10-03T03:30:37.7143120Z ##[group]Run actions/upload-artifact@v4
2026-10-03T03:30:37.7143330Z with:
2026-10-03T03:30:37.7143480Z   name: fex-tvos-build-artifacts
2026-10-03T03:30:37.7143800Z   path: FEX/build-ios/FEXCore/Source/*.a
build/fex-config.log
build/fex-build.log

2026-10-03T03:30:37.7144120Z   if-no-files-found: warn
2026-10-03T03:30:37.7144340Z   compression-level: 6
2026-10-03T03:30:37.7144500Z   overwrite: false
2026-10-03T03:30:37.7144680Z   include-hidden-files: false
2026-10-03T03:30:37.7144880Z ##[endgroup]
2026-10-03T03:30:37.8620510Z (node:16307) [DEP0040] DeprecationWarning: The `punycode` module is deprecated. Please use a userland alternative instead.
2026-10-03T03:30:37.8621170Z (Use `node --trace-deprecation ...` to show where the warning was created)
2026-10-03T03:30:37.8653000Z Multiple search paths detected. Calculating the least common ancestor of all paths
2026-10-03T03:30:37.8657100Z The least common ancestor is /Users/runner/work/MadeiraTV/MadeiraTV. This will be the root directory of the artifact
2026-10-03T03:30:37.8670080Z ##[warning]No files were found with the provided path: FEX/build-ios/FEXCore/Source/*.a
build/fex-config.log
build/fex-build.log. No artifacts will be uploaded.
2026-10-03T03:30:37.8774300Z ##[warning]Unexpected input(s) 'submodule-depth', valid inputs are ['repository', 'ref', 'token', 'ssh-key', 'ssh-known-hosts', 'ssh-strict', 'ssh-user', 'persist-credentials', 'path', 'clean', 'filter', 'sparse-checkout', 'sparse-checkout-cone-mode', 'fetch-depth', 'fetch-tags', 'show-progress', 'lfs', 'submodules', 'set-safe-directory', 'github-server-url', 'allow-unsafe-pr-checkout']
2026-10-03T03:30:37.8779710Z Post job cleanup.
2026-10-03T03:30:37.9547540Z [command]/opt/homebrew/bin/git version
2026-10-03T03:30:37.9613900Z git version 2.55.0
2026-10-03T03:30:37.9632860Z Copying '/Users/runner/.gitconfig' to '/Users/runner/work/_temp/6a62fc6f-fdd4-49f5-a174-43919f88f870/.gitconfig'
2026-10-03T03:30:37.9640150Z Temporarily overriding HOME='/Users/runner/work/_temp/6a62fc6f-fdd4-49f5-a174-43919f88f870' before making global git config changes
2026-10-03T03:30:37.9640890Z Adding repository directory to the temporary git global config as a safe directory
2026-10-03T03:30:37.9643480Z [command]/opt/homebrew/bin/git config --global --add safe.directory /Users/runner/work/MadeiraTV/MadeiraTV
2026-10-03T03:30:37.9703470Z [command]/opt/homebrew/bin/git config --local --name-only --get-regexp core\.sshCommand
2026-10-03T03:30:37.9765370Z [command]/opt/homebrew/bin/git submodule foreach --recursive sh -c "git config --local --name-only --get-regexp 'core\.sshCommand' && git config --local --unset-all 'core.sshCommand' || :"
2026-10-03T03:30:38.0411640Z Entering 'FEX'
2026-10-03T03:30:38.0582180Z Entering 'FEX/External/Catch2'
2026-10-03T03:30:38.0750050Z Entering 'FEX/External/Vulkan-Headers'
2026-10-03T03:30:38.0919130Z Entering 'FEX/External/drm-headers'
2026-10-03T03:30:38.1118640Z Entering 'FEX/External/fex-gcc-target-tests-bins'
2026-10-03T03:30:38.1520790Z Entering 'FEX/External/fex-gvisor-tests-bins'
2026-10-03T03:30:38.1775060Z Entering 'FEX/External/fex-posixtest-bins'
2026-10-03T03:30:38.2076600Z Entering 'FEX/External/fmt'
2026-10-03T03:30:38.2478910Z Entering 'FEX/External/jemalloc_glibc'
2026-10-03T03:30:38.2780480Z Entering 'FEX/External/range-v3'
2026-10-03T03:30:38.3082020Z Entering 'FEX/External/range-v3/doc/gh-pages'
2026-10-03T03:30:38.3383140Z Entering 'FEX/External/rpmalloc'
2026-10-03T03:30:38.3778720Z Entering 'FEX/External/tracy'
2026-10-03T03:30:38.4084440Z Entering 'FEX/External/unordered_dense'
2026-10-03T03:30:38.4319640Z Entering 'FEX/External/vixl'
2026-10-03T03:30:38.4524880Z Entering 'FEX/External/xxhash'
2026-10-03T03:30:38.4728300Z Entering 'FEX/External/zydis'
2026-10-03T03:30:38.4912960Z Entering 'FEX/External/zydis/dependencies/zycore'
2026-10-03T03:30:38.5094740Z Entering 'FEX/Source/Common/cpp-optparse'
2026-10-03T03:30:38.5275550Z Entering 'dxmt'
2026-10-03T03:30:38.5449760Z Entering 'dxmt/external/nvapi'
2026-10-03T03:30:38.5623940Z Entering 'dxmt/include/native/directx'
2026-10-03T03:30:38.5806400Z Entering 'madeira-dock'
2026-10-03T03:30:38.5992710Z Entering 'wine'
2026-10-03T03:30:38.6207940Z [command]/opt/homebrew/bin/git config --local --name-only --get-regexp http\.https\:\/\/github\.com\/\.extraheader
2026-10-03T03:30:38.6261080Z http.https://github.com/.extraheader
2026-10-03T03:30:38.6265390Z [command]/opt/homebrew/bin/git config --local --unset-all http.https://github.com/.extraheader
2026-10-03T03:30:38.6435320Z [command]/opt/homebrew/bin/git submodule foreach --recursive sh -c "git config --local --name-only --get-regexp 'http\.https\:\/\/github\.com\/\.extraheader' && git config --local --unset-all 'http.https://github.com/.extraheader' || :"
2026-10-03T03:30:38.7245030Z Entering 'FEX'
2026-10-03T03:30:38.7360720Z http.https://github.com/.extraheader
2026-10-03T03:30:38.7469720Z Entering 'FEX/External/Catch2'
2026-10-03T03:30:38.7595080Z http.https://github.com/.extraheader
2026-10-03T03:30:38.7711580Z Entering 'FEX/External/Vulkan-Headers'
2026-10-03T03:30:38.7846610Z http.https://github.com/.extraheader
2026-10-03T03:30:38.7959710Z Entering 'FEX/External/drm-headers'
2026-10-03T03:30:38.8075410Z http.https://github.com/.extraheader
2026-10-03T03:30:38.8185080Z Entering 'FEX/External/fex-gcc-target-tests-bins'
2026-10-03T03:30:38.8304590Z http.https://github.com/.extraheader
2026-10-03T03:30:38.8850370Z Entering 'FEX/External/fex-gvisor-tests-bins'
2026-10-03T03:30:38.9051610Z http.https://github.com/.extraheader
2026-10-03T03:30:38.9151930Z Entering 'FEX/External/fex-posixtest-bins'
2026-10-03T03:30:38.9276920Z http.https://github.com/.extraheader
2026-10-03T03:30:38.9404130Z Entering 'FEX/External/fmt'
2026-10-03T03:30:38.9532870Z http.https://github.com/.extraheader
2026-10-03T03:30:38.9656860Z Entering 'FEX/External/jemalloc_glibc'
2026-10-03T03:30:38.9788790Z http.https://github.com/.extraheader
2026-10-03T03:30:38.9908200Z Entering 'FEX/External/range-v3'
2026-10-03T03:30:39.0040050Z http.https://github.com/.extraheader
2026-10-03T03:30:39.0153210Z Entering 'FEX/External/range-v3/doc/gh-pages'
2026-10-03T03:30:39.0285790Z http.https://github.com/.extraheader
2026-10-03T03:30:39.0406540Z Entering 'FEX/External/rpmalloc'
2026-10-03T03:30:39.0534660Z http.https://github.com/.extraheader
2026-10-03T03:30:39.0642430Z Entering 'FEX/External/tracy'
2026-10-03T03:30:39.0766760Z http.https://github.com/.extraheader
2026-10-03T03:30:39.0892690Z Entering 'FEX/External/unordered_dense'
2026-10-03T03:30:39.1089000Z http.https://github.com/.extraheader
2026-10-03T03:30:39.1230820Z Entering 'FEX/External/vixl'
2026-10-03T03:30:39.1384450Z http.https://github.com/.extraheader
2026-10-03T03:30:39.1496550Z Entering 'FEX/External/xxhash'
2026-10-03T03:30:39.1632340Z http.https://github.com/.extraheader
2026-10-03T03:30:39.1745720Z Entering 'FEX/External/zydis'
2026-10-03T03:30:39.1876250Z http.https://github.com/.extraheader
2026-10-03T03:30:39.2000690Z Entering 'FEX/External/zydis/dependencies/zycore'
2026-10-03T03:30:39.2124750Z http.https://github.com/.extraheader
2026-10-03T03:30:39.2244150Z Entering 'FEX/Source/Common/cpp-optparse'
2026-10-03T03:30:39.2377190Z http.https://github.com/.extraheader
2026-10-03T03:30:39.2480310Z Entering 'dxmt'
2026-10-03T03:30:39.2590400Z http.https://github.com/.extraheader
2026-10-03T03:30:39.2692810Z Entering 'dxmt/external/nvapi'
2026-10-03T03:30:39.2800000Z http.https://github.com/.extraheader
2026-10-03T03:30:39.2893780Z Entering 'dxmt/include/native/directx'
2026-10-03T03:30:39.2999000Z http.https://github.com/.extraheader
2026-10-03T03:30:39.3089940Z Entering 'madeira-dock'
2026-10-03T03:30:39.3192570Z http.https://github.com/.extraheader
2026-10-03T03:30:39.3280380Z Entering 'wine'
2026-10-03T03:30:39.3387710Z http.https://github.com/.extraheader
2026-10-03T03:30:39.3497140Z [command]/opt/homebrew/bin/git config --local --name-only --get-regexp ^includeIf\.gitdir:
2026-10-03T03:30:39.3545690Z [command]/opt/homebrew/bin/git submodule foreach --recursive git config --local --show-origin --name-only --get-regexp remote.origin.url
2026-10-03T03:30:39.4123690Z Entering 'FEX'
2026-10-03T03:30:39.4194230Z file:/Users/runner/work/MadeiraTV/MadeiraTV/.git/modules/FEX/config	remote.origin.url
2026-10-03T03:30:39.4238740Z Entering 'FEX/External/Catch2'
2026-10-03T03:30:39.4309220Z file:/Users/runner/work/MadeiraTV/MadeiraTV/.git/modules/FEX/modules/External/Catch2/config	remote.origin.url
2026-10-03T03:30:39.4355990Z Entering 'FEX/External/Vulkan-Headers'
2026-10-03T03:30:39.4426640Z file:/Users/runner/work/MadeiraTV/MadeiraTV/.git/modules/FEX/modules/External/Vulkan-Headers/config	remote.origin.url
2026-10-03T03:30:39.4470160Z Entering 'FEX/External/drm-headers'
2026-10-03T03:30:39.4602320Z file:/Users/runner/work/MadeiraTV/MadeiraTV/.git/modules/FEX/modules/External/drm-headers/config	remote.origin.url
2026-10-03T03:30:39.4703530Z Entering 'FEX/External/fex-gcc-target-tests-bins'
2026-10-03T03:30:39.4905190Z file:/Users/runner/work/MadeiraTV/MadeiraTV/.git/modules/FEX/modules/External/fex-gcc-target-tests-bins/config	remote.origin.url
2026-10-03T03:30:39.5006780Z Entering 'FEX/External/fex-gvisor-tests-bins'
2026-10-03T03:30:39.5088410Z file:/Users/runner/work/MadeiraTV/MadeiraTV/.git/modules/FEX/modules/External/fex-gvisor-tests-bins/config	remote.origin.url
2026-10-03T03:30:39.5146530Z Entering 'FEX/External/fex-posixtest-bins'
2026-10-03T03:30:39.5231180Z file:/Users/runner/work/MadeiraTV/MadeiraTV/.git/modules/FEX/modules/External/fex-posixtest-bins/config	remote.origin.url
2026-10-03T03:30:39.5287520Z Entering 'FEX/External/fmt'
2026-10-03T03:30:39.5364980Z file:/Users/runner/work/MadeiraTV/MadeiraTV/.git/modules/FEX/modules/External/fmt/config	remote.origin.url
2026-10-03T03:30:39.5424640Z Entering 'FEX/External/jemalloc_glibc'
2026-10-03T03:30:39.5511060Z file:/Users/runner/work/MadeiraTV/MadeiraTV/.git/modules/FEX/modules/External/jemalloc_glibc/config	remote.origin.url
2026-10-03T03:30:39.5564180Z Entering 'FEX/External/range-v3'
2026-10-03T03:30:39.5645760Z file:/Users/runner/work/MadeiraTV/MadeiraTV/.git/modules/FEX/modules/External/range-v3/config	remote.origin.url
2026-10-03T03:30:39.5697030Z Entering 'FEX/External/range-v3/doc/gh-pages'
2026-10-03T03:30:39.5783090Z file:/Users/runner/work/MadeiraTV/MadeiraTV/.git/modules/FEX/modules/External/range-v3/modules/doc/gh-pages/config	remote.origin.url
2026-10-03T03:30:39.5839400Z Entering 'FEX/External/rpmalloc'
2026-10-03T03:30:39.5923740Z file:/Users/runner/work/MadeiraTV/MadeiraTV/.git/modules/FEX/modules/External/rpmalloc/config	remote.origin.url
2026-10-03T03:30:39.5979090Z Entering 'FEX/External/tracy'
2026-10-03T03:30:39.6185370Z file:/Users/runner/work/MadeiraTV/MadeiraTV/.git/modules/FEX/modules/External/tracy/config	remote.origin.url
2026-10-03T03:30:39.6286650Z Entering 'FEX/External/unordered_dense'
2026-10-03T03:30:39.6387940Z file:/Users/runner/work/MadeiraTV/MadeiraTV/.git/modules/FEX/modules/External/unordered_dense/config	remote.origin.url
2026-10-03T03:30:39.6489340Z Entering 'FEX/External/vixl'
2026-10-03T03:30:39.6590520Z file:/Users/runner/work/MadeiraTV/MadeiraTV/.git/modules/FEX/modules/External/vixl/config	remote.origin.url
2026-10-03T03:30:39.6659080Z Entering 'FEX/External/xxhash'
2026-10-03T03:30:39.6743220Z file:/Users/runner/work/MadeiraTV/MadeiraTV/.git/modules/FEX/modules/External/xxhash/config	remote.origin.url
2026-10-03T03:30:39.6794660Z Entering 'FEX/External/zydis'
2026-10-03T03:30:39.6875740Z file:/Users/runner/work/MadeiraTV/MadeiraTV/.git/modules/FEX/modules/External/zydis/config	remote.origin.url
2026-10-03T03:30:39.6928550Z Entering 'FEX/External/zydis/dependencies/zycore'
2026-10-03T03:30:39.7010650Z file:/Users/runner/work/MadeiraTV/MadeiraTV/.git/modules/FEX/modules/External/zydis/modules/dependencies/zycore/config	remote.origin.url
2026-10-03T03:30:39.7069780Z Entering 'FEX/Source/Common/cpp-optparse'
2026-10-03T03:30:39.7152160Z file:/Users/runner/work/MadeiraTV/MadeiraTV/.git/modules/FEX/modules/External/cpp-optparse/config	remote.origin.url
2026-10-03T03:30:39.7206020Z Entering 'dxmt'
2026-10-03T03:30:39.7292820Z file:/Users/runner/work/MadeiraTV/MadeiraTV/.git/modules/dxmt/config	remote.origin.url
2026-10-03T03:30:39.7347110Z Entering 'dxmt/external/nvapi'
2026-10-03T03:30:39.7432010Z file:/Users/runner/work/MadeiraTV/MadeiraTV/.git/modules/dxmt/modules/external/nvapi/config	remote.origin.url
2026-10-03T03:30:39.7485800Z Entering 'dxmt/include/native/directx'
2026-10-03T03:30:39.7564440Z file:/Users/runner/work/MadeiraTV/MadeiraTV/.git/modules/dxmt/modules/include/native/directx/config	remote.origin.url
2026-10-03T03:30:39.7664610Z Entering 'madeira-dock'
2026-10-03T03:30:39.7866030Z file:/Users/runner/work/MadeiraTV/MadeiraTV/.git/modules/madeira-dock/config	remote.origin.url
2026-10-03T03:30:39.7966150Z Entering 'wine'
2026-10-03T03:30:39.8066750Z file:/Users/runner/work/MadeiraTV/MadeiraTV/.git/modules/wine/config	remote.origin.url
2026-10-03T03:30:39.8368540Z [command]/opt/homebrew/bin/git config --file /Users/runner/work/MadeiraTV/MadeiraTV/.git/modules/FEX/config --name-only --get-regexp ^includeIf\.gitdir:
2026-10-03T03:30:39.8671390Z [command]/opt/homebrew/bin/git config --file /Users/runner/work/MadeiraTV/MadeiraTV/.git/modules/FEX/modules/External/Catch2/config --name-only --get-regexp ^includeIf\.gitdir:
2026-10-03T03:30:39.8973300Z [command]/opt/homebrew/bin/git config --file /Users/runner/work/MadeiraTV/MadeiraTV/.git/modules/FEX/modules/External/Vulkan-Headers/config --name-only --get-regexp ^includeIf\.gitdir:
2026-10-03T03:30:39.9274700Z [command]/opt/homebrew/bin/git config --file /Users/runner/work/MadeiraTV/MadeiraTV/.git/modules/FEX/modules/External/drm-headers/config --name-only --get-regexp ^includeIf\.gitdir:
2026-10-03T03:30:39.9578850Z [command]/opt/homebrew/bin/git config --file /Users/runner/work/MadeiraTV/MadeiraTV/.git/modules/FEX/modules/External/fex-gcc-target-tests-bins/config --name-only --get-regexp ^includeIf\.gitdir:
2026-10-03T03:30:39.9880890Z [command]/opt/homebrew/bin/git config --file /Users/runner/work/MadeiraTV/MadeiraTV/.git/modules/FEX/modules/External/fex-gvisor-tests-bins/config --name-only --get-regexp ^includeIf\.gitdir:
2026-10-03T03:30:40.0182260Z [command]/opt/homebrew/bin/git config --file /Users/runner/work/MadeiraTV/MadeiraTV/.git/modules/FEX/modules/External/fex-posixtest-bins/config --name-only --get-regexp ^includeIf\.gitdir:
2026-10-03T03:30:40.0483710Z [command]/opt/homebrew/bin/git config --file /Users/runner/work/MadeiraTV/MadeiraTV/.git/modules/FEX/modules/External/fmt/config --name-only --get-regexp ^includeIf\.gitdir:
2026-10-03T03:30:40.0680820Z [command]/opt/homebrew/bin/git config --file /Users/runner/work/MadeiraTV/MadeiraTV/.git/modules/FEX/modules/External/jemalloc_glibc/config --name-only --get-regexp ^includeIf\.gitdir:
2026-10-03T03:30:40.0697310Z [command]/opt/homebrew/bin/git config --file /Users/runner/work/MadeiraTV/MadeiraTV/.git/modules/FEX/modules/External/range-v3/config --name-only --get-regexp ^includeIf\.gitdir:
2026-10-03T03:30:40.0710780Z [command]/opt/homebrew/bin/git config --file /Users/runner/work/MadeiraTV/MadeiraTV/.git/modules/FEX/modules/External/range-v3/modules/doc/gh-pages/config --name-only --get-regexp ^includeIf\.gitdir:
2026-10-03T03:30:40.0732010Z [command]/opt/homebrew/bin/git config --file /Users/runner/work/MadeiraTV/MadeiraTV/.git/modules/FEX/modules/External/rpmalloc/config --name-only --get-regexp ^includeIf\.gitdir:
2026-10-03T03:30:40.0746570Z [command]/opt/homebrew/bin/git config --file /Users/runner/work/MadeiraTV/MadeiraTV/.git/modules/FEX/modules/External/tracy/config --name-only --get-regexp ^includeIf\.gitdir:
2026-10-03T03:30:40.0768520Z [command]/opt/homebrew/bin/git config --file /Users/runner/work/MadeiraTV/MadeiraTV/.git/modules/FEX/modules/External/unordered_dense/config --name-only --get-regexp ^includeIf\.gitdir:
2026-10-03T03:30:40.0787190Z [command]/opt/homebrew/bin/git config --file /Users/runner/work/MadeiraTV/MadeiraTV/.git/modules/FEX/modules/External/vixl/config --name-only --get-regexp ^includeIf\.gitdir:
2026-10-03T03:30:40.0902590Z [command]/opt/homebrew/bin/git config --file /Users/runner/work/MadeiraTV/MadeiraTV/.git/modules/FEX/modules/External/xxhash/config --name-only --get-regexp ^includeIf\.gitdir:
2026-10-03T03:30:40.0965480Z [command]/opt/homebrew/bin/git config --file /Users/runner/work/MadeiraTV/MadeiraTV/.git/modules/FEX/modules/External/zydis/config --name-only --get-regexp ^includeIf\.gitdir:
2026-10-03T03:30:40.0966890Z [command]/opt/homebrew/bin/git config --file /Users/runner/work/MadeiraTV/MadeiraTV/.git/modules/FEX/modules/External/zydis/modules/dependencies/zycore/config --name-only --get-regexp ^includeIf\.gitdir:
2026-10-03T03:30:40.0968200Z [command]/opt/homebrew/bin/git config --file /Users/runner/work/MadeiraTV/MadeiraTV/.git/modules/FEX/modules/External/cpp-optparse/config --name-only --get-regexp ^includeIf\.gitdir:
2026-10-03T03:30:40.0969330Z [command]/opt/homebrew/bin/git config --file /Users/runner/work/MadeiraTV/MadeiraTV/.git/modules/dxmt/config --name-only --get-regexp ^includeIf\.gitdir:
2026-10-03T03:30:40.0970450Z [command]/opt/homebrew/bin/git config --file /Users/runner/work/MadeiraTV/MadeiraTV/.git/modules/dxmt/modules/external/nvapi/config --name-only --get-regexp ^includeIf\.gitdir:
2026-10-03T03:30:40.0971880Z [command]/opt/homebrew/bin/git config --file /Users/runner/work/MadeiraTV/MadeiraTV/.git/modules/dxmt/modules/include/native/directx/config --name-only --get-regexp ^includeIf\.gitdir:
2026-10-03T03:30:40.0973020Z [command]/opt/homebrew/bin/git config --file /Users/runner/work/MadeiraTV/MadeiraTV/.git/modules/madeira-dock/config --name-only --get-regexp ^includeIf\.gitdir:
2026-10-03T03:30:40.0974070Z [command]/opt/homebrew/bin/git config --file /Users/runner/work/MadeiraTV/MadeiraTV/.git/modules/wine/config --name-only --get-regexp ^includeIf\.gitdir:
2026-10-03T03:30:40.1023560Z Cleaning up orphan processes
2026-10-03T03:30:40.4259460Z ##[warning]Node.js 20 is deprecated. The following actions target Node.js 20 but are being forced to run on Node.js 24: actions/checkout@v4, actions/upload-artifact@v4. For more information see: https://github.blog/changelog/2025-09-19-deprecation-of-node-20-on-github-actions-runners/

