ï»¿2026-10-03T03:18:46.8895000Z Current runner version: '2.337.0'
2026-10-03T03:18:46.8908320Z ##[group]Runner Image Provisioner
2026-10-03T03:18:46.8908830Z Hosted Compute Agent
2026-10-03T03:18:46.8909200Z Version: 20260828.587
2026-10-03T03:18:46.8909600Z Commit: abac92662cab4cc7352de4f9f9d2e2419aad9c29
2026-10-03T03:18:46.8910070Z Build Date: 2026-08-28T16:44:25Z
2026-10-03T03:18:46.8910500Z Worker ID: {c9b2693f-f83e-4a0f-a28f-bcffa0f64492}
2026-10-03T03:18:46.8910960Z Azure Region: westus
2026-10-03T03:18:46.8911310Z ##[endgroup]
2026-10-03T03:18:46.8912310Z ##[group]Operating System
2026-10-03T03:18:46.8912710Z macOS
2026-10-03T03:18:46.8913020Z 15.7.9
2026-10-03T03:18:46.8913350Z 24G830
2026-10-03T03:18:46.8913680Z ##[endgroup]
2026-10-03T03:18:46.8914020Z ##[group]Runner Image
2026-10-03T03:18:46.8914390Z Image: macos-15-arm64
2026-10-03T03:18:46.8914740Z Version: 20260907.0337.1
2026-10-03T03:18:46.8915500Z Included Software: https://github.com/actions/runner-images/blob/macos-15-arm64/20260907.0337/images/macos/macos-15-arm64-Readme.md
2026-10-03T03:18:46.8916480Z Image Release: https://github.com/actions/runner-images/releases/tag/macos-15-arm64%2F20260907.0337
2026-10-03T03:18:46.8917110Z ##[endgroup]
2026-10-03T03:18:46.8917840Z ##[group]GITHUB_TOKEN Permissions
2026-10-03T03:18:46.8918780Z Contents: read
2026-10-03T03:18:46.8919120Z Metadata: read
2026-10-03T03:18:46.8919460Z Packages: read
2026-10-03T03:18:46.8919790Z ##[endgroup]
2026-10-03T03:18:46.8920990Z Secret source: Actions
2026-10-03T03:18:46.8921510Z Cache mode: write
2026-10-03T03:18:46.8921900Z Prepare workflow directory
2026-10-03T03:18:46.9124440Z Prepare all required actions
2026-10-03T03:18:46.9157820Z Getting action download info
2026-10-03T03:18:47.1896130Z Download action repository 'actions/checkout@v4' (SHA:11d5960a326750d5838078e36cf38b85af677262)
2026-10-03T03:18:47.5932220Z Download action repository 'actions/upload-artifact@v4' (SHA:ea165f8d65b6e75b540449e92b4886f43607fa02)
2026-10-03T03:18:47.8373760Z Complete job name: Build FEXCore static libs for tvOS
2026-10-03T03:18:47.9074570Z ##[warning]Unexpected input(s) 'submodule-depth', valid inputs are ['repository', 'ref', 'token', 'ssh-key', 'ssh-known-hosts', 'ssh-strict', 'ssh-user', 'persist-credentials', 'path', 'clean', 'filter', 'sparse-checkout', 'sparse-checkout-cone-mode', 'fetch-depth', 'fetch-tags', 'show-progress', 'lfs', 'submodules', 'set-safe-directory', 'github-server-url', 'allow-unsafe-pr-checkout']
2026-10-03T03:18:47.9148930Z ##[group]Run actions/checkout@v4
2026-10-03T03:18:47.9149570Z with:
2026-10-03T03:18:47.9150290Z   fetch-depth: 0
2026-10-03T03:18:47.9150790Z   submodules: recursive
2026-10-03T03:18:47.9151190Z   submodule-depth: 1
2026-10-03T03:18:47.9151700Z   repository: duranereloise-hash/MadeiraTV
2026-10-03T03:18:47.9155290Z   token: ***
2026-10-03T03:18:47.9155690Z   ssh-strict: true
2026-10-03T03:18:47.9156060Z   ssh-user: git
2026-10-03T03:18:47.9156450Z   persist-credentials: true
2026-10-03T03:18:47.9156960Z   clean: true
2026-10-03T03:18:47.9157460Z   sparse-checkout-cone-mode: true
2026-10-03T03:18:47.9158030Z   fetch-tags: false
2026-10-03T03:18:47.9158680Z   show-progress: true
2026-10-03T03:18:47.9159210Z   lfs: false
2026-10-03T03:18:47.9159650Z   set-safe-directory: true
2026-10-03T03:18:47.9160100Z   allow-unsafe-pr-checkout: false
2026-10-03T03:18:47.9161090Z ##[endgroup]
2026-10-03T03:18:48.3184230Z Syncing repository: duranereloise-hash/MadeiraTV
2026-10-03T03:18:48.3186670Z ##[group]Getting Git version info
2026-10-03T03:18:48.3187280Z Working directory is '/Users/runner/work/MadeiraTV/MadeiraTV'
2026-10-03T03:18:48.3188220Z [command]/opt/homebrew/bin/git version
2026-10-03T03:18:48.3711360Z git version 2.55.0
2026-10-03T03:18:48.3726350Z ##[endgroup]
2026-10-03T03:18:48.3733520Z Copying '/Users/runner/.gitconfig' to '/Users/runner/work/_temp/a13b0a76-9cb3-40d8-874a-457b86e3b6d3/.gitconfig'
2026-10-03T03:18:48.3740640Z Temporarily overriding HOME='/Users/runner/work/_temp/a13b0a76-9cb3-40d8-874a-457b86e3b6d3' before making global git config changes
2026-10-03T03:18:48.3742460Z Adding repository directory to the temporary git global config as a safe directory
2026-10-03T03:18:48.3744120Z [command]/opt/homebrew/bin/git config --global --add safe.directory /Users/runner/work/MadeiraTV/MadeiraTV
2026-10-03T03:18:48.3844040Z Deleting the contents of '/Users/runner/work/MadeiraTV/MadeiraTV'
2026-10-03T03:18:48.3846870Z ##[group]Initializing the repository
2026-10-03T03:18:48.3851060Z [command]/opt/homebrew/bin/git init /Users/runner/work/MadeiraTV/MadeiraTV
2026-10-03T03:18:48.4059180Z hint: Using 'master' as the name for the initial branch. This default branch name
2026-10-03T03:18:48.4060100Z hint: will change to "main" in Git 3.0. To configure the initial branch name
2026-10-03T03:18:48.4060950Z hint: to use in all of your new repositories, which will suppress this warning,
2026-10-03T03:18:48.4061630Z hint: call:
2026-10-03T03:18:48.4062130Z hint:
2026-10-03T03:18:48.4062610Z hint: 	git config --global init.defaultBranch <name>
2026-10-03T03:18:48.4063130Z hint:
2026-10-03T03:18:48.4063680Z hint: Names commonly chosen instead of 'master' are 'main', 'trunk' and
2026-10-03T03:18:48.4064510Z hint: 'development'. The just-created branch can be renamed via this command:
2026-10-03T03:18:48.4065110Z hint:
2026-10-03T03:18:48.4065470Z hint: 	git branch -m <name>
2026-10-03T03:18:48.4065870Z hint:
2026-10-03T03:18:48.4066390Z hint: Disable this message with "git config set advice.defaultBranchName false"
2026-10-03T03:18:48.4067250Z Initialized empty Git repository in /Users/runner/work/MadeiraTV/MadeiraTV/.git/
2026-10-03T03:18:48.4069010Z [command]/opt/homebrew/bin/git remote add origin https://github.com/duranereloise-hash/MadeiraTV
2026-10-03T03:18:48.4141470Z ##[endgroup]
2026-10-03T03:18:48.4142280Z ##[group]Disabling automatic garbage collection
2026-10-03T03:18:48.4143010Z [command]/opt/homebrew/bin/git config --local gc.auto 0
2026-10-03T03:18:48.4214920Z ##[endgroup]
2026-10-03T03:18:48.4215680Z ##[group]Setting up auth
2026-10-03T03:18:48.4221320Z [command]/opt/homebrew/bin/git config --local --name-only --get-regexp core\.sshCommand
2026-10-03T03:18:48.4280180Z [command]/opt/homebrew/bin/git submodule foreach --recursive sh -c "git config --local --name-only --get-regexp 'core\.sshCommand' && git config --local --unset-all 'core.sshCommand' || :"
2026-10-03T03:18:48.5227240Z [command]/opt/homebrew/bin/git config --local --name-only --get-regexp http\.https\:\/\/github\.com\/\.extraheader
2026-10-03T03:18:48.5283510Z [command]/opt/homebrew/bin/git submodule foreach --recursive sh -c "git config --local --name-only --get-regexp 'http\.https\:\/\/github\.com\/\.extraheader' && git config --local --unset-all 'http.https://github.com/.extraheader' || :"
2026-10-03T03:18:48.5967040Z [command]/opt/homebrew/bin/git config --local --name-only --get-regexp ^includeIf\.gitdir:
2026-10-03T03:18:48.6026690Z [command]/opt/homebrew/bin/git submodule foreach --recursive git config --local --show-origin --name-only --get-regexp remote.origin.url
2026-10-03T03:18:48.6791320Z [command]/opt/homebrew/bin/git config --local http.https://github.com/.extraheader AUTHORIZATION: basic ***
2026-10-03T03:18:48.6860810Z ##[endgroup]
2026-10-03T03:18:48.6861540Z ##[group]Fetching the repository
2026-10-03T03:18:48.6867820Z [command]/opt/homebrew/bin/git -c protocol.version=2 fetch --prune --no-recurse-submodules origin +refs/heads/*:refs/remotes/origin/* +refs/tags/*:refs/tags/*
2026-10-03T03:18:49.3413500Z From https://github.com/duranereloise-hash/MadeiraTV
2026-10-03T03:18:49.3415230Z  * [new branch]      main       -> origin/main
2026-10-03T03:18:49.3424860Z [command]/opt/homebrew/bin/git branch --list --remote origin/main
2026-10-03T03:18:49.3506650Z   origin/main
2026-10-03T03:18:49.3512090Z [command]/opt/homebrew/bin/git rev-parse refs/remotes/origin/main
2026-10-03T03:18:49.3572310Z ee402e06ee233f1697944d08749160ff28005ec9
2026-10-03T03:18:49.3575030Z ##[endgroup]
2026-10-03T03:18:49.3579020Z ##[group]Determining the checkout info
2026-10-03T03:18:49.3581950Z ##[endgroup]
2026-10-03T03:18:49.3591050Z [command]/opt/homebrew/bin/git sparse-checkout disable
2026-10-03T03:18:49.3679990Z [command]/opt/homebrew/bin/git config --local --unset-all extensions.worktreeConfig
2026-10-03T03:18:49.3855180Z ##[group]Checking out the ref
2026-10-03T03:18:49.3857020Z [command]/opt/homebrew/bin/git checkout --progress --force -B main refs/remotes/origin/main
2026-10-03T03:18:49.4275810Z Switched to a new branch 'main'
2026-10-03T03:18:49.4288660Z branch 'main' set up to track 'origin/main'.
2026-10-03T03:18:49.4293410Z ##[endgroup]
2026-10-03T03:18:49.4294800Z ##[group]Setting up auth for fetching submodules
2026-10-03T03:18:49.4303350Z [command]/opt/homebrew/bin/git config --global http.https://github.com/.extraheader AUTHORIZATION: basic ***
2026-10-03T03:18:49.4417710Z [command]/opt/homebrew/bin/git config --global --unset-all url.https://github.com/.insteadOf
2026-10-03T03:18:49.4544170Z [command]/opt/homebrew/bin/git config --global --add url.https://github.com/.insteadOf git@github.com:
2026-10-03T03:18:49.4667700Z [command]/opt/homebrew/bin/git config --global --add url.https://github.com/.insteadOf org-309539288@github.com:
2026-10-03T03:18:49.4772040Z ##[endgroup]
2026-10-03T03:18:49.4774150Z ##[group]Fetching submodules
2026-10-03T03:18:49.4775850Z [command]/opt/homebrew/bin/git submodule sync --recursive
2026-10-03T03:18:49.5803720Z [command]/opt/homebrew/bin/git -c protocol.version=2 submodule update --init --force --recursive
2026-10-03T03:18:49.7005140Z Submodule 'FEX' (https://github.com/willfaust/FEX.git) registered for path 'FEX'
2026-10-03T03:18:49.7012850Z Submodule 'dxmt' (https://github.com/willfaust/dxmt.git) registered for path 'dxmt'
2026-10-03T03:18:49.7016640Z Submodule 'madeira-dock' (https://github.com/willfaust/madeira-dock.git) registered for path 'madeira-dock'
2026-10-03T03:18:49.7021070Z Submodule 'wine' (https://github.com/willfaust/wine.git) registered for path 'wine'
2026-10-03T03:18:49.7160730Z Cloning into '/Users/runner/work/MadeiraTV/MadeiraTV/FEX'...
2026-10-03T03:18:54.1638080Z Cloning into '/Users/runner/work/MadeiraTV/MadeiraTV/dxmt'...
2026-10-03T03:18:55.5719790Z Cloning into '/Users/runner/work/MadeiraTV/MadeiraTV/madeira-dock'...
2026-10-03T03:18:56.1548750Z Cloning into '/Users/runner/work/MadeiraTV/MadeiraTV/wine'...
2026-10-03T03:20:57.5371540Z Submodule path 'FEX': checked out '26859e184ad90f0e811d7f8bbd943a4b1573a2c3'
2026-10-03T03:20:57.5424900Z Submodule 'External/Catch2' (https://github.com/catchorg/Catch2.git) registered for path 'FEX/External/Catch2'
2026-10-03T03:20:57.5428770Z Submodule 'External/Vulkan-Headers' (https://github.com/KhronosGroup/Vulkan-Headers.git) registered for path 'FEX/External/Vulkan-Headers'
2026-10-03T03:20:57.5444880Z Submodule 'External/drm-headers' (https://github.com/FEX-Emu/drm-headers.git) registered for path 'FEX/External/drm-headers'
2026-10-03T03:20:57.5484390Z Submodule 'External/fex-gcc-target-tests-bins' (https://github.com/FEX-Emu/fex-gcc-target-tests-bins.git) registered for path 'FEX/External/fex-gcc-target-tests-bins'
2026-10-03T03:20:57.5489180Z Submodule 'External/fex-gvisor-tests-bins' (https://github.com/FEX-Emu/fex-gvisor-tests-bins.git) registered for path 'FEX/External/fex-gvisor-tests-bins'
2026-10-03T03:20:57.5491190Z Submodule 'External/fex-posixtest-bins' (https://github.com/FEX-Emu/fex-posixtest-bins.git) registered for path 'FEX/External/fex-posixtest-bins'
2026-10-03T03:20:57.5493760Z Submodule 'External/fmt' (https://github.com/fmtlib/fmt.git) registered for path 'FEX/External/fmt'
2026-10-03T03:20:57.5501030Z Submodule 'External/jemalloc_glibc' (https://github.com/FEX-Emu/jemalloc.git) registered for path 'FEX/External/jemalloc_glibc'
2026-10-03T03:20:57.5507790Z Submodule 'External/range-v3' (https://github.com/ericniebler/range-v3.git) registered for path 'FEX/External/range-v3'
2026-10-03T03:20:57.5513880Z Submodule 'External/rpmalloc' (https://github.com/willfaust/rpmalloc.git) registered for path 'FEX/External/rpmalloc'
2026-10-03T03:20:57.5519580Z Submodule 'External/tracy' (https://github.com/wolfpld/tracy) registered for path 'FEX/External/tracy'
2026-10-03T03:20:57.5532690Z Submodule 'External/unordered_dense' (https://github.com/martinus/unordered_dense.git) registered for path 'FEX/External/unordered_dense'
2026-10-03T03:20:57.5543560Z Submodule 'External/vixl' (https://github.com/FEX-Emu/vixl.git) registered for path 'FEX/External/vixl'
2026-10-03T03:20:57.5548570Z Submodule 'External/xxhash' (https://github.com/Cyan4973/xxHash.git) registered for path 'FEX/External/xxhash'
2026-10-03T03:20:57.5558030Z Submodule 'External/zydis' (https://github.com/zyantific/zydis.git) registered for path 'FEX/External/zydis'
2026-10-03T03:20:57.5563130Z Submodule 'External/cpp-optparse' (https://github.com/Sonicadvance1/cpp-optparse) registered for path 'FEX/Source/Common/cpp-optparse'
2026-10-03T03:20:57.5698770Z Cloning into '/Users/runner/work/MadeiraTV/MadeiraTV/FEX/External/Catch2'...
2026-10-03T03:21:01.2831740Z Cloning into '/Users/runner/work/MadeiraTV/MadeiraTV/FEX/External/Vulkan-Headers'...
2026-10-03T03:21:01.9257340Z Cloning into '/Users/runner/work/MadeiraTV/MadeiraTV/FEX/External/drm-headers'...
2026-10-03T03:21:02.4789670Z Cloning into '/Users/runner/work/MadeiraTV/MadeiraTV/FEX/External/fex-gcc-target-tests-bins'...
2026-10-03T03:21:03.0880910Z Cloning into '/Users/runner/work/MadeiraTV/MadeiraTV/FEX/External/fex-gvisor-tests-bins'...
2026-10-03T03:21:09.1431300Z Cloning into '/Users/runner/work/MadeiraTV/MadeiraTV/FEX/External/fex-posixtest-bins'...
2026-10-03T03:21:09.8377550Z Cloning into '/Users/runner/work/MadeiraTV/MadeiraTV/FEX/External/fmt'...
2026-10-03T03:21:11.3483690Z Cloning into '/Users/runner/work/MadeiraTV/MadeiraTV/FEX/External/jemalloc_glibc'...
2026-10-03T03:21:12.6500080Z Cloning into '/Users/runner/work/MadeiraTV/MadeiraTV/FEX/External/range-v3'...
2026-10-03T03:21:14.9801070Z Cloning into '/Users/runner/work/MadeiraTV/MadeiraTV/FEX/External/rpmalloc'...
2026-10-03T03:21:15.6264040Z Cloning into '/Users/runner/work/MadeiraTV/MadeiraTV/FEX/External/tracy'...
2026-10-03T03:21:19.7192330Z Cloning into '/Users/runner/work/MadeiraTV/MadeiraTV/FEX/External/unordered_dense'...
2026-10-03T03:21:20.6192940Z Cloning into '/Users/runner/work/MadeiraTV/MadeiraTV/FEX/External/vixl'...
2026-10-03T03:21:23.1921560Z Cloning into '/Users/runner/work/MadeiraTV/MadeiraTV/FEX/External/xxhash'...
2026-10-03T03:21:24.1029660Z Cloning into '/Users/runner/work/MadeiraTV/MadeiraTV/FEX/External/zydis'...
2026-10-03T03:21:24.9304590Z Cloning into '/Users/runner/work/MadeiraTV/MadeiraTV/FEX/Source/Common/cpp-optparse'...
2026-10-03T03:21:25.5372910Z Submodule path 'FEX/External/Catch2': checked out 'b3fb4b9feafcd8d91c5cb510a4775143fdbef02f'
2026-10-03T03:21:47.0613420Z From https://github.com/KhronosGroup/Vulkan-Headers
2026-10-03T03:21:47.0626720Z  * branch            450bd2232225d6c7728a4108055ac2e37cef6475 -> FETCH_HEAD
2026-10-03T03:21:47.2941260Z Submodule path 'FEX/External/Vulkan-Headers': checked out '450bd2232225d6c7728a4108055ac2e37cef6475'
2026-10-03T03:21:47.3809390Z Submodule path 'FEX/External/drm-headers': checked out '3e49836995c1dcb3df709440ad2f270b569c6a5f'
2026-10-03T03:21:47.8448170Z Submodule path 'FEX/External/fex-gcc-target-tests-bins': checked out '442678a134e2d25e759c430cca32e06e9e142f1f'
2026-10-03T03:21:50.3472220Z Submodule path 'FEX/External/fex-gvisor-tests-bins': checked out '71349ae6d14ac2e3e792730e240aecd8076cee6c'
2026-10-03T03:21:51.2719220Z Submodule path 'FEX/External/fex-posixtest-bins': checked out '9ae29638f8000c1603f16385ed1cf6c4c23ee414'
2026-10-03T03:21:51.3494160Z Submodule path 'FEX/External/fmt': checked out '407c905e45ad75fc29bf0f9bb7c5c2fd3475976f'
2026-10-03T03:21:51.4772600Z Submodule path 'FEX/External/jemalloc_glibc': checked out '8436195ad5e1bc347d9b39743af3d29abee59f06'
2026-10-03T03:21:51.6440300Z Submodule path 'FEX/External/range-v3': checked out 'ca1388fb9da8e69314dda222dc7b139ca84e092f'
2026-10-03T03:21:51.6508490Z Submodule 'doc/gh-pages' (https://github.com/ericniebler/range-v3.git) registered for path 'FEX/External/range-v3/doc/gh-pages'
2026-10-03T03:21:51.6620090Z Cloning into '/Users/runner/work/MadeiraTV/MadeiraTV/FEX/External/range-v3/doc/gh-pages'...
2026-10-03T03:21:54.5262320Z Submodule path 'FEX/External/range-v3/doc/gh-pages': checked out '2dae74bb693e42d850fb0adcc9045c5b71fbdeae'
2026-10-03T03:21:54.5742870Z Submodule path 'FEX/External/rpmalloc': checked out '812c2b9cf4310ffacf14e6b64066e78ab0c394b5'
2026-10-03T03:21:54.7422470Z Submodule path 'FEX/External/tracy': checked out '650c98ece70da9e155e7ba1c2b3ee16004aae118'
2026-10-03T03:21:55.0699900Z Submodule path 'FEX/External/unordered_dense': checked out '3234af2c03549bc85656bfd3a86993bf1cd8aef1'
2026-10-03T03:22:03.2893130Z From https://github.com/FEX-Emu/vixl
2026-10-03T03:22:03.2932700Z  * branch              5f418449c48f6ca3ad37c47ec632f17a561c0580 -> FETCH_HEAD
2026-10-03T03:22:06.0173960Z Submodule path 'FEX/External/vixl': checked out '5f418449c48f6ca3ad37c47ec632f17a561c0580'
2026-10-03T03:22:06.1297910Z Submodule path 'FEX/External/xxhash': checked out 'e626a72bc2321cd320e953a0ccf1584cad60f363'
2026-10-03T03:22:14.3760210Z From https://github.com/zyantific/zydis
2026-10-03T03:22:14.3770970Z  * branch            9bfadd6a55fc92dbd37fa3ba089bf8b36622df4f -> FETCH_HEAD
2026-10-03T03:22:14.5616100Z Submodule path 'FEX/External/zydis': checked out '9bfadd6a55fc92dbd37fa3ba089bf8b36622df4f'
2026-10-03T03:22:14.5699990Z Submodule 'dependencies/zycore' (https://github.com/zyantific/zycore-c) registered for path 'FEX/External/zydis/dependencies/zycore'
2026-10-03T03:22:14.5869440Z Cloning into '/Users/runner/work/MadeiraTV/MadeiraTV/FEX/External/zydis/dependencies/zycore'...
2026-10-03T03:22:15.2503800Z Submodule path 'FEX/External/zydis/dependencies/zycore': checked out '75a36c45ae1ad382b0f4e0ede0af84c11ee69928'
2026-10-03T03:22:15.4267240Z Submodule path 'FEX/Source/Common/cpp-optparse': checked out '9f94388a339fcbb0bc95c17768eb786c85988f6e'
2026-10-03T03:22:15.5955640Z Submodule path 'dxmt': checked out 'a5e0cd3d41bf248fd1c030a2e1c515ba3522f4ef'
2026-10-03T03:22:15.6030890Z Submodule 'external/nvapi' (https://github.com/NVIDIA/nvapi.git) registered for path 'dxmt/external/nvapi'
2026-10-03T03:22:15.6034390Z Submodule 'include/native/directx' (https://github.com/misyltoad/mingw-directx-headers) registered for path 'dxmt/include/native/directx'
2026-10-03T03:22:15.6223330Z Cloning into '/Users/runner/work/MadeiraTV/MadeiraTV/dxmt/external/nvapi'...
2026-10-03T03:22:19.5992430Z Cloning into '/Users/runner/work/MadeiraTV/MadeiraTV/dxmt/include/native/directx'...
2026-10-03T03:22:20.1613250Z Submodule path 'dxmt/external/nvapi': checked out 'd08488fcc82eef313b0464db37d2955709691e94'
2026-10-03T03:22:20.3026770Z Submodule path 'dxmt/include/native/directx': checked out '9df86f2341616ef1888ae59919feaa6d4fad693d'
2026-10-03T03:22:20.3435480Z Submodule path 'madeira-dock': checked out '3cadfbea700e4da4b04e331dd7ef1ba633dfacef'
2026-10-03T03:22:23.2240570Z Submodule path 'wine': checked out '4f5b19718f4de88ecc5cb0dc08b119497a67ba8f'
2026-10-03T03:22:23.2450430Z [command]/opt/homebrew/bin/git submodule foreach --recursive git config --local gc.auto 0
2026-10-03T03:22:23.3749610Z Entering 'FEX'
2026-10-03T03:22:23.4198140Z Entering 'FEX/External/Catch2'
2026-10-03T03:22:23.4417990Z Entering 'FEX/External/Vulkan-Headers'
2026-10-03T03:22:23.4675750Z Entering 'FEX/External/drm-headers'
2026-10-03T03:22:23.4969430Z Entering 'FEX/External/fex-gcc-target-tests-bins'
2026-10-03T03:22:23.5322420Z Entering 'FEX/External/fex-gvisor-tests-bins'
2026-10-03T03:22:23.5581560Z Entering 'FEX/External/fex-posixtest-bins'
2026-10-03T03:22:23.5838420Z Entering 'FEX/External/fmt'
2026-10-03T03:22:23.6130030Z Entering 'FEX/External/jemalloc_glibc'
2026-10-03T03:22:23.6414210Z Entering 'FEX/External/range-v3'
2026-10-03T03:22:23.6620810Z Entering 'FEX/External/range-v3/doc/gh-pages'
2026-10-03T03:22:23.6904670Z Entering 'FEX/External/rpmalloc'
2026-10-03T03:22:23.7196000Z Entering 'FEX/External/tracy'
2026-10-03T03:22:23.7381110Z Entering 'FEX/External/unordered_dense'
2026-10-03T03:22:23.7532300Z Entering 'FEX/External/vixl'
2026-10-03T03:22:23.7678890Z Entering 'FEX/External/xxhash'
2026-10-03T03:22:23.7853630Z Entering 'FEX/External/zydis'
2026-10-03T03:22:23.8037150Z Entering 'FEX/External/zydis/dependencies/zycore'
2026-10-03T03:22:23.8232140Z Entering 'FEX/Source/Common/cpp-optparse'
2026-10-03T03:22:23.8400290Z Entering 'dxmt'
2026-10-03T03:22:23.8563620Z Entering 'dxmt/external/nvapi'
2026-10-03T03:22:23.8733840Z Entering 'dxmt/include/native/directx'
2026-10-03T03:22:23.8914670Z Entering 'madeira-dock'
2026-10-03T03:22:23.9092960Z Entering 'wine'
2026-10-03T03:22:23.9288680Z ##[endgroup]
2026-10-03T03:22:23.9289290Z ##[group]Persisting credentials for submodules
2026-10-03T03:22:23.9290430Z [command]/opt/homebrew/bin/git submodule foreach --recursive sh -c "git config --local --name-only --get-regexp 'url\.https\:\/\/github\.com\/\.insteadOf' && git config --local --unset-all 'url.https://github.com/.insteadOf' || :"
2026-10-03T03:22:24.0150750Z Entering 'FEX'
2026-10-03T03:22:24.0503820Z Entering 'FEX/External/Catch2'
2026-10-03T03:22:24.0946130Z Entering 'FEX/External/Vulkan-Headers'
2026-10-03T03:22:24.1183610Z Entering 'FEX/External/drm-headers'
2026-10-03T03:22:24.1399980Z Entering 'FEX/External/fex-gcc-target-tests-bins'
2026-10-03T03:22:24.1602570Z Entering 'FEX/External/fex-gvisor-tests-bins'
2026-10-03T03:22:24.1825420Z Entering 'FEX/External/fex-posixtest-bins'
2026-10-03T03:22:24.2278520Z Entering 'FEX/External/fmt'
2026-10-03T03:22:24.2465040Z Entering 'FEX/External/jemalloc_glibc'
2026-10-03T03:22:24.2647560Z Entering 'FEX/External/range-v3'
2026-10-03T03:22:24.3160430Z Entering 'FEX/External/range-v3/doc/gh-pages'
2026-10-03T03:22:24.3914890Z Entering 'FEX/External/rpmalloc'
2026-10-03T03:22:24.4418410Z Entering 'FEX/External/tracy'
2026-10-03T03:22:24.4722350Z Entering 'FEX/External/unordered_dense'
2026-10-03T03:22:24.5125480Z Entering 'FEX/External/vixl'
2026-10-03T03:22:24.5631210Z Entering 'FEX/External/xxhash'
2026-10-03T03:22:24.6134330Z Entering 'FEX/External/zydis'
2026-10-03T03:22:24.6542440Z Entering 'FEX/External/zydis/dependencies/zycore'
2026-10-03T03:22:24.7055670Z Entering 'FEX/Source/Common/cpp-optparse'
2026-10-03T03:22:24.7480050Z Entering 'dxmt'
2026-10-03T03:22:24.7706000Z Entering 'dxmt/external/nvapi'
2026-10-03T03:22:24.8211300Z Entering 'dxmt/include/native/directx'
2026-10-03T03:22:24.8614150Z Entering 'madeira-dock'
2026-10-03T03:22:24.9018390Z Entering 'wine'
2026-10-03T03:22:24.9705810Z [command]/opt/homebrew/bin/git submodule foreach --recursive sh -c "git config --local 'http.https://github.com/.extraheader' 'AUTHORIZATION: basic ***' && git config --local --show-origin --name-only --get-regexp remote.origin.url"
2026-10-03T03:22:25.0966660Z Entering 'FEX'
2026-10-03T03:22:25.1282670Z file:/Users/runner/work/MadeiraTV/MadeiraTV/.git/modules/FEX/config	remote.origin.url
2026-10-03T03:22:25.1357800Z Entering 'FEX/External/Catch2'
2026-10-03T03:22:25.1662930Z file:/Users/runner/work/MadeiraTV/MadeiraTV/.git/modules/FEX/modules/External/Catch2/config	remote.origin.url
2026-10-03T03:22:25.1750460Z Entering 'FEX/External/Vulkan-Headers'
2026-10-03T03:22:25.2114960Z file:/Users/runner/work/MadeiraTV/MadeiraTV/.git/modules/FEX/modules/External/Vulkan-Headers/config	remote.origin.url
2026-10-03T03:22:25.2211500Z Entering 'FEX/External/drm-headers'
2026-10-03T03:22:25.2472910Z file:/Users/runner/work/MadeiraTV/MadeiraTV/.git/modules/FEX/modules/External/drm-headers/config	remote.origin.url
2026-10-03T03:22:25.2570390Z Entering 'FEX/External/fex-gcc-target-tests-bins'
2026-10-03T03:22:25.2927730Z file:/Users/runner/work/MadeiraTV/MadeiraTV/.git/modules/FEX/modules/External/fex-gcc-target-tests-bins/config	remote.origin.url
2026-10-03T03:22:25.3039450Z Entering 'FEX/External/fex-gvisor-tests-bins'
2026-10-03T03:22:25.3262090Z file:/Users/runner/work/MadeiraTV/MadeiraTV/.git/modules/FEX/modules/External/fex-gvisor-tests-bins/config	remote.origin.url
2026-10-03T03:22:25.3356410Z Entering 'FEX/External/fex-posixtest-bins'
2026-10-03T03:22:25.3564840Z file:/Users/runner/work/MadeiraTV/MadeiraTV/.git/modules/FEX/modules/External/fex-posixtest-bins/config	remote.origin.url
2026-10-03T03:22:25.3640570Z Entering 'FEX/External/fmt'
2026-10-03T03:22:25.3977350Z file:/Users/runner/work/MadeiraTV/MadeiraTV/.git/modules/FEX/modules/External/fmt/config	remote.origin.url
2026-10-03T03:22:25.4065780Z Entering 'FEX/External/jemalloc_glibc'
2026-10-03T03:22:25.4346950Z file:/Users/runner/work/MadeiraTV/MadeiraTV/.git/modules/FEX/modules/External/jemalloc_glibc/config	remote.origin.url
2026-10-03T03:22:25.4473410Z Entering 'FEX/External/range-v3'
2026-10-03T03:22:25.4674780Z file:/Users/runner/work/MadeiraTV/MadeiraTV/.git/modules/FEX/modules/External/range-v3/config	remote.origin.url
2026-10-03T03:22:25.4750100Z Entering 'FEX/External/range-v3/doc/gh-pages'
2026-10-03T03:22:25.5027750Z file:/Users/runner/work/MadeiraTV/MadeiraTV/.git/modules/FEX/modules/External/range-v3/modules/doc/gh-pages/config	remote.origin.url
2026-10-03T03:22:25.5119040Z Entering 'FEX/External/rpmalloc'
2026-10-03T03:22:25.5352500Z file:/Users/runner/work/MadeiraTV/MadeiraTV/.git/modules/FEX/modules/External/rpmalloc/config	remote.origin.url
2026-10-03T03:22:25.5473100Z Entering 'FEX/External/tracy'
2026-10-03T03:22:25.5676790Z file:/Users/runner/work/MadeiraTV/MadeiraTV/.git/modules/FEX/modules/External/tracy/config	remote.origin.url
2026-10-03T03:22:25.5762100Z Entering 'FEX/External/unordered_dense'
2026-10-03T03:22:25.5999990Z file:/Users/runner/work/MadeiraTV/MadeiraTV/.git/modules/FEX/modules/External/unordered_dense/config	remote.origin.url
2026-10-03T03:22:25.6069220Z Entering 'FEX/External/vixl'
2026-10-03T03:22:25.6274550Z file:/Users/runner/work/MadeiraTV/MadeiraTV/.git/modules/FEX/modules/External/vixl/config	remote.origin.url
2026-10-03T03:22:25.6339770Z Entering 'FEX/External/xxhash'
2026-10-03T03:22:25.6546870Z file:/Users/runner/work/MadeiraTV/MadeiraTV/.git/modules/FEX/modules/External/xxhash/config	remote.origin.url
2026-10-03T03:22:25.6616950Z Entering 'FEX/External/zydis'
2026-10-03T03:22:25.6814010Z file:/Users/runner/work/MadeiraTV/MadeiraTV/.git/modules/FEX/modules/External/zydis/config	remote.origin.url
2026-10-03T03:22:25.6879670Z Entering 'FEX/External/zydis/dependencies/zycore'
2026-10-03T03:22:25.7153500Z file:/Users/runner/work/MadeiraTV/MadeiraTV/.git/modules/FEX/modules/External/zydis/modules/dependencies/zycore/config	remote.origin.url
2026-10-03T03:22:25.7221700Z Entering 'FEX/Source/Common/cpp-optparse'
2026-10-03T03:22:25.7425220Z file:/Users/runner/work/MadeiraTV/MadeiraTV/.git/modules/FEX/modules/External/cpp-optparse/config	remote.origin.url
2026-10-03T03:22:25.7498500Z Entering 'dxmt'
2026-10-03T03:22:25.7689770Z file:/Users/runner/work/MadeiraTV/MadeiraTV/.git/modules/dxmt/config	remote.origin.url
2026-10-03T03:22:25.7769380Z Entering 'dxmt/external/nvapi'
2026-10-03T03:22:25.7971270Z file:/Users/runner/work/MadeiraTV/MadeiraTV/.git/modules/dxmt/modules/external/nvapi/config	remote.origin.url
2026-10-03T03:22:25.8042030Z Entering 'dxmt/include/native/directx'
2026-10-03T03:22:25.8277550Z file:/Users/runner/work/MadeiraTV/MadeiraTV/.git/modules/dxmt/modules/include/native/directx/config	remote.origin.url
2026-10-03T03:22:25.8354620Z Entering 'madeira-dock'
2026-10-03T03:22:25.8557240Z file:/Users/runner/work/MadeiraTV/MadeiraTV/.git/modules/madeira-dock/config	remote.origin.url
2026-10-03T03:22:25.8618860Z Entering 'wine'
2026-10-03T03:22:25.8813990Z file:/Users/runner/work/MadeiraTV/MadeiraTV/.git/modules/wine/config	remote.origin.url
2026-10-03T03:22:25.9012860Z [command]/opt/homebrew/bin/git submodule foreach --recursive git config --local --add 'url.https://github.com/.insteadOf' 'git@github.com:'
2026-10-03T03:22:25.9803070Z Entering 'FEX'
2026-10-03T03:22:25.9965730Z Entering 'FEX/External/Catch2'
2026-10-03T03:22:26.0130130Z Entering 'FEX/External/Vulkan-Headers'
2026-10-03T03:22:26.0318450Z Entering 'FEX/External/drm-headers'
2026-10-03T03:22:26.0485390Z Entering 'FEX/External/fex-gcc-target-tests-bins'
2026-10-03T03:22:26.0720200Z Entering 'FEX/External/fex-gvisor-tests-bins'
2026-10-03T03:22:26.0928060Z Entering 'FEX/External/fex-posixtest-bins'
2026-10-03T03:22:26.1088330Z Entering 'FEX/External/fmt'
2026-10-03T03:22:26.1238060Z Entering 'FEX/External/jemalloc_glibc'
2026-10-03T03:22:26.1385070Z Entering 'FEX/External/range-v3'
2026-10-03T03:22:26.1529800Z Entering 'FEX/External/range-v3/doc/gh-pages'
2026-10-03T03:22:26.1719370Z Entering 'FEX/External/rpmalloc'
2026-10-03T03:22:26.1881060Z Entering 'FEX/External/tracy'
2026-10-03T03:22:26.2075850Z Entering 'FEX/External/unordered_dense'
2026-10-03T03:22:26.2253540Z Entering 'FEX/External/vixl'
2026-10-03T03:22:26.2415730Z Entering 'FEX/External/xxhash'
2026-10-03T03:22:26.2577310Z Entering 'FEX/External/zydis'
2026-10-03T03:22:26.2785630Z Entering 'FEX/External/zydis/dependencies/zycore'
2026-10-03T03:22:26.2943720Z Entering 'FEX/Source/Common/cpp-optparse'
2026-10-03T03:22:26.3115910Z Entering 'dxmt'
2026-10-03T03:22:26.3287030Z Entering 'dxmt/external/nvapi'
2026-10-03T03:22:26.3458610Z Entering 'dxmt/include/native/directx'
2026-10-03T03:22:26.3622880Z Entering 'madeira-dock'
2026-10-03T03:22:26.3782170Z Entering 'wine'
2026-10-03T03:22:26.3954730Z [command]/opt/homebrew/bin/git submodule foreach --recursive git config --local --add 'url.https://github.com/.insteadOf' 'org-309539288@github.com:'
2026-10-03T03:22:26.4724810Z Entering 'FEX'
2026-10-03T03:22:26.4912030Z Entering 'FEX/External/Catch2'
2026-10-03T03:22:26.5074720Z Entering 'FEX/External/Vulkan-Headers'
2026-10-03T03:22:26.5245020Z Entering 'FEX/External/drm-headers'
2026-10-03T03:22:26.5402730Z Entering 'FEX/External/fex-gcc-target-tests-bins'
2026-10-03T03:22:26.5565520Z Entering 'FEX/External/fex-gvisor-tests-bins'
2026-10-03T03:22:26.5723860Z Entering 'FEX/External/fex-posixtest-bins'
2026-10-03T03:22:26.5881100Z Entering 'FEX/External/fmt'
2026-10-03T03:22:26.6031390Z Entering 'FEX/External/jemalloc_glibc'
2026-10-03T03:22:26.6193350Z Entering 'FEX/External/range-v3'
2026-10-03T03:22:26.6375800Z Entering 'FEX/External/range-v3/doc/gh-pages'
2026-10-03T03:22:26.6597870Z Entering 'FEX/External/rpmalloc'
2026-10-03T03:22:26.6802820Z Entering 'FEX/External/tracy'
2026-10-03T03:22:26.6979140Z Entering 'FEX/External/unordered_dense'
2026-10-03T03:22:26.7142060Z Entering 'FEX/External/vixl'
2026-10-03T03:22:26.7366090Z Entering 'FEX/External/xxhash'
2026-10-03T03:22:26.7630930Z Entering 'FEX/External/zydis'
2026-10-03T03:22:26.7888820Z Entering 'FEX/External/zydis/dependencies/zycore'
2026-10-03T03:22:26.8262430Z Entering 'FEX/Source/Common/cpp-optparse'
2026-10-03T03:22:26.8439360Z Entering 'dxmt'
2026-10-03T03:22:26.8604490Z Entering 'dxmt/external/nvapi'
2026-10-03T03:22:26.8774580Z Entering 'dxmt/include/native/directx'
2026-10-03T03:22:26.8931330Z Entering 'madeira-dock'
2026-10-03T03:22:26.9079660Z Entering 'wine'
2026-10-03T03:22:26.9257780Z ##[endgroup]
2026-10-03T03:22:26.9367960Z [command]/opt/homebrew/bin/git log -1 --format=%H
2026-10-03T03:22:26.9443020Z ee402e06ee233f1697944d08749160ff28005ec9
2026-10-03T03:22:27.0031270Z ##[group]Run xcodebuild -version
2026-10-03T03:22:27.0032140Z [36;1mxcodebuild -version[0m
2026-10-03T03:22:27.0032390Z [36;1mcmake --version | head -2[0m
2026-10-03T03:22:27.0032640Z [36;1mxcrun --sdk appletvos --show-sdk-version[0m
2026-10-03T03:22:27.0238030Z shell: /bin/bash -e {0}
2026-10-03T03:22:27.0238370Z ##[endgroup]
2026-10-03T03:22:27.4070030Z Xcode 16.4
2026-10-03T03:22:27.4083140Z Build version 16F6
2026-10-03T03:22:27.4551810Z cmake version 4.4.3
2026-10-03T03:22:27.4552530Z 
2026-10-03T03:22:29.5268920Z 18.5
2026-10-03T03:22:29.5431860Z ##[group]Run set -o pipefail
2026-10-03T03:22:29.5432220Z [36;1mset -o pipefail[0m
2026-10-03T03:22:29.5432430Z [36;1mmkdir -p build[0m
2026-10-03T03:22:29.5432780Z [36;1mR="$(pwd)"[0m
2026-10-03T03:22:29.5432980Z [36;1mB="$R/FEX/build-ios"[0m
2026-10-03T03:22:29.5433250Z [36;1mCC_BIN="$(xcrun --sdk appletvos --find clang)"[0m
2026-10-03T03:22:29.5433580Z [36;1mCXX_BIN="$(xcrun --sdk appletvos --find clang++)"[0m
2026-10-03T03:22:29.5433860Z [36;1mecho "CC=$CC_BIN"[0m
2026-10-03T03:22:29.5434090Z [36;1mecho "CXX=$CXX_BIN"[0m
2026-10-03T03:22:29.5435020Z [36;1m# Detect whether CMake accepts iOS system name + tvOS sysroot[0m
2026-10-03T03:22:29.5435370Z [36;1mcmake -S "$R/FEX" -B "$B" \[0m
2026-10-03T03:22:29.5435590Z [36;1m  -DCMAKE_SYSTEM_NAME=iOS \[0m
2026-10-03T03:22:29.5435840Z [36;1m  -DCMAKE_OSX_ARCHITECTURES=arm64 \[0m
2026-10-03T03:22:29.5436120Z [36;1m  -DCMAKE_OSX_SYSROOT=appletvos \[0m
2026-10-03T03:22:29.5436450Z [36;1m  -DCMAKE_OSX_DEPLOYMENT_TARGET=17.0 \[0m
2026-10-03T03:22:29.5436730Z [36;1m  -DCMAKE_BUILD_TYPE=Release \[0m
2026-10-03T03:22:29.5436970Z [36;1m  -DCMAKE_C_COMPILER="$CC_BIN" \[0m
2026-10-03T03:22:29.5437250Z [36;1m  -DCMAKE_CXX_COMPILER="$CXX_BIN" \[0m
2026-10-03T03:22:29.5437590Z [36;1m  -DBUILD_TESTING=OFF -DBUILD_THUNKS=OFF -DBUILD_FEXCONFIG=OFF \[0m
2026-10-03T03:22:29.5437980Z [36;1m  -DBUILD_FEX_LINUX_TESTS=OFF -DENABLE_FEX_ALLOCATOR=OFF \[0m
2026-10-03T03:22:29.5438330Z [36;1m  -DENABLE_ASSERTIONS=OFF -DENABLE_CLANG_THUNKS=ON \[0m
2026-10-03T03:22:29.5438700Z [36;1m  -DENABLE_CCACHE=ON 2>&1 | tee build/fex-config.log[0m
2026-10-03T03:22:29.5494960Z shell: /bin/bash -e {0}
2026-10-03T03:22:29.5495250Z ##[endgroup]
2026-10-03T03:22:30.9472310Z CC=/Applications/Xcode_16.4.app/Contents/Developer/Toolchains/XcodeDefault.xctoolchain/usr/bin/clang
2026-10-03T03:22:30.9574130Z CXX=/Applications/Xcode_16.4.app/Contents/Developer/Toolchains/XcodeDefault.xctoolchain/usr/bin/clang++
2026-10-03T03:22:31.0073770Z CMake Error at /opt/homebrew/share/cmake/Modules/Platform/iOS-Initialize.cmake:4 (message):
2026-10-03T03:22:31.0074330Z   
2026-10-03T03:22:31.0074860Z   /Applications/Xcode_16.4.app/Contents/Developer/Platforms/AppleTVOS.platform/Developer/SDKs/AppleTVOS18.5.sdk
2026-10-03T03:22:31.0075520Z   is not an iOS SDK
2026-10-03T03:22:31.0075810Z Call Stack (most recent call first):
2026-10-03T03:22:31.0076380Z   /opt/homebrew/share/cmake/Modules/CMakeSystemSpecificInitialize.cmake:35 (include)
2026-10-03T03:22:31.0076910Z   CMakeLists.txt:2 (project)
2026-10-03T03:22:31.0077120Z 
2026-10-03T03:22:31.0077170Z 
2026-10-03T03:22:31.0084960Z CMake Error: CMAKE_ASM_COMPILER not set, after EnableLanguage
2026-10-03T03:22:31.0086550Z -- Configuring incomplete, errors occurred!
2026-10-03T03:22:31.0104870Z ##[error]Process completed with exit code 1.
2026-10-03T03:22:31.0394490Z ##[group]Run ls -la FEX/build-ios/FEXCore/Source/*.a 2>/dev/null || echo "no .a produced"
2026-10-03T03:22:31.0396390Z [36;1mls -la FEX/build-ios/FEXCore/Source/*.a 2>/dev/null || echo "no .a produced"[0m
2026-10-03T03:22:31.0397530Z [36;1mtail -40 build/fex-config.log build/fex-build.log 2>/dev/null[0m
2026-10-03T03:22:31.0468860Z shell: /bin/bash -e {0}
2026-10-03T03:22:31.0469340Z ##[endgroup]
2026-10-03T03:22:31.0835460Z no .a produced
2026-10-03T03:22:31.0874700Z ==> build/fex-config.log <==
2026-10-03T03:22:31.0875210Z CMake Error at /opt/homebrew/share/cmake/Modules/Platform/iOS-Initialize.cmake:4 (message):
2026-10-03T03:22:31.0875640Z   
2026-10-03T03:22:31.0876040Z   /Applications/Xcode_16.4.app/Contents/Developer/Platforms/AppleTVOS.platform/Developer/SDKs/AppleTVOS18.5.sdk
2026-10-03T03:22:31.0876560Z   is not an iOS SDK
2026-10-03T03:22:31.0877060Z Call Stack (most recent call first):
2026-10-03T03:22:31.0877610Z   /opt/homebrew/share/cmake/Modules/CMakeSystemSpecificInitialize.cmake:35 (include)
2026-10-03T03:22:31.0878010Z   CMakeLists.txt:2 (project)
2026-10-03T03:22:31.0878160Z 
2026-10-03T03:22:31.0878160Z 
2026-10-03T03:22:31.0878310Z CMake Error: CMAKE_ASM_COMPILER not set, after EnableLanguage
2026-10-03T03:22:31.0878620Z -- Configuring incomplete, errors occurred!
2026-10-03T03:22:31.0879880Z ##[error]Process completed with exit code 1.
2026-10-03T03:22:31.0954580Z ##[group]Run actions/upload-artifact@v4
2026-10-03T03:22:31.0954850Z with:
2026-10-03T03:22:31.0955040Z   name: fex-tvos-build-artifacts
2026-10-03T03:22:31.0955430Z   path: FEX/build-ios/FEXCore/Source/*.a
build/fex-config.log
build/fex-build.log

2026-10-03T03:22:31.0955820Z   if-no-files-found: warn
2026-10-03T03:22:31.0956030Z   compression-level: 6
2026-10-03T03:22:31.0956480Z   overwrite: false
2026-10-03T03:22:31.0956730Z   include-hidden-files: false
2026-10-03T03:22:31.0956980Z ##[endgroup]
2026-10-03T03:22:31.3256760Z (node:6800) [DEP0040] DeprecationWarning: The `punycode` module is deprecated. Please use a userland alternative instead.
2026-10-03T03:22:31.3259920Z (Use `node --trace-deprecation ...` to show where the warning was created)
2026-10-03T03:22:31.3307820Z Multiple search paths detected. Calculating the least common ancestor of all paths
2026-10-03T03:22:31.3314300Z The least common ancestor is /Users/runner/work/MadeiraTV/MadeiraTV. This will be the root directory of the artifact
2026-10-03T03:22:31.3317860Z With the provided path, there will be 1 file uploaded
2026-10-03T03:22:31.3322940Z Artifact name is valid!
2026-10-03T03:22:31.3323820Z Root directory input is valid!
2026-10-03T03:22:31.6994470Z (node:6800) [DEP0169] DeprecationWarning: `url.parse()` behavior is not standardized and prone to errors that have security implications. Use the WHATWG URL API instead. CVEs are not issued for `url.parse()` vulnerabilities.
2026-10-03T03:22:31.6997040Z Beginning upload of artifact content to blob storage
2026-10-03T03:22:31.8531070Z Uploaded bytes 467
2026-10-03T03:22:31.8925810Z Finished uploading artifact content to blob storage!
2026-10-03T03:22:31.9026800Z SHA256 digest of uploaded artifact zip is 8bed20e938cfbabb6263b3516650868a50347f2e629a05b078513cecde61f2b1
2026-10-03T03:22:31.9029270Z Finalizing artifact upload
2026-10-03T03:22:32.1404430Z Artifact fex-tvos-build-artifacts.zip successfully finalized. Artifact ID 11262896680
2026-10-03T03:22:32.1506430Z Artifact fex-tvos-build-artifacts has been successfully uploaded! Final size is 467 bytes. Artifact ID is 11262896680
2026-10-03T03:22:32.1608270Z Artifact download URL: https://github.com/duranereloise-hash/MadeiraTV/actions/runs/37092769161/artifacts/11262896680
2026-10-03T03:22:32.2796000Z ##[warning]Unexpected input(s) 'submodule-depth', valid inputs are ['repository', 'ref', 'token', 'ssh-key', 'ssh-known-hosts', 'ssh-strict', 'ssh-user', 'persist-credentials', 'path', 'clean', 'filter', 'sparse-checkout', 'sparse-checkout-cone-mode', 'fetch-depth', 'fetch-tags', 'show-progress', 'lfs', 'submodules', 'set-safe-directory', 'github-server-url', 'allow-unsafe-pr-checkout']
2026-10-03T03:22:32.2814120Z Post job cleanup.
2026-10-03T03:22:32.4136740Z [command]/opt/homebrew/bin/git version
2026-10-03T03:22:32.4230870Z git version 2.55.0
2026-10-03T03:22:32.4254150Z Copying '/Users/runner/.gitconfig' to '/Users/runner/work/_temp/1aec5480-7946-40f6-b140-53b5c1ca3f27/.gitconfig'
2026-10-03T03:22:32.4389140Z Temporarily overriding HOME='/Users/runner/work/_temp/1aec5480-7946-40f6-b140-53b5c1ca3f27' before making global git config changes
2026-10-03T03:22:32.4392640Z Adding repository directory to the temporary git global config as a safe directory
2026-10-03T03:22:32.4450880Z [command]/opt/homebrew/bin/git config --global --add safe.directory /Users/runner/work/MadeiraTV/MadeiraTV
2026-10-03T03:22:32.4543800Z [command]/opt/homebrew/bin/git config --local --name-only --get-regexp core\.sshCommand
2026-10-03T03:22:32.4620270Z [command]/opt/homebrew/bin/git submodule foreach --recursive sh -c "git config --local --name-only --get-regexp 'core\.sshCommand' && git config --local --unset-all 'core.sshCommand' || :"
2026-10-03T03:22:32.6431470Z Entering 'FEX'
2026-10-03T03:22:32.6671730Z Entering 'FEX/External/Catch2'
2026-10-03T03:22:32.6901770Z Entering 'FEX/External/Vulkan-Headers'
2026-10-03T03:22:32.7291210Z Entering 'FEX/External/drm-headers'
2026-10-03T03:22:32.7607900Z Entering 'FEX/External/fex-gcc-target-tests-bins'
2026-10-03T03:22:32.7929010Z Entering 'FEX/External/fex-gvisor-tests-bins'
2026-10-03T03:22:32.8164660Z Entering 'FEX/External/fex-posixtest-bins'
2026-10-03T03:22:32.8488470Z Entering 'FEX/External/fmt'
2026-10-03T03:22:32.8705010Z Entering 'FEX/External/jemalloc_glibc'
2026-10-03T03:22:32.9019460Z Entering 'FEX/External/range-v3'
2026-10-03T03:22:32.9491790Z Entering 'FEX/External/range-v3/doc/gh-pages'
2026-10-03T03:22:32.9762790Z Entering 'FEX/External/rpmalloc'
2026-10-03T03:22:32.9976940Z Entering 'FEX/External/tracy'
2026-10-03T03:22:33.0201580Z Entering 'FEX/External/unordered_dense'
2026-10-03T03:22:33.0440190Z Entering 'FEX/External/vixl'
2026-10-03T03:22:33.0730840Z Entering 'FEX/External/xxhash'
2026-10-03T03:22:33.0994190Z Entering 'FEX/External/zydis'
2026-10-03T03:22:33.1431020Z Entering 'FEX/External/zydis/dependencies/zycore'
2026-10-03T03:22:33.1834480Z Entering 'FEX/Source/Common/cpp-optparse'
2026-10-03T03:22:33.2236890Z Entering 'dxmt'
2026-10-03T03:22:33.2741990Z Entering 'dxmt/external/nvapi'
2026-10-03T03:22:33.3143940Z Entering 'dxmt/include/native/directx'
2026-10-03T03:22:33.3545900Z Entering 'madeira-dock'
2026-10-03T03:22:33.3847670Z Entering 'wine'
2026-10-03T03:22:33.4244600Z [command]/opt/homebrew/bin/git config --local --name-only --get-regexp http\.https\:\/\/github\.com\/\.extraheader
2026-10-03T03:22:33.4310630Z http.https://github.com/.extraheader
2026-10-03T03:22:33.4446310Z [command]/opt/homebrew/bin/git config --local --unset-all http.https://github.com/.extraheader
2026-10-03T03:22:33.4451720Z [command]/opt/homebrew/bin/git submodule foreach --recursive sh -c "git config --local --name-only --get-regexp 'http\.https\:\/\/github\.com\/\.extraheader' && git config --local --unset-all 'http.https://github.com/.extraheader' || :"
2026-10-03T03:22:33.5373610Z Entering 'FEX'
2026-10-03T03:22:33.5595770Z http.https://github.com/.extraheader
2026-10-03T03:22:33.5796810Z Entering 'FEX/External/Catch2'
2026-10-03T03:22:33.5943690Z http.https://github.com/.extraheader
2026-10-03T03:22:33.6100820Z Entering 'FEX/External/Vulkan-Headers'
2026-10-03T03:22:33.6272320Z http.https://github.com/.extraheader
2026-10-03T03:22:33.6403210Z Entering 'FEX/External/drm-headers'
2026-10-03T03:22:33.6549400Z http.https://github.com/.extraheader
2026-10-03T03:22:33.6710270Z Entering 'FEX/External/fex-gcc-target-tests-bins'
2026-10-03T03:22:33.6903940Z http.https://github.com/.extraheader
2026-10-03T03:22:33.7097700Z Entering 'FEX/External/fex-gvisor-tests-bins'
2026-10-03T03:22:33.7296770Z http.https://github.com/.extraheader
2026-10-03T03:22:33.7452470Z Entering 'FEX/External/fex-posixtest-bins'
2026-10-03T03:22:33.7613260Z http.https://github.com/.extraheader
2026-10-03T03:22:33.7751790Z Entering 'FEX/External/fmt'
2026-10-03T03:22:33.7894780Z http.https://github.com/.extraheader
2026-10-03T03:22:33.8021790Z Entering 'FEX/External/jemalloc_glibc'
2026-10-03T03:22:33.8169460Z http.https://github.com/.extraheader
2026-10-03T03:22:33.8333610Z Entering 'FEX/External/range-v3'
2026-10-03T03:22:33.8490980Z http.https://github.com/.extraheader
2026-10-03T03:22:33.8618740Z Entering 'FEX/External/range-v3/doc/gh-pages'
2026-10-03T03:22:33.8759060Z http.https://github.com/.extraheader
2026-10-03T03:22:33.8899270Z Entering 'FEX/External/rpmalloc'
2026-10-03T03:22:33.9043460Z http.https://github.com/.extraheader
2026-10-03T03:22:33.9175760Z Entering 'FEX/External/tracy'
2026-10-03T03:22:33.9334810Z http.https://github.com/.extraheader
2026-10-03T03:22:33.9500270Z Entering 'FEX/External/unordered_dense'
2026-10-03T03:22:33.9676170Z http.https://github.com/.extraheader
2026-10-03T03:22:33.9901830Z Entering 'FEX/External/vixl'
2026-10-03T03:22:34.0054590Z http.https://github.com/.extraheader
2026-10-03T03:22:34.0184020Z Entering 'FEX/External/xxhash'
2026-10-03T03:22:34.0388130Z http.https://github.com/.extraheader
2026-10-03T03:22:34.0518650Z Entering 'FEX/External/zydis'
2026-10-03T03:22:34.0686560Z http.https://github.com/.extraheader
2026-10-03T03:22:34.0832580Z Entering 'FEX/External/zydis/dependencies/zycore'
2026-10-03T03:22:34.1017290Z http.https://github.com/.extraheader
2026-10-03T03:22:34.1142960Z Entering 'FEX/Source/Common/cpp-optparse'
2026-10-03T03:22:34.1273180Z http.https://github.com/.extraheader
2026-10-03T03:22:34.1453350Z Entering 'dxmt'
2026-10-03T03:22:34.1599820Z http.https://github.com/.extraheader
2026-10-03T03:22:34.1715760Z Entering 'dxmt/external/nvapi'
2026-10-03T03:22:34.1844240Z http.https://github.com/.extraheader
2026-10-03T03:22:34.1948620Z Entering 'dxmt/include/native/directx'
2026-10-03T03:22:34.2090190Z http.https://github.com/.extraheader
2026-10-03T03:22:34.2236340Z Entering 'madeira-dock'
2026-10-03T03:22:34.2459390Z http.https://github.com/.extraheader
2026-10-03T03:22:34.2596470Z Entering 'wine'
2026-10-03T03:22:34.2788650Z http.https://github.com/.extraheader
2026-10-03T03:22:34.2952800Z [command]/opt/homebrew/bin/git config --local --name-only --get-regexp ^includeIf\.gitdir:
2026-10-03T03:22:34.3072800Z [command]/opt/homebrew/bin/git submodule foreach --recursive git config --local --show-origin --name-only --get-regexp remote.origin.url
2026-10-03T03:22:34.3856440Z Entering 'FEX'
2026-10-03T03:22:34.3995580Z file:/Users/runner/work/MadeiraTV/MadeiraTV/.git/modules/FEX/config	remote.origin.url
2026-10-03T03:22:34.4182060Z Entering 'FEX/External/Catch2'
2026-10-03T03:22:34.4347670Z file:/Users/runner/work/MadeiraTV/MadeiraTV/.git/modules/FEX/modules/External/Catch2/config	remote.origin.url
2026-10-03T03:22:34.4504560Z Entering 'FEX/External/Vulkan-Headers'
2026-10-03T03:22:34.4645560Z file:/Users/runner/work/MadeiraTV/MadeiraTV/.git/modules/FEX/modules/External/Vulkan-Headers/config	remote.origin.url
2026-10-03T03:22:34.4729390Z Entering 'FEX/External/drm-headers'
2026-10-03T03:22:34.4869550Z file:/Users/runner/work/MadeiraTV/MadeiraTV/.git/modules/FEX/modules/External/drm-headers/config	remote.origin.url
2026-10-03T03:22:34.4944520Z Entering 'FEX/External/fex-gcc-target-tests-bins'
2026-10-03T03:22:34.5088720Z file:/Users/runner/work/MadeiraTV/MadeiraTV/.git/modules/FEX/modules/External/fex-gcc-target-tests-bins/config	remote.origin.url
2026-10-03T03:22:34.5152310Z Entering 'FEX/External/fex-gvisor-tests-bins'
2026-10-03T03:22:34.5304220Z file:/Users/runner/work/MadeiraTV/MadeiraTV/.git/modules/FEX/modules/External/fex-gvisor-tests-bins/config	remote.origin.url
2026-10-03T03:22:34.5420760Z Entering 'FEX/External/fex-posixtest-bins'
2026-10-03T03:22:34.5574750Z file:/Users/runner/work/MadeiraTV/MadeiraTV/.git/modules/FEX/modules/External/fex-posixtest-bins/config	remote.origin.url
2026-10-03T03:22:34.5676070Z Entering 'FEX/External/fmt'
2026-10-03T03:22:34.5835720Z file:/Users/runner/work/MadeiraTV/MadeiraTV/.git/modules/FEX/modules/External/fmt/config	remote.origin.url
2026-10-03T03:22:34.5923820Z Entering 'FEX/External/jemalloc_glibc'
2026-10-03T03:22:34.6226380Z file:/Users/runner/work/MadeiraTV/MadeiraTV/.git/modules/FEX/modules/External/jemalloc_glibc/config	remote.origin.url
2026-10-03T03:22:34.6354760Z Entering 'FEX/External/range-v3'
2026-10-03T03:22:34.6571520Z file:/Users/runner/work/MadeiraTV/MadeiraTV/.git/modules/FEX/modules/External/range-v3/config	remote.origin.url
2026-10-03T03:22:34.6665110Z Entering 'FEX/External/range-v3/doc/gh-pages'
2026-10-03T03:22:34.6817860Z file:/Users/runner/work/MadeiraTV/MadeiraTV/.git/modules/FEX/modules/External/range-v3/modules/doc/gh-pages/config	remote.origin.url
2026-10-03T03:22:34.6915110Z Entering 'FEX/External/rpmalloc'
2026-10-03T03:22:34.7104770Z file:/Users/runner/work/MadeiraTV/MadeiraTV/.git/modules/FEX/modules/External/rpmalloc/config	remote.origin.url
2026-10-03T03:22:34.7202990Z Entering 'FEX/External/tracy'
2026-10-03T03:22:34.7487290Z file:/Users/runner/work/MadeiraTV/MadeiraTV/.git/modules/FEX/modules/External/tracy/config	remote.origin.url
2026-10-03T03:22:34.7678230Z Entering 'FEX/External/unordered_dense'
2026-10-03T03:22:34.7838650Z file:/Users/runner/work/MadeiraTV/MadeiraTV/.git/modules/FEX/modules/External/unordered_dense/config	remote.origin.url
2026-10-03T03:22:34.7919540Z Entering 'FEX/External/vixl'
2026-10-03T03:22:34.8110400Z file:/Users/runner/work/MadeiraTV/MadeiraTV/.git/modules/FEX/modules/External/vixl/config	remote.origin.url
2026-10-03T03:22:34.8251340Z Entering 'FEX/External/xxhash'
2026-10-03T03:22:34.8497550Z file:/Users/runner/work/MadeiraTV/MadeiraTV/.git/modules/FEX/modules/External/xxhash/config	remote.origin.url
2026-10-03T03:22:34.8593610Z Entering 'FEX/External/zydis'
2026-10-03T03:22:34.8695260Z file:/Users/runner/work/MadeiraTV/MadeiraTV/.git/modules/FEX/modules/External/zydis/config	remote.origin.url
2026-10-03T03:22:34.8758080Z Entering 'FEX/External/zydis/dependencies/zycore'
2026-10-03T03:22:34.8863780Z file:/Users/runner/work/MadeiraTV/MadeiraTV/.git/modules/FEX/modules/External/zydis/modules/dependencies/zycore/config	remote.origin.url
2026-10-03T03:22:34.8956240Z Entering 'FEX/Source/Common/cpp-optparse'
2026-10-03T03:22:34.9069840Z file:/Users/runner/work/MadeiraTV/MadeiraTV/.git/modules/FEX/modules/External/cpp-optparse/config	remote.origin.url
2026-10-03T03:22:34.9144360Z Entering 'dxmt'
2026-10-03T03:22:34.9254400Z file:/Users/runner/work/MadeiraTV/MadeiraTV/.git/modules/dxmt/config	remote.origin.url
2026-10-03T03:22:34.9314310Z Entering 'dxmt/external/nvapi'
2026-10-03T03:22:34.9571720Z file:/Users/runner/work/MadeiraTV/MadeiraTV/.git/modules/dxmt/modules/external/nvapi/config	remote.origin.url
2026-10-03T03:22:34.9681560Z Entering 'dxmt/include/native/directx'
2026-10-03T03:22:34.9875410Z file:/Users/runner/work/MadeiraTV/MadeiraTV/.git/modules/dxmt/modules/include/native/directx/config	remote.origin.url
2026-10-03T03:22:34.9959970Z Entering 'madeira-dock'
2026-10-03T03:22:35.0081040Z file:/Users/runner/work/MadeiraTV/MadeiraTV/.git/modules/madeira-dock/config	remote.origin.url
2026-10-03T03:22:35.0178850Z Entering 'wine'
2026-10-03T03:22:35.0342240Z file:/Users/runner/work/MadeiraTV/MadeiraTV/.git/modules/wine/config	remote.origin.url
2026-10-03T03:22:35.0431840Z [command]/opt/homebrew/bin/git config --file /Users/runner/work/MadeiraTV/MadeiraTV/.git/modules/FEX/config --name-only --get-regexp ^includeIf\.gitdir:
2026-10-03T03:22:35.0496550Z [command]/opt/homebrew/bin/git config --file /Users/runner/work/MadeiraTV/MadeiraTV/.git/modules/FEX/modules/External/Catch2/config --name-only --get-regexp ^includeIf\.gitdir:
2026-10-03T03:22:35.0559160Z [command]/opt/homebrew/bin/git config --file /Users/runner/work/MadeiraTV/MadeiraTV/.git/modules/FEX/modules/External/Vulkan-Headers/config --name-only --get-regexp ^includeIf\.gitdir:
2026-10-03T03:22:35.0667080Z [command]/opt/homebrew/bin/git config --file /Users/runner/work/MadeiraTV/MadeiraTV/.git/modules/FEX/modules/External/drm-headers/config --name-only --get-regexp ^includeIf\.gitdir:
2026-10-03T03:22:35.0691740Z [command]/opt/homebrew/bin/git config --file /Users/runner/work/MadeiraTV/MadeiraTV/.git/modules/FEX/modules/External/fex-gcc-target-tests-bins/config --name-only --get-regexp ^includeIf\.gitdir:
2026-10-03T03:22:35.0763810Z [command]/opt/homebrew/bin/git config --file /Users/runner/work/MadeiraTV/MadeiraTV/.git/modules/FEX/modules/External/fex-gvisor-tests-bins/config --name-only --get-regexp ^includeIf\.gitdir:
2026-10-03T03:22:35.0821140Z [command]/opt/homebrew/bin/git config --file /Users/runner/work/MadeiraTV/MadeiraTV/.git/modules/FEX/modules/External/fex-posixtest-bins/config --name-only --get-regexp ^includeIf\.gitdir:
2026-10-03T03:22:35.0877190Z [command]/opt/homebrew/bin/git config --file /Users/runner/work/MadeiraTV/MadeiraTV/.git/modules/FEX/modules/External/fmt/config --name-only --get-regexp ^includeIf\.gitdir:
2026-10-03T03:22:35.0928790Z [command]/opt/homebrew/bin/git config --file /Users/runner/work/MadeiraTV/MadeiraTV/.git/modules/FEX/modules/External/jemalloc_glibc/config --name-only --get-regexp ^includeIf\.gitdir:
2026-10-03T03:22:35.0983140Z [command]/opt/homebrew/bin/git config --file /Users/runner/work/MadeiraTV/MadeiraTV/.git/modules/FEX/modules/External/range-v3/config --name-only --get-regexp ^includeIf\.gitdir:
2026-10-03T03:22:35.1064370Z [command]/opt/homebrew/bin/git config --file /Users/runner/work/MadeiraTV/MadeiraTV/.git/modules/FEX/modules/External/range-v3/modules/doc/gh-pages/config --name-only --get-regexp ^includeIf\.gitdir:
2026-10-03T03:22:35.1131010Z [command]/opt/homebrew/bin/git config --file /Users/runner/work/MadeiraTV/MadeiraTV/.git/modules/FEX/modules/External/rpmalloc/config --name-only --get-regexp ^includeIf\.gitdir:
2026-10-03T03:22:35.1192420Z [command]/opt/homebrew/bin/git config --file /Users/runner/work/MadeiraTV/MadeiraTV/.git/modules/FEX/modules/External/tracy/config --name-only --get-regexp ^includeIf\.gitdir:
2026-10-03T03:22:35.1258610Z [command]/opt/homebrew/bin/git config --file /Users/runner/work/MadeiraTV/MadeiraTV/.git/modules/FEX/modules/External/unordered_dense/config --name-only --get-regexp ^includeIf\.gitdir:
2026-10-03T03:22:35.1317640Z [command]/opt/homebrew/bin/git config --file /Users/runner/work/MadeiraTV/MadeiraTV/.git/modules/FEX/modules/External/vixl/config --name-only --get-regexp ^includeIf\.gitdir:
2026-10-03T03:22:35.1375880Z [command]/opt/homebrew/bin/git config --file /Users/runner/work/MadeiraTV/MadeiraTV/.git/modules/FEX/modules/External/xxhash/config --name-only --get-regexp ^includeIf\.gitdir:
2026-10-03T03:22:35.1432060Z [command]/opt/homebrew/bin/git config --file /Users/runner/work/MadeiraTV/MadeiraTV/.git/modules/FEX/modules/External/zydis/config --name-only --get-regexp ^includeIf\.gitdir:
2026-10-03T03:22:35.1491220Z [command]/opt/homebrew/bin/git config --file /Users/runner/work/MadeiraTV/MadeiraTV/.git/modules/FEX/modules/External/zydis/modules/dependencies/zycore/config --name-only --get-regexp ^includeIf\.gitdir:
2026-10-03T03:22:35.1578480Z [command]/opt/homebrew/bin/git config --file /Users/runner/work/MadeiraTV/MadeiraTV/.git/modules/FEX/modules/External/cpp-optparse/config --name-only --get-regexp ^includeIf\.gitdir:
2026-10-03T03:22:35.1683920Z [command]/opt/homebrew/bin/git config --file /Users/runner/work/MadeiraTV/MadeiraTV/.git/modules/dxmt/config --name-only --get-regexp ^includeIf\.gitdir:
2026-10-03T03:22:35.1758280Z [command]/opt/homebrew/bin/git config --file /Users/runner/work/MadeiraTV/MadeiraTV/.git/modules/dxmt/modules/external/nvapi/config --name-only --get-regexp ^includeIf\.gitdir:
2026-10-03T03:22:35.1815750Z [command]/opt/homebrew/bin/git config --file /Users/runner/work/MadeiraTV/MadeiraTV/.git/modules/dxmt/modules/include/native/directx/config --name-only --get-regexp ^includeIf\.gitdir:
2026-10-03T03:22:35.1876140Z [command]/opt/homebrew/bin/git config --file /Users/runner/work/MadeiraTV/MadeiraTV/.git/modules/madeira-dock/config --name-only --get-regexp ^includeIf\.gitdir:
2026-10-03T03:22:35.1947740Z [command]/opt/homebrew/bin/git config --file /Users/runner/work/MadeiraTV/MadeiraTV/.git/modules/wine/config --name-only --get-regexp ^includeIf\.gitdir:
2026-10-03T03:22:35.2128840Z Cleaning up orphan processes
2026-10-03T03:22:36.7177920Z ##[warning]Node.js 20 is deprecated. The following actions target Node.js 20 but are being forced to run on Node.js 24: actions/checkout@v4, actions/upload-artifact@v4. For more information see: https://github.blog/changelog/2025-09-19-deprecation-of-node-20-on-github-actions-runners/

