ï»¿2026-10-02T22:39:01.4512060Z Current runner version: '2.337.0'
2026-10-02T22:39:01.4529480Z ##[group]Runner Image Provisioner
2026-10-02T22:39:01.4530030Z Hosted Compute Agent
2026-10-02T22:39:01.4530420Z Version: 20260828.587
2026-10-02T22:39:01.4530830Z Commit: abac92662cab4cc7352de4f9f9d2e2419aad9c29
2026-10-02T22:39:01.4531340Z Build Date: 2026-08-28T16:44:25Z
2026-10-02T22:39:01.4531790Z Worker ID: {3333ce1b-d6d5-4dd6-bceb-bbff61ab48d8}
2026-10-02T22:39:01.4532260Z Azure Region: westus
2026-10-02T22:39:01.4532630Z ##[endgroup]
2026-10-02T22:39:01.4533520Z ##[group]Operating System
2026-10-02T22:39:01.4533930Z macOS
2026-10-02T22:39:01.4534290Z 15.7.9
2026-10-02T22:39:01.4534630Z 24G830
2026-10-02T22:39:01.4534970Z ##[endgroup]
2026-10-02T22:39:01.4535380Z ##[group]Runner Image
2026-10-02T22:39:01.4535810Z Image: macos-15-arm64
2026-10-02T22:39:01.4536200Z Version: 20260907.0337.1
2026-10-02T22:39:01.4537070Z Included Software: https://github.com/actions/runner-images/blob/macos-15-arm64/20260907.0337/images/macos/macos-15-arm64-Readme.md
2026-10-02T22:39:01.4538110Z Image Release: https://github.com/actions/runner-images/releases/tag/macos-15-arm64%2F20260907.0337
2026-10-02T22:39:01.4538780Z ##[endgroup]
2026-10-02T22:39:01.4539590Z ##[group]GITHUB_TOKEN Permissions
2026-10-02T22:39:01.4540880Z Contents: read
2026-10-02T22:39:01.4541240Z Metadata: read
2026-10-02T22:39:01.4541610Z Packages: read
2026-10-02T22:39:01.4541980Z ##[endgroup]
2026-10-02T22:39:01.4543360Z Secret source: Actions
2026-10-02T22:39:01.4543940Z Cache mode: write
2026-10-02T22:39:01.4544390Z Prepare workflow directory
2026-10-02T22:39:01.4914720Z Prepare all required actions
2026-10-02T22:39:01.4958770Z Getting action download info
2026-10-02T22:39:01.9218740Z Download action repository 'actions/checkout@v4' (SHA:11d5960a326750d5838078e36cf38b85af677262)
2026-10-02T22:39:02.1928130Z Download action repository 'actions/upload-artifact@v4' (SHA:ea165f8d65b6e75b540449e92b4886f43607fa02)
2026-10-02T22:39:02.5421130Z Complete job name: Build MadeiraTV.app for tvOS
2026-10-02T22:39:02.6047360Z ##[group]Run actions/checkout@v4
2026-10-02T22:39:02.6047930Z with:
2026-10-02T22:39:02.6048250Z   fetch-depth: 0
2026-10-02T22:39:02.6048610Z   repository: duranereloise-hash/MadeiraTV
2026-10-02T22:39:02.6051500Z   token: ***
2026-10-02T22:39:02.6051810Z   ssh-strict: true
2026-10-02T22:39:02.6052130Z   ssh-user: git
2026-10-02T22:39:02.6052460Z   persist-credentials: true
2026-10-02T22:39:02.6052810Z   clean: true
2026-10-02T22:39:02.6053290Z   sparse-checkout-cone-mode: true
2026-10-02T22:39:02.6053680Z   fetch-tags: false
2026-10-02T22:39:02.6054010Z   show-progress: true
2026-10-02T22:39:02.6054400Z   lfs: false
2026-10-02T22:39:02.6054790Z   submodules: false
2026-10-02T22:39:02.6055190Z   set-safe-directory: true
2026-10-02T22:39:02.6055600Z   allow-unsafe-pr-checkout: false
2026-10-02T22:39:02.6056240Z ##[endgroup]
2026-10-02T22:39:03.6267670Z Syncing repository: duranereloise-hash/MadeiraTV
2026-10-02T22:39:03.6270320Z ##[group]Getting Git version info
2026-10-02T22:39:03.6272600Z Working directory is '/Users/runner/work/MadeiraTV/MadeiraTV'
2026-10-02T22:39:03.6276340Z [command]/opt/homebrew/bin/git version
2026-10-02T22:39:03.6847560Z git version 2.55.0
2026-10-02T22:39:03.6877900Z ##[endgroup]
2026-10-02T22:39:03.6888360Z Copying '/Users/runner/.gitconfig' to '/Users/runner/work/_temp/1a3547c6-00e1-4566-af31-8b966acc1b5d/.gitconfig'
2026-10-02T22:39:03.6902410Z Temporarily overriding HOME='/Users/runner/work/_temp/1a3547c6-00e1-4566-af31-8b966acc1b5d' before making global git config changes
2026-10-02T22:39:03.6909160Z Adding repository directory to the temporary git global config as a safe directory
2026-10-02T22:39:03.6915490Z [command]/opt/homebrew/bin/git config --global --add safe.directory /Users/runner/work/MadeiraTV/MadeiraTV
2026-10-02T22:39:03.7076920Z Deleting the contents of '/Users/runner/work/MadeiraTV/MadeiraTV'
2026-10-02T22:39:03.7083350Z ##[group]Initializing the repository
2026-10-02T22:39:03.7088690Z [command]/opt/homebrew/bin/git init /Users/runner/work/MadeiraTV/MadeiraTV
2026-10-02T22:39:03.7465740Z hint: Using 'master' as the name for the initial branch. This default branch name
2026-10-02T22:39:03.7500250Z hint: will change to "main" in Git 3.0. To configure the initial branch name
2026-10-02T22:39:03.7505040Z hint: to use in all of your new repositories, which will suppress this warning,
2026-10-02T22:39:03.7509590Z hint: call:
2026-10-02T22:39:03.7512610Z hint:
2026-10-02T22:39:03.7517270Z hint: 	git config --global init.defaultBranch <name>
2026-10-02T22:39:03.7523160Z hint:
2026-10-02T22:39:03.7527630Z hint: Names commonly chosen instead of 'master' are 'main', 'trunk' and
2026-10-02T22:39:03.7532850Z hint: 'development'. The just-created branch can be renamed via this command:
2026-10-02T22:39:03.7536320Z hint:
2026-10-02T22:39:03.7537250Z hint: 	git branch -m <name>
2026-10-02T22:39:03.7538930Z hint:
2026-10-02T22:39:03.7542210Z hint: Disable this message with "git config set advice.defaultBranchName false"
2026-10-02T22:39:03.7550040Z Initialized empty Git repository in /Users/runner/work/MadeiraTV/MadeiraTV/.git/
2026-10-02T22:39:03.7562580Z [command]/opt/homebrew/bin/git remote add origin https://github.com/duranereloise-hash/MadeiraTV
2026-10-02T22:39:03.7790290Z ##[endgroup]
2026-10-02T22:39:03.7792120Z ##[group]Disabling automatic garbage collection
2026-10-02T22:39:03.7802680Z [command]/opt/homebrew/bin/git config --local gc.auto 0
2026-10-02T22:39:03.7836200Z ##[endgroup]
2026-10-02T22:39:03.7837650Z ##[group]Setting up auth
2026-10-02T22:39:03.7839380Z [command]/opt/homebrew/bin/git config --local --name-only --get-regexp core\.sshCommand
2026-10-02T22:39:03.7957900Z [command]/opt/homebrew/bin/git submodule foreach --recursive sh -c "git config --local --name-only --get-regexp 'core\.sshCommand' && git config --local --unset-all 'core.sshCommand' || :"
2026-10-02T22:39:04.0089300Z [command]/opt/homebrew/bin/git config --local --name-only --get-regexp http\.https\:\/\/github\.com\/\.extraheader
2026-10-02T22:39:04.0154280Z [command]/opt/homebrew/bin/git submodule foreach --recursive sh -c "git config --local --name-only --get-regexp 'http\.https\:\/\/github\.com\/\.extraheader' && git config --local --unset-all 'http.https://github.com/.extraheader' || :"
2026-10-02T22:39:04.1454610Z [command]/opt/homebrew/bin/git config --local --name-only --get-regexp ^includeIf\.gitdir:
2026-10-02T22:39:04.1591020Z [command]/opt/homebrew/bin/git submodule foreach --recursive git config --local --show-origin --name-only --get-regexp remote.origin.url
2026-10-02T22:39:04.2571840Z [command]/opt/homebrew/bin/git config --local http.https://github.com/.extraheader AUTHORIZATION: basic ***
2026-10-02T22:39:04.2628960Z ##[endgroup]
2026-10-02T22:39:04.2629370Z ##[group]Fetching the repository
2026-10-02T22:39:04.2635020Z [command]/opt/homebrew/bin/git -c protocol.version=2 fetch --prune --no-recurse-submodules origin +refs/heads/*:refs/remotes/origin/* +refs/tags/*:refs/tags/*
2026-10-02T22:39:04.9876270Z From https://github.com/duranereloise-hash/MadeiraTV
2026-10-02T22:39:04.9878190Z  * [new branch]      main       -> origin/main
2026-10-02T22:39:04.9892490Z [command]/opt/homebrew/bin/git branch --list --remote origin/main
2026-10-02T22:39:05.0012830Z   origin/main
2026-10-02T22:39:05.0034070Z [command]/opt/homebrew/bin/git rev-parse refs/remotes/origin/main
2026-10-02T22:39:05.0129980Z 551b0b1e467332815ebe223a5f1eb2cfd74eb109
2026-10-02T22:39:05.0136030Z ##[endgroup]
2026-10-02T22:39:05.0136720Z ##[group]Determining the checkout info
2026-10-02T22:39:05.0140580Z ##[endgroup]
2026-10-02T22:39:05.0142070Z [command]/opt/homebrew/bin/git sparse-checkout disable
2026-10-02T22:39:05.0256850Z [command]/opt/homebrew/bin/git config --local --unset-all extensions.worktreeConfig
2026-10-02T22:39:05.0346120Z ##[group]Checking out the ref
2026-10-02T22:39:05.0347070Z [command]/opt/homebrew/bin/git checkout --progress --force -B main refs/remotes/origin/main
2026-10-02T22:39:05.0799030Z Switched to a new branch 'main'
2026-10-02T22:39:05.0809660Z branch 'main' set up to track 'origin/main'.
2026-10-02T22:39:05.0819740Z ##[endgroup]
2026-10-02T22:39:05.0937270Z [command]/opt/homebrew/bin/git log -1 --format=%H
2026-10-02T22:39:05.1040580Z 551b0b1e467332815ebe223a5f1eb2cfd74eb109
2026-10-02T22:39:05.1392820Z ##[group]Run xcodebuild -version
2026-10-02T22:39:05.1393220Z [36;1mxcodebuild -version[0m
2026-10-02T22:39:05.1393680Z [36;1mxcrun --sdk appletvos --show-sdk-version 2>/dev/null || echo "no tvos sdk visible"[0m
2026-10-02T22:39:05.1451750Z shell: /bin/bash -e {0}
2026-10-02T22:39:05.1452030Z ##[endgroup]
2026-10-02T22:39:05.4353090Z Xcode 16.4
2026-10-02T22:39:05.4361740Z Build version 16F6
2026-10-02T22:39:07.4150760Z 18.5
2026-10-02T22:39:07.4307080Z ##[group]Run xcodebuild -showsdks
2026-10-02T22:39:07.4307570Z [36;1mxcodebuild -showsdks[0m
2026-10-02T22:39:07.4358220Z shell: /bin/bash -e {0}
2026-10-02T22:39:07.4358570Z ##[endgroup]
2026-10-02T22:39:08.1064420Z DriverKit SDKs:
2026-10-02T22:39:08.1064910Z 	DriverKit 24.5                	-sdk driverkit24.5
2026-10-02T22:39:08.1065310Z 
2026-10-02T22:39:08.1065420Z iOS SDKs:
2026-10-02T22:39:08.1065700Z 	iOS 18.5                      	-sdk iphoneos18.5
2026-10-02T22:39:08.1065920Z 
2026-10-02T22:39:08.1066050Z iOS Simulator SDKs:
2026-10-02T22:39:08.1066420Z 	Simulator - iOS 18.5          	-sdk iphonesimulator18.5
2026-10-02T22:39:08.1066620Z 
2026-10-02T22:39:08.1066740Z macOS SDKs:
2026-10-02T22:39:08.1066920Z 	macOS 15.5                    	-sdk macosx15.5
2026-10-02T22:39:08.1067170Z 	macOS 15.5                    	-sdk macosx15.5
2026-10-02T22:39:08.1067350Z 
2026-10-02T22:39:08.1067400Z tvOS SDKs:
2026-10-02T22:39:08.1067640Z 	tvOS 18.5                     	-sdk appletvos18.5
2026-10-02T22:39:08.1067850Z 
2026-10-02T22:39:08.1067920Z tvOS Simulator SDKs:
2026-10-02T22:39:08.1068300Z 	Simulator - tvOS 18.5         	-sdk appletvsimulator18.5
2026-10-02T22:39:08.1068890Z 
2026-10-02T22:39:08.1069870Z visionOS SDKs:
2026-10-02T22:39:08.1070920Z 	visionOS 2.5                  	-sdk xros2.5
2026-10-02T22:39:08.1071340Z 
2026-10-02T22:39:08.1071460Z visionOS Simulator SDKs:
2026-10-02T22:39:08.1071730Z 	Simulator - visionOS 2.5      	-sdk xrsimulator2.5
2026-10-02T22:39:08.1076180Z 
2026-10-02T22:39:08.1076270Z watchOS SDKs:
2026-10-02T22:39:08.1076880Z 	watchOS 11.5                  	-sdk watchos11.5
2026-10-02T22:39:08.1077100Z 
2026-10-02T22:39:08.1077380Z watchOS Simulator SDKs:
2026-10-02T22:39:08.1077660Z 	Simulator - watchOS 11.5      	-sdk watchsimulator11.5
2026-10-02T22:39:08.1077950Z 
2026-10-02T22:39:08.1150040Z ##[group]Run set -o pipefail
2026-10-02T22:39:08.1150390Z [36;1mset -o pipefail[0m
2026-10-02T22:39:08.1150610Z [36;1mxcodebuild \[0m
2026-10-02T22:39:08.1150860Z [36;1m  -project app/MadeiraTV.xcodeproj \[0m
2026-10-02T22:39:08.1151190Z [36;1m  -scheme MadeiraTV \[0m
2026-10-02T22:39:08.1151420Z [36;1m  -configuration Debug \[0m
2026-10-02T22:39:08.1151770Z [36;1m  -destination 'generic/platform=tvOS Simulator' \[0m
2026-10-02T22:39:08.1152090Z [36;1m  -derivedDataPath build/DerivedDataTV \[0m
2026-10-02T22:39:08.1152360Z [36;1m  build \[0m
2026-10-02T22:39:08.1152540Z [36;1m  CODE_SIGNING_ALLOWED=NO \[0m
2026-10-02T22:39:08.1153580Z [36;1m  CODE_SIGNING_REQUIRED=NO | tee build/tvos-build.log[0m
2026-10-02T22:39:08.1199550Z shell: /bin/bash -e {0}
2026-10-02T22:39:08.1200240Z ##[endgroup]
2026-10-02T22:39:08.1547500Z tee: build/tvos-build.log: No such file or directory
2026-10-02T22:39:09.0718930Z Command line invocation:
2026-10-02T22:39:09.0720680Z     /Applications/Xcode_16.4.app/Contents/Developer/usr/bin/xcodebuild -project app/MadeiraTV.xcodeproj -scheme MadeiraTV -configuration Debug -destination "generic/platform=tvOS Simulator" -derivedDataPath build/DerivedDataTV build CODE_SIGNING_ALLOWED=NO CODE_SIGNING_REQUIRED=NO
2026-10-02T22:39:09.0722200Z 
2026-10-02T22:39:09.0722500Z Build settings from command line:
2026-10-02T22:39:09.0722990Z     CODE_SIGNING_ALLOWED = NO
2026-10-02T22:39:09.0723210Z     CODE_SIGNING_REQUIRED = NO
2026-10-02T22:39:09.0723350Z 
2026-10-02T22:39:11.0893970Z ComputePackagePrebuildTargetDependencyGraph
2026-10-02T22:39:11.1638490Z 
2026-10-02T22:39:11.1693790Z Prepare packages
2026-10-02T22:39:11.1700750Z 
2026-10-02T22:39:11.1714370Z CreateBuildRequest
2026-10-02T22:39:11.1817820Z 
2026-10-02T22:39:11.1925870Z SendProjectDescription
2026-10-02T22:39:11.2026490Z 
2026-10-02T22:39:11.2149140Z CreateBuildOperation
2026-10-02T22:39:11.2236310Z 
2026-10-02T22:39:11.2236820Z ComputeTargetDependencyGraph
2026-10-02T22:39:11.2237380Z note: Building targets in dependency order
2026-10-02T22:39:11.2241510Z note: Target dependency graph (1 target)
2026-10-02T22:39:11.2242120Z     Target 'MadeiraTV' in project 'MadeiraTV' (no dependencies)
2026-10-02T22:39:11.2242450Z 
2026-10-02T22:39:11.2242710Z GatherProvisioningInputs
2026-10-02T22:39:11.2242920Z 
2026-10-02T22:39:11.2305370Z CreateBuildDescription
2026-10-02T22:39:11.2593800Z 
2026-10-02T22:39:11.2595500Z ExecuteExternalTool /Applications/Xcode_16.4.app/Contents/Developer/usr/bin/actool --print-asset-tag-combinations --output-format xml1 /Users/runner/work/MadeiraTV/MadeiraTV/app/MadeiraTV/Madeira/Assets.xcassets
2026-10-02T22:39:16.1439810Z 
2026-10-02T22:39:16.1465310Z ExecuteExternalTool /Applications/Xcode_16.4.app/Contents/Developer/Toolchains/XcodeDefault.xctoolchain/usr/bin/clang -v -E -dM -isysroot /Applications/Xcode_16.4.app/Contents/Developer/Platforms/AppleTVSimulator.platform/Developer/SDKs/AppleTVSimulator18.5.sdk -x c -c /dev/null
2026-10-02T22:39:16.1469240Z 
2026-10-02T22:39:16.1508030Z ExecuteExternalTool /Applications/Xcode_16.4.app/Contents/Developer/usr/bin/actool --version --output-format xml1
2026-10-02T22:39:16.1523010Z 
2026-10-02T22:39:16.1568930Z ExecuteExternalTool /Applications/Xcode_16.4.app/Contents/Developer/Toolchains/XcodeDefault.xctoolchain/usr/bin/swiftc --version
2026-10-02T22:39:17.6875680Z 
2026-10-02T22:39:17.7131770Z ExecuteExternalTool /Applications/Xcode_16.4.app/Contents/Developer/Toolchains/XcodeDefault.xctoolchain/usr/bin/ld -version_details
2026-10-02T22:39:17.9525740Z 
2026-10-02T22:39:18.0019980Z Build description signature: 818da43305eeb88c11c5b98c34678385
2026-10-02T22:39:18.0040380Z Build description path: /Users/runner/work/MadeiraTV/MadeiraTV/build/DerivedDataTV/Build/Intermediates.noindex/XCBuildData/818da43305eeb88c11c5b98c34678385.xcbuilddata
2026-10-02T22:39:18.0736700Z CreateBuildDirectory /Users/runner/work/MadeiraTV/MadeiraTV/build/DerivedDataTV/Build/Products
2026-10-02T22:39:18.0847540Z     cd /Users/runner/work/MadeiraTV/MadeiraTV/app/MadeiraTV.xcodeproj
2026-10-02T22:39:18.0954160Z     builtin-create-build-directory /Users/runner/work/MadeiraTV/MadeiraTV/build/DerivedDataTV/Build/Products
2026-10-02T22:39:18.1080040Z 
2026-10-02T22:39:18.1195890Z CreateBuildDirectory /Users/runner/work/MadeiraTV/MadeiraTV/build/DerivedDataTV/Build/Intermediates.noindex
2026-10-02T22:39:18.1258060Z     cd /Users/runner/work/MadeiraTV/MadeiraTV/app/MadeiraTV.xcodeproj
2026-10-02T22:39:18.1269390Z     builtin-create-build-directory /Users/runner/work/MadeiraTV/MadeiraTV/build/DerivedDataTV/Build/Intermediates.noindex
2026-10-02T22:39:18.1275520Z 
2026-10-02T22:39:18.1392440Z ClangStatCache /Applications/Xcode_16.4.app/Contents/Developer/Toolchains/XcodeDefault.xctoolchain/usr/bin/clang-stat-cache /Applications/Xcode_16.4.app/Contents/Developer/Platforms/AppleTVSimulator.platform/Developer/SDKs/AppleTVSimulator18.5.sdk /Users/runner/work/MadeiraTV/MadeiraTV/build/DerivedDataTV/SDKStatCaches.noindex/appletvsimulator18.5-22L572-45e3d637a49aeea14e0d712efcf6049d.sdkstatcache
2026-10-02T22:39:18.1501220Z     cd /Users/runner/work/MadeiraTV/MadeiraTV/app/MadeiraTV.xcodeproj
2026-10-02T22:39:18.1631550Z     /Applications/Xcode_16.4.app/Contents/Developer/Toolchains/XcodeDefault.xctoolchain/usr/bin/clang-stat-cache /Applications/Xcode_16.4.app/Contents/Developer/Platforms/AppleTVSimulator.platform/Developer/SDKs/AppleTVSimulator18.5.sdk -o /Users/runner/work/MadeiraTV/MadeiraTV/build/DerivedDataTV/SDKStatCaches.noindex/appletvsimulator18.5-22L572-45e3d637a49aeea14e0d712efcf6049d.sdkstatcache
2026-10-02T22:39:21.3545070Z 
2026-10-02T22:39:21.3639470Z CreateBuildDirectory /Users/runner/work/MadeiraTV/MadeiraTV/build/DerivedDataTV/Build/Products/Debug-appletvsimulator
2026-10-02T22:39:21.3640950Z     cd /Users/runner/work/MadeiraTV/MadeiraTV/app/MadeiraTV.xcodeproj
2026-10-02T22:39:21.3641800Z     builtin-create-build-directory /Users/runner/work/MadeiraTV/MadeiraTV/build/DerivedDataTV/Build/Products/Debug-appletvsimulator
2026-10-02T22:39:21.3642840Z 
2026-10-02T22:39:21.3643790Z WriteAuxiliaryFile /Users/runner/work/MadeiraTV/MadeiraTV/build/DerivedDataTV/Build/Intermediates.noindex/MadeiraTV.build/Debug-appletvsimulator/MadeiraTV-79035c24c7673ce3554df58e902533f5-VFS-appletvsimulator/all-product-headers.yaml
2026-10-02T22:39:21.3650760Z     cd /Users/runner/work/MadeiraTV/MadeiraTV/app/MadeiraTV.xcodeproj
2026-10-02T22:39:21.3651910Z     write-file /Users/runner/work/MadeiraTV/MadeiraTV/build/DerivedDataTV/Build/Intermediates.noindex/MadeiraTV.build/Debug-appletvsimulator/MadeiraTV-79035c24c7673ce3554df58e902533f5-VFS-appletvsimulator/all-product-headers.yaml
2026-10-02T22:39:21.3654390Z 
2026-10-02T22:39:21.3656630Z CreateBuildDirectory /Users/runner/work/MadeiraTV/MadeiraTV/build/DerivedDataTV/Build/Intermediates.noindex/EagerLinkingTBDs/Debug-appletvsimulator
2026-10-02T22:39:21.3670370Z     cd /Users/runner/work/MadeiraTV/MadeiraTV/app/MadeiraTV.xcodeproj
2026-10-02T22:39:21.3760590Z ** BUILD FAILED **
2026-10-02T22:39:21.3799230Z     builtin-create-build-directory /Users/runner/work/MadeiraTV/MadeiraTV/build/DerivedDataTV/Build/Intermediates.noindex/EagerLinkingTBDs/Debug-appletvsimulator
2026-10-02T22:39:21.3800860Z 
2026-10-02T22:39:21.3815540Z 
2026-10-02T22:39:21.3815570Z 
2026-10-02T22:39:21.3821100Z The following build commands failed:
2026-10-02T22:39:21.3823820Z WriteAuxiliaryFile /Users/runner/work/MadeiraTV/MadeiraTV/build/DerivedDataTV/Build/Intermediates.noindex/MadeiraTV.build/Debug-appletvsimulator/MadeiraTV.build/Objects-normal/x86_64/MadeiraTV_const_extract_protocols.json (in target 'MadeiraTV' from project 'MadeiraTV')
2026-10-02T22:39:21.3828240Z 	SwiftDriver\ Compilation\ Requirements MadeiraTV normal x86_64 com.apple.xcode.tools.swift.compiler (in target 'MadeiraTV' from project 'MadeiraTV')
2026-10-02T22:39:21.3829920Z     cd /Users/runner/work/MadeiraTV/MadeiraTV/app
2026-10-02T22:39:21.3832340Z 	SwiftDriver\ Compilation\ Requirements MadeiraTV normal arm64 com.apple.xcode.tools.swift.compiler (in target 'MadeiraTV' from project 'MadeiraTV')
2026-10-02T22:39:21.3836840Z     write-file /Users/runner/work/MadeiraTV/MadeiraTV/build/DerivedDataTV/Build/Intermediates.noindex/MadeiraTV.build/Debug-appletvsimulator/MadeiraTV.build/Objects-normal/x86_64/MadeiraTV_const_extract_protocols.json
2026-10-02T22:39:21.3841040Z 	SwiftDriver\ Compilation MadeiraTV normal x86_64 com.apple.xcode.tools.swift.compiler (in target 'MadeiraTV' from project 'MadeiraTV')
2026-10-02T22:39:21.3842300Z 
2026-10-02T22:39:21.3843720Z 	SwiftDriver\ Compilation MadeiraTV normal arm64 com.apple.xcode.tools.swift.compiler (in target 'MadeiraTV' from project 'MadeiraTV')
2026-10-02T22:39:21.3847150Z WriteAuxiliaryFile /Users/runner/work/MadeiraTV/MadeiraTV/build/DerivedDataTV/Build/Intermediates.noindex/MadeiraTV.build/Debug-appletvsimulator/MadeiraTV.build/Objects-normal/x86_64/MadeiraTV.SwiftFileList (in target 'MadeiraTV' from project 'MadeiraTV')
2026-10-02T22:39:21.3850940Z 	Building project MadeiraTV with scheme MadeiraTV and configuration Debug
2026-10-02T22:39:21.3852050Z     cd /Users/runner/work/MadeiraTV/MadeiraTV/app
2026-10-02T22:39:21.3868750Z (5 failures)
2026-10-02T22:39:21.3869540Z     write-file /Users/runner/work/MadeiraTV/MadeiraTV/build/DerivedDataTV/Build/Intermediates.noindex/MadeiraTV.build/Debug-appletvsimulator/MadeiraTV.build/Objects-normal/x86_64/MadeiraTV.SwiftFileList
2026-10-02T22:39:21.3870540Z 
2026-10-02T22:39:21.3871490Z WriteAuxiliaryFile /Users/runner/work/MadeiraTV/MadeiraTV/build/DerivedDataTV/Build/Intermediates.noindex/MadeiraTV.build/Debug-appletvsimulator/MadeiraTV.build/Objects-normal/x86_64/MadeiraTV.SwiftConstValuesFileList (in target 'MadeiraTV' from project 'MadeiraTV')
2026-10-02T22:39:21.3873380Z     cd /Users/runner/work/MadeiraTV/MadeiraTV/app
2026-10-02T22:39:21.3880850Z     write-file /Users/runner/work/MadeiraTV/MadeiraTV/build/DerivedDataTV/Build/Intermediates.noindex/MadeiraTV.build/Debug-appletvsimulator/MadeiraTV.build/Objects-normal/x86_64/MadeiraTV.SwiftConstValuesFileList
2026-10-02T22:39:21.3881770Z 
2026-10-02T22:39:21.3882830Z WriteAuxiliaryFile /Users/runner/work/MadeiraTV/MadeiraTV/build/DerivedDataTV/Build/Intermediates.noindex/MadeiraTV.build/Debug-appletvsimulator/MadeiraTV.build/Objects-normal/x86_64/MadeiraTV.LinkFileList (in target 'MadeiraTV' from project 'MadeiraTV')
2026-10-02T22:39:21.3886000Z     cd /Users/runner/work/MadeiraTV/MadeiraTV/app
2026-10-02T22:39:21.3888660Z     write-file /Users/runner/work/MadeiraTV/MadeiraTV/build/DerivedDataTV/Build/Intermediates.noindex/MadeiraTV.build/Debug-appletvsimulator/MadeiraTV.build/Objects-normal/x86_64/MadeiraTV.LinkFileList
2026-10-02T22:39:21.3891440Z 
2026-10-02T22:39:21.3893880Z WriteAuxiliaryFile /Users/runner/work/MadeiraTV/MadeiraTV/build/DerivedDataTV/Build/Intermediates.noindex/MadeiraTV.build/Debug-appletvsimulator/MadeiraTV.build/Objects-normal/x86_64/MadeiraTV-OutputFileMap.json (in target 'MadeiraTV' from project 'MadeiraTV')
2026-10-02T22:39:21.3897300Z     cd /Users/runner/work/MadeiraTV/MadeiraTV/app
2026-10-02T22:39:21.3899700Z     write-file /Users/runner/work/MadeiraTV/MadeiraTV/build/DerivedDataTV/Build/Intermediates.noindex/MadeiraTV.build/Debug-appletvsimulator/MadeiraTV.build/Objects-normal/x86_64/MadeiraTV-OutputFileMap.json
2026-10-02T22:39:21.3902170Z 
2026-10-02T22:39:21.3904700Z WriteAuxiliaryFile /Users/runner/work/MadeiraTV/MadeiraTV/build/DerivedDataTV/Build/Intermediates.noindex/MadeiraTV.build/Debug-appletvsimulator/MadeiraTV.build/Objects-normal/arm64/MadeiraTV_const_extract_protocols.json (in target 'MadeiraTV' from project 'MadeiraTV')
2026-10-02T22:39:21.3907870Z     cd /Users/runner/work/MadeiraTV/MadeiraTV/app
2026-10-02T22:39:21.3910820Z     write-file /Users/runner/work/MadeiraTV/MadeiraTV/build/DerivedDataTV/Build/Intermediates.noindex/MadeiraTV.build/Debug-appletvsimulator/MadeiraTV.build/Objects-normal/arm64/MadeiraTV_const_extract_protocols.json
2026-10-02T22:39:21.3913560Z 
2026-10-02T22:39:21.3917340Z WriteAuxiliaryFile /Users/runner/work/MadeiraTV/MadeiraTV/build/DerivedDataTV/Build/Intermediates.noindex/MadeiraTV.build/Debug-appletvsimulator/MadeiraTV.build/Objects-normal/arm64/MadeiraTV.SwiftFileList (in target 'MadeiraTV' from project 'MadeiraTV')
2026-10-02T22:39:21.3918860Z     cd /Users/runner/work/MadeiraTV/MadeiraTV/app
2026-10-02T22:39:21.3919890Z     write-file /Users/runner/work/MadeiraTV/MadeiraTV/build/DerivedDataTV/Build/Intermediates.noindex/MadeiraTV.build/Debug-appletvsimulator/MadeiraTV.build/Objects-normal/arm64/MadeiraTV.SwiftFileList
2026-10-02T22:39:21.3921130Z 
2026-10-02T22:39:21.3922080Z WriteAuxiliaryFile /Users/runner/work/MadeiraTV/MadeiraTV/build/DerivedDataTV/Build/Intermediates.noindex/MadeiraTV.build/Debug-appletvsimulator/MadeiraTV.build/Objects-normal/arm64/MadeiraTV.SwiftConstValuesFileList (in target 'MadeiraTV' from project 'MadeiraTV')
2026-10-02T22:39:21.3923390Z     cd /Users/runner/work/MadeiraTV/MadeiraTV/app
2026-10-02T22:39:21.3924360Z     write-file /Users/runner/work/MadeiraTV/MadeiraTV/build/DerivedDataTV/Build/Intermediates.noindex/MadeiraTV.build/Debug-appletvsimulator/MadeiraTV.build/Objects-normal/arm64/MadeiraTV.SwiftConstValuesFileList
2026-10-02T22:39:21.3925270Z 
2026-10-02T22:39:21.3926170Z WriteAuxiliaryFile /Users/runner/work/MadeiraTV/MadeiraTV/build/DerivedDataTV/Build/Intermediates.noindex/MadeiraTV.build/Debug-appletvsimulator/MadeiraTV.build/Objects-normal/arm64/MadeiraTV.LinkFileList (in target 'MadeiraTV' from project 'MadeiraTV')
2026-10-02T22:39:21.3930460Z     cd /Users/runner/work/MadeiraTV/MadeiraTV/app
2026-10-02T22:39:21.3932990Z     write-file /Users/runner/work/MadeiraTV/MadeiraTV/build/DerivedDataTV/Build/Intermediates.noindex/MadeiraTV.build/Debug-appletvsimulator/MadeiraTV.build/Objects-normal/arm64/MadeiraTV.LinkFileList
2026-10-02T22:39:21.3936180Z 
2026-10-02T22:39:21.3938630Z WriteAuxiliaryFile /Users/runner/work/MadeiraTV/MadeiraTV/build/DerivedDataTV/Build/Intermediates.noindex/MadeiraTV.build/Debug-appletvsimulator/MadeiraTV.build/Objects-normal/arm64/MadeiraTV-OutputFileMap.json (in target 'MadeiraTV' from project 'MadeiraTV')
2026-10-02T22:39:21.3941070Z     cd /Users/runner/work/MadeiraTV/MadeiraTV/app
2026-10-02T22:39:21.3942540Z     write-file /Users/runner/work/MadeiraTV/MadeiraTV/build/DerivedDataTV/Build/Intermediates.noindex/MadeiraTV.build/Debug-appletvsimulator/MadeiraTV.build/Objects-normal/arm64/MadeiraTV-OutputFileMap.json
2026-10-02T22:39:21.3943420Z 
2026-10-02T22:39:21.3944370Z WriteAuxiliaryFile /Users/runner/work/MadeiraTV/MadeiraTV/build/DerivedDataTV/Build/Intermediates.noindex/MadeiraTV.build/Debug-appletvsimulator/MadeiraTV.build/MadeiraTV.hmap (in target 'MadeiraTV' from project 'MadeiraTV')
2026-10-02T22:39:21.3947160Z     cd /Users/runner/work/MadeiraTV/MadeiraTV/app
2026-10-02T22:39:21.3949480Z     write-file /Users/runner/work/MadeiraTV/MadeiraTV/build/DerivedDataTV/Build/Intermediates.noindex/MadeiraTV.build/Debug-appletvsimulator/MadeiraTV.build/MadeiraTV.hmap
2026-10-02T22:39:21.3952120Z 
2026-10-02T22:39:21.3953160Z WriteAuxiliaryFile /Users/runner/work/MadeiraTV/MadeiraTV/build/DerivedDataTV/Build/Intermediates.noindex/MadeiraTV.build/Debug-appletvsimulator/MadeiraTV.build/MadeiraTV.DependencyStaticMetadataFileList (in target 'MadeiraTV' from project 'MadeiraTV')
2026-10-02T22:39:21.3954500Z     cd /Users/runner/work/MadeiraTV/MadeiraTV/app
2026-10-02T22:39:21.3955940Z     write-file /Users/runner/work/MadeiraTV/MadeiraTV/build/DerivedDataTV/Build/Intermediates.noindex/MadeiraTV.build/Debug-appletvsimulator/MadeiraTV.build/MadeiraTV.DependencyStaticMetadataFileList
2026-10-02T22:39:21.3956900Z 
2026-10-02T22:39:21.3957800Z WriteAuxiliaryFile /Users/runner/work/MadeiraTV/MadeiraTV/build/DerivedDataTV/Build/Intermediates.noindex/MadeiraTV.build/Debug-appletvsimulator/MadeiraTV.build/MadeiraTV.DependencyMetadataFileList (in target 'MadeiraTV' from project 'MadeiraTV')
2026-10-02T22:39:21.3959090Z     cd /Users/runner/work/MadeiraTV/MadeiraTV/app
2026-10-02T22:39:21.3960980Z     write-file /Users/runner/work/MadeiraTV/MadeiraTV/build/DerivedDataTV/Build/Intermediates.noindex/MadeiraTV.build/Debug-appletvsimulator/MadeiraTV.build/MadeiraTV.DependencyMetadataFileList
2026-10-02T22:39:21.3961800Z 
2026-10-02T22:39:21.3963830Z WriteAuxiliaryFile /Users/runner/work/MadeiraTV/MadeiraTV/build/DerivedDataTV/Build/Intermediates.noindex/MadeiraTV.build/Debug-appletvsimulator/MadeiraTV.build/MadeiraTV-project-headers.hmap (in target 'MadeiraTV' from project 'MadeiraTV')
2026-10-02T22:39:21.3966320Z     cd /Users/runner/work/MadeiraTV/MadeiraTV/app
2026-10-02T22:39:21.3967230Z     write-file /Users/runner/work/MadeiraTV/MadeiraTV/build/DerivedDataTV/Build/Intermediates.noindex/MadeiraTV.build/Debug-appletvsimulator/MadeiraTV.build/MadeiraTV-project-headers.hmap
2026-10-02T22:39:21.3968140Z 
2026-10-02T22:39:21.3969020Z WriteAuxiliaryFile /Users/runner/work/MadeiraTV/MadeiraTV/build/DerivedDataTV/Build/Intermediates.noindex/MadeiraTV.build/Debug-appletvsimulator/MadeiraTV.build/MadeiraTV-own-target-headers.hmap (in target 'MadeiraTV' from project 'MadeiraTV')
2026-10-02T22:39:21.3970260Z     cd /Users/runner/work/MadeiraTV/MadeiraTV/app
2026-10-02T22:39:21.3971250Z     write-file /Users/runner/work/MadeiraTV/MadeiraTV/build/DerivedDataTV/Build/Intermediates.noindex/MadeiraTV.build/Debug-appletvsimulator/MadeiraTV.build/MadeiraTV-own-target-headers.hmap
2026-10-02T22:39:21.3972450Z 
2026-10-02T22:39:21.3973350Z WriteAuxiliaryFile /Users/runner/work/MadeiraTV/MadeiraTV/build/DerivedDataTV/Build/Intermediates.noindex/MadeiraTV.build/Debug-appletvsimulator/MadeiraTV.build/MadeiraTV-generated-files.hmap (in target 'MadeiraTV' from project 'MadeiraTV')
2026-10-02T22:39:21.3977200Z     cd /Users/runner/work/MadeiraTV/MadeiraTV/app
2026-10-02T22:39:21.3978600Z     write-file /Users/runner/work/MadeiraTV/MadeiraTV/build/DerivedDataTV/Build/Intermediates.noindex/MadeiraTV.build/Debug-appletvsimulator/MadeiraTV.build/MadeiraTV-generated-files.hmap
2026-10-02T22:39:21.3979840Z 
2026-10-02T22:39:21.3981550Z WriteAuxiliaryFile /Users/runner/work/MadeiraTV/MadeiraTV/build/DerivedDataTV/Build/Intermediates.noindex/MadeiraTV.build/Debug-appletvsimulator/MadeiraTV.build/MadeiraTV-all-target-headers.hmap (in target 'MadeiraTV' from project 'MadeiraTV')
2026-10-02T22:39:21.3983320Z     cd /Users/runner/work/MadeiraTV/MadeiraTV/app
2026-10-02T22:39:21.3984240Z     write-file /Users/runner/work/MadeiraTV/MadeiraTV/build/DerivedDataTV/Build/Intermediates.noindex/MadeiraTV.build/Debug-appletvsimulator/MadeiraTV.build/MadeiraTV-all-target-headers.hmap
2026-10-02T22:39:21.3985440Z 
2026-10-02T22:39:21.3986430Z WriteAuxiliaryFile /Users/runner/work/MadeiraTV/MadeiraTV/build/DerivedDataTV/Build/Intermediates.noindex/MadeiraTV.build/Debug-appletvsimulator/MadeiraTV.build/MadeiraTV-all-non-framework-target-headers.hmap (in target 'MadeiraTV' from project 'MadeiraTV')
2026-10-02T22:39:21.3987810Z     cd /Users/runner/work/MadeiraTV/MadeiraTV/app
2026-10-02T22:39:21.3989050Z     write-file /Users/runner/work/MadeiraTV/MadeiraTV/build/DerivedDataTV/Build/Intermediates.noindex/MadeiraTV.build/Debug-appletvsimulator/MadeiraTV.build/MadeiraTV-all-non-framework-target-headers.hmap
2026-10-02T22:39:21.3990560Z 
2026-10-02T22:39:21.3991590Z WriteAuxiliaryFile /Users/runner/work/MadeiraTV/MadeiraTV/build/DerivedDataTV/Build/Intermediates.noindex/MadeiraTV.build/Debug-appletvsimulator/MadeiraTV.build/MadeiraTV-DebugDylibPath-normal-x86_64.txt (in target 'MadeiraTV' from project 'MadeiraTV')
2026-10-02T22:39:21.3992810Z     cd /Users/runner/work/MadeiraTV/MadeiraTV/app
2026-10-02T22:39:21.3993780Z     write-file /Users/runner/work/MadeiraTV/MadeiraTV/build/DerivedDataTV/Build/Intermediates.noindex/MadeiraTV.build/Debug-appletvsimulator/MadeiraTV.build/MadeiraTV-DebugDylibPath-normal-x86_64.txt
2026-10-02T22:39:21.3994960Z 
2026-10-02T22:39:21.3995950Z WriteAuxiliaryFile /Users/runner/work/MadeiraTV/MadeiraTV/build/DerivedDataTV/Build/Intermediates.noindex/MadeiraTV.build/Debug-appletvsimulator/MadeiraTV.build/MadeiraTV-DebugDylibPath-normal-arm64.txt (in target 'MadeiraTV' from project 'MadeiraTV')
2026-10-02T22:39:21.3997410Z     cd /Users/runner/work/MadeiraTV/MadeiraTV/app
2026-10-02T22:39:21.3999150Z     write-file /Users/runner/work/MadeiraTV/MadeiraTV/build/DerivedDataTV/Build/Intermediates.noindex/MadeiraTV.build/Debug-appletvsimulator/MadeiraTV.build/MadeiraTV-DebugDylibPath-normal-arm64.txt
2026-10-02T22:39:21.4000190Z 
2026-10-02T22:39:21.4001620Z WriteAuxiliaryFile /Users/runner/work/MadeiraTV/MadeiraTV/build/DerivedDataTV/Build/Intermediates.noindex/MadeiraTV.build/Debug-appletvsimulator/MadeiraTV.build/MadeiraTV-DebugDylibInstallName-normal-x86_64.txt (in target 'MadeiraTV' from project 'MadeiraTV')
2026-10-02T22:39:21.4002760Z     cd /Users/runner/work/MadeiraTV/MadeiraTV/app
2026-10-02T22:39:21.4004070Z     write-file /Users/runner/work/MadeiraTV/MadeiraTV/build/DerivedDataTV/Build/Intermediates.noindex/MadeiraTV.build/Debug-appletvsimulator/MadeiraTV.build/MadeiraTV-DebugDylibInstallName-normal-x86_64.txt
2026-10-02T22:39:21.4008870Z 
2026-10-02T22:39:21.4197800Z WriteAuxiliaryFile /Users/runner/work/MadeiraTV/MadeiraTV/build/DerivedDataTV/Build/Intermediates.noindex/MadeiraTV.build/Debug-appletvsimulator/MadeiraTV.build/MadeiraTV-DebugDylibInstallName-normal-arm64.txt (in target 'MadeiraTV' from project 'MadeiraTV')
2026-10-02T22:39:21.4246920Z     cd /Users/runner/work/MadeiraTV/MadeiraTV/app
2026-10-02T22:39:21.4248420Z     write-file /Users/runner/work/MadeiraTV/MadeiraTV/build/DerivedDataTV/Build/Intermediates.noindex/MadeiraTV.build/Debug-appletvsimulator/MadeiraTV.build/MadeiraTV-DebugDylibInstallName-normal-arm64.txt
2026-10-02T22:39:21.4249600Z 
2026-10-02T22:39:21.4250280Z MkDir /Users/runner/work/MadeiraTV/MadeiraTV/build/DerivedDataTV/Build/Products/Debug-appletvsimulator/MadeiraTV.app (in target 'MadeiraTV' from project 'MadeiraTV')
2026-10-02T22:39:21.4255920Z     cd /Users/runner/work/MadeiraTV/MadeiraTV/app
2026-10-02T22:39:21.4256720Z     /bin/mkdir -p /Users/runner/work/MadeiraTV/MadeiraTV/build/DerivedDataTV/Build/Products/Debug-appletvsimulator/MadeiraTV.app
2026-10-02T22:39:21.4259480Z 
2026-10-02T22:39:21.4260500Z Ld /Users/runner/work/MadeiraTV/MadeiraTV/build/DerivedDataTV/Build/Intermediates.noindex/MadeiraTV.build/Debug-appletvsimulator/MadeiraTV.build/Objects-normal/x86_64/Binary/__preview.dylib normal x86_64 (in target 'MadeiraTV' from project 'MadeiraTV')
2026-10-02T22:39:21.4262320Z     cd /Users/runner/work/MadeiraTV/MadeiraTV/app
2026-10-02T22:39:21.4268040Z     /Applications/Xcode_16.4.app/Contents/Developer/Toolchains/XcodeDefault.xctoolchain/usr/bin/clang -Xlinker -reproducible -target x86_64-apple-tvos17.0-simulator -dynamiclib -isysroot /Applications/Xcode_16.4.app/Contents/Developer/Platforms/AppleTVSimulator.platform/Developer/SDKs/AppleTVSimulator18.5.sdk -O0 -L/Users/runner/work/MadeiraTV/MadeiraTV/build/DerivedDataTV/Build/Products/Debug-appletvsimulator -F/Users/runner/work/MadeiraTV/MadeiraTV/build/DerivedDataTV/Build/Products/Debug-appletvsimulator -install_name @rpath/MadeiraTV.debug.dylib -dead_strip -rdynamic -Xlinker -no_deduplicate -Xlinker -objc_abi_version -Xlinker 2 -Xlinker -dependency_info -Xlinker /Users/runner/work/MadeiraTV/MadeiraTV/build/DerivedDataTV/Build/Intermediates.noindex/MadeiraTV.build/Debug-appletvsimulator/MadeiraTV.build/Objects-normal/x86_64/MadeiraTV_dependency_info.dat -o /Users/runner/work/MadeiraTV/MadeiraTV/build/DerivedDataTV/Build/Intermediates.noindex/MadeiraTV.build/Debug-appletvsimulator/MadeiraTV.build/Objects-normal/x86_64/Binary/__preview.dylib
2026-10-02T22:39:21.4276770Z 
2026-10-02T22:39:21.4277800Z Ld /Users/runner/work/MadeiraTV/MadeiraTV/build/DerivedDataTV/Build/Intermediates.noindex/MadeiraTV.build/Debug-appletvsimulator/MadeiraTV.build/Objects-normal/arm64/Binary/__preview.dylib normal arm64 (in target 'MadeiraTV' from project 'MadeiraTV')
2026-10-02T22:39:21.4278950Z     cd /Users/runner/work/MadeiraTV/MadeiraTV/app
2026-10-02T22:39:21.4284950Z     /Applications/Xcode_16.4.app/Contents/Developer/Toolchains/XcodeDefault.xctoolchain/usr/bin/clang -Xlinker -reproducible -target arm64-apple-tvos17.0-simulator -dynamiclib -isysroot /Applications/Xcode_16.4.app/Contents/Developer/Platforms/AppleTVSimulator.platform/Developer/SDKs/AppleTVSimulator18.5.sdk -O0 -L/Users/runner/work/MadeiraTV/MadeiraTV/build/DerivedDataTV/Build/Products/Debug-appletvsimulator -F/Users/runner/work/MadeiraTV/MadeiraTV/build/DerivedDataTV/Build/Products/Debug-appletvsimulator -install_name @rpath/MadeiraTV.debug.dylib -dead_strip -rdynamic -Xlinker -no_deduplicate -Xlinker -objc_abi_version -Xlinker 2 -Xlinker -dependency_info -Xlinker /Users/runner/work/MadeiraTV/MadeiraTV/build/DerivedDataTV/Build/Intermediates.noindex/MadeiraTV.build/Debug-appletvsimulator/MadeiraTV.build/Objects-normal/arm64/MadeiraTV_dependency_info.dat -o /Users/runner/work/MadeiraTV/MadeiraTV/build/DerivedDataTV/Build/Intermediates.noindex/MadeiraTV.build/Debug-appletvsimulator/MadeiraTV.build/Objects-normal/arm64/Binary/__preview.dylib
2026-10-02T22:39:21.4389060Z 
2026-10-02T22:39:21.4412890Z MkDir /Users/runner/work/MadeiraTV/MadeiraTV/build/DerivedDataTV/Build/Intermediates.noindex/MadeiraTV.build/Debug-appletvsimulator/MadeiraTV.build/assetcatalog_output/unthinned (in target 'MadeiraTV' from project 'MadeiraTV')
2026-10-02T22:39:21.4413950Z     cd /Users/runner/work/MadeiraTV/MadeiraTV/app
2026-10-02T22:39:21.4415090Z     /bin/mkdir -p /Users/runner/work/MadeiraTV/MadeiraTV/build/DerivedDataTV/Build/Intermediates.noindex/MadeiraTV.build/Debug-appletvsimulator/MadeiraTV.build/assetcatalog_output/unthinned
2026-10-02T22:39:21.4415900Z 
2026-10-02T22:39:21.4416650Z MkDir /Users/runner/work/MadeiraTV/MadeiraTV/build/DerivedDataTV/Build/Intermediates.noindex/MadeiraTV.build/Debug-appletvsimulator/MadeiraTV.build/assetcatalog_output/thinned (in target 'MadeiraTV' from project 'MadeiraTV')
2026-10-02T22:39:21.4418400Z     cd /Users/runner/work/MadeiraTV/MadeiraTV/app
2026-10-02T22:39:21.4420880Z     /bin/mkdir -p /Users/runner/work/MadeiraTV/MadeiraTV/build/DerivedDataTV/Build/Intermediates.noindex/MadeiraTV.build/Debug-appletvsimulator/MadeiraTV.build/assetcatalog_output/thinned
2026-10-02T22:39:21.4421710Z 
2026-10-02T22:39:21.4422260Z GenerateAssetSymbols /Users/runner/work/MadeiraTV/MadeiraTV/app/MadeiraTV/Madeira/Assets.xcassets (in target 'MadeiraTV' from project 'MadeiraTV')
2026-10-02T22:39:21.4423160Z     cd /Users/runner/work/MadeiraTV/MadeiraTV/app
2026-10-02T22:39:21.4432660Z     /Applications/Xcode_16.4.app/Contents/Developer/usr/bin/actool /Users/runner/work/MadeiraTV/MadeiraTV/app/MadeiraTV/Madeira/Assets.xcassets --compile /Users/runner/work/MadeiraTV/MadeiraTV/build/DerivedDataTV/Build/Products/Debug-appletvsimulator/MadeiraTV.app --output-format human-readable-text --notices --warnings --export-dependency-info /Users/runner/work/MadeiraTV/MadeiraTV/build/DerivedDataTV/Build/Intermediates.noindex/MadeiraTV.build/Debug-appletvsimulator/MadeiraTV.build/assetcatalog_dependencies --output-partial-info-plist /Users/runner/work/MadeiraTV/MadeiraTV/build/DerivedDataTV/Build/Intermediates.noindex/MadeiraTV.build/Debug-appletvsimulator/MadeiraTV.build/assetcatalog_generated_info.plist --app-icon AppIcon --accent-color AccentColor --compress-pngs --enable-on-demand-resources YES --development-region en --leaderboard-identifier-prefix MadeiraTV.game-center.leaderboard. --leaderboard-set-identifier-prefix MadeiraTV.game-center.leaderboard-set. --target-device tv --minimum-deployment-target 17.0 --platform appletvsimulator --bundle-identifier com.madeira.tvos --generate-swift-asset-symbol-extensions NO --generate-swift-asset-symbols /Users/runner/work/MadeiraTV/MadeiraTV/build/DerivedDataTV/Build/Intermediates.noindex/MadeiraTV.build/Debug-appletvsimulator/MadeiraTV.build/DerivedSources/GeneratedAssetSymbols.swift --generate-objc-asset-symbols /Users/runner/work/MadeiraTV/MadeiraTV/build/DerivedDataTV/Build/Intermediates.noindex/MadeiraTV.build/Debug-appletvsimulator/MadeiraTV.build/DerivedSources/GeneratedAssetSymbols.h --generate-asset-symbol-index /Users/runner/work/MadeiraTV/MadeiraTV/build/DerivedDataTV/Build/Intermediates.noindex/MadeiraTV.build/Debug-appletvsimulator/MadeiraTV.build/DerivedSources/GeneratedAssetSymbols-Index.plist
2026-10-02T22:39:21.4440320Z /* com.apple.actool.notices */
2026-10-02T22:39:21.4441560Z /Users/runner/work/MadeiraTV/MadeiraTV/app/MadeiraTV/Madeira/Assets.xcassets: warning: Failed to read file attributes for "/Users/runner/work/MadeiraTV/MadeiraTV/app/MadeiraTV/Madeira/Assets.xcassets"
2026-10-02T22:39:21.4442950Z     Failure Reason: No such file or directory
2026-10-02T22:39:21.4444460Z /* com.apple.actool.compilation-results */
2026-10-02T22:39:21.4447420Z /Users/runner/work/MadeiraTV/MadeiraTV/build/DerivedDataTV/Build/Intermediates.noindex/MadeiraTV.build/Debug-appletvsimulator/MadeiraTV.build/DerivedSources/GeneratedAssetSymbols-Index.plist
2026-10-02T22:39:21.4452810Z /Users/runner/work/MadeiraTV/MadeiraTV/build/DerivedDataTV/Build/Intermediates.noindex/MadeiraTV.build/Debug-appletvsimulator/MadeiraTV.build/DerivedSources/GeneratedAssetSymbols.h
2026-10-02T22:39:21.4454360Z /Users/runner/work/MadeiraTV/MadeiraTV/build/DerivedDataTV/Build/Intermediates.noindex/MadeiraTV.build/Debug-appletvsimulator/MadeiraTV.build/DerivedSources/GeneratedAssetSymbols.swift
2026-10-02T22:39:21.4455220Z 
2026-10-02T22:39:21.4455350Z 
2026-10-02T22:39:21.4456140Z CreateUniversalBinary /Users/runner/work/MadeiraTV/MadeiraTV/build/DerivedDataTV/Build/Products/Debug-appletvsimulator/MadeiraTV.app/__preview.dylib normal arm64\ x86_64 (in target 'MadeiraTV' from project 'MadeiraTV')
2026-10-02T22:39:21.4457140Z     cd /Users/runner/work/MadeiraTV/MadeiraTV/app
2026-10-02T22:39:21.4459860Z     /Applications/Xcode_16.4.app/Contents/Developer/Toolchains/XcodeDefault.xctoolchain/usr/bin/lipo -create /Users/runner/work/MadeiraTV/MadeiraTV/build/DerivedDataTV/Build/Intermediates.noindex/MadeiraTV.build/Debug-appletvsimulator/MadeiraTV.build/Objects-normal/arm64/Binary/__preview.dylib /Users/runner/work/MadeiraTV/MadeiraTV/build/DerivedDataTV/Build/Intermediates.noindex/MadeiraTV.build/Debug-appletvsimulator/MadeiraTV.build/Objects-normal/x86_64/Binary/__preview.dylib -output /Users/runner/work/MadeiraTV/MadeiraTV/build/DerivedDataTV/Build/Products/Debug-appletvsimulator/MadeiraTV.app/__preview.dylib
2026-10-02T22:39:21.4462670Z 
2026-10-02T22:39:21.4463660Z CompileAssetCatalogVariant thinned /Users/runner/work/MadeiraTV/MadeiraTV/build/DerivedDataTV/Build/Products/Debug-appletvsimulator/MadeiraTV.app /Users/runner/work/MadeiraTV/MadeiraTV/app/MadeiraTV/Madeira/Assets.xcassets (in target 'MadeiraTV' from project 'MadeiraTV')
2026-10-02T22:39:21.4464910Z     cd /Users/runner/work/MadeiraTV/MadeiraTV/app
2026-10-02T22:39:21.4468840Z     /Applications/Xcode_16.4.app/Contents/Developer/usr/bin/actool /Users/runner/work/MadeiraTV/MadeiraTV/app/MadeiraTV/Madeira/Assets.xcassets --compile /Users/runner/work/MadeiraTV/MadeiraTV/build/DerivedDataTV/Build/Intermediates.noindex/MadeiraTV.build/Debug-appletvsimulator/MadeiraTV.build/assetcatalog_output/thinned --output-format human-readable-text --notices --warnings --export-dependency-info /Users/runner/work/MadeiraTV/MadeiraTV/build/DerivedDataTV/Build/Intermediates.noindex/MadeiraTV.build/Debug-appletvsimulator/MadeiraTV.build/assetcatalog_dependencies_thinned --output-partial-info-plist /Users/runner/work/MadeiraTV/MadeiraTV/build/DerivedDataTV/Build/Intermediates.noindex/MadeiraTV.build/Debug-appletvsimulator/MadeiraTV.build/assetcatalog_generated_info.plist_thinned --app-icon AppIcon --accent-color AccentColor --compress-pngs --enable-on-demand-resources YES --development-region en --leaderboard-identifier-prefix MadeiraTV.game-center.leaderboard. --leaderboard-set-identifier-prefix MadeiraTV.game-center.leaderboard-set. --target-device tv --minimum-deployment-target 17.0 --platform appletvsimulator
2026-10-02T22:39:21.4474140Z /* com.apple.actool.notices */
2026-10-02T22:39:21.4475150Z /Users/runner/work/MadeiraTV/MadeiraTV/app/MadeiraTV/Madeira/Assets.xcassets: warning: Failed to read file attributes for "/Users/runner/work/MadeiraTV/MadeiraTV/app/MadeiraTV/Madeira/Assets.xcassets"
2026-10-02T22:39:21.4476110Z     Failure Reason: No such file or directory
2026-10-02T22:39:21.4481040Z /Users/runner/work/MadeiraTV/MadeiraTV/app/MadeiraTV/Madeira/Assets.xcassets: warning: Accent color âAccentColorâ is not present in any asset catalogs.
2026-10-02T22:39:21.4482810Z /Users/runner/work/MadeiraTV/MadeiraTV/app/MadeiraTV/Madeira/Assets.xcassets: warning: None of the input catalogs contained a matching App Icon & Top Shelf Image brand assets collection named "AppIcon"
2026-10-02T22:39:21.4485430Z /* com.apple.actool.compilation-results */
2026-10-02T22:39:21.4486380Z /Users/runner/work/MadeiraTV/MadeiraTV/build/DerivedDataTV/Build/Intermediates.noindex/MadeiraTV.build/Debug-appletvsimulator/MadeiraTV.build/assetcatalog_generated_info.plist_thinned
2026-10-02T22:39:21.4487180Z 
2026-10-02T22:39:21.4487310Z 
2026-10-02T22:39:21.4487810Z LinkAssetCatalog /Users/runner/work/MadeiraTV/MadeiraTV/app/MadeiraTV/Madeira/Assets.xcassets (in target 'MadeiraTV' from project 'MadeiraTV')
2026-10-02T22:39:21.4488570Z     cd /Users/runner/work/MadeiraTV/MadeiraTV/app
2026-10-02T22:39:21.4493990Z     builtin-linkAssetCatalog --thinned /Users/runner/work/MadeiraTV/MadeiraTV/build/DerivedDataTV/Build/Intermediates.noindex/MadeiraTV.build/Debug-appletvsimulator/MadeiraTV.build/assetcatalog_output/thinned --thinned-dependencies /Users/runner/work/MadeiraTV/MadeiraTV/build/DerivedDataTV/Build/Intermediates.noindex/MadeiraTV.build/Debug-appletvsimulator/MadeiraTV.build/assetcatalog_dependencies_thinned --thinned-info-plist-content /Users/runner/work/MadeiraTV/MadeiraTV/build/DerivedDataTV/Build/Intermediates.noindex/MadeiraTV.build/Debug-appletvsimulator/MadeiraTV.build/assetcatalog_generated_info.plist_thinned --unthinned /Users/runner/work/MadeiraTV/MadeiraTV/build/DerivedDataTV/Build/Intermediates.noindex/MadeiraTV.build/Debug-appletvsimulator/MadeiraTV.build/assetcatalog_output/unthinned --unthinned-dependencies /Users/runner/work/MadeiraTV/MadeiraTV/build/DerivedDataTV/Build/Intermediates.noindex/MadeiraTV.build/Debug-appletvsimulator/MadeiraTV.build/assetcatalog_dependencies_unthinned --unthinned-info-plist-content /Users/runner/work/MadeiraTV/MadeiraTV/build/DerivedDataTV/Build/Intermediates.noindex/MadeiraTV.build/Debug-appletvsimulator/MadeiraTV.build/assetcatalog_generated_info.plist_unthinned --output /Users/runner/work/MadeiraTV/MadeiraTV/build/DerivedDataTV/Build/Products/Debug-appletvsimulator/MadeiraTV.app --plist-output /Users/runner/work/MadeiraTV/MadeiraTV/build/DerivedDataTV/Build/Intermediates.noindex/MadeiraTV.build/Debug-appletvsimulator/MadeiraTV.build/assetcatalog_generated_info.plist
2026-10-02T22:39:21.4499790Z 
2026-10-02T22:39:21.4500730Z ProcessInfoPlistFile /Users/runner/work/MadeiraTV/MadeiraTV/build/DerivedDataTV/Build/Products/Debug-appletvsimulator/MadeiraTV.app/Info.plist /Users/runner/work/MadeiraTV/MadeiraTV/app/MadeiraTV/Info-TVP.plist (in target 'MadeiraTV' from project 'MadeiraTV')
2026-10-02T22:39:21.4502630Z     cd /Users/runner/work/MadeiraTV/MadeiraTV/app
2026-10-02T22:39:21.4505240Z     builtin-infoPlistUtility /Users/runner/work/MadeiraTV/MadeiraTV/app/MadeiraTV/Info-TVP.plist -producttype com.apple.product-type.application -genpkginfo /Users/runner/work/MadeiraTV/MadeiraTV/build/DerivedDataTV/Build/Products/Debug-appletvsimulator/MadeiraTV.app/PkgInfo -expandbuildsettings -format binary -platform appletvsimulator -additionalcontentfile /Users/runner/work/MadeiraTV/MadeiraTV/build/DerivedDataTV/Build/Intermediates.noindex/MadeiraTV.build/Debug-appletvsimulator/MadeiraTV.build/assetcatalog_generated_info.plist -o /Users/runner/work/MadeiraTV/MadeiraTV/build/DerivedDataTV/Build/Products/Debug-appletvsimulator/MadeiraTV.app/Info.plist
2026-10-02T22:39:21.4508460Z 
2026-10-02T22:39:21.4509400Z SwiftDriver\ Compilation\ Requirements MadeiraTV normal x86_64 com.apple.xcode.tools.swift.compiler (in target 'MadeiraTV' from project 'MadeiraTV')
2026-10-02T22:39:21.4510300Z     cd /Users/runner/work/MadeiraTV/MadeiraTV/app
2026-10-02T22:39:21.4539680Z     builtin-Swift-Compilation-Requirements -- /Applications/Xcode_16.4.app/Contents/Developer/Toolchains/XcodeDefault.xctoolchain/usr/bin/swiftc -module-name MadeiraTV -Onone -enforce-exclusivity\=checked @/Users/runner/work/MadeiraTV/MadeiraTV/build/DerivedDataTV/Build/Intermediates.noindex/MadeiraTV.build/Debug-appletvsimulator/MadeiraTV.build/Objects-normal/x86_64/MadeiraTV.SwiftFileList -DDEBUG -enable-bare-slash-regex -enable-experimental-feature DebugDescriptionMacro -sdk /Applications/Xcode_16.4.app/Contents/Developer/Platforms/AppleTVSimulator.platform/Developer/SDKs/AppleTVSimulator18.5.sdk -target x86_64-apple-tvos17.0-simulator -g -module-cache-path /Users/runner/work/MadeiraTV/MadeiraTV/build/DerivedDataTV/ModuleCache.noindex -Xfrontend -serialize-debugging-options -enable-testing -index-store-path /Users/runner/work/MadeiraTV/MadeiraTV/build/DerivedDataTV/Index.noindex/DataStore -swift-version 5 -I /Users/runner/work/MadeiraTV/MadeiraTV/build/DerivedDataTV/Build/Products/Debug-appletvsimulator -F /Users/runner/work/MadeiraTV/MadeiraTV/build/DerivedDataTV/Build/Products/Debug-appletvsimulator -emit-localized-strings -emit-localized-strings-path /Users/runner/work/MadeiraTV/MadeiraTV/build/DerivedDataTV/Build/Intermediates.noindex/MadeiraTV.build/Debug-appletvsimulator/MadeiraTV.build/Objects-normal/x86_64 -c -j3 -enable-batch-mode -incremental -Xcc -ivfsstatcache -Xcc /Users/runner/work/MadeiraTV/MadeiraTV/build/DerivedDataTV/SDKStatCaches.noindex/appletvsimulator18.5-22L572-45e3d637a49aeea14e0d712efcf6049d.sdkstatcache -output-file-map /Users/runner/work/MadeiraTV/MadeiraTV/build/DerivedDataTV/Build/Intermediates.noindex/MadeiraTV.build/Debug-appletvsimulator/MadeiraTV.build/Objects-normal/x86_64/MadeiraTV-OutputFileMap.json -use-frontend-parseable-output -save-temps -no-color-diagnostics -serialize-diagnostics -emit-dependencies -emit-module -emit-module-path /Users/runner/work/MadeiraTV/MadeiraTV/build/DerivedDataTV/Build/Intermediates.noindex/MadeiraTV.build/Debug-appletvsimulator/MadeiraTV.build/Objects-normal/x86_64/MadeiraTV.swiftmodule -validate-clang-modules-once -clang-build-session-file /Users/runner/work/MadeiraTV/MadeiraTV/build/DerivedDataTV/ModuleCache.noindex/Session.modulevalidation -Xcc -I/Users/runner/work/MadeiraTV/MadeiraTV/build/DerivedDataTV/Build/Intermediates.noindex/MadeiraTV.build/Debug-appletvsimulator/MadeiraTV.build/swift-overrides.hmap -emit-const-values -Xfrontend -const-gather-protocols-file -Xfrontend /Users/runner/work/MadeiraTV/MadeiraTV/build/DerivedDataTV/Build/Intermediates.noindex/MadeiraTV.build/Debug-appletvsimulator/MadeiraTV.build/Objects-normal/x86_64/MadeiraTV_const_extract_protocols.json -Xcc -iquote -Xcc /Users/runner/work/MadeiraTV/MadeiraTV/build/DerivedDataTV/Build/Intermediates.noindex/MadeiraTV.build/Debug-appletvsimulator/MadeiraTV.build/MadeiraTV-generated-files.hmap -Xcc -I/Users/runner/work/MadeiraTV/MadeiraTV/build/DerivedDataTV/Build/Intermediates.noindex/MadeiraTV.build/Debug-appletvsimulator/MadeiraTV.build/MadeiraTV-own-target-headers.hmap -Xcc -I/Users/runner/work/MadeiraTV/MadeiraTV/build/DerivedDataTV/Build/Intermediates.noindex/MadeiraTV.build/Debug-appletvsimulator/MadeiraTV.build/MadeiraTV-all-target-headers.hmap -Xcc -iquote -Xcc /Users/runner/work/MadeiraTV/MadeiraTV/build/DerivedDataTV/Build/Intermediates.noindex/MadeiraTV.build/Debug-appletvsimulator/MadeiraTV.build/MadeiraTV-project-headers.hmap -Xcc -I/Users/runner/work/MadeiraTV/MadeiraTV/build/DerivedDataTV/Build/Products/Debug-appletvsimulator/include -Xcc -I/Users/runner/work/MadeiraTV/MadeiraTV/build/DerivedDataTV/Build/Intermediates.noindex/MadeiraTV.build/Debug-appletvsimulator/MadeiraTV.build/DerivedSources-normal/x86_64 -Xcc -I/Users/runner/work/MadeiraTV/MadeiraTV/build/DerivedDataTV/Build/Intermediates.noindex/MadeiraTV.build/Debug-appletvsimulator/MadeiraTV.build/DerivedSources/x86_64 -Xcc -I/Users/runner/work/MadeiraTV/MadeiraTV/build/DerivedDataTV/Build/Intermediates.noindex/MadeiraTV.build/Debug-appletvsimulator/MadeiraTV.build/DerivedSources -Xcc -DDEBUG\=1 -emit-objc-header -emit-objc-header-path /Users/runner/work/MadeiraTV/MadeiraTV/build/DerivedDataTV/Build/Intermediates.noindex/MadeiraTV.build/Debug-appletvsimulator/MadeiraTV.build/Objects-normal/x86_64/MadeiraTV-Swift.h -working-directory /Users/runner/work/MadeiraTV/MadeiraTV/app -experimental-emit-module-separately -disable-cmo
2026-10-02T22:39:21.4563650Z error: Build input files cannot be found: '/Users/runner/work/MadeiraTV/MadeiraTV/app/Madeira/Madeira/SwiftSteam/Auth/SteamAuthAPI.swift', '/Users/runner/work/MadeiraTV/MadeiraTV/app/Madeira/Madeira/SwiftSteam/Auth/SteamCredentialAuth.swift', '/Users/runner/work/MadeiraTV/MadeiraTV/app/Madeira/Madeira/SwiftSteam/Auth/SteamTokenStore.swift', '/Users/runner/work/MadeiraTV/MadeiraTV/app/Madeira/Madeira/SwiftSteam/Content/ContentDecryptor.swift', '/Users/runner/work/MadeiraTV/MadeiraTV/app/Madeira/Madeira/SwiftSteam/Content/DepotDownloader.swift', '/Users/runner/work/MadeiraTV/MadeiraTV/app/Madeira/Madeira/SwiftSteam/Content/DepotManifest.swift', '/Users/runner/work/MadeiraTV/MadeiraTV/app/Madeira/Madeira/SwiftSteam/Core/CMServerList.swift', '/Users/runner/work/MadeiraTV/MadeiraTV/app/Madeira/Madeira/SwiftSteam/Core/LicenseListBox.swift', '/Users/runner/work/MadeiraTV/MadeiraTV/app/Madeira/Madeira/SwiftSteam/Core/SteamCMSession.swift', '/Users/runner/work/MadeiraTV/MadeiraTV/app/Madeira/Madeira/SwiftSteam/Core/SteamConnection.swift', '/Users/runner/work/MadeiraTV/MadeiraTV/app/Madeira/Madeira/SwiftSteam/Core/SteamError.swift', '/Users/runner/work/MadeiraTV/MadeiraTV/app/Madeira/Madeira/SwiftSteam/Core/SteamMessageCodec.swift', '/Users/runner/work/MadeiraTV/MadeiraTV/app/Madeira/Madeira/SwiftSteam/Core/SteamProtocol.swift', '/Users/runner/work/MadeiraTV/MadeiraTV/app/Madeira/Madeira/SwiftSteam/Core/SteamSession.swift', '/Users/runner/work/MadeiraTV/MadeiraTV/app/Madeira/Madeira/SwiftSteam/Helpers/SteamLog.swift', '/Users/runner/work/MadeiraTV/MadeiraTV/app/Madeira/Madeira/SwiftSteam/Install/AppManifestWriter.swift', '/Users/runner/work/MadeiraTV/MadeiraTV/app/Madeira/Madeira/SwiftSteam/Library/SteamAppInfo.swift', '/Users/runner/work/MadeiraTV/MadeiraTV/app/Madeira/Madeira/SwiftSteam/Library/SteamLibraryFetcher.swift', '/Users/runner/work/MadeiraTV/MadeiraTV/app/Madeira/Madeira/SwiftSteam/Proto/SteamProtoMessages.swift', '/Users/runner/work/MadeiraTV/MadeiraTV/app/Madeira/Madeira/MadeiraConfig.swift', '/Users/runner/work/MadeiraTV/MadeiraTV/app/Madeira/Madeira/SteamKeyValues.swift', '/Users/runner/work/MadeiraTV/MadeiraTV/app/Madeira/Madeira/SteamInstall.swift'. Did you forget to declare these files as outputs of any script phases or custom build rules which produce them? (in target 'MadeiraTV' from project 'MadeiraTV')
2026-10-02T22:39:21.4571360Z 
2026-10-02T22:39:21.4571950Z SwiftDriver\ Compilation\ Requirements MadeiraTV normal arm64 com.apple.xcode.tools.swift.compiler (in target 'MadeiraTV' from project 'MadeiraTV')
2026-10-02T22:39:21.4572790Z     cd /Users/runner/work/MadeiraTV/MadeiraTV/app
2026-10-02T22:39:21.4587170Z     builtin-Swift-Compilation-Requirements -- /Applications/Xcode_16.4.app/Contents/Developer/Toolchains/XcodeDefault.xctoolchain/usr/bin/swiftc -module-name MadeiraTV -Onone -enforce-exclusivity\=checked @/Users/runner/work/MadeiraTV/MadeiraTV/build/DerivedDataTV/Build/Intermediates.noindex/MadeiraTV.build/Debug-appletvsimulator/MadeiraTV.build/Objects-normal/arm64/MadeiraTV.SwiftFileList -DDEBUG -enable-bare-slash-regex -enable-experimental-feature DebugDescriptionMacro -sdk /Applications/Xcode_16.4.app/Contents/Developer/Platforms/AppleTVSimulator.platform/Developer/SDKs/AppleTVSimulator18.5.sdk -target arm64-apple-tvos17.0-simulator -g -module-cache-path /Users/runner/work/MadeiraTV/MadeiraTV/build/DerivedDataTV/ModuleCache.noindex -Xfrontend -serialize-debugging-options -enable-testing -index-store-path /Users/runner/work/MadeiraTV/MadeiraTV/build/DerivedDataTV/Index.noindex/DataStore -swift-version 5 -I /Users/runner/work/MadeiraTV/MadeiraTV/build/DerivedDataTV/Build/Products/Debug-appletvsimulator -F /Users/runner/work/MadeiraTV/MadeiraTV/build/DerivedDataTV/Build/Products/Debug-appletvsimulator -emit-localized-strings -emit-localized-strings-path /Users/runner/work/MadeiraTV/MadeiraTV/build/DerivedDataTV/Build/Intermediates.noindex/MadeiraTV.build/Debug-appletvsimulator/MadeiraTV.build/Objects-normal/arm64 -c -j3 -enable-batch-mode -incremental -Xcc -ivfsstatcache -Xcc /Users/runner/work/MadeiraTV/MadeiraTV/build/DerivedDataTV/SDKStatCaches.noindex/appletvsimulator18.5-22L572-45e3d637a49aeea14e0d712efcf6049d.sdkstatcache -output-file-map /Users/runner/work/MadeiraTV/MadeiraTV/build/DerivedDataTV/Build/Intermediates.noindex/MadeiraTV.build/Debug-appletvsimulator/MadeiraTV.build/Objects-normal/arm64/MadeiraTV-OutputFileMap.json -use-frontend-parseable-output -save-temps -no-color-diagnostics -serialize-diagnostics -emit-dependencies -emit-module -emit-module-path /Users/runner/work/MadeiraTV/MadeiraTV/build/DerivedDataTV/Build/Intermediates.noindex/MadeiraTV.build/Debug-appletvsimulator/MadeiraTV.build/Objects-normal/arm64/MadeiraTV.swiftmodule -validate-clang-modules-once -clang-build-session-file /Users/runner/work/MadeiraTV/MadeiraTV/build/DerivedDataTV/ModuleCache.noindex/Session.modulevalidation -Xcc -I/Users/runner/work/MadeiraTV/MadeiraTV/build/DerivedDataTV/Build/Intermediates.noindex/MadeiraTV.build/Debug-appletvsimulator/MadeiraTV.build/swift-overrides.hmap -emit-const-values -Xfrontend -const-gather-protocols-file -Xfrontend /Users/runner/work/MadeiraTV/MadeiraTV/build/DerivedDataTV/Build/Intermediates.noindex/MadeiraTV.build/Debug-appletvsimulator/MadeiraTV.build/Objects-normal/arm64/MadeiraTV_const_extract_protocols.json -Xcc -iquote -Xcc /Users/runner/work/MadeiraTV/MadeiraTV/build/DerivedDataTV/Build/Intermediates.noindex/MadeiraTV.build/Debug-appletvsimulator/MadeiraTV.build/MadeiraTV-generated-files.hmap -Xcc -I/Users/runner/work/MadeiraTV/MadeiraTV/build/DerivedDataTV/Build/Intermediates.noindex/MadeiraTV.build/Debug-appletvsimulator/MadeiraTV.build/MadeiraTV-own-target-headers.hmap -Xcc -I/Users/runner/work/MadeiraTV/MadeiraTV/build/DerivedDataTV/Build/Intermediates.noindex/MadeiraTV.build/Debug-appletvsimulator/MadeiraTV.build/MadeiraTV-all-target-headers.hmap -Xcc -iquote -Xcc /Users/runner/work/MadeiraTV/MadeiraTV/build/DerivedDataTV/Build/Intermediates.noindex/MadeiraTV.build/Debug-appletvsimulator/MadeiraTV.build/MadeiraTV-project-headers.hmap -Xcc -I/Users/runner/work/MadeiraTV/MadeiraTV/build/DerivedDataTV/Build/Products/Debug-appletvsimulator/include -Xcc -I/Users/runner/work/MadeiraTV/MadeiraTV/build/DerivedDataTV/Build/Intermediates.noindex/MadeiraTV.build/Debug-appletvsimulator/MadeiraTV.build/DerivedSources-normal/arm64 -Xcc -I/Users/runner/work/MadeiraTV/MadeiraTV/build/DerivedDataTV/Build/Intermediates.noindex/MadeiraTV.build/Debug-appletvsimulator/MadeiraTV.build/DerivedSources/arm64 -Xcc -I/Users/runner/work/MadeiraTV/MadeiraTV/build/DerivedDataTV/Build/Intermediates.noindex/MadeiraTV.build/Debug-appletvsimulator/MadeiraTV.build/DerivedSources -Xcc -DDEBUG\=1 -emit-objc-header -emit-objc-header-path /Users/runner/work/MadeiraTV/MadeiraTV/build/DerivedDataTV/Build/Intermediates.noindex/MadeiraTV.build/Debug-appletvsimulator/MadeiraTV.build/Objects-normal/arm64/MadeiraTV-Swift.h -working-directory /Users/runner/work/MadeiraTV/MadeiraTV/app -experimental-emit-module-separately -disable-cmo
2026-10-02T22:39:21.4613400Z error: Build input files cannot be found: '/Users/runner/work/MadeiraTV/MadeiraTV/app/Madeira/Madeira/SwiftSteam/Auth/SteamAuthAPI.swift', '/Users/runner/work/MadeiraTV/MadeiraTV/app/Madeira/Madeira/SwiftSteam/Auth/SteamCredentialAuth.swift', '/Users/runner/work/MadeiraTV/MadeiraTV/app/Madeira/Madeira/SwiftSteam/Auth/SteamTokenStore.swift', '/Users/runner/work/MadeiraTV/MadeiraTV/app/Madeira/Madeira/SwiftSteam/Content/ContentDecryptor.swift', '/Users/runner/work/MadeiraTV/MadeiraTV/app/Madeira/Madeira/SwiftSteam/Content/DepotDownloader.swift', '/Users/runner/work/MadeiraTV/MadeiraTV/app/Madeira/Madeira/SwiftSteam/Content/DepotManifest.swift', '/Users/runner/work/MadeiraTV/MadeiraTV/app/Madeira/Madeira/SwiftSteam/Core/CMServerList.swift', '/Users/runner/work/MadeiraTV/MadeiraTV/app/Madeira/Madeira/SwiftSteam/Core/LicenseListBox.swift', '/Users/runner/work/MadeiraTV/MadeiraTV/app/Madeira/Madeira/SwiftSteam/Core/SteamCMSession.swift', '/Users/runner/work/MadeiraTV/MadeiraTV/app/Madeira/Madeira/SwiftSteam/Core/SteamConnection.swift', '/Users/runner/work/MadeiraTV/MadeiraTV/app/Madeira/Madeira/SwiftSteam/Core/SteamError.swift', '/Users/runner/work/MadeiraTV/MadeiraTV/app/Madeira/Madeira/SwiftSteam/Core/SteamMessageCodec.swift', '/Users/runner/work/MadeiraTV/MadeiraTV/app/Madeira/Madeira/SwiftSteam/Core/SteamProtocol.swift', '/Users/runner/work/MadeiraTV/MadeiraTV/app/Madeira/Madeira/SwiftSteam/Core/SteamSession.swift', '/Users/runner/work/MadeiraTV/MadeiraTV/app/Madeira/Madeira/SwiftSteam/Helpers/SteamLog.swift', '/Users/runner/work/MadeiraTV/MadeiraTV/app/Madeira/Madeira/SwiftSteam/Install/AppManifestWriter.swift', '/Users/runner/work/MadeiraTV/MadeiraTV/app/Madeira/Madeira/SwiftSteam/Library/SteamAppInfo.swift', '/Users/runner/work/MadeiraTV/MadeiraTV/app/Madeira/Madeira/SwiftSteam/Library/SteamLibraryFetcher.swift', '/Users/runner/work/MadeiraTV/MadeiraTV/app/Madeira/Madeira/SwiftSteam/Proto/SteamProtoMessages.swift', '/Users/runner/work/MadeiraTV/MadeiraTV/app/Madeira/Madeira/MadeiraConfig.swift', '/Users/runner/work/MadeiraTV/MadeiraTV/app/Madeira/Madeira/SteamKeyValues.swift', '/Users/runner/work/MadeiraTV/MadeiraTV/app/Madeira/Madeira/SteamInstall.swift'. Did you forget to declare these files as outputs of any script phases or custom build rules which produce them? (in target 'MadeiraTV' from project 'MadeiraTV')
2026-10-02T22:39:21.4621330Z 
2026-10-02T22:39:21.4621840Z SwiftDriver\ Compilation MadeiraTV normal x86_64 com.apple.xcode.tools.swift.compiler (in target 'MadeiraTV' from project 'MadeiraTV')
2026-10-02T22:39:21.4622700Z     cd /Users/runner/work/MadeiraTV/MadeiraTV/app
2026-10-02T22:39:21.4646650Z     builtin-Swift-Compilation -- /Applications/Xcode_16.4.app/Contents/Developer/Toolchains/XcodeDefault.xctoolchain/usr/bin/swiftc -module-name MadeiraTV -Onone -enforce-exclusivity\=checked @/Users/runner/work/MadeiraTV/MadeiraTV/build/DerivedDataTV/Build/Intermediates.noindex/MadeiraTV.build/Debug-appletvsimulator/MadeiraTV.build/Objects-normal/x86_64/MadeiraTV.SwiftFileList -DDEBUG -enable-bare-slash-regex -enable-experimental-feature DebugDescriptionMacro -sdk /Applications/Xcode_16.4.app/Contents/Developer/Platforms/AppleTVSimulator.platform/Developer/SDKs/AppleTVSimulator18.5.sdk -target x86_64-apple-tvos17.0-simulator -g -module-cache-path /Users/runner/work/MadeiraTV/MadeiraTV/build/DerivedDataTV/ModuleCache.noindex -Xfrontend -serialize-debugging-options -enable-testing -index-store-path /Users/runner/work/MadeiraTV/MadeiraTV/build/DerivedDataTV/Index.noindex/DataStore -swift-version 5 -I /Users/runner/work/MadeiraTV/MadeiraTV/build/DerivedDataTV/Build/Products/Debug-appletvsimulator -F /Users/runner/work/MadeiraTV/MadeiraTV/build/DerivedDataTV/Build/Products/Debug-appletvsimulator -emit-localized-strings -emit-localized-strings-path /Users/runner/work/MadeiraTV/MadeiraTV/build/DerivedDataTV/Build/Intermediates.noindex/MadeiraTV.build/Debug-appletvsimulator/MadeiraTV.build/Objects-normal/x86_64 -c -j3 -enable-batch-mode -incremental -Xcc -ivfsstatcache -Xcc /Users/runner/work/MadeiraTV/MadeiraTV/build/DerivedDataTV/SDKStatCaches.noindex/appletvsimulator18.5-22L572-45e3d637a49aeea14e0d712efcf6049d.sdkstatcache -output-file-map /Users/runner/work/MadeiraTV/MadeiraTV/build/DerivedDataTV/Build/Intermediates.noindex/MadeiraTV.build/Debug-appletvsimulator/MadeiraTV.build/Objects-normal/x86_64/MadeiraTV-OutputFileMap.json -use-frontend-parseable-output -save-temps -no-color-diagnostics -serialize-diagnostics -emit-dependencies -emit-module -emit-module-path /Users/runner/work/MadeiraTV/MadeiraTV/build/DerivedDataTV/Build/Intermediates.noindex/MadeiraTV.build/Debug-appletvsimulator/MadeiraTV.build/Objects-normal/x86_64/MadeiraTV.swiftmodule -validate-clang-modules-once -clang-build-session-file /Users/runner/work/MadeiraTV/MadeiraTV/build/DerivedDataTV/ModuleCache.noindex/Session.modulevalidation -Xcc -I/Users/runner/work/MadeiraTV/MadeiraTV/build/DerivedDataTV/Build/Intermediates.noindex/MadeiraTV.build/Debug-appletvsimulator/MadeiraTV.build/swift-overrides.hmap -emit-const-values -Xfrontend -const-gather-protocols-file -Xfrontend /Users/runner/work/MadeiraTV/MadeiraTV/build/DerivedDataTV/Build/Intermediates.noindex/MadeiraTV.build/Debug-appletvsimulator/MadeiraTV.build/Objects-normal/x86_64/MadeiraTV_const_extract_protocols.json -Xcc -iquote -Xcc /Users/runner/work/MadeiraTV/MadeiraTV/build/DerivedDataTV/Build/Intermediates.noindex/MadeiraTV.build/Debug-appletvsimulator/MadeiraTV.build/MadeiraTV-generated-files.hmap -Xcc -I/Users/runner/work/MadeiraTV/MadeiraTV/build/DerivedDataTV/Build/Intermediates.noindex/MadeiraTV.build/Debug-appletvsimulator/MadeiraTV.build/MadeiraTV-own-target-headers.hmap -Xcc -I/Users/runner/work/MadeiraTV/MadeiraTV/build/DerivedDataTV/Build/Intermediates.noindex/MadeiraTV.build/Debug-appletvsimulator/MadeiraTV.build/MadeiraTV-all-target-headers.hmap -Xcc -iquote -Xcc /Users/runner/work/MadeiraTV/MadeiraTV/build/DerivedDataTV/Build/Intermediates.noindex/MadeiraTV.build/Debug-appletvsimulator/MadeiraTV.build/MadeiraTV-project-headers.hmap -Xcc -I/Users/runner/work/MadeiraTV/MadeiraTV/build/DerivedDataTV/Build/Products/Debug-appletvsimulator/include -Xcc -I/Users/runner/work/MadeiraTV/MadeiraTV/build/DerivedDataTV/Build/Intermediates.noindex/MadeiraTV.build/Debug-appletvsimulator/MadeiraTV.build/DerivedSources-normal/x86_64 -Xcc -I/Users/runner/work/MadeiraTV/MadeiraTV/build/DerivedDataTV/Build/Intermediates.noindex/MadeiraTV.build/Debug-appletvsimulator/MadeiraTV.build/DerivedSources/x86_64 -Xcc -I/Users/runner/work/MadeiraTV/MadeiraTV/build/DerivedDataTV/Build/Intermediates.noindex/MadeiraTV.build/Debug-appletvsimulator/MadeiraTV.build/DerivedSources -Xcc -DDEBUG\=1 -emit-objc-header -emit-objc-header-path /Users/runner/work/MadeiraTV/MadeiraTV/build/DerivedDataTV/Build/Intermediates.noindex/MadeiraTV.build/Debug-appletvsimulator/MadeiraTV.build/Objects-normal/x86_64/MadeiraTV-Swift.h -working-directory /Users/runner/work/MadeiraTV/MadeiraTV/app -experimental-emit-module-separately -disable-cmo
2026-10-02T22:39:21.4669900Z error: Build input files cannot be found: '/Users/runner/work/MadeiraTV/MadeiraTV/app/Madeira/Madeira/SwiftSteam/Auth/SteamAuthAPI.swift', '/Users/runner/work/MadeiraTV/MadeiraTV/app/Madeira/Madeira/SwiftSteam/Auth/SteamCredentialAuth.swift', '/Users/runner/work/MadeiraTV/MadeiraTV/app/Madeira/Madeira/SwiftSteam/Auth/SteamTokenStore.swift', '/Users/runner/work/MadeiraTV/MadeiraTV/app/Madeira/Madeira/SwiftSteam/Content/ContentDecryptor.swift', '/Users/runner/work/MadeiraTV/MadeiraTV/app/Madeira/Madeira/SwiftSteam/Content/DepotDownloader.swift', '/Users/runner/work/MadeiraTV/MadeiraTV/app/Madeira/Madeira/SwiftSteam/Content/DepotManifest.swift', '/Users/runner/work/MadeiraTV/MadeiraTV/app/Madeira/Madeira/SwiftSteam/Core/CMServerList.swift', '/Users/runner/work/MadeiraTV/MadeiraTV/app/Madeira/Madeira/SwiftSteam/Core/LicenseListBox.swift', '/Users/runner/work/MadeiraTV/MadeiraTV/app/Madeira/Madeira/SwiftSteam/Core/SteamCMSession.swift', '/Users/runner/work/MadeiraTV/MadeiraTV/app/Madeira/Madeira/SwiftSteam/Core/SteamConnection.swift', '/Users/runner/work/MadeiraTV/MadeiraTV/app/Madeira/Madeira/SwiftSteam/Core/SteamError.swift', '/Users/runner/work/MadeiraTV/MadeiraTV/app/Madeira/Madeira/SwiftSteam/Core/SteamMessageCodec.swift', '/Users/runner/work/MadeiraTV/MadeiraTV/app/Madeira/Madeira/SwiftSteam/Core/SteamProtocol.swift', '/Users/runner/work/MadeiraTV/MadeiraTV/app/Madeira/Madeira/SwiftSteam/Core/SteamSession.swift', '/Users/runner/work/MadeiraTV/MadeiraTV/app/Madeira/Madeira/SwiftSteam/Helpers/SteamLog.swift', '/Users/runner/work/MadeiraTV/MadeiraTV/app/Madeira/Madeira/SwiftSteam/Install/AppManifestWriter.swift', '/Users/runner/work/MadeiraTV/MadeiraTV/app/Madeira/Madeira/SwiftSteam/Library/SteamAppInfo.swift', '/Users/runner/work/MadeiraTV/MadeiraTV/app/Madeira/Madeira/SwiftSteam/Library/SteamLibraryFetcher.swift', '/Users/runner/work/MadeiraTV/MadeiraTV/app/Madeira/Madeira/SwiftSteam/Proto/SteamProtoMessages.swift', '/Users/runner/work/MadeiraTV/MadeiraTV/app/Madeira/Madeira/MadeiraConfig.swift', '/Users/runner/work/MadeiraTV/MadeiraTV/app/Madeira/Madeira/SteamKeyValues.swift', '/Users/runner/work/MadeiraTV/MadeiraTV/app/Madeira/Madeira/SteamInstall.swift'. Did you forget to declare these files as outputs of any script phases or custom build rules which produce them? (in target 'MadeiraTV' from project 'MadeiraTV')
2026-10-02T22:39:21.4679630Z 
2026-10-02T22:39:21.4680200Z SwiftDriver\ Compilation MadeiraTV normal arm64 com.apple.xcode.tools.swift.compiler (in target 'MadeiraTV' from project 'MadeiraTV')
2026-10-02T22:39:21.4681030Z     cd /Users/runner/work/MadeiraTV/MadeiraTV/app
2026-10-02T22:39:21.4695710Z     builtin-Swift-Compilation -- /Applications/Xcode_16.4.app/Contents/Developer/Toolchains/XcodeDefault.xctoolchain/usr/bin/swiftc -module-name MadeiraTV -Onone -enforce-exclusivity\=checked @/Users/runner/work/MadeiraTV/MadeiraTV/build/DerivedDataTV/Build/Intermediates.noindex/MadeiraTV.build/Debug-appletvsimulator/MadeiraTV.build/Objects-normal/arm64/MadeiraTV.SwiftFileList -DDEBUG -enable-bare-slash-regex -enable-experimental-feature DebugDescriptionMacro -sdk /Applications/Xcode_16.4.app/Contents/Developer/Platforms/AppleTVSimulator.platform/Developer/SDKs/AppleTVSimulator18.5.sdk -target arm64-apple-tvos17.0-simulator -g -module-cache-path /Users/runner/work/MadeiraTV/MadeiraTV/build/DerivedDataTV/ModuleCache.noindex -Xfrontend -serialize-debugging-options -enable-testing -index-store-path /Users/runner/work/MadeiraTV/MadeiraTV/build/DerivedDataTV/Index.noindex/DataStore -swift-version 5 -I /Users/runner/work/MadeiraTV/MadeiraTV/build/DerivedDataTV/Build/Products/Debug-appletvsimulator -F /Users/runner/work/MadeiraTV/MadeiraTV/build/DerivedDataTV/Build/Products/Debug-appletvsimulator -emit-localized-strings -emit-localized-strings-path /Users/runner/work/MadeiraTV/MadeiraTV/build/DerivedDataTV/Build/Intermediates.noindex/MadeiraTV.build/Debug-appletvsimulator/MadeiraTV.build/Objects-normal/arm64 -c -j3 -enable-batch-mode -incremental -Xcc -ivfsstatcache -Xcc /Users/runner/work/MadeiraTV/MadeiraTV/build/DerivedDataTV/SDKStatCaches.noindex/appletvsimulator18.5-22L572-45e3d637a49aeea14e0d712efcf6049d.sdkstatcache -output-file-map /Users/runner/work/MadeiraTV/MadeiraTV/build/DerivedDataTV/Build/Intermediates.noindex/MadeiraTV.build/Debug-appletvsimulator/MadeiraTV.build/Objects-normal/arm64/MadeiraTV-OutputFileMap.json -use-frontend-parseable-output -save-temps -no-color-diagnostics -serialize-diagnostics -emit-dependencies -emit-module -emit-module-path /Users/runner/work/MadeiraTV/MadeiraTV/build/DerivedDataTV/Build/Intermediates.noindex/MadeiraTV.build/Debug-appletvsimulator/MadeiraTV.build/Objects-normal/arm64/MadeiraTV.swiftmodule -validate-clang-modules-once -clang-build-session-file /Users/runner/work/MadeiraTV/MadeiraTV/build/DerivedDataTV/ModuleCache.noindex/Session.modulevalidation -Xcc -I/Users/runner/work/MadeiraTV/MadeiraTV/build/DerivedDataTV/Build/Intermediates.noindex/MadeiraTV.build/Debug-appletvsimulator/MadeiraTV.build/swift-overrides.hmap -emit-const-values -Xfrontend -const-gather-protocols-file -Xfrontend /Users/runner/work/MadeiraTV/MadeiraTV/build/DerivedDataTV/Build/Intermediates.noindex/MadeiraTV.build/Debug-appletvsimulator/MadeiraTV.build/Objects-normal/arm64/MadeiraTV_const_extract_protocols.json -Xcc -iquote -Xcc /Users/runner/work/MadeiraTV/MadeiraTV/build/DerivedDataTV/Build/Intermediates.noindex/MadeiraTV.build/Debug-appletvsimulator/MadeiraTV.build/MadeiraTV-generated-files.hmap -Xcc -I/Users/runner/work/MadeiraTV/MadeiraTV/build/DerivedDataTV/Build/Intermediates.noindex/MadeiraTV.build/Debug-appletvsimulator/MadeiraTV.build/MadeiraTV-own-target-headers.hmap -Xcc -I/Users/runner/work/MadeiraTV/MadeiraTV/build/DerivedDataTV/Build/Intermediates.noindex/MadeiraTV.build/Debug-appletvsimulator/MadeiraTV.build/MadeiraTV-all-target-headers.hmap -Xcc -iquote -Xcc /Users/runner/work/MadeiraTV/MadeiraTV/build/DerivedDataTV/Build/Intermediates.noindex/MadeiraTV.build/Debug-appletvsimulator/MadeiraTV.build/MadeiraTV-project-headers.hmap -Xcc -I/Users/runner/work/MadeiraTV/MadeiraTV/build/DerivedDataTV/Build/Products/Debug-appletvsimulator/include -Xcc -I/Users/runner/work/MadeiraTV/MadeiraTV/build/DerivedDataTV/Build/Intermediates.noindex/MadeiraTV.build/Debug-appletvsimulator/MadeiraTV.build/DerivedSources-normal/arm64 -Xcc -I/Users/runner/work/MadeiraTV/MadeiraTV/build/DerivedDataTV/Build/Intermediates.noindex/MadeiraTV.build/Debug-appletvsimulator/MadeiraTV.build/DerivedSources/arm64 -Xcc -I/Users/runner/work/MadeiraTV/MadeiraTV/build/DerivedDataTV/Build/Intermediates.noindex/MadeiraTV.build/Debug-appletvsimulator/MadeiraTV.build/DerivedSources -Xcc -DDEBUG\=1 -emit-objc-header -emit-objc-header-path /Users/runner/work/MadeiraTV/MadeiraTV/build/DerivedDataTV/Build/Intermediates.noindex/MadeiraTV.build/Debug-appletvsimulator/MadeiraTV.build/Objects-normal/arm64/MadeiraTV-Swift.h -working-directory /Users/runner/work/MadeiraTV/MadeiraTV/app -experimental-emit-module-separately -disable-cmo
2026-10-02T22:39:21.4722660Z error: Build input files cannot be found: '/Users/runner/work/MadeiraTV/MadeiraTV/app/Madeira/Madeira/SwiftSteam/Auth/SteamAuthAPI.swift', '/Users/runner/work/MadeiraTV/MadeiraTV/app/Madeira/Madeira/SwiftSteam/Auth/SteamCredentialAuth.swift', '/Users/runner/work/MadeiraTV/MadeiraTV/app/Madeira/Madeira/SwiftSteam/Auth/SteamTokenStore.swift', '/Users/runner/work/MadeiraTV/MadeiraTV/app/Madeira/Madeira/SwiftSteam/Content/ContentDecryptor.swift', '/Users/runner/work/MadeiraTV/MadeiraTV/app/Madeira/Madeira/SwiftSteam/Content/DepotDownloader.swift', '/Users/runner/work/MadeiraTV/MadeiraTV/app/Madeira/Madeira/SwiftSteam/Content/DepotManifest.swift', '/Users/runner/work/MadeiraTV/MadeiraTV/app/Madeira/Madeira/SwiftSteam/Core/CMServerList.swift', '/Users/runner/work/MadeiraTV/MadeiraTV/app/Madeira/Madeira/SwiftSteam/Core/LicenseListBox.swift', '/Users/runner/work/MadeiraTV/MadeiraTV/app/Madeira/Madeira/SwiftSteam/Core/SteamCMSession.swift', '/Users/runner/work/MadeiraTV/MadeiraTV/app/Madeira/Madeira/SwiftSteam/Core/SteamConnection.swift', '/Users/runner/work/MadeiraTV/MadeiraTV/app/Madeira/Madeira/SwiftSteam/Core/SteamError.swift', '/Users/runner/work/MadeiraTV/MadeiraTV/app/Madeira/Madeira/SwiftSteam/Core/SteamMessageCodec.swift', '/Users/runner/work/MadeiraTV/MadeiraTV/app/Madeira/Madeira/SwiftSteam/Core/SteamProtocol.swift', '/Users/runner/work/MadeiraTV/MadeiraTV/app/Madeira/Madeira/SwiftSteam/Core/SteamSession.swift', '/Users/runner/work/MadeiraTV/MadeiraTV/app/Madeira/Madeira/SwiftSteam/Helpers/SteamLog.swift', '/Users/runner/work/MadeiraTV/MadeiraTV/app/Madeira/Madeira/SwiftSteam/Install/AppManifestWriter.swift', '/Users/runner/work/MadeiraTV/MadeiraTV/app/Madeira/Madeira/SwiftSteam/Library/SteamAppInfo.swift', '/Users/runner/work/MadeiraTV/MadeiraTV/app/Madeira/Madeira/SwiftSteam/Library/SteamLibraryFetcher.swift', '/Users/runner/work/MadeiraTV/MadeiraTV/app/Madeira/Madeira/SwiftSteam/Proto/SteamProtoMessages.swift', '/Users/runner/work/MadeiraTV/MadeiraTV/app/Madeira/Madeira/MadeiraConfig.swift', '/Users/runner/work/MadeiraTV/MadeiraTV/app/Madeira/Madeira/SteamKeyValues.swift', '/Users/runner/work/MadeiraTV/MadeiraTV/app/Madeira/Madeira/SteamInstall.swift'. Did you forget to declare these files as outputs of any script phases or custom build rules which produce them? (in target 'MadeiraTV' from project 'MadeiraTV')
2026-10-02T22:39:21.4739790Z 
2026-10-02T22:39:21.4778880Z ##[error]Process completed with exit code 1.
2026-10-02T22:39:21.4992760Z Post job cleanup.
2026-10-02T22:39:22.1522850Z [command]/opt/homebrew/bin/git version
2026-10-02T22:39:22.2358850Z git version 2.55.0
2026-10-02T22:39:22.2720540Z Copying '/Users/runner/.gitconfig' to '/Users/runner/work/_temp/886d1081-69be-4deb-a8c4-e8143df2b940/.gitconfig'
2026-10-02T22:39:22.2822320Z Temporarily overriding HOME='/Users/runner/work/_temp/886d1081-69be-4deb-a8c4-e8143df2b940' before making global git config changes
2026-10-02T22:39:22.2831290Z Adding repository directory to the temporary git global config as a safe directory
2026-10-02T22:39:22.2867240Z [command]/opt/homebrew/bin/git config --global --add safe.directory /Users/runner/work/MadeiraTV/MadeiraTV
2026-10-02T22:39:22.3021100Z [command]/opt/homebrew/bin/git config --local --name-only --get-regexp core\.sshCommand
2026-10-02T22:39:22.3370160Z [command]/opt/homebrew/bin/git submodule foreach --recursive sh -c "git config --local --name-only --get-regexp 'core\.sshCommand' && git config --local --unset-all 'core.sshCommand' || :"
2026-10-02T22:39:22.5546100Z [command]/opt/homebrew/bin/git config --local --name-only --get-regexp http\.https\:\/\/github\.com\/\.extraheader
2026-10-02T22:39:22.5627780Z http.https://github.com/.extraheader
2026-10-02T22:39:22.5860900Z [command]/opt/homebrew/bin/git config --local --unset-all http.https://github.com/.extraheader
2026-10-02T22:39:22.6025620Z [command]/opt/homebrew/bin/git submodule foreach --recursive sh -c "git config --local --name-only --get-regexp 'http\.https\:\/\/github\.com\/\.extraheader' && git config --local --unset-all 'http.https://github.com/.extraheader' || :"
2026-10-02T22:39:22.7618110Z [command]/opt/homebrew/bin/git config --local --name-only --get-regexp ^includeIf\.gitdir:
2026-10-02T22:39:22.7731720Z [command]/opt/homebrew/bin/git submodule foreach --recursive git config --local --show-origin --name-only --get-regexp remote.origin.url
2026-10-02T22:39:23.0100630Z Cleaning up orphan processes
2026-10-02T22:39:23.1114440Z Terminate orphan process: pid (1254) (ibtoold)
2026-10-02T22:39:23.2357740Z Terminate orphan process: pid (1179) (ibtoold)
2026-10-02T22:39:23.5242630Z ##[warning]Node.js 20 is deprecated. The following actions target Node.js 20 but are being forced to run on Node.js 24: actions/checkout@v4. For more information see: https://github.blog/changelog/2025-09-19-deprecation-of-node-20-on-github-actions-runners/

