ï»¿2026-10-03T07:55:25.4102740Z Current runner version: '2.337.0'
2026-10-03T07:55:25.4121440Z ##[group]Runner Image Provisioner
2026-10-03T07:55:25.4123760Z Hosted Compute Agent
2026-10-03T07:55:25.4124230Z Version: 20260828.587
2026-10-03T07:55:25.4125000Z Commit: abac92662cab4cc7352de4f9f9d2e2419aad9c29
2026-10-03T07:55:25.4125670Z Build Date: 2026-08-28T16:44:25Z
2026-10-03T07:55:25.4126120Z Worker ID: {c14a2a05-555d-4b23-b915-553ed589b0cb}
2026-10-03T07:55:25.4126630Z Azure Region: westus
2026-10-03T07:55:25.4127060Z ##[endgroup]
2026-10-03T07:55:25.4128140Z ##[group]Operating System
2026-10-03T07:55:25.4128600Z macOS
2026-10-03T07:55:25.4128960Z 15.7.9
2026-10-03T07:55:25.4129310Z 24G830
2026-10-03T07:55:25.4130090Z ##[endgroup]
2026-10-03T07:55:25.4130450Z ##[group]Runner Image
2026-10-03T07:55:25.4130840Z Image: macos-15-arm64
2026-10-03T07:55:25.4131260Z Version: 20260907.0337.1
2026-10-03T07:55:25.4132220Z Included Software: https://github.com/actions/runner-images/blob/macos-15-arm64/20260907.0337/images/macos/macos-15-arm64-Readme.md
2026-10-03T07:55:25.4133730Z Image Release: https://github.com/actions/runner-images/releases/tag/macos-15-arm64%2F20260907.0337
2026-10-03T07:55:25.4134540Z ##[endgroup]
2026-10-03T07:55:25.4135480Z ##[group]GITHUB_TOKEN Permissions
2026-10-03T07:55:25.4137120Z Contents: read
2026-10-03T07:55:25.4137490Z Metadata: read
2026-10-03T07:55:25.4137920Z Packages: read
2026-10-03T07:55:25.4138350Z ##[endgroup]
2026-10-03T07:55:25.4140030Z Secret source: Actions
2026-10-03T07:55:25.4140610Z Cache mode: write
2026-10-03T07:55:25.4141180Z Prepare workflow directory
2026-10-03T07:55:25.4383800Z Prepare all required actions
2026-10-03T07:55:25.4419130Z Getting action download info
2026-10-03T07:55:25.8801450Z Download action repository 'actions/checkout@v4' (SHA:11d5960a326750d5838078e36cf38b85af677262)
2026-10-03T07:55:26.2106950Z Download action repository 'actions/upload-artifact@v4' (SHA:ea165f8d65b6e75b540449e92b4886f43607fa02)
2026-10-03T07:55:26.4724500Z Complete job name: Configure + build Wine unix libs for tvOS
2026-10-03T07:55:26.5355560Z ##[warning]Unexpected input(s) 'submodule-depth', valid inputs are ['repository', 'ref', 'token', 'ssh-key', 'ssh-known-hosts', 'ssh-strict', 'ssh-user', 'persist-credentials', 'path', 'clean', 'filter', 'sparse-checkout', 'sparse-checkout-cone-mode', 'fetch-depth', 'fetch-tags', 'show-progress', 'lfs', 'submodules', 'set-safe-directory', 'github-server-url', 'allow-unsafe-pr-checkout']
2026-10-03T07:55:26.5412670Z ##[group]Run actions/checkout@v4
2026-10-03T07:55:26.5413250Z with:
2026-10-03T07:55:26.5413570Z   fetch-depth: 0
2026-10-03T07:55:26.5413910Z   submodules: recursive
2026-10-03T07:55:26.5414270Z   submodule-depth: 1
2026-10-03T07:55:26.5414640Z   repository: duranereloise-hash/MadeiraTV
2026-10-03T07:55:26.5417610Z   token: ***
2026-10-03T07:55:26.5417930Z   ssh-strict: true
2026-10-03T07:55:26.5418250Z   ssh-user: git
2026-10-03T07:55:26.5418580Z   persist-credentials: true
2026-10-03T07:55:26.5418940Z   clean: true
2026-10-03T07:55:26.5419330Z   sparse-checkout-cone-mode: true
2026-10-03T07:55:26.5419730Z   fetch-tags: false
2026-10-03T07:55:26.5420060Z   show-progress: true
2026-10-03T07:55:26.5420400Z   lfs: false
2026-10-03T07:55:26.5420720Z   set-safe-directory: true
2026-10-03T07:55:26.5421090Z   allow-unsafe-pr-checkout: false
2026-10-03T07:55:26.5421630Z ##[endgroup]
2026-10-03T07:55:27.0031770Z Syncing repository: duranereloise-hash/MadeiraTV
2026-10-03T07:55:27.0034630Z ##[group]Getting Git version info
2026-10-03T07:55:27.0035950Z Working directory is '/Users/runner/work/MadeiraTV/MadeiraTV'
2026-10-03T07:55:27.0036980Z [command]/opt/homebrew/bin/git version
2026-10-03T07:55:27.0654720Z git version 2.55.0
2026-10-03T07:55:27.0748040Z ##[endgroup]
2026-10-03T07:55:27.0761150Z Copying '/Users/runner/.gitconfig' to '/Users/runner/work/_temp/46325823-a4ba-41ea-a655-da4338c0f475/.gitconfig'
2026-10-03T07:55:27.0765420Z Temporarily overriding HOME='/Users/runner/work/_temp/46325823-a4ba-41ea-a655-da4338c0f475' before making global git config changes
2026-10-03T07:55:27.0771100Z Adding repository directory to the temporary git global config as a safe directory
2026-10-03T07:55:27.0773830Z [command]/opt/homebrew/bin/git config --global --add safe.directory /Users/runner/work/MadeiraTV/MadeiraTV
2026-10-03T07:55:27.0845950Z Deleting the contents of '/Users/runner/work/MadeiraTV/MadeiraTV'
2026-10-03T07:55:27.0847610Z ##[group]Initializing the repository
2026-10-03T07:55:27.0850170Z [command]/opt/homebrew/bin/git init /Users/runner/work/MadeiraTV/MadeiraTV
2026-10-03T07:55:27.1044940Z hint: Using 'master' as the name for the initial branch. This default branch name
2026-10-03T07:55:27.1047200Z hint: will change to "main" in Git 3.0. To configure the initial branch name
2026-10-03T07:55:27.1048120Z hint: to use in all of your new repositories, which will suppress this warning,
2026-10-03T07:55:27.1048760Z hint: call:
2026-10-03T07:55:27.1049180Z hint:
2026-10-03T07:55:27.1049640Z hint: 	git config --global init.defaultBranch <name>
2026-10-03T07:55:27.1050280Z hint:
2026-10-03T07:55:27.1051000Z hint: Names commonly chosen instead of 'master' are 'main', 'trunk' and
2026-10-03T07:55:27.1052030Z hint: 'development'. The just-created branch can be renamed via this command:
2026-10-03T07:55:27.1052760Z hint:
2026-10-03T07:55:27.1072250Z hint: 	git branch -m <name>
2026-10-03T07:55:27.1072750Z hint:
2026-10-03T07:55:27.1073270Z hint: Disable this message with "git config set advice.defaultBranchName false"
2026-10-03T07:55:27.1074140Z Initialized empty Git repository in /Users/runner/work/MadeiraTV/MadeiraTV/.git/
2026-10-03T07:55:27.1075810Z [command]/opt/homebrew/bin/git remote add origin https://github.com/duranereloise-hash/MadeiraTV
2026-10-03T07:55:27.1150320Z ##[endgroup]
2026-10-03T07:55:27.1151370Z ##[group]Disabling automatic garbage collection
2026-10-03T07:55:27.1152350Z [command]/opt/homebrew/bin/git config --local gc.auto 0
2026-10-03T07:55:27.1208930Z ##[endgroup]
2026-10-03T07:55:27.1209820Z ##[group]Setting up auth
2026-10-03T07:55:27.1214260Z [command]/opt/homebrew/bin/git config --local --name-only --get-regexp core\.sshCommand
2026-10-03T07:55:27.1289920Z [command]/opt/homebrew/bin/git submodule foreach --recursive sh -c "git config --local --name-only --get-regexp 'core\.sshCommand' && git config --local --unset-all 'core.sshCommand' || :"
2026-10-03T07:55:27.2337010Z [command]/opt/homebrew/bin/git config --local --name-only --get-regexp http\.https\:\/\/github\.com\/\.extraheader
2026-10-03T07:55:27.2408410Z [command]/opt/homebrew/bin/git submodule foreach --recursive sh -c "git config --local --name-only --get-regexp 'http\.https\:\/\/github\.com\/\.extraheader' && git config --local --unset-all 'http.https://github.com/.extraheader' || :"
2026-10-03T07:55:27.3217680Z [command]/opt/homebrew/bin/git config --local --name-only --get-regexp ^includeIf\.gitdir:
2026-10-03T07:55:27.3279430Z [command]/opt/homebrew/bin/git submodule foreach --recursive git config --local --show-origin --name-only --get-regexp remote.origin.url
2026-10-03T07:55:27.4144670Z [command]/opt/homebrew/bin/git config --local http.https://github.com/.extraheader AUTHORIZATION: basic ***
2026-10-03T07:55:27.4208300Z ##[endgroup]
2026-10-03T07:55:27.4209030Z ##[group]Fetching the repository
2026-10-03T07:55:27.4214200Z [command]/opt/homebrew/bin/git -c protocol.version=2 fetch --prune --no-recurse-submodules origin +refs/heads/*:refs/remotes/origin/* +refs/tags/*:refs/tags/*
2026-10-03T07:55:28.0030310Z From https://github.com/duranereloise-hash/MadeiraTV
2026-10-03T07:55:28.0031100Z  * [new branch]      main       -> origin/main
2026-10-03T07:55:28.0037330Z [command]/opt/homebrew/bin/git branch --list --remote origin/main
2026-10-03T07:55:28.0106660Z   origin/main
2026-10-03T07:55:28.0112950Z [command]/opt/homebrew/bin/git rev-parse refs/remotes/origin/main
2026-10-03T07:55:28.0168920Z f980a0cd2dafa3316cc1ffaacb974f04e460df1e
2026-10-03T07:55:28.0172170Z ##[endgroup]
2026-10-03T07:55:28.0173140Z ##[group]Determining the checkout info
2026-10-03T07:55:28.0174740Z ##[endgroup]
2026-10-03T07:55:28.0176140Z [command]/opt/homebrew/bin/git sparse-checkout disable
2026-10-03T07:55:28.0249300Z [command]/opt/homebrew/bin/git config --local --unset-all extensions.worktreeConfig
2026-10-03T07:55:28.0310140Z ##[group]Checking out the ref
2026-10-03T07:55:28.0322700Z [command]/opt/homebrew/bin/git checkout --progress --force -B main refs/remotes/origin/main
2026-10-03T07:55:28.0913800Z Switched to a new branch 'main'
2026-10-03T07:55:28.0918680Z branch 'main' set up to track 'origin/main'.
2026-10-03T07:55:28.0924300Z ##[endgroup]
2026-10-03T07:55:28.0927430Z ##[group]Setting up auth for fetching submodules
2026-10-03T07:55:28.0930030Z [command]/opt/homebrew/bin/git config --global http.https://github.com/.extraheader AUTHORIZATION: basic ***
2026-10-03T07:55:28.1001640Z [command]/opt/homebrew/bin/git config --global --unset-all url.https://github.com/.insteadOf
2026-10-03T07:55:28.1060840Z [command]/opt/homebrew/bin/git config --global --add url.https://github.com/.insteadOf git@github.com:
2026-10-03T07:55:28.1124400Z [command]/opt/homebrew/bin/git config --global --add url.https://github.com/.insteadOf org-309539288@github.com:
2026-10-03T07:55:28.1185700Z ##[endgroup]
2026-10-03T07:55:28.1191550Z ##[group]Fetching submodules
2026-10-03T07:55:28.1192880Z [command]/opt/homebrew/bin/git submodule sync --recursive
2026-10-03T07:55:28.2017820Z [command]/opt/homebrew/bin/git -c protocol.version=2 submodule update --init --force --recursive
2026-10-03T07:55:28.3277770Z Submodule 'FEX' (https://github.com/duranereloise-hash/FEX.git) registered for path 'FEX'
2026-10-03T07:55:28.3281090Z Submodule 'dxmt' (https://github.com/willfaust/dxmt.git) registered for path 'dxmt'
2026-10-03T07:55:28.3516840Z Submodule 'madeira-dock' (https://github.com/willfaust/madeira-dock.git) registered for path 'madeira-dock'
2026-10-03T07:55:28.3622720Z Submodule 'wine' (https://github.com/willfaust/wine.git) registered for path 'wine'
2026-10-03T07:55:28.3818530Z Cloning into '/Users/runner/work/MadeiraTV/MadeiraTV/FEX'...
2026-10-03T07:55:32.3285260Z Cloning into '/Users/runner/work/MadeiraTV/MadeiraTV/dxmt'...
2026-10-03T07:55:33.6607090Z Cloning into '/Users/runner/work/MadeiraTV/MadeiraTV/madeira-dock'...
2026-10-03T07:55:34.1968060Z Cloning into '/Users/runner/work/MadeiraTV/MadeiraTV/wine'...
2026-10-03T07:57:08.7680320Z Submodule path 'FEX': checked out '48e05a249e2b25614cd3fcb8134ad5dc8b57f7ec'
2026-10-03T07:57:08.7742000Z Submodule 'External/Catch2' (https://github.com/catchorg/Catch2.git) registered for path 'FEX/External/Catch2'
2026-10-03T07:57:08.7752820Z Submodule 'External/Vulkan-Headers' (https://github.com/KhronosGroup/Vulkan-Headers.git) registered for path 'FEX/External/Vulkan-Headers'
2026-10-03T07:57:08.7855730Z Submodule 'External/drm-headers' (https://github.com/FEX-Emu/drm-headers.git) registered for path 'FEX/External/drm-headers'
2026-10-03T07:57:08.7887760Z Submodule 'External/fex-gcc-target-tests-bins' (https://github.com/FEX-Emu/fex-gcc-target-tests-bins.git) registered for path 'FEX/External/fex-gcc-target-tests-bins'
2026-10-03T07:57:08.7890060Z Submodule 'External/fex-gvisor-tests-bins' (https://github.com/FEX-Emu/fex-gvisor-tests-bins.git) registered for path 'FEX/External/fex-gvisor-tests-bins'
2026-10-03T07:57:08.7891800Z Submodule 'External/fex-posixtest-bins' (https://github.com/FEX-Emu/fex-posixtest-bins.git) registered for path 'FEX/External/fex-posixtest-bins'
2026-10-03T07:57:08.7892730Z Submodule 'External/fmt' (https://github.com/fmtlib/fmt.git) registered for path 'FEX/External/fmt'
2026-10-03T07:57:08.7893530Z Submodule 'External/jemalloc_glibc' (https://github.com/FEX-Emu/jemalloc.git) registered for path 'FEX/External/jemalloc_glibc'
2026-10-03T07:57:08.7895430Z Submodule 'External/range-v3' (https://github.com/ericniebler/range-v3.git) registered for path 'FEX/External/range-v3'
2026-10-03T07:57:08.7899680Z Submodule 'External/rpmalloc' (https://github.com/willfaust/rpmalloc.git) registered for path 'FEX/External/rpmalloc'
2026-10-03T07:57:08.7910950Z Submodule 'External/tracy' (https://github.com/wolfpld/tracy) registered for path 'FEX/External/tracy'
2026-10-03T07:57:08.7934000Z Submodule 'External/unordered_dense' (https://github.com/martinus/unordered_dense.git) registered for path 'FEX/External/unordered_dense'
2026-10-03T07:57:08.7951270Z Submodule 'External/vixl' (https://github.com/FEX-Emu/vixl.git) registered for path 'FEX/External/vixl'
2026-10-03T07:57:08.7967190Z Submodule 'External/xxhash' (https://github.com/Cyan4973/xxHash.git) registered for path 'FEX/External/xxhash'
2026-10-03T07:57:08.7978920Z Submodule 'External/zydis' (https://github.com/zyantific/zydis.git) registered for path 'FEX/External/zydis'
2026-10-03T07:57:08.7983800Z Submodule 'External/cpp-optparse' (https://github.com/Sonicadvance1/cpp-optparse) registered for path 'FEX/Source/Common/cpp-optparse'
2026-10-03T07:57:08.8126990Z Cloning into '/Users/runner/work/MadeiraTV/MadeiraTV/FEX/External/Catch2'...
2026-10-03T07:57:12.1525680Z Cloning into '/Users/runner/work/MadeiraTV/MadeiraTV/FEX/External/Vulkan-Headers'...
2026-10-03T07:57:12.7987020Z Cloning into '/Users/runner/work/MadeiraTV/MadeiraTV/FEX/External/drm-headers'...
2026-10-03T07:57:13.3319640Z Cloning into '/Users/runner/work/MadeiraTV/MadeiraTV/FEX/External/fex-gcc-target-tests-bins'...
2026-10-03T07:57:14.0127890Z Cloning into '/Users/runner/work/MadeiraTV/MadeiraTV/FEX/External/fex-gvisor-tests-bins'...
2026-10-03T07:57:18.3686410Z Cloning into '/Users/runner/work/MadeiraTV/MadeiraTV/FEX/External/fex-posixtest-bins'...
2026-10-03T07:57:19.0263780Z Cloning into '/Users/runner/work/MadeiraTV/MadeiraTV/FEX/External/fmt'...
2026-10-03T07:57:21.0017170Z Cloning into '/Users/runner/work/MadeiraTV/MadeiraTV/FEX/External/jemalloc_glibc'...
2026-10-03T07:57:22.0313440Z Cloning into '/Users/runner/work/MadeiraTV/MadeiraTV/FEX/External/range-v3'...
2026-10-03T07:57:24.6476010Z Cloning into '/Users/runner/work/MadeiraTV/MadeiraTV/FEX/External/rpmalloc'...
2026-10-03T07:57:25.2840850Z Cloning into '/Users/runner/work/MadeiraTV/MadeiraTV/FEX/External/tracy'...
2026-10-03T07:57:29.0902630Z Cloning into '/Users/runner/work/MadeiraTV/MadeiraTV/FEX/External/unordered_dense'...
2026-10-03T07:57:30.0117680Z Cloning into '/Users/runner/work/MadeiraTV/MadeiraTV/FEX/External/vixl'...
2026-10-03T07:57:32.2618980Z Cloning into '/Users/runner/work/MadeiraTV/MadeiraTV/FEX/External/xxhash'...
2026-10-03T07:57:33.0880450Z Cloning into '/Users/runner/work/MadeiraTV/MadeiraTV/FEX/External/zydis'...
2026-10-03T07:57:33.8954060Z Cloning into '/Users/runner/work/MadeiraTV/MadeiraTV/FEX/Source/Common/cpp-optparse'...
2026-10-03T07:57:34.4546180Z Submodule path 'FEX/External/Catch2': checked out 'b3fb4b9feafcd8d91c5cb510a4775143fdbef02f'
2026-10-03T07:57:52.3032960Z From https://github.com/KhronosGroup/Vulkan-Headers
2026-10-03T07:57:52.3033720Z  * branch            450bd2232225d6c7728a4108055ac2e37cef6475 -> FETCH_HEAD
2026-10-03T07:57:52.3930610Z Submodule path 'FEX/External/Vulkan-Headers': checked out '450bd2232225d6c7728a4108055ac2e37cef6475'
2026-10-03T07:57:52.4290310Z Submodule path 'FEX/External/drm-headers': checked out '3e49836995c1dcb3df709440ad2f270b569c6a5f'
2026-10-03T07:57:52.8829340Z Submodule path 'FEX/External/fex-gcc-target-tests-bins': checked out '442678a134e2d25e759c430cca32e06e9e142f1f'
2026-10-03T07:57:54.6899980Z Submodule path 'FEX/External/fex-gvisor-tests-bins': checked out '71349ae6d14ac2e3e792730e240aecd8076cee6c'
2026-10-03T07:57:55.4582000Z Submodule path 'FEX/External/fex-posixtest-bins': checked out '9ae29638f8000c1603f16385ed1cf6c4c23ee414'
2026-10-03T07:57:55.5671190Z Submodule path 'FEX/External/fmt': checked out '407c905e45ad75fc29bf0f9bb7c5c2fd3475976f'
2026-10-03T07:57:55.6717850Z Submodule path 'FEX/External/jemalloc_glibc': checked out '8436195ad5e1bc347d9b39743af3d29abee59f06'
2026-10-03T07:57:55.7978320Z Submodule path 'FEX/External/range-v3': checked out 'ca1388fb9da8e69314dda222dc7b139ca84e092f'
2026-10-03T07:57:55.8036000Z Submodule 'doc/gh-pages' (https://github.com/ericniebler/range-v3.git) registered for path 'FEX/External/range-v3/doc/gh-pages'
2026-10-03T07:57:55.8146200Z Cloning into '/Users/runner/work/MadeiraTV/MadeiraTV/FEX/External/range-v3/doc/gh-pages'...
2026-10-03T07:57:59.1920850Z Submodule path 'FEX/External/range-v3/doc/gh-pages': checked out '2dae74bb693e42d850fb0adcc9045c5b71fbdeae'
2026-10-03T07:57:59.2369660Z Submodule path 'FEX/External/rpmalloc': checked out '812c2b9cf4310ffacf14e6b64066e78ab0c394b5'
2026-10-03T07:57:59.3890960Z Submodule path 'FEX/External/tracy': checked out '650c98ece70da9e155e7ba1c2b3ee16004aae118'
2026-10-03T07:57:59.6807610Z Submodule path 'FEX/External/unordered_dense': checked out '3234af2c03549bc85656bfd3a86993bf1cd8aef1'
2026-10-03T07:58:06.6011240Z From https://github.com/FEX-Emu/vixl
2026-10-03T07:58:06.6108530Z  * branch              5f418449c48f6ca3ad37c47ec632f17a561c0580 -> FETCH_HEAD
2026-10-03T07:58:07.8066560Z Submodule path 'FEX/External/vixl': checked out '5f418449c48f6ca3ad37c47ec632f17a561c0580'
2026-10-03T07:58:07.8678270Z Submodule path 'FEX/External/xxhash': checked out 'e626a72bc2321cd320e953a0ccf1584cad60f363'
2026-10-03T07:58:14.9729840Z From https://github.com/zyantific/zydis
2026-10-03T07:58:14.9731850Z  * branch            9bfadd6a55fc92dbd37fa3ba089bf8b36622df4f -> FETCH_HEAD
2026-10-03T07:58:15.1215160Z Submodule path 'FEX/External/zydis': checked out '9bfadd6a55fc92dbd37fa3ba089bf8b36622df4f'
2026-10-03T07:58:15.1285570Z Submodule 'dependencies/zycore' (https://github.com/zyantific/zycore-c) registered for path 'FEX/External/zydis/dependencies/zycore'
2026-10-03T07:58:15.1394310Z Cloning into '/Users/runner/work/MadeiraTV/MadeiraTV/FEX/External/zydis/dependencies/zycore'...
2026-10-03T07:58:15.6542880Z Submodule path 'FEX/External/zydis/dependencies/zycore': checked out '75a36c45ae1ad382b0f4e0ede0af84c11ee69928'
2026-10-03T07:58:15.6863440Z Submodule path 'FEX/Source/Common/cpp-optparse': checked out '9f94388a339fcbb0bc95c17768eb786c85988f6e'
2026-10-03T07:58:15.7949090Z Submodule path 'dxmt': checked out 'a5e0cd3d41bf248fd1c030a2e1c515ba3522f4ef'
2026-10-03T07:58:15.8023290Z Submodule 'external/nvapi' (https://github.com/NVIDIA/nvapi.git) registered for path 'dxmt/external/nvapi'
2026-10-03T07:58:15.8024350Z Submodule 'include/native/directx' (https://github.com/misyltoad/mingw-directx-headers) registered for path 'dxmt/include/native/directx'
2026-10-03T07:58:15.8145030Z Cloning into '/Users/runner/work/MadeiraTV/MadeiraTV/dxmt/external/nvapi'...
2026-10-03T07:58:19.0328530Z Cloning into '/Users/runner/work/MadeiraTV/MadeiraTV/dxmt/include/native/directx'...
2026-10-03T07:58:19.5658220Z Submodule path 'dxmt/external/nvapi': checked out 'd08488fcc82eef313b0464db37d2955709691e94'
2026-10-03T07:58:19.6044240Z Submodule path 'dxmt/include/native/directx': checked out '9df86f2341616ef1888ae59919feaa6d4fad693d'
2026-10-03T07:58:19.6490590Z Submodule path 'madeira-dock': checked out '3cadfbea700e4da4b04e331dd7ef1ba633dfacef'
2026-10-03T07:58:22.0772530Z Submodule path 'wine': checked out '4f5b19718f4de88ecc5cb0dc08b119497a67ba8f'
2026-10-03T07:58:22.0986320Z [command]/opt/homebrew/bin/git submodule foreach --recursive git config --local gc.auto 0
2026-10-03T07:58:22.1796760Z Entering 'FEX'
2026-10-03T07:58:22.1964640Z Entering 'FEX/External/Catch2'
2026-10-03T07:58:22.2137450Z Entering 'FEX/External/Vulkan-Headers'
2026-10-03T07:58:22.2286580Z Entering 'FEX/External/drm-headers'
2026-10-03T07:58:22.2433310Z Entering 'FEX/External/fex-gcc-target-tests-bins'
2026-10-03T07:58:22.2584970Z Entering 'FEX/External/fex-gvisor-tests-bins'
2026-10-03T07:58:22.2739090Z Entering 'FEX/External/fex-posixtest-bins'
2026-10-03T07:58:22.2949590Z Entering 'FEX/External/fmt'
2026-10-03T07:58:22.3190020Z Entering 'FEX/External/jemalloc_glibc'
2026-10-03T07:58:22.3410710Z Entering 'FEX/External/range-v3'
2026-10-03T07:58:22.3587190Z Entering 'FEX/External/range-v3/doc/gh-pages'
2026-10-03T07:58:22.3764110Z Entering 'FEX/External/rpmalloc'
2026-10-03T07:58:22.3929410Z Entering 'FEX/External/tracy'
2026-10-03T07:58:22.4090460Z Entering 'FEX/External/unordered_dense'
2026-10-03T07:58:22.4263830Z Entering 'FEX/External/vixl'
2026-10-03T07:58:22.4414270Z Entering 'FEX/External/xxhash'
2026-10-03T07:58:22.4556420Z Entering 'FEX/External/zydis'
2026-10-03T07:58:22.4695790Z Entering 'FEX/External/zydis/dependencies/zycore'
2026-10-03T07:58:22.4838450Z Entering 'FEX/Source/Common/cpp-optparse'
2026-10-03T07:58:22.4983760Z Entering 'dxmt'
2026-10-03T07:58:22.5129910Z Entering 'dxmt/external/nvapi'
2026-10-03T07:58:22.5273790Z Entering 'dxmt/include/native/directx'
2026-10-03T07:58:22.5417790Z Entering 'madeira-dock'
2026-10-03T07:58:22.5560060Z Entering 'wine'
2026-10-03T07:58:22.5717650Z ##[endgroup]
2026-10-03T07:58:22.5718190Z ##[group]Persisting credentials for submodules
2026-10-03T07:58:22.5736290Z [command]/opt/homebrew/bin/git submodule foreach --recursive sh -c "git config --local --name-only --get-regexp 'url\.https\:\/\/github\.com\/\.insteadOf' && git config --local --unset-all 'url.https://github.com/.insteadOf' || :"
2026-10-03T07:58:22.6388510Z Entering 'FEX'
2026-10-03T07:58:22.6598150Z Entering 'FEX/External/Catch2'
2026-10-03T07:58:22.6770590Z Entering 'FEX/External/Vulkan-Headers'
2026-10-03T07:58:22.6937660Z Entering 'FEX/External/drm-headers'
2026-10-03T07:58:22.7113220Z Entering 'FEX/External/fex-gcc-target-tests-bins'
2026-10-03T07:58:22.7298440Z Entering 'FEX/External/fex-gvisor-tests-bins'
2026-10-03T07:58:22.7473110Z Entering 'FEX/External/fex-posixtest-bins'
2026-10-03T07:58:22.7722690Z Entering 'FEX/External/fmt'
2026-10-03T07:58:22.7913660Z Entering 'FEX/External/jemalloc_glibc'
2026-10-03T07:58:22.8087160Z Entering 'FEX/External/range-v3'
2026-10-03T07:58:22.8260180Z Entering 'FEX/External/range-v3/doc/gh-pages'
2026-10-03T07:58:22.8433110Z Entering 'FEX/External/rpmalloc'
2026-10-03T07:58:22.8608310Z Entering 'FEX/External/tracy'
2026-10-03T07:58:22.8818120Z Entering 'FEX/External/unordered_dense'
2026-10-03T07:58:22.9067110Z Entering 'FEX/External/vixl'
2026-10-03T07:58:22.9345240Z Entering 'FEX/External/xxhash'
2026-10-03T07:58:22.9849080Z Entering 'FEX/External/zydis'
2026-10-03T07:58:23.0151290Z Entering 'FEX/External/zydis/dependencies/zycore'
2026-10-03T07:58:23.0348540Z Entering 'FEX/Source/Common/cpp-optparse'
2026-10-03T07:58:23.0529320Z Entering 'dxmt'
2026-10-03T07:58:23.0719510Z Entering 'dxmt/external/nvapi'
2026-10-03T07:58:23.0968180Z Entering 'dxmt/include/native/directx'
2026-10-03T07:58:23.1166380Z Entering 'madeira-dock'
2026-10-03T07:58:23.1354820Z Entering 'wine'
2026-10-03T07:58:23.1570640Z [command]/opt/homebrew/bin/git submodule foreach --recursive sh -c "git config --local 'http.https://github.com/.extraheader' 'AUTHORIZATION: basic ***' && git config --local --show-origin --name-only --get-regexp remote.origin.url"
2026-10-03T07:58:23.2944980Z Entering 'FEX'
2026-10-03T07:58:23.3189360Z file:/Users/runner/work/MadeiraTV/MadeiraTV/.git/modules/FEX/config	remote.origin.url
2026-10-03T07:58:23.3247780Z Entering 'FEX/External/Catch2'
2026-10-03T07:58:23.3430800Z file:/Users/runner/work/MadeiraTV/MadeiraTV/.git/modules/FEX/modules/External/Catch2/config	remote.origin.url
2026-10-03T07:58:23.3485740Z Entering 'FEX/External/Vulkan-Headers'
2026-10-03T07:58:23.3652440Z file:/Users/runner/work/MadeiraTV/MadeiraTV/.git/modules/FEX/modules/External/Vulkan-Headers/config	remote.origin.url
2026-10-03T07:58:23.3704850Z Entering 'FEX/External/drm-headers'
2026-10-03T07:58:23.3861760Z file:/Users/runner/work/MadeiraTV/MadeiraTV/.git/modules/FEX/modules/External/drm-headers/config	remote.origin.url
2026-10-03T07:58:23.3911740Z Entering 'FEX/External/fex-gcc-target-tests-bins'
2026-10-03T07:58:23.4064320Z file:/Users/runner/work/MadeiraTV/MadeiraTV/.git/modules/FEX/modules/External/fex-gcc-target-tests-bins/config	remote.origin.url
2026-10-03T07:58:23.4121520Z Entering 'FEX/External/fex-gvisor-tests-bins'
2026-10-03T07:58:23.4296280Z file:/Users/runner/work/MadeiraTV/MadeiraTV/.git/modules/FEX/modules/External/fex-gvisor-tests-bins/config	remote.origin.url
2026-10-03T07:58:23.4355760Z Entering 'FEX/External/fex-posixtest-bins'
2026-10-03T07:58:23.4544070Z file:/Users/runner/work/MadeiraTV/MadeiraTV/.git/modules/FEX/modules/External/fex-posixtest-bins/config	remote.origin.url
2026-10-03T07:58:23.4609790Z Entering 'FEX/External/fmt'
2026-10-03T07:58:23.4778230Z file:/Users/runner/work/MadeiraTV/MadeiraTV/.git/modules/FEX/modules/External/fmt/config	remote.origin.url
2026-10-03T07:58:23.4836200Z Entering 'FEX/External/jemalloc_glibc'
2026-10-03T07:58:23.5088340Z file:/Users/runner/work/MadeiraTV/MadeiraTV/.git/modules/FEX/modules/External/jemalloc_glibc/config	remote.origin.url
2026-10-03T07:58:23.5140370Z Entering 'FEX/External/range-v3'
2026-10-03T07:58:23.5304810Z file:/Users/runner/work/MadeiraTV/MadeiraTV/.git/modules/FEX/modules/External/range-v3/config	remote.origin.url
2026-10-03T07:58:23.5362060Z Entering 'FEX/External/range-v3/doc/gh-pages'
2026-10-03T07:58:23.5557820Z file:/Users/runner/work/MadeiraTV/MadeiraTV/.git/modules/FEX/modules/External/range-v3/modules/doc/gh-pages/config	remote.origin.url
2026-10-03T07:58:23.5624250Z Entering 'FEX/External/rpmalloc'
2026-10-03T07:58:23.5904120Z file:/Users/runner/work/MadeiraTV/MadeiraTV/.git/modules/FEX/modules/External/rpmalloc/config	remote.origin.url
2026-10-03T07:58:23.5975200Z Entering 'FEX/External/tracy'
2026-10-03T07:58:23.6250960Z file:/Users/runner/work/MadeiraTV/MadeiraTV/.git/modules/FEX/modules/External/tracy/config	remote.origin.url
2026-10-03T07:58:23.6334760Z Entering 'FEX/External/unordered_dense'
2026-10-03T07:58:23.6577720Z file:/Users/runner/work/MadeiraTV/MadeiraTV/.git/modules/FEX/modules/External/unordered_dense/config	remote.origin.url
2026-10-03T07:58:23.6633440Z Entering 'FEX/External/vixl'
2026-10-03T07:58:23.6801670Z file:/Users/runner/work/MadeiraTV/MadeiraTV/.git/modules/FEX/modules/External/vixl/config	remote.origin.url
2026-10-03T07:58:23.6858170Z Entering 'FEX/External/xxhash'
2026-10-03T07:58:23.7028790Z file:/Users/runner/work/MadeiraTV/MadeiraTV/.git/modules/FEX/modules/External/xxhash/config	remote.origin.url
2026-10-03T07:58:23.7088090Z Entering 'FEX/External/zydis'
2026-10-03T07:58:23.7316210Z file:/Users/runner/work/MadeiraTV/MadeiraTV/.git/modules/FEX/modules/External/zydis/config	remote.origin.url
2026-10-03T07:58:23.7440840Z Entering 'FEX/External/zydis/dependencies/zycore'
2026-10-03T07:58:23.7730010Z file:/Users/runner/work/MadeiraTV/MadeiraTV/.git/modules/FEX/modules/External/zydis/modules/dependencies/zycore/config	remote.origin.url
2026-10-03T07:58:23.7794150Z Entering 'FEX/Source/Common/cpp-optparse'
2026-10-03T07:58:23.7994180Z file:/Users/runner/work/MadeiraTV/MadeiraTV/.git/modules/FEX/modules/External/cpp-optparse/config	remote.origin.url
2026-10-03T07:58:23.8062910Z Entering 'dxmt'
2026-10-03T07:58:23.8314670Z file:/Users/runner/work/MadeiraTV/MadeiraTV/.git/modules/dxmt/config	remote.origin.url
2026-10-03T07:58:23.8427890Z Entering 'dxmt/external/nvapi'
2026-10-03T07:58:23.8737190Z file:/Users/runner/work/MadeiraTV/MadeiraTV/.git/modules/dxmt/modules/external/nvapi/config	remote.origin.url
2026-10-03T07:58:23.8800020Z Entering 'dxmt/include/native/directx'
2026-10-03T07:58:23.8976030Z file:/Users/runner/work/MadeiraTV/MadeiraTV/.git/modules/dxmt/modules/include/native/directx/config	remote.origin.url
2026-10-03T07:58:23.9040710Z Entering 'madeira-dock'
2026-10-03T07:58:23.9245540Z file:/Users/runner/work/MadeiraTV/MadeiraTV/.git/modules/madeira-dock/config	remote.origin.url
2026-10-03T07:58:23.9318170Z Entering 'wine'
2026-10-03T07:58:23.9515810Z file:/Users/runner/work/MadeiraTV/MadeiraTV/.git/modules/wine/config	remote.origin.url
2026-10-03T07:58:23.9682820Z [command]/opt/homebrew/bin/git submodule foreach --recursive git config --local --add 'url.https://github.com/.insteadOf' 'git@github.com:'
2026-10-03T07:58:24.0422640Z Entering 'FEX'
2026-10-03T07:58:24.0566120Z Entering 'FEX/External/Catch2'
2026-10-03T07:58:24.0736500Z Entering 'FEX/External/Vulkan-Headers'
2026-10-03T07:58:24.0958670Z Entering 'FEX/External/drm-headers'
2026-10-03T07:58:24.1156010Z Entering 'FEX/External/fex-gcc-target-tests-bins'
2026-10-03T07:58:24.1368780Z Entering 'FEX/External/fex-gvisor-tests-bins'
2026-10-03T07:58:24.1585090Z Entering 'FEX/External/fex-posixtest-bins'
2026-10-03T07:58:24.1763690Z Entering 'FEX/External/fmt'
2026-10-03T07:58:24.1927090Z Entering 'FEX/External/jemalloc_glibc'
2026-10-03T07:58:24.2103460Z Entering 'FEX/External/range-v3'
2026-10-03T07:58:24.2272700Z Entering 'FEX/External/range-v3/doc/gh-pages'
2026-10-03T07:58:24.2499370Z Entering 'FEX/External/rpmalloc'
2026-10-03T07:58:24.2711230Z Entering 'FEX/External/tracy'
2026-10-03T07:58:24.2953630Z Entering 'FEX/External/unordered_dense'
2026-10-03T07:58:24.3153400Z Entering 'FEX/External/vixl'
2026-10-03T07:58:24.3443100Z Entering 'FEX/External/xxhash'
2026-10-03T07:58:24.3648750Z Entering 'FEX/External/zydis'
2026-10-03T07:58:24.3875810Z Entering 'FEX/External/zydis/dependencies/zycore'
2026-10-03T07:58:24.4085940Z Entering 'FEX/Source/Common/cpp-optparse'
2026-10-03T07:58:24.4290700Z Entering 'dxmt'
2026-10-03T07:58:24.4434900Z Entering 'dxmt/external/nvapi'
2026-10-03T07:58:24.4575080Z Entering 'dxmt/include/native/directx'
2026-10-03T07:58:24.4718900Z Entering 'madeira-dock'
2026-10-03T07:58:24.4860810Z Entering 'wine'
2026-10-03T07:58:24.5034290Z [command]/opt/homebrew/bin/git submodule foreach --recursive git config --local --add 'url.https://github.com/.insteadOf' 'org-309539288@github.com:'
2026-10-03T07:58:24.5833470Z Entering 'FEX'
2026-10-03T07:58:24.6040430Z Entering 'FEX/External/Catch2'
2026-10-03T07:58:24.6270700Z Entering 'FEX/External/Vulkan-Headers'
2026-10-03T07:58:24.6488760Z Entering 'FEX/External/drm-headers'
2026-10-03T07:58:24.6657060Z Entering 'FEX/External/fex-gcc-target-tests-bins'
2026-10-03T07:58:24.6803210Z Entering 'FEX/External/fex-gvisor-tests-bins'
2026-10-03T07:58:24.6953030Z Entering 'FEX/External/fex-posixtest-bins'
2026-10-03T07:58:24.7096290Z Entering 'FEX/External/fmt'
2026-10-03T07:58:24.7230590Z Entering 'FEX/External/jemalloc_glibc'
2026-10-03T07:58:24.7370180Z Entering 'FEX/External/range-v3'
2026-10-03T07:58:24.7559450Z Entering 'FEX/External/range-v3/doc/gh-pages'
2026-10-03T07:58:24.7806190Z Entering 'FEX/External/rpmalloc'
2026-10-03T07:58:24.8010570Z Entering 'FEX/External/tracy'
2026-10-03T07:58:24.8204120Z Entering 'FEX/External/unordered_dense'
2026-10-03T07:58:24.8416800Z Entering 'FEX/External/vixl'
2026-10-03T07:58:24.8599780Z Entering 'FEX/External/xxhash'
2026-10-03T07:58:24.8736640Z Entering 'FEX/External/zydis'
2026-10-03T07:58:24.8873110Z Entering 'FEX/External/zydis/dependencies/zycore'
2026-10-03T07:58:24.9011830Z Entering 'FEX/Source/Common/cpp-optparse'
2026-10-03T07:58:24.9151670Z Entering 'dxmt'
2026-10-03T07:58:24.9278810Z Entering 'dxmt/external/nvapi'
2026-10-03T07:58:24.9408560Z Entering 'dxmt/include/native/directx'
2026-10-03T07:58:24.9554780Z Entering 'madeira-dock'
2026-10-03T07:58:24.9703950Z Entering 'wine'
2026-10-03T07:58:24.9870100Z ##[endgroup]
2026-10-03T07:58:24.9968720Z [command]/opt/homebrew/bin/git log -1 --format=%H
2026-10-03T07:58:25.0029020Z f980a0cd2dafa3316cc1ffaacb974f04e460df1e
2026-10-03T07:58:25.0387650Z ##[group]Run xcodebuild -version
2026-10-03T07:58:25.0387980Z [36;1mxcodebuild -version[0m
2026-10-03T07:58:25.0388360Z [36;1mxcrun --sdk appletvos --show-sdk-version[0m
2026-10-03T07:58:25.0388620Z [36;1mpython3 --version[0m
2026-10-03T07:58:25.0388910Z [36;1mbrew install bison flex 2>&1 | tail -3[0m
2026-10-03T07:58:25.0399280Z [36;1mecho "$(brew --prefix bison)/bin" >> $GITHUB_PATH[0m
2026-10-03T07:58:25.0399660Z [36;1mecho "$(brew --prefix flex)/bin" >> $GITHUB_PATH[0m
2026-10-03T07:58:25.0641640Z shell: /bin/bash -e {0}
2026-10-03T07:58:25.0641870Z ##[endgroup]
2026-10-03T07:58:25.3517940Z Xcode 16.4
2026-10-03T07:58:25.3527420Z Build version 16F6
2026-10-03T07:58:27.0126870Z 18.5
2026-10-03T07:58:27.1208990Z Python 3.14.7
2026-10-03T07:58:29.4115800Z For compilers to find flex you may need to set:
2026-10-03T07:58:29.4116240Z   export LDFLAGS="-L/opt/homebrew/opt/flex/lib"
2026-10-03T07:58:29.4116560Z   export CPPFLAGS="-I/opt/homebrew/opt/flex/include"
2026-10-03T07:58:29.4803110Z ##[group]Run set -e
2026-10-03T07:58:29.4803340Z [36;1mset -e[0m
2026-10-03T07:58:29.4803900Z [36;1mmkdir -p toolchains[0m
2026-10-03T07:58:29.4804110Z [36;1mcd toolchains[0m
2026-10-03T07:58:29.4804320Z [36;1mcurl -sSL -o llvm-mingw.tar.xz \[0m
2026-10-03T07:58:29.4804890Z [36;1m  https://github.com/mstorsjo/llvm-mingw/releases/download/20260421/llvm-mingw-20260421-ucrt-macos-universal.tar.xz[0m
2026-10-03T07:58:29.4805380Z [36;1mtar -xJf llvm-mingw.tar.xz[0m
2026-10-03T07:58:29.4805620Z [36;1mls -d llvm-mingw-*/[0m
2026-10-03T07:58:29.4805960Z [36;1mecho "$(pwd)/llvm-mingw-20260421-ucrt-macos-universal/bin" >> $GITHUB_PATH[0m
2026-10-03T07:58:29.4854150Z shell: /bin/bash -e {0}
2026-10-03T07:58:29.4854370Z ##[endgroup]
2026-10-03T07:58:41.2225640Z llvm-mingw-20260421-ucrt-macos-universal/
2026-10-03T07:58:41.2283940Z ##[group]Run set -o pipefail
2026-10-03T07:58:41.2284320Z [36;1mset -o pipefail[0m
2026-10-03T07:58:41.2284590Z [36;1mcd wine[0m
2026-10-03T07:58:41.2284820Z [36;1mmkdir -p build-macos[0m
2026-10-03T07:58:41.2285120Z [36;1mcd build-macos[0m
2026-10-03T07:58:41.2285540Z [36;1mif [ ! -f config.status ]; then[0m
2026-10-03T07:58:41.2285970Z [36;1m  ../configure --without-x --without-freetype --without-fontconfig \[0m
2026-10-03T07:58:41.2286360Z [36;1m    --without-vulkan --without-opengl \[0m
2026-10-03T07:58:41.2286830Z [36;1m    --enable-wineandroid=no 2>&1 | tee ../../wine-build-macos-config.log[0m
2026-10-03T07:58:41.2287260Z [36;1m  echo "=== configure rc=${PIPESTATUS[0]} ==="[0m
2026-10-03T07:58:41.2287590Z [36;1mfi[0m
2026-10-03T07:58:41.2287910Z [36;1mls include/config.h >/dev/null && echo "config.h OK"[0m
2026-10-03T07:58:41.2288420Z [36;1mls tools/winebuild/winebuild >/dev/null && echo "winebuild OK" || echo "winebuild not built yet"[0m
2026-10-03T07:58:41.2346820Z shell: /bin/bash -e {0}
2026-10-03T07:58:41.2347440Z ##[endgroup]
2026-10-03T07:58:41.3932710Z configure: WARNING: unrecognized options: --enable-wineandroid
2026-10-03T07:58:41.4891350Z checking build system type... aarch64-apple-darwin24.6.0
2026-10-03T07:58:41.4891870Z checking host system type... aarch64-apple-darwin24.6.0
2026-10-03T07:58:41.4898700Z checking for gcc... gcc
2026-10-03T07:58:42.6864310Z checking whether the C compiler works... yes
2026-10-03T07:58:42.6864740Z checking for C compiler default output file name... a.out
2026-10-03T07:58:42.7619590Z checking for suffix of executables... 
2026-10-03T07:58:42.9279130Z checking whether we are cross compiling... no
2026-10-03T07:58:42.9678440Z checking for suffix of object files... o
2026-10-03T07:58:43.0025700Z checking whether the compiler supports GNU C... yes
2026-10-03T07:58:43.0372200Z checking whether gcc accepts -g... yes
2026-10-03T07:58:43.1225030Z checking for gcc option to enable C11 features... none needed
2026-10-03T07:58:43.1232580Z checking for g++... g++
2026-10-03T07:58:44.1495160Z checking whether the compiler supports GNU C++... yes
2026-10-03T07:58:44.1826660Z checking whether g++ accepts -g... yes
2026-10-03T07:58:44.4238320Z checking for g++ option to enable C++11 features... none needed
2026-10-03T07:58:44.4244590Z checking for cpp... cpp
2026-10-03T07:58:44.4419440Z checking for ld... ld
2026-10-03T07:58:44.4422860Z checking for the directory containing the Wine tools... none needed
2026-10-03T07:58:44.4424440Z checking for flex... flex
2026-10-03T07:58:44.8548060Z checking whether flex is recent enough... yes
2026-10-03T07:58:44.8550240Z checking for bison... bison
2026-10-03T07:58:45.2913730Z checking whether bison is recent enough... yes
2026-10-03T07:58:45.2920340Z checking for strip... strip
2026-10-03T07:58:45.2920800Z checking whether ln -s works... yes
2026-10-03T07:58:45.2923250Z checking for pkg-config... pkg-config
2026-10-03T07:58:45.2934190Z checking for msgfmt... msgfmt
2026-10-03T07:58:45.3502770Z checking whether msgfmt supports contexts... yes
2026-10-03T07:58:45.3529410Z checking for aarch64-w64-mingw32-clang... aarch64-w64-mingw32-clang
2026-10-03T07:58:45.7343120Z checking whether aarch64-w64-mingw32-clang supports -target aarch64-windows -fuse-ld=lld -Wl,-subsystem:console -Wl,-WX --no-default-config... yes
2026-10-03T07:58:46.0435210Z checking for aarch64-w64-mingw32-clang option to enable C99 features... -D__STDC__
2026-10-03T07:58:46.1306330Z checking whether aarch64-w64-mingw32-clang supports SEH directives... yes
2026-10-03T07:58:46.2501250Z checking whether aarch64-w64-mingw32-clang supports -fno-strict-aliasing... yes
2026-10-03T07:58:46.3564970Z checking whether aarch64-w64-mingw32-clang supports -Werror=unknown-warning-option... yes
2026-10-03T07:58:46.4667740Z checking whether aarch64-w64-mingw32-clang supports -Werror=unused-command-line-argument... yes
2026-10-03T07:58:46.5776010Z checking whether aarch64-w64-mingw32-clang supports -Werror=ignored-optimization-argument... yes
2026-10-03T07:58:46.6840010Z checking whether aarch64-w64-mingw32-clang supports -Werror=unsupported-floating-point-opt... yes
2026-10-03T07:58:46.7932510Z checking whether aarch64-w64-mingw32-clang supports -Wdeclaration-after-statement... yes
2026-10-03T07:58:46.9190360Z checking whether aarch64-w64-mingw32-clang supports -Wempty-body... yes
2026-10-03T07:58:47.0315120Z checking whether aarch64-w64-mingw32-clang supports -Wignored-qualifiers... yes
2026-10-03T07:58:47.1388190Z checking whether aarch64-w64-mingw32-clang supports -Winit-self... yes
2026-10-03T07:58:47.2409610Z checking whether aarch64-w64-mingw32-clang supports -Wpacked-not-aligned... no
2026-10-03T07:58:47.3518610Z checking whether aarch64-w64-mingw32-clang supports -Wmicrosoft-enum-forward-reference... yes
2026-10-03T07:58:47.4478710Z checking whether aarch64-w64-mingw32-clang supports -Wshift-overflow=2... no
2026-10-03T07:58:47.5701440Z checking whether aarch64-w64-mingw32-clang supports -Wstrict-prototypes... yes
2026-10-03T07:58:47.6742050Z checking whether aarch64-w64-mingw32-clang supports -Wtype-limits... yes
2026-10-03T07:58:47.7804800Z checking whether aarch64-w64-mingw32-clang supports -Wunused-but-set-parameter... yes
2026-10-03T07:58:47.8999060Z checking whether aarch64-w64-mingw32-clang supports -Wvla... yes
2026-10-03T07:58:48.0060270Z checking whether aarch64-w64-mingw32-clang supports -Wwrite-strings... yes
2026-10-03T07:58:48.1109230Z checking whether aarch64-w64-mingw32-clang supports -Wpointer-arith... yes
2026-10-03T07:58:48.2091330Z checking whether aarch64-w64-mingw32-clang supports -Wlogical-op... no
2026-10-03T07:58:48.3213440Z checking whether aarch64-w64-mingw32-clang supports -Wabsolute-value... yes
2026-10-03T07:58:48.4370880Z checking whether aarch64-w64-mingw32-clang supports -Wenum-enum-conversion... yes
2026-10-03T07:58:48.5456560Z checking whether aarch64-w64-mingw32-clang supports -ffunction-sections... yes
2026-10-03T07:58:48.6512440Z checking whether aarch64-w64-mingw32-clang supports -fasync-exceptions -DMIN_CLANG_VERSION=19... yes
2026-10-03T07:58:48.7822320Z checking whether aarch64-w64-mingw32-clang supports -ffp-exception-behavior=maytrap... yes
2026-10-03T07:58:48.8943920Z checking whether aarch64-w64-mingw32-clang supports -fms-hotpatch -DMIN_CLANG_VERSION=18... no
2026-10-03T07:58:48.9755290Z checking whether aarch64-w64-mingw32-clang supports -flarge-source-files -Wmisleading-indentation... no
2026-10-03T07:58:49.0911170Z checking whether aarch64-w64-mingw32-clang supports -Wl,-debug:dwarf... yes
2026-10-03T07:58:49.1983290Z checking whether aarch64-w64-mingw32-clang supports -gdwarf-4... yes
2026-10-03T07:58:49.2640560Z checking for i386_set_ldt in -li386... no
2026-10-03T07:58:49.3722710Z checking for  option for large files... none needed
2026-10-03T07:58:49.4095490Z checking for  option for timestamps after 2038... none needed
2026-10-03T07:58:49.4448330Z checking for stdio.h... yes
2026-10-03T07:58:49.4928580Z checking for stdlib.h... yes
2026-10-03T07:58:49.5382170Z checking for string.h... yes
2026-10-03T07:58:49.5826750Z checking for inttypes.h... yes
2026-10-03T07:58:49.6272590Z checking for stdint.h... yes
2026-10-03T07:58:49.6727640Z checking for strings.h... yes
2026-10-03T07:58:49.7177120Z checking for sys/stat.h... yes
2026-10-03T07:58:49.7731630Z checking for sys/types.h... yes
2026-10-03T07:58:49.8325060Z checking for unistd.h... yes
2026-10-03T07:58:49.8847990Z checking for CL/cl.h... no
2026-10-03T07:58:50.0104080Z checking for OpenCL/opencl.h... yes
2026-10-03T07:58:50.0822160Z checking for arpa/inet.h... yes
2026-10-03T07:58:50.1344800Z checking for arpa/nameser.h... yes
2026-10-03T07:58:50.1886990Z checking for asm/termbits.h... no
2026-10-03T07:58:50.2622600Z checking for asm/types.h... no
2026-10-03T07:58:50.3446920Z checking for asm/user.h... no
2026-10-03T07:58:50.4164520Z checking for bluetooth/bluetooth.h... no
2026-10-03T07:58:50.4901500Z checking for elf.h... no
2026-10-03T07:58:50.5732340Z checking for gettext-po.h... no
2026-10-03T07:58:50.6492390Z checking for link.h... no
2026-10-03T07:58:50.7287630Z checking for linux/cdrom.h... no
2026-10-03T07:58:50.8136990Z checking for linux/filter.h... no
2026-10-03T07:58:50.8845850Z checking for linux/fs.h... no
2026-10-03T07:58:50.9607870Z checking for linux/hdreg.h... no
2026-10-03T07:58:51.1613740Z checking for linux/hidraw.h... no
2026-10-03T07:58:51.2758620Z checking for linux/input.h... no
2026-10-03T07:58:51.3681950Z checking for linux/ioctl.h... no
2026-10-03T07:58:51.4493480Z checking for linux/major.h... no
2026-10-03T07:58:51.5247200Z checking for linux/memfd.h... no
2026-10-03T07:58:51.6069850Z checking for linux/ntsync.h... no
2026-10-03T07:58:51.6894920Z checking for linux/param.h... no
2026-10-03T07:58:51.7657690Z checking for linux/serial.h... no
2026-10-03T07:58:51.8466490Z checking for linux/types.h... no
2026-10-03T07:58:51.9172320Z checking for linux/ucdrom.h... no
2026-10-03T07:58:51.9878650Z checking for linux/userfaultfd.h... no
2026-10-03T07:58:52.0511580Z checking for linux/wireless.h... no
2026-10-03T07:58:52.1213410Z checking for lwp.h... no
2026-10-03T07:58:52.1961630Z checking for mach-o/loader.h... yes
2026-10-03T07:58:52.5095580Z checking for mach/mach.h... yes
2026-10-03T07:58:52.5791220Z checking for machine/cpu.h... no
2026-10-03T07:58:52.6529930Z checking for machine/sysarch.h... no
2026-10-03T07:58:52.7387340Z checking for mntent.h... no
2026-10-03T07:58:52.8074110Z checking for netdb.h... yes
2026-10-03T07:58:52.8586230Z checking for netinet/in.h... yes
2026-10-03T07:58:52.9042300Z checking for netinet/in_systm.h... yes
2026-10-03T07:58:52.9845940Z checking for netinet/tcp.h... yes
2026-10-03T07:58:53.0556420Z checking for netinet/tcp_fsm.h... yes
2026-10-03T07:58:53.1083130Z checking for pcap/pcap.h... yes
2026-10-03T07:58:53.1696210Z checking for port.h... no
2026-10-03T07:58:53.2377140Z checking for pwd.h... yes
2026-10-03T07:58:53.2862860Z checking for sched.h... yes
2026-10-03T07:58:53.3375430Z checking for scsi/scsi.h... no
2026-10-03T07:58:53.4180660Z checking for scsi/scsi_ioctl.h... no
2026-10-03T07:58:53.4886530Z checking for scsi/sg.h... no
2026-10-03T07:58:53.5606300Z checking for sys/attr.h... yes
2026-10-03T07:58:53.6218420Z checking for sys/auxv.h... no
2026-10-03T07:58:53.6944350Z checking for sys/cdio.h... no
2026-10-03T07:58:53.7758850Z checking for sys/epoll.h... no
2026-10-03T07:58:53.8474770Z checking for sys/event.h... yes
2026-10-03T07:58:53.9047810Z checking for sys/extattr.h... no
2026-10-03T07:58:53.9667980Z checking for sys/filio.h... yes
2026-10-03T07:58:54.0090430Z checking for sys/ipc.h... yes
2026-10-03T07:58:54.0572110Z checking for sys/link.h... no
2026-10-03T07:58:54.1267110Z checking for sys/modem.h... no
2026-10-03T07:58:54.1977730Z checking for sys/mtio.h... no
2026-10-03T07:58:54.2653150Z checking for sys/param.h... yes
2026-10-03T07:58:54.3393410Z checking for sys/prctl.h... no
2026-10-03T07:58:54.4017110Z checking for sys/ptrace.h... yes
2026-10-03T07:58:54.4466260Z checking for sys/queue.h... yes
2026-10-03T07:58:54.4906710Z checking for sys/random.h... yes
2026-10-03T07:58:54.5351250Z checking for sys/resource.h... yes
2026-10-03T07:58:54.5861910Z checking for sys/scsiio.h... no
2026-10-03T07:58:54.6522070Z checking for sys/shm.h... yes
2026-10-03T07:58:54.7013420Z checking for sys/signal.h... yes
2026-10-03T07:58:54.7564760Z checking for sys/socketvar.h... yes
2026-10-03T07:58:54.8044290Z checking for sys/sockio.h... yes
2026-10-03T07:58:54.8485050Z checking for sys/statvfs.h... yes
2026-10-03T07:58:54.8988680Z checking for sys/strtio.h... no
2026-10-03T07:58:54.9607500Z checking for sys/syscall.h... yes
2026-10-03T07:58:55.0104020Z checking for sys/sysinfo.h... no
2026-10-03T07:58:55.0759540Z checking for sys/times.h... yes
2026-10-03T07:58:55.1354940Z checking for sys/uio.h... yes
2026-10-03T07:58:55.1871650Z checking for sys/user.h... yes
2026-10-03T07:58:55.2342570Z checking for sys/utsname.h... yes
2026-10-03T07:58:55.2798980Z checking for sys/vnode.h... yes
2026-10-03T07:58:55.3248190Z checking for sys/xattr.h... yes
2026-10-03T07:58:55.3759560Z checking for syscall.h... no
2026-10-03T07:58:55.4431880Z checking for utime.h... yes
2026-10-03T07:58:55.5011600Z checking for valgrind/memcheck.h... no
2026-10-03T07:58:55.5733790Z checking for valgrind/valgrind.h... no
2026-10-03T07:58:55.6442990Z checking for sys/mkdev.h... no
2026-10-03T07:58:55.7174000Z checking for sys/sysmacros.h... no
2026-10-03T07:58:55.7825980Z checking for sys/conf.h... yes
2026-10-03T07:58:55.8267790Z checking for sys/mount.h... yes
2026-10-03T07:58:55.8733990Z checking for sys/statfs.h... no
2026-10-03T07:58:55.8734470Z checking for sys/user.h... (cached) yes
2026-10-03T07:58:55.9370450Z checking for sys/vfs.h... no
2026-10-03T07:58:55.9945220Z checking for sys/sysctl.h... yes
2026-10-03T07:58:56.0328320Z checking for netinet/ip.h... yes
2026-10-03T07:58:56.0750390Z checking for net/if.h... yes
2026-10-03T07:58:56.1197540Z checking for net/if_arp.h... yes
2026-10-03T07:58:56.1707540Z checking for net/if_dl.h... yes
2026-10-03T07:58:56.2143100Z checking for net/if_types.h... yes
2026-10-03T07:58:56.2578550Z checking for net/route.h... yes
2026-10-03T07:58:56.3010850Z checking for netinet/if_ether.h... yes
2026-10-03T07:58:56.3462140Z checking for netinet/in_pcb.h... yes
2026-10-03T07:58:56.3960650Z checking for netinet/ip_icmp.h... yes
2026-10-03T07:58:56.4475910Z checking for netinet/ip_var.h... yes
2026-10-03T07:58:56.4909630Z checking for netinet/udp.h... yes
2026-10-03T07:58:56.5423290Z checking for netinet6/ip6_var.h... no
2026-10-03T07:58:56.6100460Z checking for netipx/ipx.h... no
2026-10-03T07:58:56.6709770Z checking for sys/un.h... yes
2026-10-03T07:58:56.7386050Z checking for netinet/udp_var.h... yes
2026-10-03T07:58:56.7836500Z checking for netinet/icmp_var.h... yes
2026-10-03T07:58:56.8275580Z checking for netinet/icmp6.h... yes
2026-10-03T07:58:56.8731990Z checking for netinet/tcp_var.h... yes
2026-10-03T07:58:56.9275150Z checking for linux/ipx.h... no
2026-10-03T07:58:56.9893030Z checking for linux/irda.h... no
2026-10-03T07:58:57.0680520Z checking for linux/rtnetlink.h... no
2026-10-03T07:58:57.1342160Z checking for resolv.h... yes
2026-10-03T07:58:57.1765190Z checking for ifaddrs.h... yes
2026-10-03T07:58:57.2164040Z checking for sys/ucontext.h... yes
2026-10-03T07:58:57.2691650Z checking for sys/thr.h... no
2026-10-03T07:58:57.3393950Z checking for pthread_np.h... no
2026-10-03T07:58:57.4271770Z checking for linux/videodev2.h... no
2026-10-03T07:58:57.4893670Z checking for libprocstat.h... no
2026-10-03T07:58:57.5537430Z checking for bluetooth/rfcomm.h... no
2026-10-03T07:58:57.6175360Z checking whether getxattr takes additional arguments... yes
2026-10-03T07:58:57.6181610Z checking for ldd... true
2026-10-03T07:58:57.6186410Z checking for otool... otool
2026-10-03T07:58:57.6191340Z checking for readelf... no
2026-10-03T07:58:57.6207080Z checking for gcc... gcc
2026-10-03T07:58:57.7885950Z checking whether the compiler supports GNU Objective C... yes
2026-10-03T07:58:57.8226130Z checking whether gcc accepts -g... yes
2026-10-03T07:58:58.4246870Z checking whether MTLDevice protocol supports registryID property... yes
2026-10-03T07:58:58.6179020Z checking for pthread_create... yes
2026-10-03T07:58:58.6990230Z checking how to run the C preprocessor... gcc -E
2026-10-03T07:58:58.7920060Z checking for X... disabled
2026-10-03T07:58:59.0289170Z checking for pcap_init in -lpcap... yes
2026-10-03T07:58:59.0854680Z checking for SCardEstablishContext in -lpcsclite... no
2026-10-03T07:58:59.1773490Z checking for sys/inotify.h... no
2026-10-03T07:58:59.2460150Z checking for inotify_add_watch in -linotify... no
2026-10-03T07:58:59.3358910Z checking for gnutls/gnutls.h... yes
2026-10-03T07:58:59.9172250Z checking for -lgnutls... libgnutls.30.dylib
2026-10-03T07:58:59.9937710Z checking for gnutls_cipher_init... yes
2026-10-03T07:59:00.1045290Z checking for libusb.h... yes
2026-10-03T07:59:00.2236240Z checking for libusb_interrupt_event_handler in -lusb-1.0... yes
2026-10-03T07:59:00.2919130Z checking for -lv4l2... not found
2026-10-03T07:59:00.3849880Z checking for gphoto2-camera.h... no
2026-10-03T07:59:00.4869590Z checking for gphoto2-port.h... no
2026-10-03T07:59:00.7231180Z checking for resolver library... -lresolv
2026-10-03T07:59:00.8143330Z checking for res_getservers... yes
2026-10-03T07:59:00.9444390Z checking for pthread_getthreadid_np... no
2026-10-03T07:59:01.1331870Z checking for snd_pcm_hw_params_get_access_mask in -lasound... no
2026-10-03T07:59:01.2059850Z checking for sys/soundcard.h... no
2026-10-03T07:59:01.3055230Z checking for libudev.h... no
2026-10-03T07:59:01.4194760Z checking for SDL.h... no
2026-10-03T07:59:01.5577620Z checking for cups/cups.h... yes
2026-10-03T07:59:01.6166880Z checking for cups/ppd.h... yes
2026-10-03T07:59:01.7001410Z checking for -lcups... libcups.2.dylib
2026-10-03T07:59:01.8039390Z checking for krb5/krb5.h... yes
2026-10-03T07:59:01.9351850Z checking for -lkrb5... not found
2026-10-03T07:59:01.9923130Z checking for -lodbc... not found
2026-10-03T07:59:02.1052980Z checking whether the compiler supports -Werror=unknown-warning-option... yes
2026-10-03T07:59:02.1774220Z checking whether the compiler supports -Werror=unused-command-line-argument... yes
2026-10-03T07:59:02.2460720Z checking whether the compiler supports -Werror=ignored-optimization-argument... yes
2026-10-03T07:59:02.3150140Z checking whether the compiler supports -fcf-protection=none... yes
2026-10-03T07:59:02.4086570Z checking whether the compiler supports -fvisibility=hidden... yes
2026-10-03T07:59:02.4773850Z checking whether the compiler supports -fno-stack-protector... yes
2026-10-03T07:59:02.5460330Z checking whether the compiler supports -fno-strict-aliasing... yes
2026-10-03T07:59:02.6132620Z checking whether the compiler supports -Wdeclaration-after-statement... yes
2026-10-03T07:59:02.6937900Z checking whether the compiler supports -Wempty-body... yes
2026-10-03T07:59:02.7605470Z checking whether the compiler supports -Wignored-qualifiers... yes
2026-10-03T07:59:02.8297300Z checking whether the compiler supports -Winit-self... yes
2026-10-03T07:59:02.8830760Z checking whether the compiler supports -Wlogical-op... no
2026-10-03T07:59:02.9460240Z checking whether the compiler supports -Wpacked-not-aligned... no
2026-10-03T07:59:03.0365620Z checking whether the compiler supports -Wpointer-arith... yes
2026-10-03T07:59:03.0804920Z checking whether the compiler supports -Wshift-overflow=2... no
2026-10-03T07:59:03.1715340Z checking whether the compiler supports -Wstrict-prototypes... yes
2026-10-03T07:59:03.2407980Z checking whether the compiler supports -Wtype-limits... yes
2026-10-03T07:59:03.3230220Z checking whether the compiler supports -Wunused-but-set-parameter... yes
2026-10-03T07:59:03.3933340Z checking whether the compiler supports -Wvla... yes
2026-10-03T07:59:03.4660400Z checking whether the compiler supports -Wwrite-strings... yes
2026-10-03T07:59:03.5229400Z checking whether the compiler supports -flarge-source-files -Wmisleading-indentation... no
2026-10-03T07:59:03.5703940Z checking for flags needed for 64-bit compare-and-swap support... none needed
2026-10-03T07:59:03.6442110Z checking whether the compiler supports -gdwarf-4... yes
2026-10-03T07:59:03.6900710Z checking for the need to disable Fortify... yes
2026-10-03T07:59:03.7563740Z checking whether CFI directives are supported in assembly code... yes
2026-10-03T07:59:03.8263400Z checking for library containing dlopen... none required
2026-10-03T07:59:03.8913020Z checking for dladdr1... no
2026-10-03T07:59:03.9836360Z checking for dlinfo... no
2026-10-03T07:59:04.0731000Z checking for epoll_create... no
2026-10-03T07:59:04.1845480Z checking for epoll_pwait2... no
2026-10-03T07:59:04.2917130Z checking for fstatfs... yes
2026-10-03T07:59:04.3798440Z checking for futimens... yes
2026-10-03T07:59:04.4733330Z checking for futimes... yes
2026-10-03T07:59:04.5660300Z checking for futimesat... no
2026-10-03T07:59:04.6510920Z checking for getaddrinfo... yes
2026-10-03T07:59:04.7346870Z checking for getattrlist... yes
2026-10-03T07:59:04.8121010Z checking for getauxval... no
2026-10-03T07:59:04.8952160Z checking for getifaddrs... yes
2026-10-03T07:59:04.9849890Z checking for getrandom... no
2026-10-03T07:59:05.0697040Z checking for kqueue... yes
2026-10-03T07:59:05.1379050Z checking for memfd_create... no
2026-10-03T07:59:05.2178310Z checking for pipe2... no
2026-10-03T07:59:05.3170800Z checking for port_create... no
2026-10-03T07:59:05.3993450Z checking for posix_fadvise... no
2026-10-03T07:59:05.4891350Z checking for posix_fallocate... no
2026-10-03T07:59:05.5793390Z checking for prctl... no
2026-10-03T07:59:05.6830070Z checking for process_vm_readv... no
2026-10-03T07:59:05.7762830Z checking for process_vm_writev... no
2026-10-03T07:59:05.8599630Z checking for sched_getcpu... no
2026-10-03T07:59:05.9627600Z checking for sched_yield... yes
2026-10-03T07:59:06.0411060Z checking for setproctitle... no
2026-10-03T07:59:06.1315220Z checking for setprogname... yes
2026-10-03T07:59:06.2009720Z checking for sigprocmask... yes
2026-10-03T07:59:06.2715980Z checking for sysinfo... no
2026-10-03T07:59:06.3654200Z checking for tcdrain... yes
2026-10-03T07:59:06.4321770Z checking for thr_kill2... no
2026-10-03T07:59:06.5332870Z checking for library containing clock_gettime... none required
2026-10-03T07:59:06.5805240Z checking for sched_setaffinity... no
2026-10-03T07:59:06.6528240Z checking whether we can use re-entrant gethostbyname_r Linux style... no
2026-10-03T07:59:06.7160130Z checking for struct sockaddr_un.sun_len... yes
2026-10-03T07:59:06.8288600Z checking for sg_io_hdr_t.interface_id... no
2026-10-03T07:59:06.9662740Z checking for siginfo_t.si_fd... no
2026-10-03T07:59:07.1013980Z checking for struct mtget.mt_blksiz... no
2026-10-03T07:59:07.2261160Z checking for struct mtget.mt_gstat... no
2026-10-03T07:59:07.3510670Z checking for struct mtget.mt_blkno... no
2026-10-03T07:59:07.4928600Z checking for struct stat.st_mtim... no
2026-10-03T07:59:07.6298300Z checking for struct stat.st_mtimespec... yes
2026-10-03T07:59:07.7437240Z checking for struct stat.st_ctim... no
2026-10-03T07:59:07.8890220Z checking for struct stat.st_ctimespec... yes
2026-10-03T07:59:08.0105050Z checking for struct stat.st_atim... no
2026-10-03T07:59:08.1506750Z checking for struct stat.st_atimespec... yes
2026-10-03T07:59:08.1972130Z checking for struct stat.st_birthtime... yes
2026-10-03T07:59:08.3157900Z checking for struct stat.st_birthtim... no
2026-10-03T07:59:08.4639790Z checking for struct stat.st_birthtimespec... yes
2026-10-03T07:59:08.5882530Z checking for struct stat.__st_birthtime... no
2026-10-03T07:59:08.7354130Z checking for struct stat.__st_birthtim... no
2026-10-03T07:59:08.8340920Z checking for struct sockaddr_in6.sin6_scope_id... yes
2026-10-03T07:59:09.0332110Z checking for struct __res_state._u._ext.nscount6... no
2026-10-03T07:59:09.1962510Z checking for struct in6_pktinfo.ipi6_addr... yes
2026-10-03T07:59:09.2502060Z checking for struct ipstat.ips_total... yes
2026-10-03T07:59:09.3841260Z checking for struct ip_stats.ips_total... no
2026-10-03T07:59:09.5308610Z checking for struct ip6stat.ip6s_total... no
2026-10-03T07:59:09.5923610Z checking for struct icmpstat.icps_error... yes
2026-10-03T07:59:09.6410860Z checking for struct icmp6stat.icp6s_error... yes
2026-10-03T07:59:09.6938880Z checking for struct tcpstat.tcps_connattempt... yes
2026-10-03T07:59:09.8276510Z checking for struct tcp_stats.tcps_connattempt... no
2026-10-03T07:59:09.8920730Z checking for struct udpstat.udps_ipackets... yes
2026-10-03T07:59:10.0292810Z checking for struct ifreq.ifr_hwaddr... no
2026-10-03T07:59:10.1821520Z checking for struct sysinfo.totalram... no
2026-10-03T07:59:10.3158640Z checking for struct sysinfo.mem_unit... no
2026-10-03T07:59:10.4207230Z checking for __builtin_popcount... yes
2026-10-03T07:59:10.5300660Z checking for __clear_cache... yes
2026-10-03T07:59:10.5784340Z checking whether we need to define __aarch64__... no
2026-10-03T07:59:10.9303280Z creating Makefile rules... done
2026-10-03T07:59:11.0233140Z configure: creating ./config.status
2026-10-03T07:59:11.5318700Z config.status: creating include/config.h
2026-10-03T07:59:11.5909980Z config.status: executing include/stamp-h commands
2026-10-03T07:59:11.6067150Z config.status: executing tools/makedep commands
2026-10-03T07:59:13.4879980Z config.status: executing Makefile commands
2026-10-03T07:59:15.5621000Z ../dlls/ntdll/unix/sync.c:29: error: ../../../../build/madeira_cfg.h: No such file or directory
2026-10-03T07:59:15.5630070Z config.status: error: could not create Makefile
2026-10-03T07:59:15.6607640Z ##[error]Process completed with exit code 1.
2026-10-03T07:59:15.7021700Z ##[group]Run actions/upload-artifact@v4
2026-10-03T07:59:15.7022430Z with:
2026-10-03T07:59:15.7023020Z   name: wine-tvos-ntdll-unix-artifacts
2026-10-03T07:59:15.7023980Z   path: build/ntdll-unix/obj/*.a
app/Madeira/libntdll_unix.a
build/ntdll-unix-tvos.log

2026-10-03T07:59:15.7025120Z   if-no-files-found: warn
2026-10-03T07:59:15.7025680Z   compression-level: 6
2026-10-03T07:59:15.7026340Z   overwrite: false
2026-10-03T07:59:15.7026980Z   include-hidden-files: false
2026-10-03T07:59:15.7027540Z ##[endgroup]
2026-10-03T07:59:16.1876840Z (node:12758) [DEP0040] DeprecationWarning: The `punycode` module is deprecated. Please use a userland alternative instead.
2026-10-03T07:59:16.1877520Z (Use `node --trace-deprecation ...` to show where the warning was created)
2026-10-03T07:59:16.1926220Z Multiple search paths detected. Calculating the least common ancestor of all paths
2026-10-03T07:59:16.1927900Z The least common ancestor is /Users/runner/work/MadeiraTV/MadeiraTV. This will be the root directory of the artifact
2026-10-03T07:59:16.1946380Z ##[warning]No files were found with the provided path: build/ntdll-unix/obj/*.a
app/Madeira/libntdll_unix.a
build/ntdll-unix-tvos.log. No artifacts will be uploaded.
2026-10-03T07:59:16.2086620Z ##[warning]Unexpected input(s) 'submodule-depth', valid inputs are ['repository', 'ref', 'token', 'ssh-key', 'ssh-known-hosts', 'ssh-strict', 'ssh-user', 'persist-credentials', 'path', 'clean', 'filter', 'sparse-checkout', 'sparse-checkout-cone-mode', 'fetch-depth', 'fetch-tags', 'show-progress', 'lfs', 'submodules', 'set-safe-directory', 'github-server-url', 'allow-unsafe-pr-checkout']
2026-10-03T07:59:16.2092400Z Post job cleanup.
2026-10-03T07:59:16.3190390Z [command]/opt/homebrew/bin/git version
2026-10-03T07:59:16.3375270Z git version 2.55.0
2026-10-03T07:59:16.3407160Z Copying '/Users/runner/.gitconfig' to '/Users/runner/work/_temp/65e27c75-fd92-4807-8e0b-2089ba29e531/.gitconfig'
2026-10-03T07:59:16.3417730Z Temporarily overriding HOME='/Users/runner/work/_temp/65e27c75-fd92-4807-8e0b-2089ba29e531' before making global git config changes
2026-10-03T07:59:16.3418580Z Adding repository directory to the temporary git global config as a safe directory
2026-10-03T07:59:16.3425500Z [command]/opt/homebrew/bin/git config --global --add safe.directory /Users/runner/work/MadeiraTV/MadeiraTV
2026-10-03T07:59:16.3528660Z [command]/opt/homebrew/bin/git config --local --name-only --get-regexp core\.sshCommand
2026-10-03T07:59:16.3621910Z [command]/opt/homebrew/bin/git submodule foreach --recursive sh -c "git config --local --name-only --get-regexp 'core\.sshCommand' && git config --local --unset-all 'core.sshCommand' || :"
2026-10-03T07:59:16.4822430Z Entering 'FEX'
2026-10-03T07:59:16.5199770Z Entering 'FEX/External/Catch2'
2026-10-03T07:59:16.5526600Z Entering 'FEX/External/Vulkan-Headers'
2026-10-03T07:59:16.5890100Z Entering 'FEX/External/drm-headers'
2026-10-03T07:59:16.6267610Z Entering 'FEX/External/fex-gcc-target-tests-bins'
2026-10-03T07:59:16.6534370Z Entering 'FEX/External/fex-gvisor-tests-bins'
2026-10-03T07:59:16.6816340Z Entering 'FEX/External/fex-posixtest-bins'
2026-10-03T07:59:16.7138680Z Entering 'FEX/External/fmt'
2026-10-03T07:59:16.7418210Z Entering 'FEX/External/jemalloc_glibc'
2026-10-03T07:59:16.7719880Z Entering 'FEX/External/range-v3'
2026-10-03T07:59:16.8061850Z Entering 'FEX/External/range-v3/doc/gh-pages'
2026-10-03T07:59:16.8368600Z Entering 'FEX/External/rpmalloc'
2026-10-03T07:59:16.8647880Z Entering 'FEX/External/tracy'
2026-10-03T07:59:16.8992010Z Entering 'FEX/External/unordered_dense'
2026-10-03T07:59:16.9320320Z Entering 'FEX/External/vixl'
2026-10-03T07:59:17.0000010Z Entering 'FEX/External/xxhash'
2026-10-03T07:59:17.0313670Z Entering 'FEX/External/zydis'
2026-10-03T07:59:17.0587290Z Entering 'FEX/External/zydis/dependencies/zycore'
2026-10-03T07:59:17.0857150Z Entering 'FEX/Source/Common/cpp-optparse'
2026-10-03T07:59:17.1139870Z Entering 'dxmt'
2026-10-03T07:59:17.1416330Z Entering 'dxmt/external/nvapi'
2026-10-03T07:59:17.1679480Z Entering 'dxmt/include/native/directx'
2026-10-03T07:59:17.1988100Z Entering 'madeira-dock'
2026-10-03T07:59:17.2257970Z Entering 'wine'
2026-10-03T07:59:17.2580630Z [command]/opt/homebrew/bin/git config --local --name-only --get-regexp http\.https\:\/\/github\.com\/\.extraheader
2026-10-03T07:59:17.2645360Z http.https://github.com/.extraheader
2026-10-03T07:59:17.2658110Z [command]/opt/homebrew/bin/git config --local --unset-all http.https://github.com/.extraheader
2026-10-03T07:59:17.2738500Z [command]/opt/homebrew/bin/git submodule foreach --recursive sh -c "git config --local --name-only --get-regexp 'http\.https\:\/\/github\.com\/\.extraheader' && git config --local --unset-all 'http.https://github.com/.extraheader' || :"
2026-10-03T07:59:17.3514500Z Entering 'FEX'
2026-10-03T07:59:17.3650540Z http.https://github.com/.extraheader
2026-10-03T07:59:17.3775320Z Entering 'FEX/External/Catch2'
2026-10-03T07:59:17.3948260Z http.https://github.com/.extraheader
2026-10-03T07:59:17.4082210Z Entering 'FEX/External/Vulkan-Headers'
2026-10-03T07:59:17.4230060Z http.https://github.com/.extraheader
2026-10-03T07:59:17.4350580Z Entering 'FEX/External/drm-headers'
2026-10-03T07:59:17.4496440Z http.https://github.com/.extraheader
2026-10-03T07:59:17.4626120Z Entering 'FEX/External/fex-gcc-target-tests-bins'
2026-10-03T07:59:17.4832830Z http.https://github.com/.extraheader
2026-10-03T07:59:17.4986420Z Entering 'FEX/External/fex-gvisor-tests-bins'
2026-10-03T07:59:17.5268940Z http.https://github.com/.extraheader
2026-10-03T07:59:17.5400720Z Entering 'FEX/External/fex-posixtest-bins'
2026-10-03T07:59:17.5539780Z http.https://github.com/.extraheader
2026-10-03T07:59:17.5661880Z Entering 'FEX/External/fmt'
2026-10-03T07:59:17.5826720Z http.https://github.com/.extraheader
2026-10-03T07:59:17.5969330Z Entering 'FEX/External/jemalloc_glibc'
2026-10-03T07:59:17.6112480Z http.https://github.com/.extraheader
2026-10-03T07:59:17.6234160Z Entering 'FEX/External/range-v3'
2026-10-03T07:59:17.6362180Z http.https://github.com/.extraheader
2026-10-03T07:59:17.6475350Z Entering 'FEX/External/range-v3/doc/gh-pages'
2026-10-03T07:59:17.6709300Z http.https://github.com/.extraheader
2026-10-03T07:59:17.7004770Z Entering 'FEX/External/rpmalloc'
2026-10-03T07:59:17.7186140Z http.https://github.com/.extraheader
2026-10-03T07:59:17.7325720Z Entering 'FEX/External/tracy'
2026-10-03T07:59:17.7483460Z http.https://github.com/.extraheader
2026-10-03T07:59:17.7603210Z Entering 'FEX/External/unordered_dense'
2026-10-03T07:59:17.7736520Z http.https://github.com/.extraheader
2026-10-03T07:59:17.7861610Z Entering 'FEX/External/vixl'
2026-10-03T07:59:17.7991850Z http.https://github.com/.extraheader
2026-10-03T07:59:17.8148620Z Entering 'FEX/External/xxhash'
2026-10-03T07:59:17.8318480Z http.https://github.com/.extraheader
2026-10-03T07:59:17.8484830Z Entering 'FEX/External/zydis'
2026-10-03T07:59:17.8675780Z http.https://github.com/.extraheader
2026-10-03T07:59:17.8888130Z Entering 'FEX/External/zydis/dependencies/zycore'
2026-10-03T07:59:17.9124340Z http.https://github.com/.extraheader
2026-10-03T07:59:17.9285540Z Entering 'FEX/Source/Common/cpp-optparse'
2026-10-03T07:59:17.9557370Z http.https://github.com/.extraheader
2026-10-03T07:59:17.9962380Z Entering 'dxmt'
2026-10-03T07:59:18.0179970Z http.https://github.com/.extraheader
2026-10-03T07:59:18.0394520Z Entering 'dxmt/external/nvapi'
2026-10-03T07:59:18.0603100Z http.https://github.com/.extraheader
2026-10-03T07:59:18.0751170Z Entering 'dxmt/include/native/directx'
2026-10-03T07:59:18.0922060Z http.https://github.com/.extraheader
2026-10-03T07:59:18.1080950Z Entering 'madeira-dock'
2026-10-03T07:59:18.1252520Z http.https://github.com/.extraheader
2026-10-03T07:59:18.1419500Z Entering 'wine'
2026-10-03T07:59:18.1589240Z http.https://github.com/.extraheader
2026-10-03T07:59:18.1755490Z [command]/opt/homebrew/bin/git config --local --name-only --get-regexp ^includeIf\.gitdir:
2026-10-03T07:59:18.1836240Z [command]/opt/homebrew/bin/git submodule foreach --recursive git config --local --show-origin --name-only --get-regexp remote.origin.url
2026-10-03T07:59:18.2841040Z Entering 'FEX'
2026-10-03T07:59:18.3145230Z file:/Users/runner/work/MadeiraTV/MadeiraTV/.git/modules/FEX/config	remote.origin.url
2026-10-03T07:59:18.3248180Z Entering 'FEX/External/Catch2'
2026-10-03T07:59:18.3450390Z file:/Users/runner/work/MadeiraTV/MadeiraTV/.git/modules/FEX/modules/External/Catch2/config	remote.origin.url
2026-10-03T07:59:18.3552110Z Entering 'FEX/External/Vulkan-Headers'
2026-10-03T07:59:18.3754260Z file:/Users/runner/work/MadeiraTV/MadeiraTV/.git/modules/FEX/modules/External/Vulkan-Headers/config	remote.origin.url
2026-10-03T07:59:18.3856080Z Entering 'FEX/External/drm-headers'
2026-10-03T07:59:18.4063030Z file:/Users/runner/work/MadeiraTV/MadeiraTV/.git/modules/FEX/modules/External/drm-headers/config	remote.origin.url
2026-10-03T07:59:18.4144230Z Entering 'FEX/External/fex-gcc-target-tests-bins'
2026-10-03T07:59:18.4268810Z file:/Users/runner/work/MadeiraTV/MadeiraTV/.git/modules/FEX/modules/External/fex-gcc-target-tests-bins/config	remote.origin.url
2026-10-03T07:59:18.4341540Z Entering 'FEX/External/fex-gvisor-tests-bins'
2026-10-03T07:59:18.4470600Z file:/Users/runner/work/MadeiraTV/MadeiraTV/.git/modules/FEX/modules/External/fex-gvisor-tests-bins/config	remote.origin.url
2026-10-03T07:59:18.4546420Z Entering 'FEX/External/fex-posixtest-bins'
2026-10-03T07:59:18.4667080Z file:/Users/runner/work/MadeiraTV/MadeiraTV/.git/modules/FEX/modules/External/fex-posixtest-bins/config	remote.origin.url
2026-10-03T07:59:18.4744230Z Entering 'FEX/External/fmt'
2026-10-03T07:59:18.4857970Z file:/Users/runner/work/MadeiraTV/MadeiraTV/.git/modules/FEX/modules/External/fmt/config	remote.origin.url
2026-10-03T07:59:18.4935440Z Entering 'FEX/External/jemalloc_glibc'
2026-10-03T07:59:18.5070610Z file:/Users/runner/work/MadeiraTV/MadeiraTV/.git/modules/FEX/modules/External/jemalloc_glibc/config	remote.origin.url
2026-10-03T07:59:18.5176730Z Entering 'FEX/External/range-v3'
2026-10-03T07:59:18.5482050Z file:/Users/runner/work/MadeiraTV/MadeiraTV/.git/modules/FEX/modules/External/range-v3/config	remote.origin.url
2026-10-03T07:59:18.5585370Z Entering 'FEX/External/range-v3/doc/gh-pages'
2026-10-03T07:59:18.5792810Z file:/Users/runner/work/MadeiraTV/MadeiraTV/.git/modules/FEX/modules/External/range-v3/modules/doc/gh-pages/config	remote.origin.url
2026-10-03T07:59:18.5850580Z Entering 'FEX/External/rpmalloc'
2026-10-03T07:59:18.6030540Z file:/Users/runner/work/MadeiraTV/MadeiraTV/.git/modules/FEX/modules/External/rpmalloc/config	remote.origin.url
2026-10-03T07:59:18.6108500Z Entering 'FEX/External/tracy'
2026-10-03T07:59:18.6274990Z file:/Users/runner/work/MadeiraTV/MadeiraTV/.git/modules/FEX/modules/External/tracy/config	remote.origin.url
2026-10-03T07:59:18.6340510Z Entering 'FEX/External/unordered_dense'
2026-10-03T07:59:18.6484910Z file:/Users/runner/work/MadeiraTV/MadeiraTV/.git/modules/FEX/modules/External/unordered_dense/config	remote.origin.url
2026-10-03T07:59:18.6550000Z Entering 'FEX/External/vixl'
2026-10-03T07:59:18.6664390Z file:/Users/runner/work/MadeiraTV/MadeiraTV/.git/modules/FEX/modules/External/vixl/config	remote.origin.url
2026-10-03T07:59:18.6741500Z Entering 'FEX/External/xxhash'
2026-10-03T07:59:18.6855030Z file:/Users/runner/work/MadeiraTV/MadeiraTV/.git/modules/FEX/modules/External/xxhash/config	remote.origin.url
2026-10-03T07:59:18.6933490Z Entering 'FEX/External/zydis'
2026-10-03T07:59:18.7208400Z file:/Users/runner/work/MadeiraTV/MadeiraTV/.git/modules/FEX/modules/External/zydis/config	remote.origin.url
2026-10-03T07:59:18.7309970Z Entering 'FEX/External/zydis/dependencies/zycore'
2026-10-03T07:59:18.7613640Z file:/Users/runner/work/MadeiraTV/MadeiraTV/.git/modules/FEX/modules/External/zydis/modules/dependencies/zycore/config	remote.origin.url
2026-10-03T07:59:18.7713220Z Entering 'FEX/Source/Common/cpp-optparse'
2026-10-03T07:59:18.7915160Z file:/Users/runner/work/MadeiraTV/MadeiraTV/.git/modules/FEX/modules/External/cpp-optparse/config	remote.origin.url
2026-10-03T07:59:18.7943010Z Entering 'dxmt'
2026-10-03T07:59:18.8089770Z file:/Users/runner/work/MadeiraTV/MadeiraTV/.git/modules/dxmt/config	remote.origin.url
2026-10-03T07:59:18.8167870Z Entering 'dxmt/external/nvapi'
2026-10-03T07:59:18.8304190Z file:/Users/runner/work/MadeiraTV/MadeiraTV/.git/modules/dxmt/modules/external/nvapi/config	remote.origin.url
2026-10-03T07:59:18.8388040Z Entering 'dxmt/include/native/directx'
2026-10-03T07:59:18.8513570Z file:/Users/runner/work/MadeiraTV/MadeiraTV/.git/modules/dxmt/modules/include/native/directx/config	remote.origin.url
2026-10-03T07:59:18.8592510Z Entering 'madeira-dock'
2026-10-03T07:59:18.8713570Z file:/Users/runner/work/MadeiraTV/MadeiraTV/.git/modules/madeira-dock/config	remote.origin.url
2026-10-03T07:59:18.8792930Z Entering 'wine'
2026-10-03T07:59:18.8912920Z file:/Users/runner/work/MadeiraTV/MadeiraTV/.git/modules/wine/config	remote.origin.url
2026-10-03T07:59:18.9009350Z [command]/opt/homebrew/bin/git config --file /Users/runner/work/MadeiraTV/MadeiraTV/.git/modules/FEX/config --name-only --get-regexp ^includeIf\.gitdir:
2026-10-03T07:59:18.9089180Z [command]/opt/homebrew/bin/git config --file /Users/runner/work/MadeiraTV/MadeiraTV/.git/modules/FEX/modules/External/Catch2/config --name-only --get-regexp ^includeIf\.gitdir:
2026-10-03T07:59:18.9173970Z [command]/opt/homebrew/bin/git config --file /Users/runner/work/MadeiraTV/MadeiraTV/.git/modules/FEX/modules/External/Vulkan-Headers/config --name-only --get-regexp ^includeIf\.gitdir:
2026-10-03T07:59:18.9245450Z [command]/opt/homebrew/bin/git config --file /Users/runner/work/MadeiraTV/MadeiraTV/.git/modules/FEX/modules/External/drm-headers/config --name-only --get-regexp ^includeIf\.gitdir:
2026-10-03T07:59:18.9314880Z [command]/opt/homebrew/bin/git config --file /Users/runner/work/MadeiraTV/MadeiraTV/.git/modules/FEX/modules/External/fex-gcc-target-tests-bins/config --name-only --get-regexp ^includeIf\.gitdir:
2026-10-03T07:59:18.9592820Z [command]/opt/homebrew/bin/git config --file /Users/runner/work/MadeiraTV/MadeiraTV/.git/modules/FEX/modules/External/fex-gvisor-tests-bins/config --name-only --get-regexp ^includeIf\.gitdir:
2026-10-03T07:59:18.9825780Z [command]/opt/homebrew/bin/git config --file /Users/runner/work/MadeiraTV/MadeiraTV/.git/modules/FEX/modules/External/fex-posixtest-bins/config --name-only --get-regexp ^includeIf\.gitdir:
2026-10-03T07:59:18.9828640Z [command]/opt/homebrew/bin/git config --file /Users/runner/work/MadeiraTV/MadeiraTV/.git/modules/FEX/modules/External/fmt/config --name-only --get-regexp ^includeIf\.gitdir:
2026-10-03T07:59:18.9830600Z [command]/opt/homebrew/bin/git config --file /Users/runner/work/MadeiraTV/MadeiraTV/.git/modules/FEX/modules/External/jemalloc_glibc/config --name-only --get-regexp ^includeIf\.gitdir:
2026-10-03T07:59:18.9839240Z [command]/opt/homebrew/bin/git config --file /Users/runner/work/MadeiraTV/MadeiraTV/.git/modules/FEX/modules/External/range-v3/config --name-only --get-regexp ^includeIf\.gitdir:
2026-10-03T07:59:18.9926540Z [command]/opt/homebrew/bin/git config --file /Users/runner/work/MadeiraTV/MadeiraTV/.git/modules/FEX/modules/External/range-v3/modules/doc/gh-pages/config --name-only --get-regexp ^includeIf\.gitdir:
2026-10-03T07:59:19.0006990Z [command]/opt/homebrew/bin/git config --file /Users/runner/work/MadeiraTV/MadeiraTV/.git/modules/FEX/modules/External/rpmalloc/config --name-only --get-regexp ^includeIf\.gitdir:
2026-10-03T07:59:19.0080130Z [command]/opt/homebrew/bin/git config --file /Users/runner/work/MadeiraTV/MadeiraTV/.git/modules/FEX/modules/External/tracy/config --name-only --get-regexp ^includeIf\.gitdir:
2026-10-03T07:59:19.0152670Z [command]/opt/homebrew/bin/git config --file /Users/runner/work/MadeiraTV/MadeiraTV/.git/modules/FEX/modules/External/unordered_dense/config --name-only --get-regexp ^includeIf\.gitdir:
2026-10-03T07:59:19.0222420Z [command]/opt/homebrew/bin/git config --file /Users/runner/work/MadeiraTV/MadeiraTV/.git/modules/FEX/modules/External/vixl/config --name-only --get-regexp ^includeIf\.gitdir:
2026-10-03T07:59:19.0292020Z [command]/opt/homebrew/bin/git config --file /Users/runner/work/MadeiraTV/MadeiraTV/.git/modules/FEX/modules/External/xxhash/config --name-only --get-regexp ^includeIf\.gitdir:
2026-10-03T07:59:19.0364070Z [command]/opt/homebrew/bin/git config --file /Users/runner/work/MadeiraTV/MadeiraTV/.git/modules/FEX/modules/External/zydis/config --name-only --get-regexp ^includeIf\.gitdir:
2026-10-03T07:59:19.0443050Z [command]/opt/homebrew/bin/git config --file /Users/runner/work/MadeiraTV/MadeiraTV/.git/modules/FEX/modules/External/zydis/modules/dependencies/zycore/config --name-only --get-regexp ^includeIf\.gitdir:
2026-10-03T07:59:19.0514050Z [command]/opt/homebrew/bin/git config --file /Users/runner/work/MadeiraTV/MadeiraTV/.git/modules/FEX/modules/External/cpp-optparse/config --name-only --get-regexp ^includeIf\.gitdir:
2026-10-03T07:59:19.0584690Z [command]/opt/homebrew/bin/git config --file /Users/runner/work/MadeiraTV/MadeiraTV/.git/modules/dxmt/config --name-only --get-regexp ^includeIf\.gitdir:
2026-10-03T07:59:19.0661240Z [command]/opt/homebrew/bin/git config --file /Users/runner/work/MadeiraTV/MadeiraTV/.git/modules/dxmt/modules/external/nvapi/config --name-only --get-regexp ^includeIf\.gitdir:
2026-10-03T07:59:19.0741000Z [command]/opt/homebrew/bin/git config --file /Users/runner/work/MadeiraTV/MadeiraTV/.git/modules/dxmt/modules/include/native/directx/config --name-only --get-regexp ^includeIf\.gitdir:
2026-10-03T07:59:19.0814850Z [command]/opt/homebrew/bin/git config --file /Users/runner/work/MadeiraTV/MadeiraTV/.git/modules/madeira-dock/config --name-only --get-regexp ^includeIf\.gitdir:
2026-10-03T07:59:19.0886940Z [command]/opt/homebrew/bin/git config --file /Users/runner/work/MadeiraTV/MadeiraTV/.git/modules/wine/config --name-only --get-regexp ^includeIf\.gitdir:
2026-10-03T07:59:19.1070460Z Cleaning up orphan processes
2026-10-03T07:59:20.1415600Z ##[warning]Node.js 20 is deprecated. The following actions target Node.js 20 but are being forced to run on Node.js 24: actions/checkout@v4, actions/upload-artifact@v4. For more information see: https://github.blog/changelog/2025-09-19-deprecation-of-node-20-on-github-actions-runners/

