ï»¿2026-10-03T08:34:39.7637350Z Current runner version: '2.337.0'
2026-10-03T08:34:39.7674560Z ##[group]Runner Image Provisioner
2026-10-03T08:34:39.7675180Z Hosted Compute Agent
2026-10-03T08:34:39.7675570Z Version: 20260828.587
2026-10-03T08:34:39.7675980Z Commit: abac92662cab4cc7352de4f9f9d2e2419aad9c29
2026-10-03T08:34:39.7676460Z Build Date: 2026-08-28T16:44:25Z
2026-10-03T08:34:39.7676910Z Worker ID: {8ea14008-cd51-4845-adbe-e09eb50314c7}
2026-10-03T08:34:39.7677390Z Azure Region: westus
2026-10-03T08:34:39.7677760Z ##[endgroup]
2026-10-03T08:34:39.7678720Z ##[group]Operating System
2026-10-03T08:34:39.7679110Z macOS
2026-10-03T08:34:39.7679450Z 15.7.9
2026-10-03T08:34:39.7679790Z 24G830
2026-10-03T08:34:39.7680130Z ##[endgroup]
2026-10-03T08:34:39.7680470Z ##[group]Runner Image
2026-10-03T08:34:39.7680840Z Image: macos-15-arm64
2026-10-03T08:34:39.7681190Z Version: 20260907.0337.1
2026-10-03T08:34:39.7682020Z Included Software: https://github.com/actions/runner-images/blob/macos-15-arm64/20260907.0337/images/macos/macos-15-arm64-Readme.md
2026-10-03T08:34:39.7683110Z Image Release: https://github.com/actions/runner-images/releases/tag/macos-15-arm64%2F20260907.0337
2026-10-03T08:34:39.7683770Z ##[endgroup]
2026-10-03T08:34:39.7684570Z ##[group]GITHUB_TOKEN Permissions
2026-10-03T08:34:39.7685870Z Contents: read
2026-10-03T08:34:39.7686230Z Metadata: read
2026-10-03T08:34:39.7686580Z Packages: read
2026-10-03T08:34:39.7686980Z ##[endgroup]
2026-10-03T08:34:39.7688420Z Secret source: Actions
2026-10-03T08:34:39.7689100Z Cache mode: write
2026-10-03T08:34:39.7689540Z Prepare workflow directory
2026-10-03T08:34:39.7978060Z Prepare all required actions
2026-10-03T08:34:39.8018560Z Getting action download info
2026-10-03T08:34:40.1282740Z Download action repository 'actions/checkout@v4' (SHA:11d5960a326750d5838078e36cf38b85af677262)
2026-10-03T08:34:40.5732920Z Download action repository 'actions/upload-artifact@v4' (SHA:ea165f8d65b6e75b540449e92b4886f43607fa02)
2026-10-03T08:34:40.7831950Z Complete job name: Configure + build Wine unix libs for tvOS
2026-10-03T08:34:40.8294690Z ##[warning]Unexpected input(s) 'submodule-depth', valid inputs are ['repository', 'ref', 'token', 'ssh-key', 'ssh-known-hosts', 'ssh-strict', 'ssh-user', 'persist-credentials', 'path', 'clean', 'filter', 'sparse-checkout', 'sparse-checkout-cone-mode', 'fetch-depth', 'fetch-tags', 'show-progress', 'lfs', 'submodules', 'set-safe-directory', 'github-server-url', 'allow-unsafe-pr-checkout']
2026-10-03T08:34:40.8351370Z ##[group]Run actions/checkout@v4
2026-10-03T08:34:40.8351910Z with:
2026-10-03T08:34:40.8352240Z   fetch-depth: 0
2026-10-03T08:34:40.8352580Z   submodules: recursive
2026-10-03T08:34:40.8352950Z   submodule-depth: 1
2026-10-03T08:34:40.8353330Z   repository: duranereloise-hash/MadeiraTV
2026-10-03T08:34:40.8356260Z   token: ***
2026-10-03T08:34:40.8356590Z   ssh-strict: true
2026-10-03T08:34:40.8356920Z   ssh-user: git
2026-10-03T08:34:40.8357260Z   persist-credentials: true
2026-10-03T08:34:40.8357610Z   clean: true
2026-10-03T08:34:40.8358000Z   sparse-checkout-cone-mode: true
2026-10-03T08:34:40.8358410Z   fetch-tags: false
2026-10-03T08:34:40.8358750Z   show-progress: true
2026-10-03T08:34:40.8359090Z   lfs: false
2026-10-03T08:34:40.8359420Z   set-safe-directory: true
2026-10-03T08:34:40.8359810Z   allow-unsafe-pr-checkout: false
2026-10-03T08:34:40.8360380Z ##[endgroup]
2026-10-03T08:34:41.3299350Z Syncing repository: duranereloise-hash/MadeiraTV
2026-10-03T08:34:41.3301040Z ##[group]Getting Git version info
2026-10-03T08:34:41.3301570Z Working directory is '/Users/runner/work/MadeiraTV/MadeiraTV'
2026-10-03T08:34:41.3320580Z [command]/opt/homebrew/bin/git version
2026-10-03T08:34:41.3852150Z git version 2.55.0
2026-10-03T08:34:41.3872650Z ##[endgroup]
2026-10-03T08:34:41.3883700Z Copying '/Users/runner/.gitconfig' to '/Users/runner/work/_temp/7e84d5e4-e5f8-4d36-a0c3-7bca2902ed8d/.gitconfig'
2026-10-03T08:34:41.3888720Z Temporarily overriding HOME='/Users/runner/work/_temp/7e84d5e4-e5f8-4d36-a0c3-7bca2902ed8d' before making global git config changes
2026-10-03T08:34:41.3890520Z Adding repository directory to the temporary git global config as a safe directory
2026-10-03T08:34:41.3897370Z [command]/opt/homebrew/bin/git config --global --add safe.directory /Users/runner/work/MadeiraTV/MadeiraTV
2026-10-03T08:34:41.4024570Z Deleting the contents of '/Users/runner/work/MadeiraTV/MadeiraTV'
2026-10-03T08:34:41.4027610Z ##[group]Initializing the repository
2026-10-03T08:34:41.4031010Z [command]/opt/homebrew/bin/git init /Users/runner/work/MadeiraTV/MadeiraTV
2026-10-03T08:34:41.4286990Z hint: Using 'master' as the name for the initial branch. This default branch name
2026-10-03T08:34:41.4289830Z hint: will change to "main" in Git 3.0. To configure the initial branch name
2026-10-03T08:34:41.4290710Z hint: to use in all of your new repositories, which will suppress this warning,
2026-10-03T08:34:41.4291290Z hint: call:
2026-10-03T08:34:41.4291640Z hint:
2026-10-03T08:34:41.4292050Z hint: 	git config --global init.defaultBranch <name>
2026-10-03T08:34:41.4292530Z hint:
2026-10-03T08:34:41.4293020Z hint: Names commonly chosen instead of 'master' are 'main', 'trunk' and
2026-10-03T08:34:41.4293710Z hint: 'development'. The just-created branch can be renamed via this command:
2026-10-03T08:34:41.4294290Z hint:
2026-10-03T08:34:41.4294630Z hint: 	git branch -m <name>
2026-10-03T08:34:41.4294990Z hint:
2026-10-03T08:34:41.4295470Z hint: Disable this message with "git config set advice.defaultBranchName false"
2026-10-03T08:34:41.4296240Z Initialized empty Git repository in /Users/runner/work/MadeiraTV/MadeiraTV/.git/
2026-10-03T08:34:41.4303350Z [command]/opt/homebrew/bin/git remote add origin https://github.com/duranereloise-hash/MadeiraTV
2026-10-03T08:34:41.4385370Z ##[endgroup]
2026-10-03T08:34:41.4387240Z ##[group]Disabling automatic garbage collection
2026-10-03T08:34:41.4388000Z [command]/opt/homebrew/bin/git config --local gc.auto 0
2026-10-03T08:34:41.4455190Z ##[endgroup]
2026-10-03T08:34:41.4456730Z ##[group]Setting up auth
2026-10-03T08:34:41.4461360Z [command]/opt/homebrew/bin/git config --local --name-only --get-regexp core\.sshCommand
2026-10-03T08:34:41.4531060Z [command]/opt/homebrew/bin/git submodule foreach --recursive sh -c "git config --local --name-only --get-regexp 'core\.sshCommand' && git config --local --unset-all 'core.sshCommand' || :"
2026-10-03T08:34:41.5616470Z [command]/opt/homebrew/bin/git config --local --name-only --get-regexp http\.https\:\/\/github\.com\/\.extraheader
2026-10-03T08:34:41.5681070Z [command]/opt/homebrew/bin/git submodule foreach --recursive sh -c "git config --local --name-only --get-regexp 'http\.https\:\/\/github\.com\/\.extraheader' && git config --local --unset-all 'http.https://github.com/.extraheader' || :"
2026-10-03T08:34:41.6528810Z [command]/opt/homebrew/bin/git config --local --name-only --get-regexp ^includeIf\.gitdir:
2026-10-03T08:34:41.6599900Z [command]/opt/homebrew/bin/git submodule foreach --recursive git config --local --show-origin --name-only --get-regexp remote.origin.url
2026-10-03T08:34:41.7922950Z [command]/opt/homebrew/bin/git config --local http.https://github.com/.extraheader AUTHORIZATION: basic ***
2026-10-03T08:34:41.8005350Z ##[endgroup]
2026-10-03T08:34:41.8007500Z ##[group]Fetching the repository
2026-10-03T08:34:41.8018740Z [command]/opt/homebrew/bin/git -c protocol.version=2 fetch --prune --no-recurse-submodules origin +refs/heads/*:refs/remotes/origin/* +refs/tags/*:refs/tags/*
2026-10-03T08:34:43.1197910Z From https://github.com/duranereloise-hash/MadeiraTV
2026-10-03T08:34:43.1201040Z  * [new branch]      main       -> origin/main
2026-10-03T08:34:43.1212030Z [command]/opt/homebrew/bin/git branch --list --remote origin/main
2026-10-03T08:34:43.1324890Z   origin/main
2026-10-03T08:34:43.1332830Z [command]/opt/homebrew/bin/git rev-parse refs/remotes/origin/main
2026-10-03T08:34:43.1389170Z 148cf63981af2d6d73e8f9c33b477005dea122d7
2026-10-03T08:34:43.1391380Z ##[endgroup]
2026-10-03T08:34:43.1392190Z ##[group]Determining the checkout info
2026-10-03T08:34:43.1393130Z ##[endgroup]
2026-10-03T08:34:43.1394500Z [command]/opt/homebrew/bin/git sparse-checkout disable
2026-10-03T08:34:43.1479650Z [command]/opt/homebrew/bin/git config --local --unset-all extensions.worktreeConfig
2026-10-03T08:34:43.1584720Z ##[group]Checking out the ref
2026-10-03T08:34:43.1594230Z [command]/opt/homebrew/bin/git checkout --progress --force -B main refs/remotes/origin/main
2026-10-03T08:34:43.2731720Z Switched to a new branch 'main'
2026-10-03T08:34:43.2753400Z branch 'main' set up to track 'origin/main'.
2026-10-03T08:34:43.2765560Z ##[endgroup]
2026-10-03T08:34:43.2767350Z ##[group]Setting up auth for fetching submodules
2026-10-03T08:34:43.2769510Z [command]/opt/homebrew/bin/git config --global http.https://github.com/.extraheader AUTHORIZATION: basic ***
2026-10-03T08:34:43.2842680Z [command]/opt/homebrew/bin/git config --global --unset-all url.https://github.com/.insteadOf
2026-10-03T08:34:43.2917400Z [command]/opt/homebrew/bin/git config --global --add url.https://github.com/.insteadOf git@github.com:
2026-10-03T08:34:43.2995040Z [command]/opt/homebrew/bin/git config --global --add url.https://github.com/.insteadOf org-309539288@github.com:
2026-10-03T08:34:43.3056790Z ##[endgroup]
2026-10-03T08:34:43.3058170Z ##[group]Fetching submodules
2026-10-03T08:34:43.3060660Z [command]/opt/homebrew/bin/git submodule sync --recursive
2026-10-03T08:34:43.4260040Z [command]/opt/homebrew/bin/git -c protocol.version=2 submodule update --init --force --recursive
2026-10-03T08:34:43.5712320Z Submodule 'FEX' (https://github.com/duranereloise-hash/FEX.git) registered for path 'FEX'
2026-10-03T08:34:43.5714830Z Submodule 'dxmt' (https://github.com/willfaust/dxmt.git) registered for path 'dxmt'
2026-10-03T08:34:43.5934280Z Submodule 'madeira-dock' (https://github.com/willfaust/madeira-dock.git) registered for path 'madeira-dock'
2026-10-03T08:34:43.6037820Z Submodule 'wine' (https://github.com/willfaust/wine.git) registered for path 'wine'
2026-10-03T08:34:43.6140890Z Cloning into '/Users/runner/work/MadeiraTV/MadeiraTV/FEX'...
2026-10-03T08:34:48.5395210Z Cloning into '/Users/runner/work/MadeiraTV/MadeiraTV/dxmt'...
2026-10-03T08:34:50.0759140Z Cloning into '/Users/runner/work/MadeiraTV/MadeiraTV/madeira-dock'...
2026-10-03T08:34:50.7527970Z Cloning into '/Users/runner/work/MadeiraTV/MadeiraTV/wine'...
2026-10-03T08:37:03.4595580Z Submodule path 'FEX': checked out '48e05a249e2b25614cd3fcb8134ad5dc8b57f7ec'
2026-10-03T08:37:03.4719550Z Submodule 'External/Catch2' (https://github.com/catchorg/Catch2.git) registered for path 'FEX/External/Catch2'
2026-10-03T08:37:03.4735030Z Submodule 'External/Vulkan-Headers' (https://github.com/KhronosGroup/Vulkan-Headers.git) registered for path 'FEX/External/Vulkan-Headers'
2026-10-03T08:37:03.4749990Z Submodule 'External/drm-headers' (https://github.com/FEX-Emu/drm-headers.git) registered for path 'FEX/External/drm-headers'
2026-10-03T08:37:03.4765610Z Submodule 'External/fex-gcc-target-tests-bins' (https://github.com/FEX-Emu/fex-gcc-target-tests-bins.git) registered for path 'FEX/External/fex-gcc-target-tests-bins'
2026-10-03T08:37:03.4781620Z Submodule 'External/fex-gvisor-tests-bins' (https://github.com/FEX-Emu/fex-gvisor-tests-bins.git) registered for path 'FEX/External/fex-gvisor-tests-bins'
2026-10-03T08:37:03.4788300Z Submodule 'External/fex-posixtest-bins' (https://github.com/FEX-Emu/fex-posixtest-bins.git) registered for path 'FEX/External/fex-posixtest-bins'
2026-10-03T08:37:03.4797520Z Submodule 'External/fmt' (https://github.com/fmtlib/fmt.git) registered for path 'FEX/External/fmt'
2026-10-03T08:37:03.4799570Z Submodule 'External/jemalloc_glibc' (https://github.com/FEX-Emu/jemalloc.git) registered for path 'FEX/External/jemalloc_glibc'
2026-10-03T08:37:03.4802770Z Submodule 'External/range-v3' (https://github.com/ericniebler/range-v3.git) registered for path 'FEX/External/range-v3'
2026-10-03T08:37:03.4805490Z Submodule 'External/rpmalloc' (https://github.com/willfaust/rpmalloc.git) registered for path 'FEX/External/rpmalloc'
2026-10-03T08:37:03.4809260Z Submodule 'External/tracy' (https://github.com/wolfpld/tracy) registered for path 'FEX/External/tracy'
2026-10-03T08:37:03.4821450Z Submodule 'External/unordered_dense' (https://github.com/martinus/unordered_dense.git) registered for path 'FEX/External/unordered_dense'
2026-10-03T08:37:03.4825560Z Submodule 'External/vixl' (https://github.com/FEX-Emu/vixl.git) registered for path 'FEX/External/vixl'
2026-10-03T08:37:03.4838140Z Submodule 'External/xxhash' (https://github.com/Cyan4973/xxHash.git) registered for path 'FEX/External/xxhash'
2026-10-03T08:37:03.4843690Z Submodule 'External/zydis' (https://github.com/zyantific/zydis.git) registered for path 'FEX/External/zydis'
2026-10-03T08:37:03.4856970Z Submodule 'External/cpp-optparse' (https://github.com/Sonicadvance1/cpp-optparse) registered for path 'FEX/Source/Common/cpp-optparse'
2026-10-03T08:37:03.5013120Z Cloning into '/Users/runner/work/MadeiraTV/MadeiraTV/FEX/External/Catch2'...
2026-10-03T08:37:07.4060510Z Cloning into '/Users/runner/work/MadeiraTV/MadeiraTV/FEX/External/Vulkan-Headers'...
2026-10-03T08:37:08.1089090Z Cloning into '/Users/runner/work/MadeiraTV/MadeiraTV/FEX/External/drm-headers'...
2026-10-03T08:37:08.7041300Z Cloning into '/Users/runner/work/MadeiraTV/MadeiraTV/FEX/External/fex-gcc-target-tests-bins'...
2026-10-03T08:37:09.3207260Z Cloning into '/Users/runner/work/MadeiraTV/MadeiraTV/FEX/External/fex-gvisor-tests-bins'...
2026-10-03T08:37:14.0774440Z Cloning into '/Users/runner/work/MadeiraTV/MadeiraTV/FEX/External/fex-posixtest-bins'...
2026-10-03T08:37:15.0773520Z Cloning into '/Users/runner/work/MadeiraTV/MadeiraTV/FEX/External/fmt'...
2026-10-03T08:37:16.9383420Z Cloning into '/Users/runner/work/MadeiraTV/MadeiraTV/FEX/External/jemalloc_glibc'...
2026-10-03T08:37:18.3091930Z Cloning into '/Users/runner/work/MadeiraTV/MadeiraTV/FEX/External/range-v3'...
2026-10-03T08:37:21.3208290Z Cloning into '/Users/runner/work/MadeiraTV/MadeiraTV/FEX/External/rpmalloc'...
2026-10-03T08:37:21.9879730Z Cloning into '/Users/runner/work/MadeiraTV/MadeiraTV/FEX/External/tracy'...
2026-10-03T08:37:25.5591320Z Cloning into '/Users/runner/work/MadeiraTV/MadeiraTV/FEX/External/unordered_dense'...
2026-10-03T08:37:26.5166660Z Cloning into '/Users/runner/work/MadeiraTV/MadeiraTV/FEX/External/vixl'...
2026-10-03T08:37:28.4538110Z Cloning into '/Users/runner/work/MadeiraTV/MadeiraTV/FEX/External/xxhash'...
2026-10-03T08:37:29.2616170Z Cloning into '/Users/runner/work/MadeiraTV/MadeiraTV/FEX/External/zydis'...
2026-10-03T08:37:30.0261340Z Cloning into '/Users/runner/work/MadeiraTV/MadeiraTV/FEX/Source/Common/cpp-optparse'...
2026-10-03T08:37:30.6595940Z Submodule path 'FEX/External/Catch2': checked out 'b3fb4b9feafcd8d91c5cb510a4775143fdbef02f'
2026-10-03T08:37:48.0228160Z From https://github.com/KhronosGroup/Vulkan-Headers
2026-10-03T08:37:48.0231170Z  * branch            450bd2232225d6c7728a4108055ac2e37cef6475 -> FETCH_HEAD
2026-10-03T08:37:48.1088880Z Submodule path 'FEX/External/Vulkan-Headers': checked out '450bd2232225d6c7728a4108055ac2e37cef6475'
2026-10-03T08:37:48.1432350Z Submodule path 'FEX/External/drm-headers': checked out '3e49836995c1dcb3df709440ad2f270b569c6a5f'
2026-10-03T08:37:48.5980890Z Submodule path 'FEX/External/fex-gcc-target-tests-bins': checked out '442678a134e2d25e759c430cca32e06e9e142f1f'
2026-10-03T08:37:50.3818180Z Submodule path 'FEX/External/fex-gvisor-tests-bins': checked out '71349ae6d14ac2e3e792730e240aecd8076cee6c'
2026-10-03T08:37:51.5209000Z Submodule path 'FEX/External/fex-posixtest-bins': checked out '9ae29638f8000c1603f16385ed1cf6c4c23ee414'
2026-10-03T08:37:51.6362900Z Submodule path 'FEX/External/fmt': checked out '407c905e45ad75fc29bf0f9bb7c5c2fd3475976f'
2026-10-03T08:37:51.8061370Z Submodule path 'FEX/External/jemalloc_glibc': checked out '8436195ad5e1bc347d9b39743af3d29abee59f06'
2026-10-03T08:37:52.0425150Z Submodule path 'FEX/External/range-v3': checked out 'ca1388fb9da8e69314dda222dc7b139ca84e092f'
2026-10-03T08:37:52.0505400Z Submodule 'doc/gh-pages' (https://github.com/ericniebler/range-v3.git) registered for path 'FEX/External/range-v3/doc/gh-pages'
2026-10-03T08:37:52.0658130Z Cloning into '/Users/runner/work/MadeiraTV/MadeiraTV/FEX/External/range-v3/doc/gh-pages'...
2026-10-03T08:37:55.6926120Z Submodule path 'FEX/External/range-v3/doc/gh-pages': checked out '2dae74bb693e42d850fb0adcc9045c5b71fbdeae'
2026-10-03T08:37:55.7439820Z Submodule path 'FEX/External/rpmalloc': checked out '812c2b9cf4310ffacf14e6b64066e78ab0c394b5'
2026-10-03T08:37:55.9421650Z Submodule path 'FEX/External/tracy': checked out '650c98ece70da9e155e7ba1c2b3ee16004aae118'
2026-10-03T08:37:56.5395700Z Submodule path 'FEX/External/unordered_dense': checked out '3234af2c03549bc85656bfd3a86993bf1cd8aef1'
2026-10-03T08:38:07.1951090Z From https://github.com/FEX-Emu/vixl
2026-10-03T08:38:07.2139540Z  * branch              5f418449c48f6ca3ad37c47ec632f17a561c0580 -> FETCH_HEAD
2026-10-03T08:38:09.3377990Z Submodule path 'FEX/External/vixl': checked out '5f418449c48f6ca3ad37c47ec632f17a561c0580'
2026-10-03T08:38:09.4751300Z Submodule path 'FEX/External/xxhash': checked out 'e626a72bc2321cd320e953a0ccf1584cad60f363'
2026-10-03T08:38:16.9248360Z From https://github.com/zyantific/zydis
2026-10-03T08:38:16.9258760Z  * branch            9bfadd6a55fc92dbd37fa3ba089bf8b36622df4f -> FETCH_HEAD
2026-10-03T08:38:17.1880870Z Submodule path 'FEX/External/zydis': checked out '9bfadd6a55fc92dbd37fa3ba089bf8b36622df4f'
2026-10-03T08:38:17.1963860Z Submodule 'dependencies/zycore' (https://github.com/zyantific/zycore-c) registered for path 'FEX/External/zydis/dependencies/zycore'
2026-10-03T08:38:17.2139560Z Cloning into '/Users/runner/work/MadeiraTV/MadeiraTV/FEX/External/zydis/dependencies/zycore'...
2026-10-03T08:38:18.1730950Z Submodule path 'FEX/External/zydis/dependencies/zycore': checked out '75a36c45ae1ad382b0f4e0ede0af84c11ee69928'
2026-10-03T08:38:18.2271610Z Submodule path 'FEX/Source/Common/cpp-optparse': checked out '9f94388a339fcbb0bc95c17768eb786c85988f6e'
2026-10-03T08:38:18.3989630Z Submodule path 'dxmt': checked out 'a5e0cd3d41bf248fd1c030a2e1c515ba3522f4ef'
2026-10-03T08:38:18.4066960Z Submodule 'external/nvapi' (https://github.com/NVIDIA/nvapi.git) registered for path 'dxmt/external/nvapi'
2026-10-03T08:38:18.4078840Z Submodule 'include/native/directx' (https://github.com/misyltoad/mingw-directx-headers) registered for path 'dxmt/include/native/directx'
2026-10-03T08:38:18.4196760Z Cloning into '/Users/runner/work/MadeiraTV/MadeiraTV/dxmt/external/nvapi'...
2026-10-03T08:38:21.2824980Z Cloning into '/Users/runner/work/MadeiraTV/MadeiraTV/dxmt/include/native/directx'...
2026-10-03T08:38:21.9384480Z Submodule path 'dxmt/external/nvapi': checked out 'd08488fcc82eef313b0464db37d2955709691e94'
2026-10-03T08:38:22.0112580Z Submodule path 'dxmt/include/native/directx': checked out '9df86f2341616ef1888ae59919feaa6d4fad693d'
2026-10-03T08:38:22.0676470Z Submodule path 'madeira-dock': checked out '3cadfbea700e4da4b04e331dd7ef1ba633dfacef'
2026-10-03T08:38:25.4638610Z Submodule path 'wine': checked out '4f5b19718f4de88ecc5cb0dc08b119497a67ba8f'
2026-10-03T08:38:25.4903340Z [command]/opt/homebrew/bin/git submodule foreach --recursive git config --local gc.auto 0
2026-10-03T08:38:25.5903410Z Entering 'FEX'
2026-10-03T08:38:25.6101670Z Entering 'FEX/External/Catch2'
2026-10-03T08:38:25.6288660Z Entering 'FEX/External/Vulkan-Headers'
2026-10-03T08:38:25.6475290Z Entering 'FEX/External/drm-headers'
2026-10-03T08:38:25.6658920Z Entering 'FEX/External/fex-gcc-target-tests-bins'
2026-10-03T08:38:25.6854590Z Entering 'FEX/External/fex-gvisor-tests-bins'
2026-10-03T08:38:25.7031700Z Entering 'FEX/External/fex-posixtest-bins'
2026-10-03T08:38:25.7167770Z Entering 'FEX/External/fmt'
2026-10-03T08:38:25.7296160Z Entering 'FEX/External/jemalloc_glibc'
2026-10-03T08:38:25.7424380Z Entering 'FEX/External/range-v3'
2026-10-03T08:38:25.7556770Z Entering 'FEX/External/range-v3/doc/gh-pages'
2026-10-03T08:38:25.7681230Z Entering 'FEX/External/rpmalloc'
2026-10-03T08:38:25.7808180Z Entering 'FEX/External/tracy'
2026-10-03T08:38:25.7931400Z Entering 'FEX/External/unordered_dense'
2026-10-03T08:38:25.8062340Z Entering 'FEX/External/vixl'
2026-10-03T08:38:25.8196100Z Entering 'FEX/External/xxhash'
2026-10-03T08:38:25.8322220Z Entering 'FEX/External/zydis'
2026-10-03T08:38:25.8445460Z Entering 'FEX/External/zydis/dependencies/zycore'
2026-10-03T08:38:25.8586350Z Entering 'FEX/Source/Common/cpp-optparse'
2026-10-03T08:38:25.8733920Z Entering 'dxmt'
2026-10-03T08:38:25.8871350Z Entering 'dxmt/external/nvapi'
2026-10-03T08:38:25.9018040Z Entering 'dxmt/include/native/directx'
2026-10-03T08:38:25.9184270Z Entering 'madeira-dock'
2026-10-03T08:38:25.9342950Z Entering 'wine'
2026-10-03T08:38:25.9526270Z ##[endgroup]
2026-10-03T08:38:25.9526950Z ##[group]Persisting credentials for submodules
2026-10-03T08:38:25.9540780Z [command]/opt/homebrew/bin/git submodule foreach --recursive sh -c "git config --local --name-only --get-regexp 'url\.https\:\/\/github\.com\/\.insteadOf' && git config --local --unset-all 'url.https://github.com/.insteadOf' || :"
2026-10-03T08:38:26.0129890Z Entering 'FEX'
2026-10-03T08:38:26.0288320Z Entering 'FEX/External/Catch2'
2026-10-03T08:38:26.0450590Z Entering 'FEX/External/Vulkan-Headers'
2026-10-03T08:38:26.0739930Z Entering 'FEX/External/drm-headers'
2026-10-03T08:38:26.1042080Z Entering 'FEX/External/fex-gcc-target-tests-bins'
2026-10-03T08:38:26.1343060Z Entering 'FEX/External/fex-gvisor-tests-bins'
2026-10-03T08:38:26.1577770Z Entering 'FEX/External/fex-posixtest-bins'
2026-10-03T08:38:26.1772430Z Entering 'FEX/External/fmt'
2026-10-03T08:38:26.1957910Z Entering 'FEX/External/jemalloc_glibc'
2026-10-03T08:38:26.2144150Z Entering 'FEX/External/range-v3'
2026-10-03T08:38:26.2313430Z Entering 'FEX/External/range-v3/doc/gh-pages'
2026-10-03T08:38:26.2472170Z Entering 'FEX/External/rpmalloc'
2026-10-03T08:38:26.2649770Z Entering 'FEX/External/tracy'
2026-10-03T08:38:26.2823670Z Entering 'FEX/External/unordered_dense'
2026-10-03T08:38:26.2985760Z Entering 'FEX/External/vixl'
2026-10-03T08:38:26.3166600Z Entering 'FEX/External/xxhash'
2026-10-03T08:38:26.3360980Z Entering 'FEX/External/zydis'
2026-10-03T08:38:26.3763890Z Entering 'FEX/External/zydis/dependencies/zycore'
2026-10-03T08:38:26.4166010Z Entering 'FEX/Source/Common/cpp-optparse'
2026-10-03T08:38:26.4467750Z Entering 'dxmt'
2026-10-03T08:38:26.4769790Z Entering 'dxmt/external/nvapi'
2026-10-03T08:38:26.5071300Z Entering 'dxmt/include/native/directx'
2026-10-03T08:38:26.5373420Z Entering 'madeira-dock'
2026-10-03T08:38:26.5684480Z Entering 'wine'
2026-10-03T08:38:26.6101300Z [command]/opt/homebrew/bin/git submodule foreach --recursive sh -c "git config --local 'http.https://github.com/.extraheader' 'AUTHORIZATION: basic ***' && git config --local --show-origin --name-only --get-regexp remote.origin.url"
2026-10-03T08:38:26.7279870Z Entering 'FEX'
2026-10-03T08:38:26.7751490Z file:/Users/runner/work/MadeiraTV/MadeiraTV/.git/modules/FEX/config	remote.origin.url
2026-10-03T08:38:26.7830690Z Entering 'FEX/External/Catch2'
2026-10-03T08:38:26.8139080Z file:/Users/runner/work/MadeiraTV/MadeiraTV/.git/modules/FEX/modules/External/Catch2/config	remote.origin.url
2026-10-03T08:38:26.8203070Z Entering 'FEX/External/Vulkan-Headers'
2026-10-03T08:38:26.8458470Z file:/Users/runner/work/MadeiraTV/MadeiraTV/.git/modules/FEX/modules/External/Vulkan-Headers/config	remote.origin.url
2026-10-03T08:38:26.8525050Z Entering 'FEX/External/drm-headers'
2026-10-03T08:38:26.8771490Z file:/Users/runner/work/MadeiraTV/MadeiraTV/.git/modules/FEX/modules/External/drm-headers/config	remote.origin.url
2026-10-03T08:38:26.8835470Z Entering 'FEX/External/fex-gcc-target-tests-bins'
2026-10-03T08:38:26.9133600Z file:/Users/runner/work/MadeiraTV/MadeiraTV/.git/modules/FEX/modules/External/fex-gcc-target-tests-bins/config	remote.origin.url
2026-10-03T08:38:26.9219460Z Entering 'FEX/External/fex-gvisor-tests-bins'
2026-10-03T08:38:26.9471060Z file:/Users/runner/work/MadeiraTV/MadeiraTV/.git/modules/FEX/modules/External/fex-gvisor-tests-bins/config	remote.origin.url
2026-10-03T08:38:26.9527600Z Entering 'FEX/External/fex-posixtest-bins'
2026-10-03T08:38:26.9753000Z file:/Users/runner/work/MadeiraTV/MadeiraTV/.git/modules/FEX/modules/External/fex-posixtest-bins/config	remote.origin.url
2026-10-03T08:38:26.9816350Z Entering 'FEX/External/fmt'
2026-10-03T08:38:26.9998330Z file:/Users/runner/work/MadeiraTV/MadeiraTV/.git/modules/FEX/modules/External/fmt/config	remote.origin.url
2026-10-03T08:38:27.0059490Z Entering 'FEX/External/jemalloc_glibc'
2026-10-03T08:38:27.0235820Z file:/Users/runner/work/MadeiraTV/MadeiraTV/.git/modules/FEX/modules/External/jemalloc_glibc/config	remote.origin.url
2026-10-03T08:38:27.0289780Z Entering 'FEX/External/range-v3'
2026-10-03T08:38:27.0463210Z file:/Users/runner/work/MadeiraTV/MadeiraTV/.git/modules/FEX/modules/External/range-v3/config	remote.origin.url
2026-10-03T08:38:27.0518680Z Entering 'FEX/External/range-v3/doc/gh-pages'
2026-10-03T08:38:27.0689870Z file:/Users/runner/work/MadeiraTV/MadeiraTV/.git/modules/FEX/modules/External/range-v3/modules/doc/gh-pages/config	remote.origin.url
2026-10-03T08:38:27.0755220Z Entering 'FEX/External/rpmalloc'
2026-10-03T08:38:27.0926090Z file:/Users/runner/work/MadeiraTV/MadeiraTV/.git/modules/FEX/modules/External/rpmalloc/config	remote.origin.url
2026-10-03T08:38:27.0982070Z Entering 'FEX/External/tracy'
2026-10-03T08:38:27.1161200Z file:/Users/runner/work/MadeiraTV/MadeiraTV/.git/modules/FEX/modules/External/tracy/config	remote.origin.url
2026-10-03T08:38:27.1220970Z Entering 'FEX/External/unordered_dense'
2026-10-03T08:38:27.1396830Z file:/Users/runner/work/MadeiraTV/MadeiraTV/.git/modules/FEX/modules/External/unordered_dense/config	remote.origin.url
2026-10-03T08:38:27.1468240Z Entering 'FEX/External/vixl'
2026-10-03T08:38:27.1744950Z file:/Users/runner/work/MadeiraTV/MadeiraTV/.git/modules/FEX/modules/External/vixl/config	remote.origin.url
2026-10-03T08:38:27.1819110Z Entering 'FEX/External/xxhash'
2026-10-03T08:38:27.2030060Z file:/Users/runner/work/MadeiraTV/MadeiraTV/.git/modules/FEX/modules/External/xxhash/config	remote.origin.url
2026-10-03T08:38:27.2102350Z Entering 'FEX/External/zydis'
2026-10-03T08:38:27.2441150Z file:/Users/runner/work/MadeiraTV/MadeiraTV/.git/modules/FEX/modules/External/zydis/config	remote.origin.url
2026-10-03T08:38:27.2516850Z Entering 'FEX/External/zydis/dependencies/zycore'
2026-10-03T08:38:27.2745930Z file:/Users/runner/work/MadeiraTV/MadeiraTV/.git/modules/FEX/modules/External/zydis/modules/dependencies/zycore/config	remote.origin.url
2026-10-03T08:38:27.2877620Z Entering 'FEX/Source/Common/cpp-optparse'
2026-10-03T08:38:27.3114350Z file:/Users/runner/work/MadeiraTV/MadeiraTV/.git/modules/FEX/modules/External/cpp-optparse/config	remote.origin.url
2026-10-03T08:38:27.3181310Z Entering 'dxmt'
2026-10-03T08:38:27.3358130Z file:/Users/runner/work/MadeiraTV/MadeiraTV/.git/modules/dxmt/config	remote.origin.url
2026-10-03T08:38:27.3416070Z Entering 'dxmt/external/nvapi'
2026-10-03T08:38:27.3593170Z file:/Users/runner/work/MadeiraTV/MadeiraTV/.git/modules/dxmt/modules/external/nvapi/config	remote.origin.url
2026-10-03T08:38:27.3649560Z Entering 'dxmt/include/native/directx'
2026-10-03T08:38:27.3827230Z file:/Users/runner/work/MadeiraTV/MadeiraTV/.git/modules/dxmt/modules/include/native/directx/config	remote.origin.url
2026-10-03T08:38:27.3889780Z Entering 'madeira-dock'
2026-10-03T08:38:27.4107440Z file:/Users/runner/work/MadeiraTV/MadeiraTV/.git/modules/madeira-dock/config	remote.origin.url
2026-10-03T08:38:27.4180120Z Entering 'wine'
2026-10-03T08:38:27.4435140Z file:/Users/runner/work/MadeiraTV/MadeiraTV/.git/modules/wine/config	remote.origin.url
2026-10-03T08:38:27.4727980Z [command]/opt/homebrew/bin/git submodule foreach --recursive git config --local --add 'url.https://github.com/.insteadOf' 'git@github.com:'
2026-10-03T08:38:27.5463980Z Entering 'FEX'
2026-10-03T08:38:27.5677480Z Entering 'FEX/External/Catch2'
2026-10-03T08:38:27.5890200Z Entering 'FEX/External/Vulkan-Headers'
2026-10-03T08:38:27.6056500Z Entering 'FEX/External/drm-headers'
2026-10-03T08:38:27.6207510Z Entering 'FEX/External/fex-gcc-target-tests-bins'
2026-10-03T08:38:27.6369580Z Entering 'FEX/External/fex-gvisor-tests-bins'
2026-10-03T08:38:27.6540500Z Entering 'FEX/External/fex-posixtest-bins'
2026-10-03T08:38:27.6679760Z Entering 'FEX/External/fmt'
2026-10-03T08:38:27.6836950Z Entering 'FEX/External/jemalloc_glibc'
2026-10-03T08:38:27.7032750Z Entering 'FEX/External/range-v3'
2026-10-03T08:38:27.7300960Z Entering 'FEX/External/range-v3/doc/gh-pages'
2026-10-03T08:38:27.7525150Z Entering 'FEX/External/rpmalloc'
2026-10-03T08:38:27.7714240Z Entering 'FEX/External/tracy'
2026-10-03T08:38:27.7863100Z Entering 'FEX/External/unordered_dense'
2026-10-03T08:38:27.8036320Z Entering 'FEX/External/vixl'
2026-10-03T08:38:27.8285740Z Entering 'FEX/External/xxhash'
2026-10-03T08:38:27.8533420Z Entering 'FEX/External/zydis'
2026-10-03T08:38:27.8698730Z Entering 'FEX/External/zydis/dependencies/zycore'
2026-10-03T08:38:27.8877120Z Entering 'FEX/Source/Common/cpp-optparse'
2026-10-03T08:38:27.9038640Z Entering 'dxmt'
2026-10-03T08:38:27.9207120Z Entering 'dxmt/external/nvapi'
2026-10-03T08:38:27.9361300Z Entering 'dxmt/include/native/directx'
2026-10-03T08:38:27.9514070Z Entering 'madeira-dock'
2026-10-03T08:38:27.9701150Z Entering 'wine'
2026-10-03T08:38:27.9862090Z [command]/opt/homebrew/bin/git submodule foreach --recursive git config --local --add 'url.https://github.com/.insteadOf' 'org-309539288@github.com:'
2026-10-03T08:38:28.0561230Z Entering 'FEX'
2026-10-03T08:38:28.0693510Z Entering 'FEX/External/Catch2'
2026-10-03T08:38:28.0860000Z Entering 'FEX/External/Vulkan-Headers'
2026-10-03T08:38:28.1028760Z Entering 'FEX/External/drm-headers'
2026-10-03T08:38:28.1193370Z Entering 'FEX/External/fex-gcc-target-tests-bins'
2026-10-03T08:38:28.1329220Z Entering 'FEX/External/fex-gvisor-tests-bins'
2026-10-03T08:38:28.1470650Z Entering 'FEX/External/fex-posixtest-bins'
2026-10-03T08:38:28.1682440Z Entering 'FEX/External/fmt'
2026-10-03T08:38:28.1968900Z Entering 'FEX/External/jemalloc_glibc'
2026-10-03T08:38:28.2180250Z Entering 'FEX/External/range-v3'
2026-10-03T08:38:28.2321450Z Entering 'FEX/External/range-v3/doc/gh-pages'
2026-10-03T08:38:28.2465110Z Entering 'FEX/External/rpmalloc'
2026-10-03T08:38:28.2607140Z Entering 'FEX/External/tracy'
2026-10-03T08:38:28.2734930Z Entering 'FEX/External/unordered_dense'
2026-10-03T08:38:28.2877390Z Entering 'FEX/External/vixl'
2026-10-03T08:38:28.3025430Z Entering 'FEX/External/xxhash'
2026-10-03T08:38:28.3164600Z Entering 'FEX/External/zydis'
2026-10-03T08:38:28.3292770Z Entering 'FEX/External/zydis/dependencies/zycore'
2026-10-03T08:38:28.3434390Z Entering 'FEX/Source/Common/cpp-optparse'
2026-10-03T08:38:28.3587520Z Entering 'dxmt'
2026-10-03T08:38:28.3944960Z Entering 'dxmt/external/nvapi'
2026-10-03T08:38:28.4218110Z Entering 'dxmt/include/native/directx'
2026-10-03T08:38:28.4381960Z Entering 'madeira-dock'
2026-10-03T08:38:28.4513110Z Entering 'wine'
2026-10-03T08:38:28.4665300Z ##[endgroup]
2026-10-03T08:38:28.4757350Z [command]/opt/homebrew/bin/git log -1 --format=%H
2026-10-03T08:38:28.4810630Z 148cf63981af2d6d73e8f9c33b477005dea122d7
2026-10-03T08:38:28.5354120Z ##[group]Run xcodebuild -version
2026-10-03T08:38:28.5354470Z [36;1mxcodebuild -version[0m
2026-10-03T08:38:28.5354820Z [36;1mxcrun --sdk appletvos --show-sdk-version[0m
2026-10-03T08:38:28.5355060Z [36;1mpython3 --version[0m
2026-10-03T08:38:28.5355270Z [36;1mbrew install bison flex 2>&1 | tail -3[0m
2026-10-03T08:38:28.5355540Z [36;1mecho "$(brew --prefix bison)/bin" >> $GITHUB_PATH[0m
2026-10-03T08:38:28.5355840Z [36;1mecho "$(brew --prefix flex)/bin" >> $GITHUB_PATH[0m
2026-10-03T08:38:28.5735150Z shell: /bin/bash -e {0}
2026-10-03T08:38:28.5735720Z ##[endgroup]
2026-10-03T08:38:29.1671860Z Xcode 16.4
2026-10-03T08:38:29.1685880Z Build version 16F6
2026-10-03T08:38:31.1840100Z 18.5
2026-10-03T08:38:31.2985160Z Python 3.14.7
2026-10-03T08:38:33.7052110Z For compilers to find flex you may need to set:
2026-10-03T08:38:33.7053350Z   export LDFLAGS="-L/opt/homebrew/opt/flex/lib"
2026-10-03T08:38:33.7054190Z   export CPPFLAGS="-I/opt/homebrew/opt/flex/include"
2026-10-03T08:38:33.7440980Z ##[group]Run set -e
2026-10-03T08:38:33.7441310Z [36;1mset -e[0m
2026-10-03T08:38:33.7441870Z [36;1mmkdir -p toolchains[0m
2026-10-03T08:38:33.7442160Z [36;1mcd toolchains[0m
2026-10-03T08:38:33.7442390Z [36;1mcurl -sSL -o llvm-mingw.tar.xz \[0m
2026-10-03T08:38:33.7442950Z [36;1m  https://github.com/mstorsjo/llvm-mingw/releases/download/20260421/llvm-mingw-20260421-ucrt-macos-universal.tar.xz[0m
2026-10-03T08:38:33.7443520Z [36;1mtar -xJf llvm-mingw.tar.xz[0m
2026-10-03T08:38:33.7443750Z [36;1mls -d llvm-mingw-*/[0m
2026-10-03T08:38:33.7444090Z [36;1mecho "$(pwd)/llvm-mingw-20260421-ucrt-macos-universal/bin" >> $GITHUB_PATH[0m
2026-10-03T08:38:33.7491980Z shell: /bin/bash -e {0}
2026-10-03T08:38:33.7492180Z ##[endgroup]
2026-10-03T08:38:45.6745990Z llvm-mingw-20260421-ucrt-macos-universal/
2026-10-03T08:38:45.6901490Z ##[group]Run set -o pipefail
2026-10-03T08:38:45.6901950Z [36;1mset -o pipefail[0m
2026-10-03T08:38:45.6902210Z [36;1mROOT="$(pwd)"[0m
2026-10-03T08:38:45.6902510Z [36;1mcd wine[0m
2026-10-03T08:38:45.6902890Z [36;1m# Wine's generated Makefiles reference ../../../../build/madeira_cfg.h[0m
2026-10-03T08:38:45.6903600Z [36;1m# from build-macos/dlls/*/ (i.e. $ROOT/wine/build). Make it resolve[0m
2026-10-03T08:38:45.6904070Z [36;1m# to the repo-root build/ via an absolute symlink.[0m
2026-10-03T08:38:45.6904550Z [36;1mln -sfn "$ROOT/build" "$ROOT/wine/build"[0m
2026-10-03T08:38:45.6904950Z [36;1mls -la "$ROOT/wine/build/madeira_cfg.h" || echo "SYMLINK TARGET MISSING"[0m
2026-10-03T08:38:45.6905420Z [36;1mmkdir -p build-macos[0m
2026-10-03T08:38:45.6905720Z [36;1mcd build-macos[0m
2026-10-03T08:38:45.6906060Z [36;1mif [ ! -f config.status ]; then[0m
2026-10-03T08:38:45.6906450Z [36;1m  ../configure --without-x --without-freetype --without-fontconfig \[0m
2026-10-03T08:38:45.6907030Z [36;1m    --without-vulkan --without-opengl \[0m
2026-10-03T08:38:45.6907430Z [36;1m    --enable-wineandroid=no 2>&1 | tee ../../wine-build-macos-config.log[0m
2026-10-03T08:38:45.6907910Z [36;1m  echo "=== configure rc=${PIPESTATUS[0]} ==="[0m
2026-10-03T08:38:45.6908200Z [36;1mfi[0m
2026-10-03T08:38:45.6908560Z [36;1mls include/config.h >/dev/null && echo "config.h OK" || echo "NO config.h"[0m
2026-10-03T08:38:45.6909150Z [36;1mls tools/winebuild/winebuild >/dev/null && echo "winebuild OK" || echo "winebuild not built yet"[0m
2026-10-03T08:38:45.7018470Z shell: /bin/bash -e {0}
2026-10-03T08:38:45.7018900Z ##[endgroup]
2026-10-03T08:38:45.7683840Z -rw-r--r--  1 runner  staff  8503 Oct  3 08:34 /Users/runner/work/MadeiraTV/MadeiraTV/wine/build/madeira_cfg.h
2026-10-03T08:38:45.8998520Z configure: WARNING: unrecognized options: --enable-wineandroid
2026-10-03T08:38:45.9891210Z checking build system type... aarch64-apple-darwin24.6.0
2026-10-03T08:38:45.9891710Z checking host system type... aarch64-apple-darwin24.6.0
2026-10-03T08:38:45.9899020Z checking for gcc... gcc
2026-10-03T08:38:47.3415260Z checking whether the C compiler works... yes
2026-10-03T08:38:47.3415660Z checking for C compiler default output file name... a.out
2026-10-03T08:38:47.3992540Z checking for suffix of executables... 
2026-10-03T08:38:47.5038130Z checking whether we are cross compiling... no
2026-10-03T08:38:47.5424320Z checking for suffix of object files... o
2026-10-03T08:38:47.5755520Z checking whether the compiler supports GNU C... yes
2026-10-03T08:38:47.6101120Z checking whether gcc accepts -g... yes
2026-10-03T08:38:47.6922670Z checking for gcc option to enable C11 features... none needed
2026-10-03T08:38:47.6930220Z checking for g++... g++
2026-10-03T08:38:48.7163380Z checking whether the compiler supports GNU C++... yes
2026-10-03T08:38:48.7478270Z checking whether g++ accepts -g... yes
2026-10-03T08:38:48.9768050Z checking for g++ option to enable C++11 features... none needed
2026-10-03T08:38:48.9774080Z checking for cpp... cpp
2026-10-03T08:38:48.9929650Z checking for ld... ld
2026-10-03T08:38:48.9933010Z checking for the directory containing the Wine tools... none needed
2026-10-03T08:38:48.9934870Z checking for flex... flex
2026-10-03T08:38:49.4222950Z checking whether flex is recent enough... yes
2026-10-03T08:38:49.4227170Z checking for bison... bison
2026-10-03T08:38:49.8568120Z checking whether bison is recent enough... yes
2026-10-03T08:38:49.8573280Z checking for strip... strip
2026-10-03T08:38:49.8573990Z checking whether ln -s works... yes
2026-10-03T08:38:49.8576580Z checking for pkg-config... pkg-config
2026-10-03T08:38:49.8583400Z checking for msgfmt... msgfmt
2026-10-03T08:38:49.9077360Z checking whether msgfmt supports contexts... yes
2026-10-03T08:38:49.9102960Z checking for aarch64-w64-mingw32-clang... aarch64-w64-mingw32-clang
2026-10-03T08:38:50.2596850Z checking whether aarch64-w64-mingw32-clang supports -target aarch64-windows -fuse-ld=lld -Wl,-subsystem:console -Wl,-WX --no-default-config... yes
2026-10-03T08:38:50.5107440Z checking for aarch64-w64-mingw32-clang option to enable C99 features... -D__STDC__
2026-10-03T08:38:50.5948550Z checking whether aarch64-w64-mingw32-clang supports SEH directives... yes
2026-10-03T08:38:50.7151760Z checking whether aarch64-w64-mingw32-clang supports -fno-strict-aliasing... yes
2026-10-03T08:38:50.8156430Z checking whether aarch64-w64-mingw32-clang supports -Werror=unknown-warning-option... yes
2026-10-03T08:38:50.9194310Z checking whether aarch64-w64-mingw32-clang supports -Werror=unused-command-line-argument... yes
2026-10-03T08:38:51.0197040Z checking whether aarch64-w64-mingw32-clang supports -Werror=ignored-optimization-argument... yes
2026-10-03T08:38:51.1191960Z checking whether aarch64-w64-mingw32-clang supports -Werror=unsupported-floating-point-opt... yes
2026-10-03T08:38:51.2150980Z checking whether aarch64-w64-mingw32-clang supports -Wdeclaration-after-statement... yes
2026-10-03T08:38:51.3091590Z checking whether aarch64-w64-mingw32-clang supports -Wempty-body... yes
2026-10-03T08:38:51.4031220Z checking whether aarch64-w64-mingw32-clang supports -Wignored-qualifiers... yes
2026-10-03T08:38:51.4961370Z checking whether aarch64-w64-mingw32-clang supports -Winit-self... yes
2026-10-03T08:38:51.5815020Z checking whether aarch64-w64-mingw32-clang supports -Wpacked-not-aligned... no
2026-10-03T08:38:51.6930590Z checking whether aarch64-w64-mingw32-clang supports -Wmicrosoft-enum-forward-reference... yes
2026-10-03T08:38:51.7795210Z checking whether aarch64-w64-mingw32-clang supports -Wshift-overflow=2... no
2026-10-03T08:38:51.8887230Z checking whether aarch64-w64-mingw32-clang supports -Wstrict-prototypes... yes
2026-10-03T08:38:51.9822450Z checking whether aarch64-w64-mingw32-clang supports -Wtype-limits... yes
2026-10-03T08:38:52.0762810Z checking whether aarch64-w64-mingw32-clang supports -Wunused-but-set-parameter... yes
2026-10-03T08:38:52.1704710Z checking whether aarch64-w64-mingw32-clang supports -Wvla... yes
2026-10-03T08:38:52.2787500Z checking whether aarch64-w64-mingw32-clang supports -Wwrite-strings... yes
2026-10-03T08:38:52.3873980Z checking whether aarch64-w64-mingw32-clang supports -Wpointer-arith... yes
2026-10-03T08:38:52.4898510Z checking whether aarch64-w64-mingw32-clang supports -Wlogical-op... no
2026-10-03T08:38:52.6107030Z checking whether aarch64-w64-mingw32-clang supports -Wabsolute-value... yes
2026-10-03T08:38:52.7143320Z checking whether aarch64-w64-mingw32-clang supports -Wenum-enum-conversion... yes
2026-10-03T08:38:52.8283320Z checking whether aarch64-w64-mingw32-clang supports -ffunction-sections... yes
2026-10-03T08:38:52.9369680Z checking whether aarch64-w64-mingw32-clang supports -fasync-exceptions -DMIN_CLANG_VERSION=19... yes
2026-10-03T08:38:53.0437040Z checking whether aarch64-w64-mingw32-clang supports -ffp-exception-behavior=maytrap... yes
2026-10-03T08:38:53.1730360Z checking whether aarch64-w64-mingw32-clang supports -fms-hotpatch -DMIN_CLANG_VERSION=18... no
2026-10-03T08:38:53.2453780Z checking whether aarch64-w64-mingw32-clang supports -flarge-source-files -Wmisleading-indentation... no
2026-10-03T08:38:53.3688300Z checking whether aarch64-w64-mingw32-clang supports -Wl,-debug:dwarf... yes
2026-10-03T08:38:53.5864560Z checking whether aarch64-w64-mingw32-clang supports -gdwarf-4... yes
2026-10-03T08:38:53.6853850Z checking for i386_set_ldt in -li386... no
2026-10-03T08:38:53.7936980Z checking for  option for large files... none needed
2026-10-03T08:38:53.8372520Z checking for  option for timestamps after 2038... none needed
2026-10-03T08:38:53.8846550Z checking for stdio.h... yes
2026-10-03T08:38:53.9413590Z checking for stdlib.h... yes
2026-10-03T08:38:54.0245720Z checking for string.h... yes
2026-10-03T08:38:54.0799080Z checking for inttypes.h... yes
2026-10-03T08:38:54.1362600Z checking for stdint.h... yes
2026-10-03T08:38:54.1965580Z checking for strings.h... yes
2026-10-03T08:38:54.2772630Z checking for sys/stat.h... yes
2026-10-03T08:38:54.3324340Z checking for sys/types.h... yes
2026-10-03T08:38:54.3919330Z checking for unistd.h... yes
2026-10-03T08:38:54.4692440Z checking for CL/cl.h... no
2026-10-03T08:38:54.5994680Z checking for OpenCL/opencl.h... yes
2026-10-03T08:38:54.6628810Z checking for arpa/inet.h... yes
2026-10-03T08:38:54.7181740Z checking for arpa/nameser.h... yes
2026-10-03T08:38:54.7733110Z checking for asm/termbits.h... no
2026-10-03T08:38:54.8438880Z checking for asm/types.h... no
2026-10-03T08:38:54.9102030Z checking for asm/user.h... no
2026-10-03T08:38:54.9741220Z checking for bluetooth/bluetooth.h... no
2026-10-03T08:38:55.0585090Z checking for elf.h... no
2026-10-03T08:38:55.1348770Z checking for gettext-po.h... no
2026-10-03T08:38:55.1992110Z checking for link.h... no
2026-10-03T08:38:55.2769890Z checking for linux/cdrom.h... no
2026-10-03T08:38:55.3620640Z checking for linux/filter.h... no
2026-10-03T08:38:55.4651840Z checking for linux/fs.h... no
2026-10-03T08:38:55.5438790Z checking for linux/hdreg.h... no
2026-10-03T08:38:55.6395140Z checking for linux/hidraw.h... no
2026-10-03T08:38:55.7186150Z checking for linux/input.h... no
2026-10-03T08:38:55.8109380Z checking for linux/ioctl.h... no
2026-10-03T08:38:55.8937610Z checking for linux/major.h... no
2026-10-03T08:38:55.9650750Z checking for linux/memfd.h... no
2026-10-03T08:38:56.0430100Z checking for linux/ntsync.h... no
2026-10-03T08:38:56.1220660Z checking for linux/param.h... no
2026-10-03T08:38:56.2021280Z checking for linux/serial.h... no
2026-10-03T08:38:56.2790390Z checking for linux/types.h... no
2026-10-03T08:38:56.3517480Z checking for linux/ucdrom.h... no
2026-10-03T08:38:56.4189630Z checking for linux/userfaultfd.h... no
2026-10-03T08:38:56.4922990Z checking for linux/wireless.h... no
2026-10-03T08:38:56.5648430Z checking for lwp.h... no
2026-10-03T08:38:56.6432370Z checking for mach-o/loader.h... yes
2026-10-03T08:38:56.7733870Z checking for mach/mach.h... yes
2026-10-03T08:38:56.8329150Z checking for machine/cpu.h... no
2026-10-03T08:38:56.9233220Z checking for machine/sysarch.h... no
2026-10-03T08:38:57.0065890Z checking for mntent.h... no
2026-10-03T08:38:57.0838470Z checking for netdb.h... yes
2026-10-03T08:38:57.1365990Z checking for netinet/in.h... yes
2026-10-03T08:38:57.1848600Z checking for netinet/in_systm.h... yes
2026-10-03T08:38:57.2301890Z checking for netinet/tcp.h... yes
2026-10-03T08:38:57.2769960Z checking for netinet/tcp_fsm.h... yes
2026-10-03T08:38:57.3325780Z checking for pcap/pcap.h... yes
2026-10-03T08:38:57.3870750Z checking for port.h... no
2026-10-03T08:38:57.4500550Z checking for pwd.h... yes
2026-10-03T08:38:57.4956900Z checking for sched.h... yes
2026-10-03T08:38:57.5502260Z checking for scsi/scsi.h... no
2026-10-03T08:38:57.6257050Z checking for scsi/scsi_ioctl.h... no
2026-10-03T08:38:57.6977590Z checking for scsi/sg.h... no
2026-10-03T08:38:57.7698160Z checking for sys/attr.h... yes
2026-10-03T08:38:57.8247850Z checking for sys/auxv.h... no
2026-10-03T08:38:57.8962980Z checking for sys/cdio.h... no
2026-10-03T08:38:57.9653540Z checking for sys/epoll.h... no
2026-10-03T08:38:58.0368460Z checking for sys/event.h... yes
2026-10-03T08:38:58.0942790Z checking for sys/extattr.h... no
2026-10-03T08:38:58.1633050Z checking for sys/filio.h... yes
2026-10-03T08:38:58.2115910Z checking for sys/ipc.h... yes
2026-10-03T08:38:58.2660040Z checking for sys/link.h... no
2026-10-03T08:38:58.3390300Z checking for sys/modem.h... no
2026-10-03T08:38:58.4101460Z checking for sys/mtio.h... no
2026-10-03T08:38:58.4702350Z checking for sys/param.h... yes
2026-10-03T08:38:58.5231760Z checking for sys/prctl.h... no
2026-10-03T08:38:58.5865420Z checking for sys/ptrace.h... yes
2026-10-03T08:38:58.6324190Z checking for sys/queue.h... yes
2026-10-03T08:38:58.6908230Z checking for sys/random.h... yes
2026-10-03T08:38:58.7489150Z checking for sys/resource.h... yes
2026-10-03T08:38:58.8012600Z checking for sys/scsiio.h... no
2026-10-03T08:38:58.8675660Z checking for sys/shm.h... yes
2026-10-03T08:38:58.9142410Z checking for sys/signal.h... yes
2026-10-03T08:38:58.9608110Z checking for sys/socketvar.h... yes
2026-10-03T08:38:59.0102890Z checking for sys/sockio.h... yes
2026-10-03T08:38:59.0552960Z checking for sys/statvfs.h... yes
2026-10-03T08:38:59.1026580Z checking for sys/strtio.h... no
2026-10-03T08:38:59.1649580Z checking for sys/syscall.h... yes
2026-10-03T08:38:59.2182270Z checking for sys/sysinfo.h... no
2026-10-03T08:38:59.2919630Z checking for sys/times.h... yes
2026-10-03T08:38:59.3446280Z checking for sys/uio.h... yes
2026-10-03T08:38:59.4012080Z checking for sys/user.h... yes
2026-10-03T08:38:59.4511320Z checking for sys/utsname.h... yes
2026-10-03T08:38:59.4995540Z checking for sys/vnode.h... yes
2026-10-03T08:38:59.5444240Z checking for sys/xattr.h... yes
2026-10-03T08:38:59.5976720Z checking for syscall.h... no
2026-10-03T08:38:59.6664920Z checking for utime.h... yes
2026-10-03T08:38:59.7241440Z checking for valgrind/memcheck.h... no
2026-10-03T08:38:59.8024740Z checking for valgrind/valgrind.h... no
2026-10-03T08:38:59.8841930Z checking for sys/mkdev.h... no
2026-10-03T08:38:59.9556080Z checking for sys/sysmacros.h... no
2026-10-03T08:39:00.0286930Z checking for sys/conf.h... yes
2026-10-03T08:39:00.0844360Z checking for sys/mount.h... yes
2026-10-03T08:39:00.1372500Z checking for sys/statfs.h... no
2026-10-03T08:39:00.1373060Z checking for sys/user.h... (cached) yes
2026-10-03T08:39:00.2033950Z checking for sys/vfs.h... no
2026-10-03T08:39:00.2766600Z checking for sys/sysctl.h... yes
2026-10-03T08:39:00.3214490Z checking for netinet/ip.h... yes
2026-10-03T08:39:00.3634100Z checking for net/if.h... yes
2026-10-03T08:39:00.4029380Z checking for net/if_arp.h... yes
2026-10-03T08:39:00.4406630Z checking for net/if_dl.h... yes
2026-10-03T08:39:00.4838590Z checking for net/if_types.h... yes
2026-10-03T08:39:00.5276890Z checking for net/route.h... yes
2026-10-03T08:39:00.5719990Z checking for netinet/if_ether.h... yes
2026-10-03T08:39:00.6176390Z checking for netinet/in_pcb.h... yes
2026-10-03T08:39:00.6610520Z checking for netinet/ip_icmp.h... yes
2026-10-03T08:39:00.7092770Z checking for netinet/ip_var.h... yes
2026-10-03T08:39:00.7523220Z checking for netinet/udp.h... yes
2026-10-03T08:39:00.7965640Z checking for netinet6/ip6_var.h... no
2026-10-03T08:39:00.8663510Z checking for netipx/ipx.h... no
2026-10-03T08:39:00.9288080Z checking for sys/un.h... yes
2026-10-03T08:39:00.9792310Z checking for netinet/udp_var.h... yes
2026-10-03T08:39:01.0262540Z checking for netinet/icmp_var.h... yes
2026-10-03T08:39:01.0803000Z checking for netinet/icmp6.h... yes
2026-10-03T08:39:01.1487610Z checking for netinet/tcp_var.h... yes
2026-10-03T08:39:01.2007170Z checking for linux/ipx.h... no
2026-10-03T08:39:01.2694310Z checking for linux/irda.h... no
2026-10-03T08:39:01.3396210Z checking for linux/rtnetlink.h... no
2026-10-03T08:39:01.4157810Z checking for resolv.h... yes
2026-10-03T08:39:01.4627750Z checking for ifaddrs.h... yes
2026-10-03T08:39:01.5076660Z checking for sys/ucontext.h... yes
2026-10-03T08:39:01.5620800Z checking for sys/thr.h... no
2026-10-03T08:39:01.6303980Z checking for pthread_np.h... no
2026-10-03T08:39:01.6996310Z checking for linux/videodev2.h... no
2026-10-03T08:39:01.7649780Z checking for libprocstat.h... no
2026-10-03T08:39:01.8266310Z checking for bluetooth/rfcomm.h... no
2026-10-03T08:39:01.8888540Z checking whether getxattr takes additional arguments... yes
2026-10-03T08:39:01.8895530Z checking for ldd... true
2026-10-03T08:39:01.8900880Z checking for otool... otool
2026-10-03T08:39:01.8905930Z checking for readelf... no
2026-10-03T08:39:01.8921650Z checking for gcc... gcc
2026-10-03T08:39:02.0518190Z checking whether the compiler supports GNU Objective C... yes
2026-10-03T08:39:02.0852580Z checking whether gcc accepts -g... yes
2026-10-03T08:39:02.6450940Z checking whether MTLDevice protocol supports registryID property... yes
2026-10-03T08:39:02.8186400Z checking for pthread_create... yes
2026-10-03T08:39:02.9037910Z checking how to run the C preprocessor... gcc -E
2026-10-03T08:39:02.9973750Z checking for X... disabled
2026-10-03T08:39:03.2193580Z checking for pcap_init in -lpcap... yes
2026-10-03T08:39:03.2720920Z checking for SCardEstablishContext in -lpcsclite... no
2026-10-03T08:39:03.3600150Z checking for sys/inotify.h... no
2026-10-03T08:39:03.4358470Z checking for inotify_add_watch in -linotify... no
2026-10-03T08:39:03.5192990Z checking for gnutls/gnutls.h... yes
2026-10-03T08:39:04.0532620Z checking for -lgnutls... libgnutls.30.dylib
2026-10-03T08:39:04.1228320Z checking for gnutls_cipher_init... yes
2026-10-03T08:39:04.2175310Z checking for libusb.h... yes
2026-10-03T08:39:04.2886570Z checking for libusb_interrupt_event_handler in -lusb-1.0... yes
2026-10-03T08:39:04.3558010Z checking for -lv4l2... not found
2026-10-03T08:39:04.4448710Z checking for gphoto2-camera.h... no
2026-10-03T08:39:04.5273060Z checking for gphoto2-port.h... no
2026-10-03T08:39:04.7184800Z checking for resolver library... -lresolv
2026-10-03T08:39:04.7993380Z checking for res_getservers... yes
2026-10-03T08:39:04.8693620Z checking for pthread_getthreadid_np... no
2026-10-03T08:39:05.0263250Z checking for snd_pcm_hw_params_get_access_mask in -lasound... no
2026-10-03T08:39:05.0994870Z checking for sys/soundcard.h... no
2026-10-03T08:39:05.1873550Z checking for libudev.h... no
2026-10-03T08:39:05.2732340Z checking for SDL.h... no
2026-10-03T08:39:05.3841050Z checking for cups/cups.h... yes
2026-10-03T08:39:05.4322310Z checking for cups/ppd.h... yes
2026-10-03T08:39:05.5126290Z checking for -lcups... libcups.2.dylib
2026-10-03T08:39:05.6077180Z checking for krb5/krb5.h... yes
2026-10-03T08:39:06.3341080Z checking for -lkrb5... not found
2026-10-03T08:39:06.7481170Z checking for -lodbc... not found
2026-10-03T08:39:07.4185170Z checking whether the compiler supports -Werror=unknown-warning-option... yes
2026-10-03T08:39:07.6246750Z checking whether the compiler supports -Werror=unused-command-line-argument... yes
2026-10-03T08:39:07.7111990Z checking whether the compiler supports -Werror=ignored-optimization-argument... yes
2026-10-03T08:39:07.7906470Z checking whether the compiler supports -fcf-protection=none... yes
2026-10-03T08:39:07.8565990Z checking whether the compiler supports -fvisibility=hidden... yes
2026-10-03T08:39:07.9243650Z checking whether the compiler supports -fno-stack-protector... yes
2026-10-03T08:39:07.9884180Z checking whether the compiler supports -fno-strict-aliasing... yes
2026-10-03T08:39:08.0553780Z checking whether the compiler supports -Wdeclaration-after-statement... yes
2026-10-03T08:39:08.1231010Z checking whether the compiler supports -Wempty-body... yes
2026-10-03T08:39:08.1983460Z checking whether the compiler supports -Wignored-qualifiers... yes
2026-10-03T08:39:08.2708050Z checking whether the compiler supports -Winit-self... yes
2026-10-03T08:39:08.3350910Z checking whether the compiler supports -Wlogical-op... no
2026-10-03T08:39:08.3767590Z checking whether the compiler supports -Wpacked-not-aligned... no
2026-10-03T08:39:08.4635210Z checking whether the compiler supports -Wpointer-arith... yes
2026-10-03T08:39:08.5083750Z checking whether the compiler supports -Wshift-overflow=2... no
2026-10-03T08:39:08.5956170Z checking whether the compiler supports -Wstrict-prototypes... yes
2026-10-03T08:39:08.6730980Z checking whether the compiler supports -Wtype-limits... yes
2026-10-03T08:39:08.7469910Z checking whether the compiler supports -Wunused-but-set-parameter... yes
2026-10-03T08:39:08.8187050Z checking whether the compiler supports -Wvla... yes
2026-10-03T08:39:08.8895450Z checking whether the compiler supports -Wwrite-strings... yes
2026-10-03T08:39:08.9306600Z checking whether the compiler supports -flarge-source-files -Wmisleading-indentation... no
2026-10-03T08:39:08.9884540Z checking for flags needed for 64-bit compare-and-swap support... none needed
2026-10-03T08:39:09.0621530Z checking whether the compiler supports -gdwarf-4... yes
2026-10-03T08:39:09.1107380Z checking for the need to disable Fortify... yes
2026-10-03T08:39:09.1658040Z checking whether CFI directives are supported in assembly code... yes
2026-10-03T08:39:09.2364590Z checking for library containing dlopen... none required
2026-10-03T08:39:09.3011860Z checking for dladdr1... no
2026-10-03T08:39:09.3932320Z checking for dlinfo... no
2026-10-03T08:39:09.4857050Z checking for epoll_create... no
2026-10-03T08:39:09.5747980Z checking for epoll_pwait2... no
2026-10-03T08:39:09.6590940Z checking for fstatfs... yes
2026-10-03T08:39:09.7295250Z checking for futimens... yes
2026-10-03T08:39:09.8005670Z checking for futimes... yes
2026-10-03T08:39:09.8762640Z checking for futimesat... no
2026-10-03T08:39:09.9660170Z checking for getaddrinfo... yes
2026-10-03T08:39:10.0444050Z checking for getattrlist... yes
2026-10-03T08:39:10.1190730Z checking for getauxval... no
2026-10-03T08:39:10.2076300Z checking for getifaddrs... yes
2026-10-03T08:39:10.2850580Z checking for getrandom... no
2026-10-03T08:39:10.3816320Z checking for kqueue... yes
2026-10-03T08:39:10.4573250Z checking for memfd_create... no
2026-10-03T08:39:10.5495100Z checking for pipe2... no
2026-10-03T08:39:10.6406560Z checking for port_create... no
2026-10-03T08:39:10.7306800Z checking for posix_fadvise... no
2026-10-03T08:39:10.8212060Z checking for posix_fallocate... no
2026-10-03T08:39:10.9120820Z checking for prctl... no
2026-10-03T08:39:10.9944070Z checking for process_vm_readv... no
2026-10-03T08:39:11.0841510Z checking for process_vm_writev... no
2026-10-03T08:39:11.1690030Z checking for sched_getcpu... no
2026-10-03T08:39:11.2610700Z checking for sched_yield... yes
2026-10-03T08:39:11.3275690Z checking for setproctitle... no
2026-10-03T08:39:11.4138770Z checking for setprogname... yes
2026-10-03T08:39:11.4843400Z checking for sigprocmask... yes
2026-10-03T08:39:11.5527180Z checking for sysinfo... no
2026-10-03T08:39:11.6480300Z checking for tcdrain... yes
2026-10-03T08:39:11.7165210Z checking for thr_kill2... no
2026-10-03T08:39:11.8127650Z checking for library containing clock_gettime... none required
2026-10-03T08:39:11.8568030Z checking for sched_setaffinity... no
2026-10-03T08:39:11.9359700Z checking whether we can use re-entrant gethostbyname_r Linux style... no
2026-10-03T08:39:11.9946380Z checking for struct sockaddr_un.sun_len... yes
2026-10-03T08:39:12.1110990Z checking for sg_io_hdr_t.interface_id... no
2026-10-03T08:39:12.2260180Z checking for siginfo_t.si_fd... no
2026-10-03T08:39:12.3523640Z checking for struct mtget.mt_blksiz... no
2026-10-03T08:39:12.4851560Z checking for struct mtget.mt_gstat... no
2026-10-03T08:39:12.6137340Z checking for struct mtget.mt_blkno... no
2026-10-03T08:39:12.7518060Z checking for struct stat.st_mtim... no
2026-10-03T08:39:12.8880840Z checking for struct stat.st_mtimespec... yes
2026-10-03T08:39:13.0025050Z checking for struct stat.st_ctim... no
2026-10-03T08:39:13.1266440Z checking for struct stat.st_ctimespec... yes
2026-10-03T08:39:13.2449880Z checking for struct stat.st_atim... no
2026-10-03T08:39:13.3793730Z checking for struct stat.st_atimespec... yes
2026-10-03T08:39:13.4246140Z checking for struct stat.st_birthtime... yes
2026-10-03T08:39:13.5530690Z checking for struct stat.st_birthtim... no
2026-10-03T08:39:13.6922610Z checking for struct stat.st_birthtimespec... yes
2026-10-03T08:39:13.8436740Z checking for struct stat.__st_birthtime... no
2026-10-03T08:39:14.0090520Z checking for struct stat.__st_birthtim... no
2026-10-03T08:39:14.0664220Z checking for struct sockaddr_in6.sin6_scope_id... yes
2026-10-03T08:39:14.1877430Z checking for struct __res_state._u._ext.nscount6... no
2026-10-03T08:39:14.3097120Z checking for struct in6_pktinfo.ipi6_addr... yes
2026-10-03T08:39:14.3539670Z checking for struct ipstat.ips_total... yes
2026-10-03T08:39:14.4659270Z checking for struct ip_stats.ips_total... no
2026-10-03T08:39:14.5959010Z checking for struct ip6stat.ip6s_total... no
2026-10-03T08:39:14.6499700Z checking for struct icmpstat.icps_error... yes
2026-10-03T08:39:14.6924280Z checking for struct icmp6stat.icp6s_error... yes
2026-10-03T08:39:14.7384020Z checking for struct tcpstat.tcps_connattempt... yes
2026-10-03T08:39:14.8487270Z checking for struct tcp_stats.tcps_connattempt... no
2026-10-03T08:39:14.9185700Z checking for struct udpstat.udps_ipackets... yes
2026-10-03T08:39:15.0354900Z checking for struct ifreq.ifr_hwaddr... no
2026-10-03T08:39:15.1583810Z checking for struct sysinfo.totalram... no
2026-10-03T08:39:15.2839140Z checking for struct sysinfo.mem_unit... no
2026-10-03T08:39:15.3725910Z checking for __builtin_popcount... yes
2026-10-03T08:39:15.4463320Z checking for __clear_cache... yes
2026-10-03T08:39:15.4863460Z checking whether we need to define __aarch64__... no
2026-10-03T08:39:15.6757070Z creating Makefile rules... done
2026-10-03T08:39:15.7190200Z configure: creating ./config.status
2026-10-03T08:39:15.8171720Z config.status: creating include/config.h
2026-10-03T08:39:15.8438140Z config.status: executing include/stamp-h commands
2026-10-03T08:39:15.8516540Z config.status: executing tools/makedep commands
2026-10-03T08:39:17.2220420Z config.status: executing Makefile commands
2026-10-03T08:39:21.4450660Z configure: WARNING: unrecognized options: --enable-wineandroid
2026-10-03T08:39:21.4451220Z 
2026-10-03T08:39:21.4451810Z configure: Wayland development files not found, the Wayland driver won't be supported.
2026-10-03T08:39:21.4452730Z configure: libinotify development files not found (or too old), filesystem change notifications won't be supported.
2026-10-03T08:39:21.4453520Z configure: libsane development files not found, scanners won't be supported.
2026-10-03T08:39:21.4454070Z configure: libv4l2 development files not found.
2026-10-03T08:39:21.4454570Z configure: libgphoto2 development files not found, digital cameras won't be supported.
2026-10-03T08:39:21.4455310Z configure: libgphoto2_port development files not found, digital cameras won't be auto-detected.
2026-10-03T08:39:21.4456010Z configure: libpulse development files not found or too old, Pulse won't be supported.
2026-10-03T08:39:21.4456890Z configure: FFmpeg development files not found.
2026-10-03T08:39:21.4457520Z configure: gstreamer-1.0 base plugins development files not found, GStreamer won't be supported.
2026-10-03T08:39:21.4458140Z configure: libasound development files not found, Alsa won't be supported.
2026-10-03T08:39:21.4458750Z configure: OSS sound system found but too old (OSSv4 needed), OSS won't be supported.
2026-10-03T08:39:21.4459360Z configure: libudev development files not found, plug and play won't be supported.
2026-10-03T08:39:21.4459850Z configure: libSDL2 development files not found, SDL2 won't be supported.
2026-10-03T08:39:21.4460440Z configure: libcapi20 development files not found, ISDN won't be supported.
2026-10-03T08:39:21.4461270Z configure: libkrb5 development files not found (or too old), Kerberos won't be supported.
2026-10-03T08:39:21.4466400Z configure: libnetapi not found, Samba NetAPI won't be supported.
2026-10-03T08:39:21.4473940Z 
2026-10-03T08:39:21.4484110Z configure: Finished.  Do 'make' to compile Wine.
2026-10-03T08:39:21.4491310Z 
2026-10-03T08:39:21.5045140Z === configure rc=0 ===
2026-10-03T08:39:21.5238620Z config.h OK
2026-10-03T08:39:21.5258450Z ls: tools/winebuild/winebuild: No such file or directory
2026-10-03T08:39:21.5259030Z winebuild not built yet
2026-10-03T08:39:21.5369550Z ##[group]Run set -o pipefail
2026-10-03T08:39:21.5369830Z [36;1mset -o pipefail[0m
2026-10-03T08:39:21.5370060Z [36;1mcd wine/build-macos[0m
2026-10-03T08:39:21.5370350Z [36;1mmake tools/winebuild/winebuild tools/widl/widl 2>&1 | tail -20[0m
2026-10-03T08:39:21.5372550Z [36;1mls -la tools/winebuild/winebuild tools/widl/widl 2>/dev/null || echo "tools missing"[0m
2026-10-03T08:39:21.7392000Z shell: /bin/bash -e {0}
2026-10-03T08:39:21.7392390Z ##[endgroup]
2026-10-03T08:39:31.3225840Z   -Wunused-but-set-parameter -Wvla -Wwrite-strings -gdwarf-4 -g -O2 -U_FORTIFY_SOURCE -D_FORTIFY_SOURCE=0
2026-10-03T08:39:31.3226870Z flex -otools/widl/ppl.yy.c ../tools/wrc/ppl.l
2026-10-03T08:39:31.3227520Z bison -o tools/widl/ppy.tab.$$.c --defines=tools/widl/ppy.tab.h ../tools/wrc/ppy.y && rm -f tools/widl/ppy.tab.$$.c
2026-10-03T08:39:31.3228200Z gcc -c -o tools/widl/ppl.yy.o tools/widl/ppl.yy.c -Itools/widl -I../tools/widl -I../tools/wrc -Iinclude \
2026-10-03T08:39:31.3229010Z   -I../include -D__WINESRC__ -DWINE_UNIX_LIB -Wall -pipe -fcf-protection=none -fvisibility=hidden \
2026-10-03T08:39:31.3229650Z   -fno-stack-protector -fno-strict-aliasing -Wdeclaration-after-statement -Wempty-body \
2026-10-03T08:39:31.3230200Z   -Wignored-qualifiers -Winit-self -Wpointer-arith -Wstrict-prototypes -Wtype-limits \
2026-10-03T08:39:31.3231110Z   -Wunused-but-set-parameter -Wvla -Wwrite-strings -gdwarf-4 -g -O2 -U_FORTIFY_SOURCE -D_FORTIFY_SOURCE=0
2026-10-03T08:39:31.3231800Z bison -o tools/widl/ppy.tab.c ../tools/wrc/ppy.y
2026-10-03T08:39:31.3232380Z gcc -c -o tools/widl/ppy.tab.o tools/widl/ppy.tab.c -Itools/widl -I../tools/widl -I../tools/wrc -Iinclude \
2026-10-03T08:39:31.3233150Z   -I../include -D__WINESRC__ -DWINE_UNIX_LIB -Wall -pipe -fcf-protection=none -fvisibility=hidden \
2026-10-03T08:39:31.3233880Z   -fno-stack-protector -fno-strict-aliasing -Wdeclaration-after-statement -Wempty-body \
2026-10-03T08:39:31.3234480Z   -Wignored-qualifiers -Winit-self -Wpointer-arith -Wstrict-prototypes -Wtype-limits \
2026-10-03T08:39:31.3235170Z   -Wunused-but-set-parameter -Wvla -Wwrite-strings -gdwarf-4 -g -O2 -U_FORTIFY_SOURCE -D_FORTIFY_SOURCE=0
2026-10-03T08:39:31.3235820Z gcc -o tools/widl/widl tools/widl/attribute.o tools/widl/client.o tools/widl/expr.o tools/widl/hash.o \
2026-10-03T08:39:31.3236450Z   tools/widl/header.o tools/widl/metadata.o tools/widl/proxy.o tools/widl/register.o \
2026-10-03T08:39:31.3236990Z   tools/widl/server.o tools/widl/typegen.o tools/widl/typelib.o tools/widl/typetree.o \
2026-10-03T08:39:31.3237570Z   tools/widl/utils.o tools/widl/widl.o tools/widl/wpp.o tools/widl/write_msft.o \
2026-10-03T08:39:31.3238110Z   tools/widl/write_sltg.o tools/widl/parser.yy.o tools/widl/parser.tab.o tools/widl/ppl.yy.o \
2026-10-03T08:39:31.3238600Z   tools/widl/ppy.tab.o 
2026-10-03T08:39:31.3274020Z -rwxr-xr-x  1 runner  staff  761688 Oct  3 08:39 tools/widl/widl
2026-10-03T08:39:31.3274460Z -rwxr-xr-x  1 runner  staff  226488 Oct  3 08:39 tools/winebuild/winebuild
2026-10-03T08:39:31.3303930Z ##[group]Run set -o pipefail
2026-10-03T08:39:31.3304150Z [36;1mset -o pipefail[0m
2026-10-03T08:39:31.3304330Z [36;1mmkdir -p build[0m
2026-10-03T08:39:31.3304570Z [36;1m# Patch the build script in place (BSD sed needs `-i ''`):[0m
2026-10-03T08:39:31.3304850Z [36;1msed -i '' \[0m
2026-10-03T08:39:31.3305090Z [36;1m  -e 's|xcrun --sdk iphoneos|xcrun --sdk appletvos|g' \[0m
2026-10-03T08:39:31.3305920Z [36;1m  -e 's|-miphoneos-version-min=17.0|-mtvos-version-min=17.0|g' \[0m
2026-10-03T08:39:31.3306370Z [36;1m  -e 's|-miphoneos-version-min=| -mtvos-version-min=|g' \[0m
2026-10-03T08:39:31.3306680Z [36;1m  build/ntdll-unix/build.sh[0m
2026-10-03T08:39:31.3307190Z [36;1mbash build/ntdll-unix/build.sh 2>&1 | tee build/ntdll-unix-tvos.log[0m
2026-10-03T08:39:31.3307590Z [36;1mecho "=== rc=${PIPESTATUS[0]} ==="[0m
2026-10-03T08:39:31.3348640Z shell: /bin/bash -e {0}
2026-10-03T08:39:31.3348860Z ##[endgroup]
2026-10-03T08:39:31.3687380Z build/ntdll-unix/build.sh: line 2: set: -
2026-10-03T08:39:31.3687940Z : invalid option
2026-10-03T08:39:31.3688380Z set: usage: set [--abefhkmnptuvxBCHP] [-o option] [arg ...]
2026-10-03T08:39:31.3689810Z build/ntdll-unix/build.sh: line 3: 
2026-10-03T08:39:31.3690180Z : command not found
2026-10-03T08:39:31.3721360Z build/ntdll-unix/build.sh: line 5: cd: /Users/runner/work/MadeiraTV/MadeiraTV/build/ntdll-unix
2026-10-03T08:39:31.3722230Z /../..: No such file or directory
2026-10-03T08:39:31.3778120Z build/ntdll-unix/build.sh: line 11: 
2026-10-03T08:39:31.3778480Z : command not found
2026-10-03T08:39:31.3803510Z build/ntdll-unix/build.sh: line 13: 
2026-10-03T08:39:31.3803750Z : command not found
2026-10-03T08:39:31.3807390Z build/ntdll-unix/build.sh: line 17: 
2026-10-03T08:39:31.3807820Z : command not found
2026-10-03T08:39:31.3808370Z build/ntdll-unix/build.sh: line 18: syntax error near unexpected token `{
2026-10-03T08:39:31.3808880Z '
2026-10-03T08:39:31.3809160Z build/ntdll-unix/build.sh: line 18: `compile_one() {
2026-10-03T08:39:31.3809580Z '
2026-10-03T08:39:31.3815870Z ##[error]Process completed with exit code 2.
2026-10-03T08:39:31.4179890Z ##[group]Run actions/upload-artifact@v4
2026-10-03T08:39:31.4180130Z with:
2026-10-03T08:39:31.4180290Z   name: wine-tvos-ntdll-unix-artifacts
2026-10-03T08:39:31.4180690Z   path: build/ntdll-unix/obj/*.a
app/Madeira/libntdll_unix.a
build/ntdll-unix-tvos.log

2026-10-03T08:39:31.4181040Z   if-no-files-found: warn
2026-10-03T08:39:31.4181230Z   compression-level: 6
2026-10-03T08:39:31.4181400Z   overwrite: false
2026-10-03T08:39:31.4181590Z   include-hidden-files: false
2026-10-03T08:39:31.4181810Z ##[endgroup]
2026-10-03T08:39:31.8140410Z (node:17357) [DEP0040] DeprecationWarning: The `punycode` module is deprecated. Please use a userland alternative instead.
2026-10-03T08:39:31.8150250Z (Use `node --trace-deprecation ...` to show where the warning was created)
2026-10-03T08:39:31.8225820Z Multiple search paths detected. Calculating the least common ancestor of all paths
2026-10-03T08:39:31.8229460Z The least common ancestor is /Users/runner/work/MadeiraTV/MadeiraTV. This will be the root directory of the artifact
2026-10-03T08:39:31.8246470Z With the provided path, there will be 1 file uploaded
2026-10-03T08:39:31.8248160Z Artifact name is valid!
2026-10-03T08:39:31.8248500Z Root directory input is valid!
2026-10-03T08:39:32.1336380Z Beginning upload of artifact content to blob storage
2026-10-03T08:39:32.1467360Z (node:17357) [DEP0169] DeprecationWarning: `url.parse()` behavior is not standardized and prone to errors that have security implications. Use the WHATWG URL API instead. CVEs are not issued for `url.parse()` vulnerabilities.
2026-10-03T08:39:32.2906660Z Uploaded bytes 408
2026-10-03T08:39:32.3283260Z Finished uploading artifact content to blob storage!
2026-10-03T08:39:32.3283900Z SHA256 digest of uploaded artifact zip is 27b14d65aed91ca99851df0b12da5d8c63475003bbfd77ad9821f5748e60ddae
2026-10-03T08:39:32.3284390Z Finalizing artifact upload
2026-10-03T08:39:32.6004870Z Artifact wine-tvos-ntdll-unix-artifacts.zip successfully finalized. Artifact ID 11269177889
2026-10-03T08:39:32.6005620Z Artifact wine-tvos-ntdll-unix-artifacts has been successfully uploaded! Final size is 408 bytes. Artifact ID is 11269177889
2026-10-03T08:39:32.6007250Z Artifact download URL: https://github.com/duranereloise-hash/MadeiraTV/actions/runs/37110161979/artifacts/11269177889
2026-10-03T08:39:32.6120050Z ##[warning]Unexpected input(s) 'submodule-depth', valid inputs are ['repository', 'ref', 'token', 'ssh-key', 'ssh-known-hosts', 'ssh-strict', 'ssh-user', 'persist-credentials', 'path', 'clean', 'filter', 'sparse-checkout', 'sparse-checkout-cone-mode', 'fetch-depth', 'fetch-tags', 'show-progress', 'lfs', 'submodules', 'set-safe-directory', 'github-server-url', 'allow-unsafe-pr-checkout']
2026-10-03T08:39:32.6126340Z Post job cleanup.
2026-10-03T08:39:32.7077230Z [command]/opt/homebrew/bin/git version
2026-10-03T08:39:32.7301190Z git version 2.55.0
2026-10-03T08:39:32.7322390Z Copying '/Users/runner/.gitconfig' to '/Users/runner/work/_temp/6f2b23b7-ca86-4c38-9729-b5fb62d4ae39/.gitconfig'
2026-10-03T08:39:32.7329550Z Temporarily overriding HOME='/Users/runner/work/_temp/6f2b23b7-ca86-4c38-9729-b5fb62d4ae39' before making global git config changes
2026-10-03T08:39:32.7331550Z Adding repository directory to the temporary git global config as a safe directory
2026-10-03T08:39:32.7333670Z [command]/opt/homebrew/bin/git config --global --add safe.directory /Users/runner/work/MadeiraTV/MadeiraTV
2026-10-03T08:39:32.7440930Z [command]/opt/homebrew/bin/git config --local --name-only --get-regexp core\.sshCommand
2026-10-03T08:39:32.7505530Z [command]/opt/homebrew/bin/git submodule foreach --recursive sh -c "git config --local --name-only --get-regexp 'core\.sshCommand' && git config --local --unset-all 'core.sshCommand' || :"
2026-10-03T08:39:32.8229480Z Entering 'FEX'
2026-10-03T08:39:32.8445700Z Entering 'FEX/External/Catch2'
2026-10-03T08:39:32.8623510Z Entering 'FEX/External/Vulkan-Headers'
2026-10-03T08:39:32.8797030Z Entering 'FEX/External/drm-headers'
2026-10-03T08:39:32.8976430Z Entering 'FEX/External/fex-gcc-target-tests-bins'
2026-10-03T08:39:32.9173970Z Entering 'FEX/External/fex-gvisor-tests-bins'
2026-10-03T08:39:32.9357010Z Entering 'FEX/External/fex-posixtest-bins'
2026-10-03T08:39:32.9614500Z Entering 'FEX/External/fmt'
2026-10-03T08:39:32.9990240Z Entering 'FEX/External/jemalloc_glibc'
2026-10-03T08:39:33.0267120Z Entering 'FEX/External/range-v3'
2026-10-03T08:39:33.0470640Z Entering 'FEX/External/range-v3/doc/gh-pages'
2026-10-03T08:39:33.1054360Z Entering 'FEX/External/rpmalloc'
2026-10-03T08:39:33.1329280Z Entering 'FEX/External/tracy'
2026-10-03T08:39:33.1551690Z Entering 'FEX/External/unordered_dense'
2026-10-03T08:39:33.1799390Z Entering 'FEX/External/vixl'
2026-10-03T08:39:33.2052970Z Entering 'FEX/External/xxhash'
2026-10-03T08:39:33.2266180Z Entering 'FEX/External/zydis'
2026-10-03T08:39:33.2451000Z Entering 'FEX/External/zydis/dependencies/zycore'
2026-10-03T08:39:33.2632700Z Entering 'FEX/Source/Common/cpp-optparse'
2026-10-03T08:39:33.2803420Z Entering 'dxmt'
2026-10-03T08:39:33.2988380Z Entering 'dxmt/external/nvapi'
2026-10-03T08:39:33.3185320Z Entering 'dxmt/include/native/directx'
2026-10-03T08:39:33.3358600Z Entering 'madeira-dock'
2026-10-03T08:39:33.3536470Z Entering 'wine'
2026-10-03T08:39:33.3745090Z [command]/opt/homebrew/bin/git config --local --name-only --get-regexp http\.https\:\/\/github\.com\/\.extraheader
2026-10-03T08:39:33.3790590Z http.https://github.com/.extraheader
2026-10-03T08:39:33.3795590Z [command]/opt/homebrew/bin/git config --local --unset-all http.https://github.com/.extraheader
2026-10-03T08:39:33.3847430Z [command]/opt/homebrew/bin/git submodule foreach --recursive sh -c "git config --local --name-only --get-regexp 'http\.https\:\/\/github\.com\/\.extraheader' && git config --local --unset-all 'http.https://github.com/.extraheader' || :"
2026-10-03T08:39:33.4415040Z Entering 'FEX'
2026-10-03T08:39:33.4516660Z http.https://github.com/.extraheader
2026-10-03T08:39:33.4614600Z Entering 'FEX/External/Catch2'
2026-10-03T08:39:33.4749990Z http.https://github.com/.extraheader
2026-10-03T08:39:33.4864500Z Entering 'FEX/External/Vulkan-Headers'
2026-10-03T08:39:33.5007730Z http.https://github.com/.extraheader
2026-10-03T08:39:33.5132450Z Entering 'FEX/External/drm-headers'
2026-10-03T08:39:33.5279540Z http.https://github.com/.extraheader
2026-10-03T08:39:33.5419440Z Entering 'FEX/External/fex-gcc-target-tests-bins'
2026-10-03T08:39:33.5541910Z http.https://github.com/.extraheader
2026-10-03T08:39:33.5637890Z Entering 'FEX/External/fex-gvisor-tests-bins'
2026-10-03T08:39:33.5741230Z http.https://github.com/.extraheader
2026-10-03T08:39:33.5841910Z Entering 'FEX/External/fex-posixtest-bins'
2026-10-03T08:39:33.5948110Z http.https://github.com/.extraheader
2026-10-03T08:39:33.6050760Z Entering 'FEX/External/fmt'
2026-10-03T08:39:33.6158520Z http.https://github.com/.extraheader
2026-10-03T08:39:33.6249230Z Entering 'FEX/External/jemalloc_glibc'
2026-10-03T08:39:33.6361790Z http.https://github.com/.extraheader
2026-10-03T08:39:33.6456660Z Entering 'FEX/External/range-v3'
2026-10-03T08:39:33.6565460Z http.https://github.com/.extraheader
2026-10-03T08:39:33.6663450Z Entering 'FEX/External/range-v3/doc/gh-pages'
2026-10-03T08:39:33.6768620Z http.https://github.com/.extraheader
2026-10-03T08:39:33.6868870Z Entering 'FEX/External/rpmalloc'
2026-10-03T08:39:33.6976320Z http.https://github.com/.extraheader
2026-10-03T08:39:33.7073590Z Entering 'FEX/External/tracy'
2026-10-03T08:39:33.7174370Z http.https://github.com/.extraheader
2026-10-03T08:39:33.7263760Z Entering 'FEX/External/unordered_dense'
2026-10-03T08:39:33.7364570Z http.https://github.com/.extraheader
2026-10-03T08:39:33.7457430Z Entering 'FEX/External/vixl'
2026-10-03T08:39:33.7559740Z http.https://github.com/.extraheader
2026-10-03T08:39:33.7649420Z Entering 'FEX/External/xxhash'
2026-10-03T08:39:33.7757080Z http.https://github.com/.extraheader
2026-10-03T08:39:33.7846270Z Entering 'FEX/External/zydis'
2026-10-03T08:39:33.7951480Z http.https://github.com/.extraheader
2026-10-03T08:39:33.8045160Z Entering 'FEX/External/zydis/dependencies/zycore'
2026-10-03T08:39:33.8179470Z http.https://github.com/.extraheader
2026-10-03T08:39:33.8316870Z Entering 'FEX/Source/Common/cpp-optparse'
2026-10-03T08:39:33.8467360Z http.https://github.com/.extraheader
2026-10-03T08:39:33.8597690Z Entering 'dxmt'
2026-10-03T08:39:33.8712140Z http.https://github.com/.extraheader
2026-10-03T08:39:33.8804020Z Entering 'dxmt/external/nvapi'
2026-10-03T08:39:33.8913010Z http.https://github.com/.extraheader
2026-10-03T08:39:33.9009000Z Entering 'dxmt/include/native/directx'
2026-10-03T08:39:33.9126500Z http.https://github.com/.extraheader
2026-10-03T08:39:33.9220170Z Entering 'madeira-dock'
2026-10-03T08:39:33.9321180Z http.https://github.com/.extraheader
2026-10-03T08:39:33.9411380Z Entering 'wine'
2026-10-03T08:39:33.9511490Z http.https://github.com/.extraheader
2026-10-03T08:39:33.9619960Z [command]/opt/homebrew/bin/git config --local --name-only --get-regexp ^includeIf\.gitdir:
2026-10-03T08:39:33.9669770Z [command]/opt/homebrew/bin/git submodule foreach --recursive git config --local --show-origin --name-only --get-regexp remote.origin.url
2026-10-03T08:39:34.0248600Z Entering 'FEX'
2026-10-03T08:39:34.0319210Z file:/Users/runner/work/MadeiraTV/MadeiraTV/.git/modules/FEX/config	remote.origin.url
2026-10-03T08:39:34.0364860Z Entering 'FEX/External/Catch2'
2026-10-03T08:39:34.0440810Z file:/Users/runner/work/MadeiraTV/MadeiraTV/.git/modules/FEX/modules/External/Catch2/config	remote.origin.url
2026-10-03T08:39:34.0486940Z Entering 'FEX/External/Vulkan-Headers'
2026-10-03T08:39:34.0557980Z file:/Users/runner/work/MadeiraTV/MadeiraTV/.git/modules/FEX/modules/External/Vulkan-Headers/config	remote.origin.url
2026-10-03T08:39:34.0616650Z Entering 'FEX/External/drm-headers'
2026-10-03T08:39:34.0711990Z file:/Users/runner/work/MadeiraTV/MadeiraTV/.git/modules/FEX/modules/External/drm-headers/config	remote.origin.url
2026-10-03T08:39:34.0785600Z Entering 'FEX/External/fex-gcc-target-tests-bins'
2026-10-03T08:39:34.0987260Z file:/Users/runner/work/MadeiraTV/MadeiraTV/.git/modules/FEX/modules/External/fex-gcc-target-tests-bins/config	remote.origin.url
2026-10-03T08:39:34.1088460Z Entering 'FEX/External/fex-gvisor-tests-bins'
2026-10-03T08:39:34.1290490Z file:/Users/runner/work/MadeiraTV/MadeiraTV/.git/modules/FEX/modules/External/fex-gvisor-tests-bins/config	remote.origin.url
2026-10-03T08:39:34.1392080Z Entering 'FEX/External/fex-posixtest-bins'
2026-10-03T08:39:34.1493680Z file:/Users/runner/work/MadeiraTV/MadeiraTV/.git/modules/FEX/modules/External/fex-posixtest-bins/config	remote.origin.url
2026-10-03T08:39:34.1594780Z Entering 'FEX/External/fmt'
2026-10-03T08:39:34.1695920Z file:/Users/runner/work/MadeiraTV/MadeiraTV/.git/modules/FEX/modules/External/fmt/config	remote.origin.url
2026-10-03T08:39:34.1797160Z Entering 'FEX/External/jemalloc_glibc'
2026-10-03T08:39:34.1898330Z file:/Users/runner/work/MadeiraTV/MadeiraTV/.git/modules/FEX/modules/External/jemalloc_glibc/config	remote.origin.url
2026-10-03T08:39:34.1999610Z Entering 'FEX/External/range-v3'
2026-10-03T08:39:34.2202140Z file:/Users/runner/work/MadeiraTV/MadeiraTV/.git/modules/FEX/modules/External/range-v3/config	remote.origin.url
2026-10-03T08:39:34.2202680Z Entering 'FEX/External/range-v3/doc/gh-pages'
2026-10-03T08:39:34.2407160Z file:/Users/runner/work/MadeiraTV/MadeiraTV/.git/modules/FEX/modules/External/range-v3/modules/doc/gh-pages/config	remote.origin.url
2026-10-03T08:39:34.2508430Z Entering 'FEX/External/rpmalloc'
2026-10-03T08:39:34.2609800Z file:/Users/runner/work/MadeiraTV/MadeiraTV/.git/modules/FEX/modules/External/rpmalloc/config	remote.origin.url
2026-10-03T08:39:34.2711150Z Entering 'FEX/External/tracy'
2026-10-03T08:39:34.2812450Z file:/Users/runner/work/MadeiraTV/MadeiraTV/.git/modules/FEX/modules/External/tracy/config	remote.origin.url
2026-10-03T08:39:34.2914460Z Entering 'FEX/External/unordered_dense'
2026-10-03T08:39:34.3119320Z file:/Users/runner/work/MadeiraTV/MadeiraTV/.git/modules/FEX/modules/External/unordered_dense/config	remote.origin.url
2026-10-03T08:39:34.3221700Z Entering 'FEX/External/vixl'
2026-10-03T08:39:34.3424820Z file:/Users/runner/work/MadeiraTV/MadeiraTV/.git/modules/FEX/modules/External/vixl/config	remote.origin.url
2026-10-03T08:39:34.3506660Z Entering 'FEX/External/xxhash'
2026-10-03T08:39:34.3663170Z file:/Users/runner/work/MadeiraTV/MadeiraTV/.git/modules/FEX/modules/External/xxhash/config	remote.origin.url
2026-10-03T08:39:34.3764600Z Entering 'FEX/External/zydis'
2026-10-03T08:39:34.3866170Z file:/Users/runner/work/MadeiraTV/MadeiraTV/.git/modules/FEX/modules/External/zydis/config	remote.origin.url
2026-10-03T08:39:34.3966550Z Entering 'FEX/External/zydis/dependencies/zycore'
2026-10-03T08:39:34.4177630Z file:/Users/runner/work/MadeiraTV/MadeiraTV/.git/modules/FEX/modules/External/zydis/modules/dependencies/zycore/config	remote.origin.url
2026-10-03T08:39:34.4285010Z Entering 'FEX/Source/Common/cpp-optparse'
2026-10-03T08:39:34.4688900Z file:/Users/runner/work/MadeiraTV/MadeiraTV/.git/modules/FEX/modules/External/cpp-optparse/config	remote.origin.url
2026-10-03T08:39:34.4743950Z Entering 'dxmt'
2026-10-03T08:39:34.4829740Z file:/Users/runner/work/MadeiraTV/MadeiraTV/.git/modules/dxmt/config	remote.origin.url
2026-10-03T08:39:34.4878540Z Entering 'dxmt/external/nvapi'
2026-10-03T08:39:34.4957850Z file:/Users/runner/work/MadeiraTV/MadeiraTV/.git/modules/dxmt/modules/external/nvapi/config	remote.origin.url
2026-10-03T08:39:34.5009380Z Entering 'dxmt/include/native/directx'
2026-10-03T08:39:34.5085550Z file:/Users/runner/work/MadeiraTV/MadeiraTV/.git/modules/dxmt/modules/include/native/directx/config	remote.origin.url
2026-10-03T08:39:34.5132880Z Entering 'madeira-dock'
2026-10-03T08:39:34.5226640Z file:/Users/runner/work/MadeiraTV/MadeiraTV/.git/modules/madeira-dock/config	remote.origin.url
2026-10-03T08:39:34.5286560Z Entering 'wine'
2026-10-03T08:39:34.5399140Z file:/Users/runner/work/MadeiraTV/MadeiraTV/.git/modules/wine/config	remote.origin.url
2026-10-03T08:39:34.5485090Z [command]/opt/homebrew/bin/git config --file /Users/runner/work/MadeiraTV/MadeiraTV/.git/modules/FEX/config --name-only --get-regexp ^includeIf\.gitdir:
2026-10-03T08:39:34.5560230Z [command]/opt/homebrew/bin/git config --file /Users/runner/work/MadeiraTV/MadeiraTV/.git/modules/FEX/modules/External/Catch2/config --name-only --get-regexp ^includeIf\.gitdir:
2026-10-03T08:39:34.5633620Z [command]/opt/homebrew/bin/git config --file /Users/runner/work/MadeiraTV/MadeiraTV/.git/modules/FEX/modules/External/Vulkan-Headers/config --name-only --get-regexp ^includeIf\.gitdir:
2026-10-03T08:39:34.5711890Z [command]/opt/homebrew/bin/git config --file /Users/runner/work/MadeiraTV/MadeiraTV/.git/modules/FEX/modules/External/drm-headers/config --name-only --get-regexp ^includeIf\.gitdir:
2026-10-03T08:39:34.5777410Z [command]/opt/homebrew/bin/git config --file /Users/runner/work/MadeiraTV/MadeiraTV/.git/modules/FEX/modules/External/fex-gcc-target-tests-bins/config --name-only --get-regexp ^includeIf\.gitdir:
2026-10-03T08:39:34.5844400Z [command]/opt/homebrew/bin/git config --file /Users/runner/work/MadeiraTV/MadeiraTV/.git/modules/FEX/modules/External/fex-gvisor-tests-bins/config --name-only --get-regexp ^includeIf\.gitdir:
2026-10-03T08:39:34.5909440Z [command]/opt/homebrew/bin/git config --file /Users/runner/work/MadeiraTV/MadeiraTV/.git/modules/FEX/modules/External/fex-posixtest-bins/config --name-only --get-regexp ^includeIf\.gitdir:
2026-10-03T08:39:34.5955470Z [command]/opt/homebrew/bin/git config --file /Users/runner/work/MadeiraTV/MadeiraTV/.git/modules/FEX/modules/External/fmt/config --name-only --get-regexp ^includeIf\.gitdir:
2026-10-03T08:39:34.6218900Z [command]/opt/homebrew/bin/git config --file /Users/runner/work/MadeiraTV/MadeiraTV/.git/modules/FEX/modules/External/jemalloc_glibc/config --name-only --get-regexp ^includeIf\.gitdir:
2026-10-03T08:39:34.6524690Z [command]/opt/homebrew/bin/git config --file /Users/runner/work/MadeiraTV/MadeiraTV/.git/modules/FEX/modules/External/range-v3/config --name-only --get-regexp ^includeIf\.gitdir:
2026-10-03T08:39:34.6561560Z [command]/opt/homebrew/bin/git config --file /Users/runner/work/MadeiraTV/MadeiraTV/.git/modules/FEX/modules/External/range-v3/modules/doc/gh-pages/config --name-only --get-regexp ^includeIf\.gitdir:
2026-10-03T08:39:34.6563550Z [command]/opt/homebrew/bin/git config --file /Users/runner/work/MadeiraTV/MadeiraTV/.git/modules/FEX/modules/External/rpmalloc/config --name-only --get-regexp ^includeIf\.gitdir:
2026-10-03T08:39:34.6565640Z [command]/opt/homebrew/bin/git config --file /Users/runner/work/MadeiraTV/MadeiraTV/.git/modules/FEX/modules/External/tracy/config --name-only --get-regexp ^includeIf\.gitdir:
2026-10-03T08:39:34.6567410Z [command]/opt/homebrew/bin/git config --file /Users/runner/work/MadeiraTV/MadeiraTV/.git/modules/FEX/modules/External/unordered_dense/config --name-only --get-regexp ^includeIf\.gitdir:
2026-10-03T08:39:34.6569080Z [command]/opt/homebrew/bin/git config --file /Users/runner/work/MadeiraTV/MadeiraTV/.git/modules/FEX/modules/External/vixl/config --name-only --get-regexp ^includeIf\.gitdir:
2026-10-03T08:39:34.6571050Z [command]/opt/homebrew/bin/git config --file /Users/runner/work/MadeiraTV/MadeiraTV/.git/modules/FEX/modules/External/xxhash/config --name-only --get-regexp ^includeIf\.gitdir:
2026-10-03T08:39:34.6616780Z [command]/opt/homebrew/bin/git config --file /Users/runner/work/MadeiraTV/MadeiraTV/.git/modules/FEX/modules/External/zydis/config --name-only --get-regexp ^includeIf\.gitdir:
2026-10-03T08:39:34.6669760Z [command]/opt/homebrew/bin/git config --file /Users/runner/work/MadeiraTV/MadeiraTV/.git/modules/FEX/modules/External/zydis/modules/dependencies/zycore/config --name-only --get-regexp ^includeIf\.gitdir:
2026-10-03T08:39:34.6726160Z [command]/opt/homebrew/bin/git config --file /Users/runner/work/MadeiraTV/MadeiraTV/.git/modules/FEX/modules/External/cpp-optparse/config --name-only --get-regexp ^includeIf\.gitdir:
2026-10-03T08:39:34.6776030Z [command]/opt/homebrew/bin/git config --file /Users/runner/work/MadeiraTV/MadeiraTV/.git/modules/dxmt/config --name-only --get-regexp ^includeIf\.gitdir:
2026-10-03T08:39:34.6826070Z [command]/opt/homebrew/bin/git config --file /Users/runner/work/MadeiraTV/MadeiraTV/.git/modules/dxmt/modules/external/nvapi/config --name-only --get-regexp ^includeIf\.gitdir:
2026-10-03T08:39:34.6909350Z [command]/opt/homebrew/bin/git config --file /Users/runner/work/MadeiraTV/MadeiraTV/.git/modules/dxmt/modules/include/native/directx/config --name-only --get-regexp ^includeIf\.gitdir:
2026-10-03T08:39:34.6969670Z [command]/opt/homebrew/bin/git config --file /Users/runner/work/MadeiraTV/MadeiraTV/.git/modules/madeira-dock/config --name-only --get-regexp ^includeIf\.gitdir:
2026-10-03T08:39:34.7025810Z [command]/opt/homebrew/bin/git config --file /Users/runner/work/MadeiraTV/MadeiraTV/.git/modules/wine/config --name-only --get-regexp ^includeIf\.gitdir:
2026-10-03T08:39:34.7172150Z Cleaning up orphan processes
2026-10-03T08:39:36.4244620Z ##[warning]Node.js 20 is deprecated. The following actions target Node.js 20 but are being forced to run on Node.js 24: actions/checkout@v4, actions/upload-artifact@v4. For more information see: https://github.blog/changelog/2025-09-19-deprecation-of-node-20-on-github-actions-runners/

