ï»¿2026-10-03T07:33:39.7388330Z Current runner version: '2.337.0'
2026-10-03T07:33:39.7403460Z ##[group]Runner Image Provisioner
2026-10-03T07:33:39.7404110Z Hosted Compute Agent
2026-10-03T07:33:39.7404480Z Version: 20260828.587
2026-10-03T07:33:39.7404890Z Commit: abac92662cab4cc7352de4f9f9d2e2419aad9c29
2026-10-03T07:33:39.7405350Z Build Date: 2026-08-28T16:44:25Z
2026-10-03T07:33:39.7405830Z Worker ID: {7743a0d1-aa6b-4943-834b-5b98f88a0c84}
2026-10-03T07:33:39.7406270Z Azure Region: westus
2026-10-03T07:33:39.7406620Z ##[endgroup]
2026-10-03T07:33:39.7407520Z ##[group]Operating System
2026-10-03T07:33:39.7407970Z macOS
2026-10-03T07:33:39.7408320Z 15.7.9
2026-10-03T07:33:39.7408650Z 24G830
2026-10-03T07:33:39.7409060Z ##[endgroup]
2026-10-03T07:33:39.7409400Z ##[group]Runner Image
2026-10-03T07:33:39.7409900Z Image: macos-15-arm64
2026-10-03T07:33:39.7410360Z Version: 20260907.0337.1
2026-10-03T07:33:39.7411290Z Included Software: https://github.com/actions/runner-images/blob/macos-15-arm64/20260907.0337/images/macos/macos-15-arm64-Readme.md
2026-10-03T07:33:39.7412350Z Image Release: https://github.com/actions/runner-images/releases/tag/macos-15-arm64%2F20260907.0337
2026-10-03T07:33:39.7413030Z ##[endgroup]
2026-10-03T07:33:39.7413830Z ##[group]GITHUB_TOKEN Permissions
2026-10-03T07:33:39.7414930Z Contents: read
2026-10-03T07:33:39.7415300Z Metadata: read
2026-10-03T07:33:39.7415650Z Packages: read
2026-10-03T07:33:39.7416020Z ##[endgroup]
2026-10-03T07:33:39.7417350Z Secret source: Actions
2026-10-03T07:33:39.7417920Z Cache mode: write
2026-10-03T07:33:39.7418340Z Prepare workflow directory
2026-10-03T07:33:39.7658820Z Prepare all required actions
2026-10-03T07:33:39.7691580Z Getting action download info
2026-10-03T07:33:40.1567090Z Download action repository 'actions/checkout@v4' (SHA:11d5960a326750d5838078e36cf38b85af677262)
2026-10-03T07:33:40.3841570Z Download action repository 'actions/upload-artifact@v4' (SHA:ea165f8d65b6e75b540449e92b4886f43607fa02)
2026-10-03T07:33:40.5601900Z Complete job name: Configure + build Wine unix libs for tvOS
2026-10-03T07:33:40.6082040Z ##[warning]Unexpected input(s) 'submodule-depth', valid inputs are ['repository', 'ref', 'token', 'ssh-key', 'ssh-known-hosts', 'ssh-strict', 'ssh-user', 'persist-credentials', 'path', 'clean', 'filter', 'sparse-checkout', 'sparse-checkout-cone-mode', 'fetch-depth', 'fetch-tags', 'show-progress', 'lfs', 'submodules', 'set-safe-directory', 'github-server-url', 'allow-unsafe-pr-checkout']
2026-10-03T07:33:40.6137170Z ##[group]Run actions/checkout@v4
2026-10-03T07:33:40.6137750Z with:
2026-10-03T07:33:40.6138080Z   fetch-depth: 0
2026-10-03T07:33:40.6138430Z   submodules: recursive
2026-10-03T07:33:40.6138800Z   submodule-depth: 1
2026-10-03T07:33:40.6139180Z   repository: duranereloise-hash/MadeiraTV
2026-10-03T07:33:40.6142050Z   token: ***
2026-10-03T07:33:40.6142390Z   ssh-strict: true
2026-10-03T07:33:40.6142730Z   ssh-user: git
2026-10-03T07:33:40.6143070Z   persist-credentials: true
2026-10-03T07:33:40.6143440Z   clean: true
2026-10-03T07:33:40.6143840Z   sparse-checkout-cone-mode: true
2026-10-03T07:33:40.6144260Z   fetch-tags: false
2026-10-03T07:33:40.6144610Z   show-progress: true
2026-10-03T07:33:40.6144950Z   lfs: false
2026-10-03T07:33:40.6145280Z   set-safe-directory: true
2026-10-03T07:33:40.6145660Z   allow-unsafe-pr-checkout: false
2026-10-03T07:33:40.6146220Z ##[endgroup]
2026-10-03T07:33:40.9736790Z Syncing repository: duranereloise-hash/MadeiraTV
2026-10-03T07:33:40.9740990Z ##[group]Getting Git version info
2026-10-03T07:33:40.9742640Z Working directory is '/Users/runner/work/MadeiraTV/MadeiraTV'
2026-10-03T07:33:40.9744820Z [command]/opt/homebrew/bin/git version
2026-10-03T07:33:41.0278790Z git version 2.55.0
2026-10-03T07:33:41.0295770Z ##[endgroup]
2026-10-03T07:33:41.0306390Z Copying '/Users/runner/.gitconfig' to '/Users/runner/work/_temp/158b12de-a356-4b7c-9e87-a25472154057/.gitconfig'
2026-10-03T07:33:41.0308870Z Temporarily overriding HOME='/Users/runner/work/_temp/158b12de-a356-4b7c-9e87-a25472154057' before making global git config changes
2026-10-03T07:33:41.0310540Z Adding repository directory to the temporary git global config as a safe directory
2026-10-03T07:33:41.0311560Z [command]/opt/homebrew/bin/git config --global --add safe.directory /Users/runner/work/MadeiraTV/MadeiraTV
2026-10-03T07:33:41.0494330Z Deleting the contents of '/Users/runner/work/MadeiraTV/MadeiraTV'
2026-10-03T07:33:41.0496860Z ##[group]Initializing the repository
2026-10-03T07:33:41.0499880Z [command]/opt/homebrew/bin/git init /Users/runner/work/MadeiraTV/MadeiraTV
2026-10-03T07:33:41.0692360Z hint: Using 'master' as the name for the initial branch. This default branch name
2026-10-03T07:33:41.0693420Z hint: will change to "main" in Git 3.0. To configure the initial branch name
2026-10-03T07:33:41.0694220Z hint: to use in all of your new repositories, which will suppress this warning,
2026-10-03T07:33:41.0694800Z hint: call:
2026-10-03T07:33:41.0695130Z hint:
2026-10-03T07:33:41.0695590Z hint: 	git config --global init.defaultBranch <name>
2026-10-03T07:33:41.0696160Z hint:
2026-10-03T07:33:41.0696680Z hint: Names commonly chosen instead of 'master' are 'main', 'trunk' and
2026-10-03T07:33:41.0697360Z hint: 'development'. The just-created branch can be renamed via this command:
2026-10-03T07:33:41.0697930Z hint:
2026-10-03T07:33:41.0698280Z hint: 	git branch -m <name>
2026-10-03T07:33:41.0698720Z hint:
2026-10-03T07:33:41.0699260Z hint: Disable this message with "git config set advice.defaultBranchName false"
2026-10-03T07:33:41.0699970Z Initialized empty Git repository in /Users/runner/work/MadeiraTV/MadeiraTV/.git/
2026-10-03T07:33:41.0701490Z [command]/opt/homebrew/bin/git remote add origin https://github.com/duranereloise-hash/MadeiraTV
2026-10-03T07:33:41.0770300Z ##[endgroup]
2026-10-03T07:33:41.0770910Z ##[group]Disabling automatic garbage collection
2026-10-03T07:33:41.0771980Z [command]/opt/homebrew/bin/git config --local gc.auto 0
2026-10-03T07:33:41.0830370Z ##[endgroup]
2026-10-03T07:33:41.0831170Z ##[group]Setting up auth
2026-10-03T07:33:41.0834640Z [command]/opt/homebrew/bin/git config --local --name-only --get-regexp core\.sshCommand
2026-10-03T07:33:41.0897890Z [command]/opt/homebrew/bin/git submodule foreach --recursive sh -c "git config --local --name-only --get-regexp 'core\.sshCommand' && git config --local --unset-all 'core.sshCommand' || :"
2026-10-03T07:33:41.1737700Z [command]/opt/homebrew/bin/git config --local --name-only --get-regexp http\.https\:\/\/github\.com\/\.extraheader
2026-10-03T07:33:41.1789360Z [command]/opt/homebrew/bin/git submodule foreach --recursive sh -c "git config --local --name-only --get-regexp 'http\.https\:\/\/github\.com\/\.extraheader' && git config --local --unset-all 'http.https://github.com/.extraheader' || :"
2026-10-03T07:33:41.2433040Z [command]/opt/homebrew/bin/git config --local --name-only --get-regexp ^includeIf\.gitdir:
2026-10-03T07:33:41.2485920Z [command]/opt/homebrew/bin/git submodule foreach --recursive git config --local --show-origin --name-only --get-regexp remote.origin.url
2026-10-03T07:33:41.3288820Z [command]/opt/homebrew/bin/git config --local http.https://github.com/.extraheader AUTHORIZATION: basic ***
2026-10-03T07:33:41.3497050Z ##[endgroup]
2026-10-03T07:33:41.3498870Z ##[group]Fetching the repository
2026-10-03T07:33:41.3510820Z [command]/opt/homebrew/bin/git -c protocol.version=2 fetch --prune --no-recurse-submodules origin +refs/heads/*:refs/remotes/origin/* +refs/tags/*:refs/tags/*
2026-10-03T07:33:41.9824410Z From https://github.com/duranereloise-hash/MadeiraTV
2026-10-03T07:33:41.9826290Z  * [new branch]      main       -> origin/main
2026-10-03T07:33:41.9829860Z [command]/opt/homebrew/bin/git branch --list --remote origin/main
2026-10-03T07:33:41.9923790Z   origin/main
2026-10-03T07:33:41.9931870Z [command]/opt/homebrew/bin/git rev-parse refs/remotes/origin/main
2026-10-03T07:33:42.0025000Z b3fd23c6a7f290569e1a3de4f347b2ba7a5030ea
2026-10-03T07:33:42.0030140Z ##[endgroup]
2026-10-03T07:33:42.0030950Z ##[group]Determining the checkout info
2026-10-03T07:33:42.0032520Z ##[endgroup]
2026-10-03T07:33:42.0041380Z [command]/opt/homebrew/bin/git sparse-checkout disable
2026-10-03T07:33:42.0125010Z [command]/opt/homebrew/bin/git config --local --unset-all extensions.worktreeConfig
2026-10-03T07:33:42.0194430Z ##[group]Checking out the ref
2026-10-03T07:33:42.0196820Z [command]/opt/homebrew/bin/git checkout --progress --force -B main refs/remotes/origin/main
2026-10-03T07:33:42.0619020Z Switched to a new branch 'main'
2026-10-03T07:33:42.0628500Z branch 'main' set up to track 'origin/main'.
2026-10-03T07:33:42.0633550Z ##[endgroup]
2026-10-03T07:33:42.0635710Z ##[group]Setting up auth for fetching submodules
2026-10-03T07:33:42.0639130Z [command]/opt/homebrew/bin/git config --global http.https://github.com/.extraheader AUTHORIZATION: basic ***
2026-10-03T07:33:42.0711700Z [command]/opt/homebrew/bin/git config --global --unset-all url.https://github.com/.insteadOf
2026-10-03T07:33:42.0791630Z [command]/opt/homebrew/bin/git config --global --add url.https://github.com/.insteadOf git@github.com:
2026-10-03T07:33:42.0871470Z [command]/opt/homebrew/bin/git config --global --add url.https://github.com/.insteadOf org-309539288@github.com:
2026-10-03T07:33:42.0935020Z ##[endgroup]
2026-10-03T07:33:42.0937540Z ##[group]Fetching submodules
2026-10-03T07:33:42.0939620Z [command]/opt/homebrew/bin/git submodule sync --recursive
2026-10-03T07:33:42.1828890Z [command]/opt/homebrew/bin/git -c protocol.version=2 submodule update --init --force --recursive
2026-10-03T07:33:42.2539280Z Submodule 'FEX' (https://github.com/duranereloise-hash/FEX.git) registered for path 'FEX'
2026-10-03T07:33:42.2543010Z Submodule 'dxmt' (https://github.com/willfaust/dxmt.git) registered for path 'dxmt'
2026-10-03T07:33:42.2546740Z Submodule 'madeira-dock' (https://github.com/willfaust/madeira-dock.git) registered for path 'madeira-dock'
2026-10-03T07:33:42.2551180Z Submodule 'wine' (https://github.com/willfaust/wine.git) registered for path 'wine'
2026-10-03T07:33:42.2642950Z Cloning into '/Users/runner/work/MadeiraTV/MadeiraTV/FEX'...
2026-10-03T07:33:46.4106010Z Cloning into '/Users/runner/work/MadeiraTV/MadeiraTV/dxmt'...
2026-10-03T07:33:48.0729980Z Cloning into '/Users/runner/work/MadeiraTV/MadeiraTV/madeira-dock'...
2026-10-03T07:33:48.6023770Z Cloning into '/Users/runner/work/MadeiraTV/MadeiraTV/wine'...
2026-10-03T07:35:40.0451560Z Submodule path 'FEX': checked out '48e05a249e2b25614cd3fcb8134ad5dc8b57f7ec'
2026-10-03T07:35:40.0505130Z Submodule 'External/Catch2' (https://github.com/catchorg/Catch2.git) registered for path 'FEX/External/Catch2'
2026-10-03T07:35:40.0507250Z Submodule 'External/Vulkan-Headers' (https://github.com/KhronosGroup/Vulkan-Headers.git) registered for path 'FEX/External/Vulkan-Headers'
2026-10-03T07:35:40.0516370Z Submodule 'External/drm-headers' (https://github.com/FEX-Emu/drm-headers.git) registered for path 'FEX/External/drm-headers'
2026-10-03T07:35:40.0535090Z Submodule 'External/fex-gcc-target-tests-bins' (https://github.com/FEX-Emu/fex-gcc-target-tests-bins.git) registered for path 'FEX/External/fex-gcc-target-tests-bins'
2026-10-03T07:35:40.0555170Z Submodule 'External/fex-gvisor-tests-bins' (https://github.com/FEX-Emu/fex-gvisor-tests-bins.git) registered for path 'FEX/External/fex-gvisor-tests-bins'
2026-10-03T07:35:40.0570840Z Submodule 'External/fex-posixtest-bins' (https://github.com/FEX-Emu/fex-posixtest-bins.git) registered for path 'FEX/External/fex-posixtest-bins'
2026-10-03T07:35:40.0583420Z Submodule 'External/fmt' (https://github.com/fmtlib/fmt.git) registered for path 'FEX/External/fmt'
2026-10-03T07:35:40.0600290Z Submodule 'External/jemalloc_glibc' (https://github.com/FEX-Emu/jemalloc.git) registered for path 'FEX/External/jemalloc_glibc'
2026-10-03T07:35:40.0605050Z Submodule 'External/range-v3' (https://github.com/ericniebler/range-v3.git) registered for path 'FEX/External/range-v3'
2026-10-03T07:35:40.0611390Z Submodule 'External/rpmalloc' (https://github.com/willfaust/rpmalloc.git) registered for path 'FEX/External/rpmalloc'
2026-10-03T07:35:40.0615820Z Submodule 'External/tracy' (https://github.com/wolfpld/tracy) registered for path 'FEX/External/tracy'
2026-10-03T07:35:40.0624630Z Submodule 'External/unordered_dense' (https://github.com/martinus/unordered_dense.git) registered for path 'FEX/External/unordered_dense'
2026-10-03T07:35:40.0632270Z Submodule 'External/vixl' (https://github.com/FEX-Emu/vixl.git) registered for path 'FEX/External/vixl'
2026-10-03T07:35:40.0641470Z Submodule 'External/xxhash' (https://github.com/Cyan4973/xxHash.git) registered for path 'FEX/External/xxhash'
2026-10-03T07:35:40.0651060Z Submodule 'External/zydis' (https://github.com/zyantific/zydis.git) registered for path 'FEX/External/zydis'
2026-10-03T07:35:40.0655920Z Submodule 'External/cpp-optparse' (https://github.com/Sonicadvance1/cpp-optparse) registered for path 'FEX/Source/Common/cpp-optparse'
2026-10-03T07:35:40.0793580Z Cloning into '/Users/runner/work/MadeiraTV/MadeiraTV/FEX/External/Catch2'...
2026-10-03T07:35:43.1716850Z Cloning into '/Users/runner/work/MadeiraTV/MadeiraTV/FEX/External/Vulkan-Headers'...
2026-10-03T07:35:44.1792720Z Cloning into '/Users/runner/work/MadeiraTV/MadeiraTV/FEX/External/drm-headers'...
2026-10-03T07:35:44.9005440Z Cloning into '/Users/runner/work/MadeiraTV/MadeiraTV/FEX/External/fex-gcc-target-tests-bins'...
2026-10-03T07:35:45.5867280Z Cloning into '/Users/runner/work/MadeiraTV/MadeiraTV/FEX/External/fex-gvisor-tests-bins'...
2026-10-03T07:35:49.2593030Z Cloning into '/Users/runner/work/MadeiraTV/MadeiraTV/FEX/External/fex-posixtest-bins'...
2026-10-03T07:35:49.8974230Z Cloning into '/Users/runner/work/MadeiraTV/MadeiraTV/FEX/External/fmt'...
2026-10-03T07:35:51.5879200Z Cloning into '/Users/runner/work/MadeiraTV/MadeiraTV/FEX/External/jemalloc_glibc'...
2026-10-03T07:35:52.8165960Z Cloning into '/Users/runner/work/MadeiraTV/MadeiraTV/FEX/External/range-v3'...
2026-10-03T07:35:55.2680390Z Cloning into '/Users/runner/work/MadeiraTV/MadeiraTV/FEX/External/rpmalloc'...
2026-10-03T07:35:55.8800960Z Cloning into '/Users/runner/work/MadeiraTV/MadeiraTV/FEX/External/tracy'...
2026-10-03T07:36:00.2227530Z Cloning into '/Users/runner/work/MadeiraTV/MadeiraTV/FEX/External/unordered_dense'...
2026-10-03T07:36:01.1429760Z Cloning into '/Users/runner/work/MadeiraTV/MadeiraTV/FEX/External/vixl'...
2026-10-03T07:36:03.7145400Z Cloning into '/Users/runner/work/MadeiraTV/MadeiraTV/FEX/External/xxhash'...
2026-10-03T07:36:04.6109730Z Cloning into '/Users/runner/work/MadeiraTV/MadeiraTV/FEX/External/zydis'...
2026-10-03T07:36:05.4598630Z Cloning into '/Users/runner/work/MadeiraTV/MadeiraTV/FEX/Source/Common/cpp-optparse'...
2026-10-03T07:36:06.0066290Z Submodule path 'FEX/External/Catch2': checked out 'b3fb4b9feafcd8d91c5cb510a4775143fdbef02f'
2026-10-03T07:36:23.1345800Z From https://github.com/KhronosGroup/Vulkan-Headers
2026-10-03T07:36:23.1348920Z  * branch            450bd2232225d6c7728a4108055ac2e37cef6475 -> FETCH_HEAD
2026-10-03T07:36:23.2348490Z Submodule path 'FEX/External/Vulkan-Headers': checked out '450bd2232225d6c7728a4108055ac2e37cef6475'
2026-10-03T07:36:23.2947480Z Submodule path 'FEX/External/drm-headers': checked out '3e49836995c1dcb3df709440ad2f270b569c6a5f'
2026-10-03T07:36:23.6759760Z Submodule path 'FEX/External/fex-gcc-target-tests-bins': checked out '442678a134e2d25e759c430cca32e06e9e142f1f'
2026-10-03T07:36:25.7988450Z Submodule path 'FEX/External/fex-gvisor-tests-bins': checked out '71349ae6d14ac2e3e792730e240aecd8076cee6c'
2026-10-03T07:36:26.8377930Z Submodule path 'FEX/External/fex-posixtest-bins': checked out '9ae29638f8000c1603f16385ed1cf6c4c23ee414'
2026-10-03T07:36:26.9411780Z Submodule path 'FEX/External/fmt': checked out '407c905e45ad75fc29bf0f9bb7c5c2fd3475976f'
2026-10-03T07:36:27.0806240Z Submodule path 'FEX/External/jemalloc_glibc': checked out '8436195ad5e1bc347d9b39743af3d29abee59f06'
2026-10-03T07:36:27.3032210Z Submodule path 'FEX/External/range-v3': checked out 'ca1388fb9da8e69314dda222dc7b139ca84e092f'
2026-10-03T07:36:27.3115040Z Submodule 'doc/gh-pages' (https://github.com/ericniebler/range-v3.git) registered for path 'FEX/External/range-v3/doc/gh-pages'
2026-10-03T07:36:27.3290980Z Cloning into '/Users/runner/work/MadeiraTV/MadeiraTV/FEX/External/range-v3/doc/gh-pages'...
2026-10-03T07:36:30.0619960Z Submodule path 'FEX/External/range-v3/doc/gh-pages': checked out '2dae74bb693e42d850fb0adcc9045c5b71fbdeae'
2026-10-03T07:36:30.1445120Z Submodule path 'FEX/External/rpmalloc': checked out '812c2b9cf4310ffacf14e6b64066e78ab0c394b5'
2026-10-03T07:36:30.4788150Z Submodule path 'FEX/External/tracy': checked out '650c98ece70da9e155e7ba1c2b3ee16004aae118'
2026-10-03T07:36:30.7771350Z Submodule path 'FEX/External/unordered_dense': checked out '3234af2c03549bc85656bfd3a86993bf1cd8aef1'
2026-10-03T07:36:39.3447370Z From https://github.com/FEX-Emu/vixl
2026-10-03T07:36:39.3451800Z  * branch              5f418449c48f6ca3ad37c47ec632f17a561c0580 -> FETCH_HEAD
2026-10-03T07:36:40.4950610Z Submodule path 'FEX/External/vixl': checked out '5f418449c48f6ca3ad37c47ec632f17a561c0580'
2026-10-03T07:36:40.5506100Z Submodule path 'FEX/External/xxhash': checked out 'e626a72bc2321cd320e953a0ccf1584cad60f363'
2026-10-03T07:36:47.8015300Z From https://github.com/zyantific/zydis
2026-10-03T07:36:47.8016370Z  * branch            9bfadd6a55fc92dbd37fa3ba089bf8b36622df4f -> FETCH_HEAD
2026-10-03T07:36:47.9474010Z Submodule path 'FEX/External/zydis': checked out '9bfadd6a55fc92dbd37fa3ba089bf8b36622df4f'
2026-10-03T07:36:47.9544520Z Submodule 'dependencies/zycore' (https://github.com/zyantific/zycore-c) registered for path 'FEX/External/zydis/dependencies/zycore'
2026-10-03T07:36:47.9667350Z Cloning into '/Users/runner/work/MadeiraTV/MadeiraTV/FEX/External/zydis/dependencies/zycore'...
2026-10-03T07:36:48.5680580Z Submodule path 'FEX/External/zydis/dependencies/zycore': checked out '75a36c45ae1ad382b0f4e0ede0af84c11ee69928'
2026-10-03T07:36:48.7628460Z Submodule path 'FEX/Source/Common/cpp-optparse': checked out '9f94388a339fcbb0bc95c17768eb786c85988f6e'
2026-10-03T07:36:49.5136650Z Submodule path 'dxmt': checked out 'a5e0cd3d41bf248fd1c030a2e1c515ba3522f4ef'
2026-10-03T07:36:49.5203040Z Submodule 'external/nvapi' (https://github.com/NVIDIA/nvapi.git) registered for path 'dxmt/external/nvapi'
2026-10-03T07:36:49.5206350Z Submodule 'include/native/directx' (https://github.com/misyltoad/mingw-directx-headers) registered for path 'dxmt/include/native/directx'
2026-10-03T07:36:49.5335590Z Cloning into '/Users/runner/work/MadeiraTV/MadeiraTV/dxmt/external/nvapi'...
2026-10-03T07:36:55.5582860Z Cloning into '/Users/runner/work/MadeiraTV/MadeiraTV/dxmt/include/native/directx'...
2026-10-03T07:36:56.2502130Z Submodule path 'dxmt/external/nvapi': checked out 'd08488fcc82eef313b0464db37d2955709691e94'
2026-10-03T07:36:56.3320830Z Submodule path 'dxmt/include/native/directx': checked out '9df86f2341616ef1888ae59919feaa6d4fad693d'
2026-10-03T07:36:56.3894760Z Submodule path 'madeira-dock': checked out '3cadfbea700e4da4b04e331dd7ef1ba633dfacef'
2026-10-03T07:36:59.1982380Z Submodule path 'wine': checked out '4f5b19718f4de88ecc5cb0dc08b119497a67ba8f'
2026-10-03T07:36:59.2227040Z [command]/opt/homebrew/bin/git submodule foreach --recursive git config --local gc.auto 0
2026-10-03T07:36:59.3248140Z Entering 'FEX'
2026-10-03T07:36:59.3435520Z Entering 'FEX/External/Catch2'
2026-10-03T07:36:59.3623860Z Entering 'FEX/External/Vulkan-Headers'
2026-10-03T07:36:59.3824590Z Entering 'FEX/External/drm-headers'
2026-10-03T07:36:59.4006960Z Entering 'FEX/External/fex-gcc-target-tests-bins'
2026-10-03T07:36:59.4185450Z Entering 'FEX/External/fex-gvisor-tests-bins'
2026-10-03T07:36:59.4396580Z Entering 'FEX/External/fex-posixtest-bins'
2026-10-03T07:36:59.4598230Z Entering 'FEX/External/fmt'
2026-10-03T07:36:59.4798200Z Entering 'FEX/External/jemalloc_glibc'
2026-10-03T07:36:59.4989050Z Entering 'FEX/External/range-v3'
2026-10-03T07:36:59.5180790Z Entering 'FEX/External/range-v3/doc/gh-pages'
2026-10-03T07:36:59.5375940Z Entering 'FEX/External/rpmalloc'
2026-10-03T07:36:59.5586260Z Entering 'FEX/External/tracy'
2026-10-03T07:36:59.5824040Z Entering 'FEX/External/unordered_dense'
2026-10-03T07:36:59.6001940Z Entering 'FEX/External/vixl'
2026-10-03T07:36:59.6224230Z Entering 'FEX/External/xxhash'
2026-10-03T07:36:59.6400110Z Entering 'FEX/External/zydis'
2026-10-03T07:36:59.6576800Z Entering 'FEX/External/zydis/dependencies/zycore'
2026-10-03T07:36:59.6743830Z Entering 'FEX/Source/Common/cpp-optparse'
2026-10-03T07:36:59.6927660Z Entering 'dxmt'
2026-10-03T07:36:59.7081770Z Entering 'dxmt/external/nvapi'
2026-10-03T07:36:59.7247760Z Entering 'dxmt/include/native/directx'
2026-10-03T07:36:59.7418110Z Entering 'madeira-dock'
2026-10-03T07:36:59.7572760Z Entering 'wine'
2026-10-03T07:36:59.7766010Z ##[endgroup]
2026-10-03T07:36:59.7769040Z ##[group]Persisting credentials for submodules
2026-10-03T07:36:59.7793370Z [command]/opt/homebrew/bin/git submodule foreach --recursive sh -c "git config --local --name-only --get-regexp 'url\.https\:\/\/github\.com\/\.insteadOf' && git config --local --unset-all 'url.https://github.com/.insteadOf' || :"
2026-10-03T07:36:59.8597740Z Entering 'FEX'
2026-10-03T07:36:59.8839260Z Entering 'FEX/External/Catch2'
2026-10-03T07:36:59.9079980Z Entering 'FEX/External/Vulkan-Headers'
2026-10-03T07:36:59.9304160Z Entering 'FEX/External/drm-headers'
2026-10-03T07:36:59.9526710Z Entering 'FEX/External/fex-gcc-target-tests-bins'
2026-10-03T07:36:59.9746720Z Entering 'FEX/External/fex-gvisor-tests-bins'
2026-10-03T07:36:59.9967320Z Entering 'FEX/External/fex-posixtest-bins'
2026-10-03T07:37:00.0201840Z Entering 'FEX/External/fmt'
2026-10-03T07:37:00.0445970Z Entering 'FEX/External/jemalloc_glibc'
2026-10-03T07:37:00.0711180Z Entering 'FEX/External/range-v3'
2026-10-03T07:37:00.0932930Z Entering 'FEX/External/range-v3/doc/gh-pages'
2026-10-03T07:37:00.1155970Z Entering 'FEX/External/rpmalloc'
2026-10-03T07:37:00.1362010Z Entering 'FEX/External/tracy'
2026-10-03T07:37:00.1581370Z Entering 'FEX/External/unordered_dense'
2026-10-03T07:37:00.1783810Z Entering 'FEX/External/vixl'
2026-10-03T07:37:00.2040560Z Entering 'FEX/External/xxhash'
2026-10-03T07:37:00.2249070Z Entering 'FEX/External/zydis'
2026-10-03T07:37:00.2467600Z Entering 'FEX/External/zydis/dependencies/zycore'
2026-10-03T07:37:00.2691420Z Entering 'FEX/Source/Common/cpp-optparse'
2026-10-03T07:37:00.2916040Z Entering 'dxmt'
2026-10-03T07:37:00.3138940Z Entering 'dxmt/external/nvapi'
2026-10-03T07:37:00.3365390Z Entering 'dxmt/include/native/directx'
2026-10-03T07:37:00.3595840Z Entering 'madeira-dock'
2026-10-03T07:37:00.3812140Z Entering 'wine'
2026-10-03T07:37:00.4060370Z [command]/opt/homebrew/bin/git submodule foreach --recursive sh -c "git config --local 'http.https://github.com/.extraheader' 'AUTHORIZATION: basic ***' && git config --local --show-origin --name-only --get-regexp remote.origin.url"
2026-10-03T07:37:00.4997300Z Entering 'FEX'
2026-10-03T07:37:00.5248730Z file:/Users/runner/work/MadeiraTV/MadeiraTV/.git/modules/FEX/config	remote.origin.url
2026-10-03T07:37:00.5321980Z Entering 'FEX/External/Catch2'
2026-10-03T07:37:00.5545120Z file:/Users/runner/work/MadeiraTV/MadeiraTV/.git/modules/FEX/modules/External/Catch2/config	remote.origin.url
2026-10-03T07:37:00.5616990Z Entering 'FEX/External/Vulkan-Headers'
2026-10-03T07:37:00.5844190Z file:/Users/runner/work/MadeiraTV/MadeiraTV/.git/modules/FEX/modules/External/Vulkan-Headers/config	remote.origin.url
2026-10-03T07:37:00.5913960Z Entering 'FEX/External/drm-headers'
2026-10-03T07:37:00.6128220Z file:/Users/runner/work/MadeiraTV/MadeiraTV/.git/modules/FEX/modules/External/drm-headers/config	remote.origin.url
2026-10-03T07:37:00.6197890Z Entering 'FEX/External/fex-gcc-target-tests-bins'
2026-10-03T07:37:00.6423050Z file:/Users/runner/work/MadeiraTV/MadeiraTV/.git/modules/FEX/modules/External/fex-gcc-target-tests-bins/config	remote.origin.url
2026-10-03T07:37:00.6490730Z Entering 'FEX/External/fex-gvisor-tests-bins'
2026-10-03T07:37:00.6712020Z file:/Users/runner/work/MadeiraTV/MadeiraTV/.git/modules/FEX/modules/External/fex-gvisor-tests-bins/config	remote.origin.url
2026-10-03T07:37:00.6792790Z Entering 'FEX/External/fex-posixtest-bins'
2026-10-03T07:37:00.7011780Z file:/Users/runner/work/MadeiraTV/MadeiraTV/.git/modules/FEX/modules/External/fex-posixtest-bins/config	remote.origin.url
2026-10-03T07:37:00.7092260Z Entering 'FEX/External/fmt'
2026-10-03T07:37:00.7305270Z file:/Users/runner/work/MadeiraTV/MadeiraTV/.git/modules/FEX/modules/External/fmt/config	remote.origin.url
2026-10-03T07:37:00.7379590Z Entering 'FEX/External/jemalloc_glibc'
2026-10-03T07:37:00.7591170Z file:/Users/runner/work/MadeiraTV/MadeiraTV/.git/modules/FEX/modules/External/jemalloc_glibc/config	remote.origin.url
2026-10-03T07:37:00.7653170Z Entering 'FEX/External/range-v3'
2026-10-03T07:37:00.7857880Z file:/Users/runner/work/MadeiraTV/MadeiraTV/.git/modules/FEX/modules/External/range-v3/config	remote.origin.url
2026-10-03T07:37:00.7916320Z Entering 'FEX/External/range-v3/doc/gh-pages'
2026-10-03T07:37:00.8135430Z file:/Users/runner/work/MadeiraTV/MadeiraTV/.git/modules/FEX/modules/External/range-v3/modules/doc/gh-pages/config	remote.origin.url
2026-10-03T07:37:00.8220090Z Entering 'FEX/External/rpmalloc'
2026-10-03T07:37:00.8456370Z file:/Users/runner/work/MadeiraTV/MadeiraTV/.git/modules/FEX/modules/External/rpmalloc/config	remote.origin.url
2026-10-03T07:37:00.8538490Z Entering 'FEX/External/tracy'
2026-10-03T07:37:00.8796070Z file:/Users/runner/work/MadeiraTV/MadeiraTV/.git/modules/FEX/modules/External/tracy/config	remote.origin.url
2026-10-03T07:37:00.8871210Z Entering 'FEX/External/unordered_dense'
2026-10-03T07:37:00.9165140Z file:/Users/runner/work/MadeiraTV/MadeiraTV/.git/modules/FEX/modules/External/unordered_dense/config	remote.origin.url
2026-10-03T07:37:00.9239250Z Entering 'FEX/External/vixl'
2026-10-03T07:37:00.9462250Z file:/Users/runner/work/MadeiraTV/MadeiraTV/.git/modules/FEX/modules/External/vixl/config	remote.origin.url
2026-10-03T07:37:00.9532500Z Entering 'FEX/External/xxhash'
2026-10-03T07:37:00.9768630Z file:/Users/runner/work/MadeiraTV/MadeiraTV/.git/modules/FEX/modules/External/xxhash/config	remote.origin.url
2026-10-03T07:37:00.9864490Z Entering 'FEX/External/zydis'
2026-10-03T07:37:01.0103360Z file:/Users/runner/work/MadeiraTV/MadeiraTV/.git/modules/FEX/modules/External/zydis/config	remote.origin.url
2026-10-03T07:37:01.0166820Z Entering 'FEX/External/zydis/dependencies/zycore'
2026-10-03T07:37:01.0403210Z file:/Users/runner/work/MadeiraTV/MadeiraTV/.git/modules/FEX/modules/External/zydis/modules/dependencies/zycore/config	remote.origin.url
2026-10-03T07:37:01.0473300Z Entering 'FEX/Source/Common/cpp-optparse'
2026-10-03T07:37:01.0749590Z file:/Users/runner/work/MadeiraTV/MadeiraTV/.git/modules/FEX/modules/External/cpp-optparse/config	remote.origin.url
2026-10-03T07:37:01.0819470Z Entering 'dxmt'
2026-10-03T07:37:01.1010940Z file:/Users/runner/work/MadeiraTV/MadeiraTV/.git/modules/dxmt/config	remote.origin.url
2026-10-03T07:37:01.1070310Z Entering 'dxmt/external/nvapi'
2026-10-03T07:37:01.1336130Z file:/Users/runner/work/MadeiraTV/MadeiraTV/.git/modules/dxmt/modules/external/nvapi/config	remote.origin.url
2026-10-03T07:37:01.1409190Z Entering 'dxmt/include/native/directx'
2026-10-03T07:37:01.1605990Z file:/Users/runner/work/MadeiraTV/MadeiraTV/.git/modules/dxmt/modules/include/native/directx/config	remote.origin.url
2026-10-03T07:37:01.1676710Z Entering 'madeira-dock'
2026-10-03T07:37:01.1904820Z file:/Users/runner/work/MadeiraTV/MadeiraTV/.git/modules/madeira-dock/config	remote.origin.url
2026-10-03T07:37:01.1976680Z Entering 'wine'
2026-10-03T07:37:01.2276780Z file:/Users/runner/work/MadeiraTV/MadeiraTV/.git/modules/wine/config	remote.origin.url
2026-10-03T07:37:01.2571290Z [command]/opt/homebrew/bin/git submodule foreach --recursive git config --local --add 'url.https://github.com/.insteadOf' 'git@github.com:'
2026-10-03T07:37:01.3727680Z Entering 'FEX'
2026-10-03T07:37:01.3932630Z Entering 'FEX/External/Catch2'
2026-10-03T07:37:01.4173160Z Entering 'FEX/External/Vulkan-Headers'
2026-10-03T07:37:01.4383460Z Entering 'FEX/External/drm-headers'
2026-10-03T07:37:01.4570360Z Entering 'FEX/External/fex-gcc-target-tests-bins'
2026-10-03T07:37:01.4807000Z Entering 'FEX/External/fex-gvisor-tests-bins'
2026-10-03T07:37:01.4980510Z Entering 'FEX/External/fex-posixtest-bins'
2026-10-03T07:37:01.5205600Z Entering 'FEX/External/fmt'
2026-10-03T07:37:01.5417750Z Entering 'FEX/External/jemalloc_glibc'
2026-10-03T07:37:01.5585900Z Entering 'FEX/External/range-v3'
2026-10-03T07:37:01.5755350Z Entering 'FEX/External/range-v3/doc/gh-pages'
2026-10-03T07:37:01.5923470Z Entering 'FEX/External/rpmalloc'
2026-10-03T07:37:01.6089680Z Entering 'FEX/External/tracy'
2026-10-03T07:37:01.6256980Z Entering 'FEX/External/unordered_dense'
2026-10-03T07:37:01.6422280Z Entering 'FEX/External/vixl'
2026-10-03T07:37:01.6599920Z Entering 'FEX/External/xxhash'
2026-10-03T07:37:01.6782350Z Entering 'FEX/External/zydis'
2026-10-03T07:37:01.7078450Z Entering 'FEX/External/zydis/dependencies/zycore'
2026-10-03T07:37:01.7284720Z Entering 'FEX/Source/Common/cpp-optparse'
2026-10-03T07:37:01.7474990Z Entering 'dxmt'
2026-10-03T07:37:01.7647370Z Entering 'dxmt/external/nvapi'
2026-10-03T07:37:01.7828190Z Entering 'dxmt/include/native/directx'
2026-10-03T07:37:01.8001590Z Entering 'madeira-dock'
2026-10-03T07:37:01.8173630Z Entering 'wine'
2026-10-03T07:37:01.8423500Z [command]/opt/homebrew/bin/git submodule foreach --recursive git config --local --add 'url.https://github.com/.insteadOf' 'org-309539288@github.com:'
2026-10-03T07:37:01.9413260Z Entering 'FEX'
2026-10-03T07:37:01.9622660Z Entering 'FEX/External/Catch2'
2026-10-03T07:37:01.9826590Z Entering 'FEX/External/Vulkan-Headers'
2026-10-03T07:37:02.0030870Z Entering 'FEX/External/drm-headers'
2026-10-03T07:37:02.0233190Z Entering 'FEX/External/fex-gcc-target-tests-bins'
2026-10-03T07:37:02.0418940Z Entering 'FEX/External/fex-gvisor-tests-bins'
2026-10-03T07:37:02.0608840Z Entering 'FEX/External/fex-posixtest-bins'
2026-10-03T07:37:02.0801500Z Entering 'FEX/External/fmt'
2026-10-03T07:37:02.1000670Z Entering 'FEX/External/jemalloc_glibc'
2026-10-03T07:37:02.1203840Z Entering 'FEX/External/range-v3'
2026-10-03T07:37:02.1398390Z Entering 'FEX/External/range-v3/doc/gh-pages'
2026-10-03T07:37:02.1607670Z Entering 'FEX/External/rpmalloc'
2026-10-03T07:37:02.1843230Z Entering 'FEX/External/tracy'
2026-10-03T07:37:02.2047210Z Entering 'FEX/External/unordered_dense'
2026-10-03T07:37:02.2295200Z Entering 'FEX/External/vixl'
2026-10-03T07:37:02.2550310Z Entering 'FEX/External/xxhash'
2026-10-03T07:37:02.2846600Z Entering 'FEX/External/zydis'
2026-10-03T07:37:02.3119570Z Entering 'FEX/External/zydis/dependencies/zycore'
2026-10-03T07:37:02.3398840Z Entering 'FEX/Source/Common/cpp-optparse'
2026-10-03T07:37:02.3680700Z Entering 'dxmt'
2026-10-03T07:37:02.3913380Z Entering 'dxmt/external/nvapi'
2026-10-03T07:37:02.4158540Z Entering 'dxmt/include/native/directx'
2026-10-03T07:37:02.4410710Z Entering 'madeira-dock'
2026-10-03T07:37:02.4609150Z Entering 'wine'
2026-10-03T07:37:02.4830550Z ##[endgroup]
2026-10-03T07:37:02.5019100Z [command]/opt/homebrew/bin/git log -1 --format=%H
2026-10-03T07:37:02.5080910Z b3fd23c6a7f290569e1a3de4f347b2ba7a5030ea
2026-10-03T07:37:02.5632500Z ##[group]Run xcodebuild -version
2026-10-03T07:37:02.5632890Z [36;1mxcodebuild -version[0m
2026-10-03T07:37:02.5633230Z [36;1mxcrun --sdk appletvos --show-sdk-version[0m
2026-10-03T07:37:02.5633530Z [36;1mxcrun --sdk appletvsimulator --show-sdk-version[0m
2026-10-03T07:37:02.5633840Z [36;1mpython3 --version[0m
2026-10-03T07:37:02.5951300Z shell: /bin/bash -e {0}
2026-10-03T07:37:02.5951620Z ##[endgroup]
2026-10-03T07:37:03.2058450Z Xcode 16.4
2026-10-03T07:37:03.2099790Z Build version 16F6
2026-10-03T07:37:05.4511430Z 18.5
2026-10-03T07:37:06.9154550Z 18.5
2026-10-03T07:37:07.0040890Z Python 3.14.7
2026-10-03T07:37:07.0165010Z ##[group]Run set -o pipefail
2026-10-03T07:37:07.0165420Z [36;1mset -o pipefail[0m
2026-10-03T07:37:07.0165730Z [36;1mmkdir -p build[0m
2026-10-03T07:37:07.0165990Z [36;1mSDK="$(xcrun --sdk appletvos --show-sdk-path)"[0m
2026-10-03T07:37:07.0166400Z [36;1mCC="$(xcrun --sdk appletvos --find clang)"[0m
2026-10-03T07:37:07.0166820Z [36;1mcd wine[0m
2026-10-03T07:37:07.0167030Z [36;1mmkdir -p build-macos[0m
2026-10-03T07:37:07.0167320Z [36;1mcd build-macos[0m
2026-10-03T07:37:07.0169210Z [36;1m# --host=arm64-apple-darwin21 makes configure treat us as Darwin arm64.[0m
2026-10-03T07:37:07.0169770Z [36;1m# CFLAGS point clang at the tvOS SDK; LDFLAGS too.[0m
2026-10-03T07:37:07.0170080Z [36;1m../configure \[0m
2026-10-03T07:37:07.0170380Z [36;1m  --host=arm64-apple-darwin21 \[0m
2026-10-03T07:37:07.0170650Z [36;1m  --without-x \[0m
2026-10-03T07:37:07.0170990Z [36;1m  --without-freetype \[0m
2026-10-03T07:37:07.0171300Z [36;1m  --without-fontconfig \[0m
2026-10-03T07:37:07.0171800Z [36;1m  --disable-tests \[0m
2026-10-03T07:37:07.0172130Z [36;1m  --disable-win16 \[0m
2026-10-03T07:37:07.0172360Z [36;1m  --without-vulkan \[0m
2026-10-03T07:37:07.0172650Z [36;1m  --without-opengl \[0m
2026-10-03T07:37:07.0173100Z [36;1m  --enable-wineandroid=no \[0m
2026-10-03T07:37:07.0173760Z [36;1m  CC="$CC" \[0m
2026-10-03T07:37:07.0174190Z [36;1m  CPPFLAGS="-isysroot $SDK -arch arm64 -mtvos-version-min=17.0 -DWINE_TVOS=1" \[0m
2026-10-03T07:37:07.0174780Z [36;1m  CFLAGS="-isysroot $SDK -arch arm64 -mtvos-version-min=17.0 -O2" \[0m
2026-10-03T07:37:07.0175320Z [36;1m  CXXFLAGS="-isysroot $SDK -arch arm64 -mtvos-version-min=17.0 -O2" \[0m
2026-10-03T07:37:07.0175830Z [36;1m  LDFLAGS="-isysroot $SDK -arch arm64" 2>&1 | tee ../build-macos-config.log[0m
2026-10-03T07:37:07.0176280Z [36;1mecho "=== configure rc=${PIPESTATUS[0]} ==="[0m
2026-10-03T07:37:07.0176830Z [36;1mls include/config.h >/dev/null && echo "config.h OK" || echo "NO config.h"[0m
2026-10-03T07:37:07.0223400Z shell: /bin/bash -e {0}
2026-10-03T07:37:07.0223700Z ##[endgroup]
2026-10-03T07:37:07.8425820Z configure: WARNING: unrecognized options: --enable-wineandroid
2026-10-03T07:37:07.9948540Z checking build system type... aarch64-apple-darwin24.6.0
2026-10-03T07:37:08.0157430Z checking host system type... aarch64-apple-darwin21
2026-10-03T07:37:08.0160100Z checking for arm64-apple-darwin21-gcc... /Applications/Xcode_16.4.app/Contents/Developer/Toolchains/XcodeDefault.xctoolchain/usr/bin/clang
2026-10-03T07:37:08.6485960Z checking whether the C compiler works... yes
2026-10-03T07:37:08.6487150Z checking for C compiler default output file name... a.out
2026-10-03T07:37:08.6958630Z checking for suffix of executables... 
2026-10-03T07:37:08.8383450Z checking whether we are cross compiling... yes
2026-10-03T07:37:08.9231260Z checking for suffix of object files... o
2026-10-03T07:37:08.9934830Z checking whether the compiler supports GNU C... yes
2026-10-03T07:37:09.0409310Z checking whether /Applications/Xcode_16.4.app/Contents/Developer/Toolchains/XcodeDefault.xctoolchain/usr/bin/clang accepts -g... yes
2026-10-03T07:37:09.1836320Z checking for /Applications/Xcode_16.4.app/Contents/Developer/Toolchains/XcodeDefault.xctoolchain/usr/bin/clang option to enable C11 features... none needed
2026-10-03T07:37:09.1848930Z checking for arm64-apple-darwin21-g++... no
2026-10-03T07:37:09.1853620Z checking for arm64-apple-darwin21-c++... no
2026-10-03T07:37:09.1856010Z checking for arm64-apple-darwin21-gpp... no
2026-10-03T07:37:09.1860010Z checking for arm64-apple-darwin21-aCC... no
2026-10-03T07:37:09.1863900Z checking for arm64-apple-darwin21-CC... no
2026-10-03T07:37:09.1868280Z checking for arm64-apple-darwin21-cxx... no
2026-10-03T07:37:09.1871950Z checking for arm64-apple-darwin21-cc++... no
2026-10-03T07:37:09.1875460Z checking for arm64-apple-darwin21-cl.exe... no
2026-10-03T07:37:09.1879580Z checking for arm64-apple-darwin21-FCC... no
2026-10-03T07:37:09.1884080Z checking for arm64-apple-darwin21-KCC... no
2026-10-03T07:37:09.1890350Z checking for arm64-apple-darwin21-RCC... no
2026-10-03T07:37:09.1894940Z checking for arm64-apple-darwin21-xlC_r... no
2026-10-03T07:37:09.1896220Z checking for arm64-apple-darwin21-xlC... no
2026-10-03T07:37:09.1913170Z checking for arm64-apple-darwin21-clang++... no
2026-10-03T07:37:09.1919460Z checking for g++... g++
2026-10-03T07:37:09.1921140Z configure: WARNING: using cross tools not prefixed with host triplet
2026-10-03T07:37:10.9930620Z checking whether the compiler supports GNU C++... yes
2026-10-03T07:37:11.0536620Z checking whether g++ accepts -g... yes
2026-10-03T07:37:11.3973640Z checking for g++ option to enable C++11 features... none needed
2026-10-03T07:37:11.3982150Z checking for arm64-apple-darwin21-cpp... no
2026-10-03T07:37:11.3995620Z checking for cpp... cpp
2026-10-03T07:37:11.4077790Z checking for arm64-apple-darwin21-ld... no
2026-10-03T07:37:11.4086370Z checking for ld... ld
2026-10-03T07:37:11.4090150Z checking for the directory containing the Wine tools... configure: error: you must use the --with-wine-tools option when cross-compiling.
2026-10-03T07:37:11.4601980Z ##[error]Process completed with exit code 1.
2026-10-03T07:37:11.4919750Z ##[group]Run actions/upload-artifact@v4
2026-10-03T07:37:11.4919990Z with:
2026-10-03T07:37:11.4920160Z   name: wine-tvos-configure-artifacts
2026-10-03T07:37:11.4920530Z   path: wine/build-macos/include/config.h
wine/build-macos-config.log

2026-10-03T07:37:11.4920840Z   if-no-files-found: warn
2026-10-03T07:37:11.4921110Z   compression-level: 6
2026-10-03T07:37:11.4921340Z   overwrite: false
2026-10-03T07:37:11.4921670Z   include-hidden-files: false
2026-10-03T07:37:11.4921860Z ##[endgroup]
2026-10-03T07:37:11.7813620Z (node:5018) [DEP0040] DeprecationWarning: The `punycode` module is deprecated. Please use a userland alternative instead.
2026-10-03T07:37:11.7817070Z (Use `node --trace-deprecation ...` to show where the warning was created)
2026-10-03T07:37:11.7862890Z Multiple search paths detected. Calculating the least common ancestor of all paths
2026-10-03T07:37:11.7869030Z The least common ancestor is /Users/runner/work/MadeiraTV/MadeiraTV/wine. This will be the root directory of the artifact
2026-10-03T07:37:11.7869770Z With the provided path, there will be 1 file uploaded
2026-10-03T07:37:11.7876220Z Artifact name is valid!
2026-10-03T07:37:11.7889360Z Root directory input is valid!
2026-10-03T07:37:12.2089000Z Beginning upload of artifact content to blob storage
2026-10-03T07:37:12.2296510Z (node:5018) [DEP0169] DeprecationWarning: `url.parse()` behavior is not standardized and prone to errors that have security implications. Use the WHATWG URL API instead. CVEs are not issued for `url.parse()` vulnerabilities.
2026-10-03T07:37:12.5320200Z Uploaded bytes 693
2026-10-03T07:37:12.6161610Z Finished uploading artifact content to blob storage!
2026-10-03T07:37:12.6169120Z SHA256 digest of uploaded artifact zip is 5b42860ca23127e68d27e3abdd11a7547d224156c96a000bee534225fc70bda9
2026-10-03T07:37:12.6170730Z Finalizing artifact upload
2026-10-03T07:37:12.9302390Z Artifact wine-tvos-configure-artifacts.zip successfully finalized. Artifact ID 11267908455
2026-10-03T07:37:12.9406560Z Artifact wine-tvos-configure-artifacts has been successfully uploaded! Final size is 693 bytes. Artifact ID is 11267908455
2026-10-03T07:37:12.9519520Z Artifact download URL: https://github.com/duranereloise-hash/MadeiraTV/actions/runs/37106741251/artifacts/11267908455
2026-10-03T07:37:13.0013430Z ##[warning]Unexpected input(s) 'submodule-depth', valid inputs are ['repository', 'ref', 'token', 'ssh-key', 'ssh-known-hosts', 'ssh-strict', 'ssh-user', 'persist-credentials', 'path', 'clean', 'filter', 'sparse-checkout', 'sparse-checkout-cone-mode', 'fetch-depth', 'fetch-tags', 'show-progress', 'lfs', 'submodules', 'set-safe-directory', 'github-server-url', 'allow-unsafe-pr-checkout']
2026-10-03T07:37:13.0020740Z Post job cleanup.
2026-10-03T07:37:13.1848220Z [command]/opt/homebrew/bin/git version
2026-10-03T07:37:13.2002980Z git version 2.55.0
2026-10-03T07:37:13.2142460Z Copying '/Users/runner/.gitconfig' to '/Users/runner/work/_temp/1848992f-8244-480a-b0b7-7e1df3eda718/.gitconfig'
2026-10-03T07:37:13.2170930Z Temporarily overriding HOME='/Users/runner/work/_temp/1848992f-8244-480a-b0b7-7e1df3eda718' before making global git config changes
2026-10-03T07:37:13.2186670Z Adding repository directory to the temporary git global config as a safe directory
2026-10-03T07:37:13.2205060Z [command]/opt/homebrew/bin/git config --global --add safe.directory /Users/runner/work/MadeiraTV/MadeiraTV
2026-10-03T07:37:13.2261570Z [command]/opt/homebrew/bin/git config --local --name-only --get-regexp core\.sshCommand
2026-10-03T07:37:13.2335610Z [command]/opt/homebrew/bin/git submodule foreach --recursive sh -c "git config --local --name-only --get-regexp 'core\.sshCommand' && git config --local --unset-all 'core.sshCommand' || :"
2026-10-03T07:37:13.3646780Z Entering 'FEX'
2026-10-03T07:37:13.4176000Z Entering 'FEX/External/Catch2'
2026-10-03T07:37:13.4485630Z Entering 'FEX/External/Vulkan-Headers'
2026-10-03T07:37:13.4873760Z Entering 'FEX/External/drm-headers'
2026-10-03T07:37:13.5186630Z Entering 'FEX/External/fex-gcc-target-tests-bins'
2026-10-03T07:37:13.5417010Z Entering 'FEX/External/fex-gvisor-tests-bins'
2026-10-03T07:37:13.5617210Z Entering 'FEX/External/fex-posixtest-bins'
2026-10-03T07:37:13.5848970Z Entering 'FEX/External/fmt'
2026-10-03T07:37:13.6230640Z Entering 'FEX/External/jemalloc_glibc'
2026-10-03T07:37:13.6501150Z Entering 'FEX/External/range-v3'
2026-10-03T07:37:13.6729500Z Entering 'FEX/External/range-v3/doc/gh-pages'
2026-10-03T07:37:13.6924830Z Entering 'FEX/External/rpmalloc'
2026-10-03T07:37:13.7185330Z Entering 'FEX/External/tracy'
2026-10-03T07:37:13.7611350Z Entering 'FEX/External/unordered_dense'
2026-10-03T07:37:13.8008490Z Entering 'FEX/External/vixl'
2026-10-03T07:37:13.8417720Z Entering 'FEX/External/xxhash'
2026-10-03T07:37:13.8760540Z Entering 'FEX/External/zydis'
2026-10-03T07:37:13.9156850Z Entering 'FEX/External/zydis/dependencies/zycore'
2026-10-03T07:37:13.9558240Z Entering 'FEX/Source/Common/cpp-optparse'
2026-10-03T07:37:13.9907900Z Entering 'dxmt'
2026-10-03T07:37:14.0298430Z Entering 'dxmt/external/nvapi'
2026-10-03T07:37:14.0621700Z Entering 'dxmt/include/native/directx'
2026-10-03T07:37:14.0886230Z Entering 'madeira-dock'
2026-10-03T07:37:14.1263370Z Entering 'wine'
2026-10-03T07:37:14.1639350Z [command]/opt/homebrew/bin/git config --local --name-only --get-regexp http\.https\:\/\/github\.com\/\.extraheader
2026-10-03T07:37:14.1702420Z http.https://github.com/.extraheader
2026-10-03T07:37:14.1713620Z [command]/opt/homebrew/bin/git config --local --unset-all http.https://github.com/.extraheader
2026-10-03T07:37:14.1790820Z [command]/opt/homebrew/bin/git submodule foreach --recursive sh -c "git config --local --name-only --get-regexp 'http\.https\:\/\/github\.com\/\.extraheader' && git config --local --unset-all 'http.https://github.com/.extraheader' || :"
2026-10-03T07:37:14.3123640Z Entering 'FEX'
2026-10-03T07:37:14.3410190Z http.https://github.com/.extraheader
2026-10-03T07:37:14.3678360Z Entering 'FEX/External/Catch2'
2026-10-03T07:37:14.4154450Z http.https://github.com/.extraheader
2026-10-03T07:37:14.4549510Z Entering 'FEX/External/Vulkan-Headers'
2026-10-03T07:37:14.4839500Z http.https://github.com/.extraheader
2026-10-03T07:37:14.5102220Z Entering 'FEX/External/drm-headers'
2026-10-03T07:37:14.5405700Z http.https://github.com/.extraheader
2026-10-03T07:37:14.5572130Z Entering 'FEX/External/fex-gcc-target-tests-bins'
2026-10-03T07:37:14.5865340Z http.https://github.com/.extraheader
2026-10-03T07:37:14.6128570Z Entering 'FEX/External/fex-gvisor-tests-bins'
2026-10-03T07:37:14.6296450Z http.https://github.com/.extraheader
2026-10-03T07:37:14.6470820Z Entering 'FEX/External/fex-posixtest-bins'
2026-10-03T07:37:14.6655340Z http.https://github.com/.extraheader
2026-10-03T07:37:14.6860030Z Entering 'FEX/External/fmt'
2026-10-03T07:37:14.7123750Z http.https://github.com/.extraheader
2026-10-03T07:37:14.7328380Z Entering 'FEX/External/jemalloc_glibc'
2026-10-03T07:37:14.7565610Z http.https://github.com/.extraheader
2026-10-03T07:37:14.7769750Z Entering 'FEX/External/range-v3'
2026-10-03T07:37:14.8098600Z http.https://github.com/.extraheader
2026-10-03T07:37:14.8307200Z Entering 'FEX/External/range-v3/doc/gh-pages'
2026-10-03T07:37:14.8551910Z http.https://github.com/.extraheader
2026-10-03T07:37:14.8723310Z Entering 'FEX/External/rpmalloc'
2026-10-03T07:37:14.8997550Z http.https://github.com/.extraheader
2026-10-03T07:37:14.9169430Z Entering 'FEX/External/tracy'
2026-10-03T07:37:14.9418620Z http.https://github.com/.extraheader
2026-10-03T07:37:14.9600260Z Entering 'FEX/External/unordered_dense'
2026-10-03T07:37:14.9821500Z http.https://github.com/.extraheader
2026-10-03T07:37:14.9955500Z Entering 'FEX/External/vixl'
2026-10-03T07:37:15.0160050Z http.https://github.com/.extraheader
2026-10-03T07:37:15.0311400Z Entering 'FEX/External/xxhash'
2026-10-03T07:37:15.0519670Z http.https://github.com/.extraheader
2026-10-03T07:37:15.0654550Z Entering 'FEX/External/zydis'
2026-10-03T07:37:15.0986030Z http.https://github.com/.extraheader
2026-10-03T07:37:15.1178030Z Entering 'FEX/External/zydis/dependencies/zycore'
2026-10-03T07:37:15.1441140Z http.https://github.com/.extraheader
2026-10-03T07:37:15.1595310Z Entering 'FEX/Source/Common/cpp-optparse'
2026-10-03T07:37:15.1770200Z http.https://github.com/.extraheader
2026-10-03T07:37:15.1942510Z Entering 'dxmt'
2026-10-03T07:37:15.2137620Z http.https://github.com/.extraheader
2026-10-03T07:37:15.2383580Z Entering 'dxmt/external/nvapi'
2026-10-03T07:37:15.2534610Z http.https://github.com/.extraheader
2026-10-03T07:37:15.2678540Z Entering 'dxmt/include/native/directx'
2026-10-03T07:37:15.2826380Z http.https://github.com/.extraheader
2026-10-03T07:37:15.2989110Z Entering 'madeira-dock'
2026-10-03T07:37:15.3244830Z http.https://github.com/.extraheader
2026-10-03T07:37:15.3376200Z Entering 'wine'
2026-10-03T07:37:15.3589340Z http.https://github.com/.extraheader
2026-10-03T07:37:15.3840520Z [command]/opt/homebrew/bin/git config --local --name-only --get-regexp ^includeIf\.gitdir:
2026-10-03T07:37:15.3930100Z [command]/opt/homebrew/bin/git submodule foreach --recursive git config --local --show-origin --name-only --get-regexp remote.origin.url
2026-10-03T07:37:15.5186430Z Entering 'FEX'
2026-10-03T07:37:15.5314630Z file:/Users/runner/work/MadeiraTV/MadeiraTV/.git/modules/FEX/config	remote.origin.url
2026-10-03T07:37:15.5400960Z Entering 'FEX/External/Catch2'
2026-10-03T07:37:15.5533770Z file:/Users/runner/work/MadeiraTV/MadeiraTV/.git/modules/FEX/modules/External/Catch2/config	remote.origin.url
2026-10-03T07:37:15.5616340Z Entering 'FEX/External/Vulkan-Headers'
2026-10-03T07:37:15.5730340Z file:/Users/runner/work/MadeiraTV/MadeiraTV/.git/modules/FEX/modules/External/Vulkan-Headers/config	remote.origin.url
2026-10-03T07:37:15.5827610Z Entering 'FEX/External/drm-headers'
2026-10-03T07:37:15.6010810Z file:/Users/runner/work/MadeiraTV/MadeiraTV/.git/modules/FEX/modules/External/drm-headers/config	remote.origin.url
2026-10-03T07:37:15.6114490Z Entering 'FEX/External/fex-gcc-target-tests-bins'
2026-10-03T07:37:15.6264400Z file:/Users/runner/work/MadeiraTV/MadeiraTV/.git/modules/FEX/modules/External/fex-gcc-target-tests-bins/config	remote.origin.url
2026-10-03T07:37:15.6349460Z Entering 'FEX/External/fex-gvisor-tests-bins'
2026-10-03T07:37:15.6469850Z file:/Users/runner/work/MadeiraTV/MadeiraTV/.git/modules/FEX/modules/External/fex-gvisor-tests-bins/config	remote.origin.url
2026-10-03T07:37:15.6588830Z Entering 'FEX/External/fex-posixtest-bins'
2026-10-03T07:37:15.6766480Z file:/Users/runner/work/MadeiraTV/MadeiraTV/.git/modules/FEX/modules/External/fex-posixtest-bins/config	remote.origin.url
2026-10-03T07:37:15.6922810Z Entering 'FEX/External/fmt'
2026-10-03T07:37:15.7110540Z file:/Users/runner/work/MadeiraTV/MadeiraTV/.git/modules/FEX/modules/External/fmt/config	remote.origin.url
2026-10-03T07:37:15.7271480Z Entering 'FEX/External/jemalloc_glibc'
2026-10-03T07:37:15.7436840Z file:/Users/runner/work/MadeiraTV/MadeiraTV/.git/modules/FEX/modules/External/jemalloc_glibc/config	remote.origin.url
2026-10-03T07:37:15.7540820Z Entering 'FEX/External/range-v3'
2026-10-03T07:37:15.7703970Z file:/Users/runner/work/MadeiraTV/MadeiraTV/.git/modules/FEX/modules/External/range-v3/config	remote.origin.url
2026-10-03T07:37:15.7833410Z Entering 'FEX/External/range-v3/doc/gh-pages'
2026-10-03T07:37:15.8038150Z file:/Users/runner/work/MadeiraTV/MadeiraTV/.git/modules/FEX/modules/External/range-v3/modules/doc/gh-pages/config	remote.origin.url
2026-10-03T07:37:15.8141160Z Entering 'FEX/External/rpmalloc'
2026-10-03T07:37:15.8306080Z file:/Users/runner/work/MadeiraTV/MadeiraTV/.git/modules/FEX/modules/External/rpmalloc/config	remote.origin.url
2026-10-03T07:37:15.8399720Z Entering 'FEX/External/tracy'
2026-10-03T07:37:15.8534800Z file:/Users/runner/work/MadeiraTV/MadeiraTV/.git/modules/FEX/modules/External/tracy/config	remote.origin.url
2026-10-03T07:37:15.8650220Z Entering 'FEX/External/unordered_dense'
2026-10-03T07:37:15.8781510Z file:/Users/runner/work/MadeiraTV/MadeiraTV/.git/modules/FEX/modules/External/unordered_dense/config	remote.origin.url
2026-10-03T07:37:15.8918100Z Entering 'FEX/External/vixl'
2026-10-03T07:37:15.9040420Z file:/Users/runner/work/MadeiraTV/MadeiraTV/.git/modules/FEX/modules/External/vixl/config	remote.origin.url
2026-10-03T07:37:15.9120260Z Entering 'FEX/External/xxhash'
2026-10-03T07:37:15.9287780Z file:/Users/runner/work/MadeiraTV/MadeiraTV/.git/modules/FEX/modules/External/xxhash/config	remote.origin.url
2026-10-03T07:37:15.9365360Z Entering 'FEX/External/zydis'
2026-10-03T07:37:15.9507310Z file:/Users/runner/work/MadeiraTV/MadeiraTV/.git/modules/FEX/modules/External/zydis/config	remote.origin.url
2026-10-03T07:37:15.9608980Z Entering 'FEX/External/zydis/dependencies/zycore'
2026-10-03T07:37:15.9829020Z file:/Users/runner/work/MadeiraTV/MadeiraTV/.git/modules/FEX/modules/External/zydis/modules/dependencies/zycore/config	remote.origin.url
2026-10-03T07:37:15.9956950Z Entering 'FEX/Source/Common/cpp-optparse'
2026-10-03T07:37:16.0147920Z file:/Users/runner/work/MadeiraTV/MadeiraTV/.git/modules/FEX/modules/External/cpp-optparse/config	remote.origin.url
2026-10-03T07:37:16.0254920Z Entering 'dxmt'
2026-10-03T07:37:16.0469570Z file:/Users/runner/work/MadeiraTV/MadeiraTV/.git/modules/dxmt/config	remote.origin.url
2026-10-03T07:37:16.0558860Z Entering 'dxmt/external/nvapi'
2026-10-03T07:37:16.0736540Z file:/Users/runner/work/MadeiraTV/MadeiraTV/.git/modules/dxmt/modules/external/nvapi/config	remote.origin.url
2026-10-03T07:37:16.0839810Z Entering 'dxmt/include/native/directx'
2026-10-03T07:37:16.1096650Z file:/Users/runner/work/MadeiraTV/MadeiraTV/.git/modules/dxmt/modules/include/native/directx/config	remote.origin.url
2026-10-03T07:37:16.1240530Z Entering 'madeira-dock'
2026-10-03T07:37:16.1387160Z file:/Users/runner/work/MadeiraTV/MadeiraTV/.git/modules/madeira-dock/config	remote.origin.url
2026-10-03T07:37:16.1493320Z Entering 'wine'
2026-10-03T07:37:16.1691510Z file:/Users/runner/work/MadeiraTV/MadeiraTV/.git/modules/wine/config	remote.origin.url
2026-10-03T07:37:16.1820160Z [command]/opt/homebrew/bin/git config --file /Users/runner/work/MadeiraTV/MadeiraTV/.git/modules/FEX/config --name-only --get-regexp ^includeIf\.gitdir:
2026-10-03T07:37:16.1893150Z [command]/opt/homebrew/bin/git config --file /Users/runner/work/MadeiraTV/MadeiraTV/.git/modules/FEX/modules/External/Catch2/config --name-only --get-regexp ^includeIf\.gitdir:
2026-10-03T07:37:16.1958880Z [command]/opt/homebrew/bin/git config --file /Users/runner/work/MadeiraTV/MadeiraTV/.git/modules/FEX/modules/External/Vulkan-Headers/config --name-only --get-regexp ^includeIf\.gitdir:
2026-10-03T07:37:16.2049870Z [command]/opt/homebrew/bin/git config --file /Users/runner/work/MadeiraTV/MadeiraTV/.git/modules/FEX/modules/External/drm-headers/config --name-only --get-regexp ^includeIf\.gitdir:
2026-10-03T07:37:16.2126520Z [command]/opt/homebrew/bin/git config --file /Users/runner/work/MadeiraTV/MadeiraTV/.git/modules/FEX/modules/External/fex-gcc-target-tests-bins/config --name-only --get-regexp ^includeIf\.gitdir:
2026-10-03T07:37:16.2243530Z [command]/opt/homebrew/bin/git config --file /Users/runner/work/MadeiraTV/MadeiraTV/.git/modules/FEX/modules/External/fex-gvisor-tests-bins/config --name-only --get-regexp ^includeIf\.gitdir:
2026-10-03T07:37:16.2386190Z [command]/opt/homebrew/bin/git config --file /Users/runner/work/MadeiraTV/MadeiraTV/.git/modules/FEX/modules/External/fex-posixtest-bins/config --name-only --get-regexp ^includeIf\.gitdir:
2026-10-03T07:37:16.2445660Z [command]/opt/homebrew/bin/git config --file /Users/runner/work/MadeiraTV/MadeiraTV/.git/modules/FEX/modules/External/fmt/config --name-only --get-regexp ^includeIf\.gitdir:
2026-10-03T07:37:16.2548330Z [command]/opt/homebrew/bin/git config --file /Users/runner/work/MadeiraTV/MadeiraTV/.git/modules/FEX/modules/External/jemalloc_glibc/config --name-only --get-regexp ^includeIf\.gitdir:
2026-10-03T07:37:16.2630840Z [command]/opt/homebrew/bin/git config --file /Users/runner/work/MadeiraTV/MadeiraTV/.git/modules/FEX/modules/External/range-v3/config --name-only --get-regexp ^includeIf\.gitdir:
2026-10-03T07:37:16.2734150Z [command]/opt/homebrew/bin/git config --file /Users/runner/work/MadeiraTV/MadeiraTV/.git/modules/FEX/modules/External/range-v3/modules/doc/gh-pages/config --name-only --get-regexp ^includeIf\.gitdir:
2026-10-03T07:37:16.2805740Z [command]/opt/homebrew/bin/git config --file /Users/runner/work/MadeiraTV/MadeiraTV/.git/modules/FEX/modules/External/rpmalloc/config --name-only --get-regexp ^includeIf\.gitdir:
2026-10-03T07:37:16.2929520Z [command]/opt/homebrew/bin/git config --file /Users/runner/work/MadeiraTV/MadeiraTV/.git/modules/FEX/modules/External/tracy/config --name-only --get-regexp ^includeIf\.gitdir:
2026-10-03T07:37:16.3027680Z [command]/opt/homebrew/bin/git config --file /Users/runner/work/MadeiraTV/MadeiraTV/.git/modules/FEX/modules/External/unordered_dense/config --name-only --get-regexp ^includeIf\.gitdir:
2026-10-03T07:37:16.3096430Z [command]/opt/homebrew/bin/git config --file /Users/runner/work/MadeiraTV/MadeiraTV/.git/modules/FEX/modules/External/vixl/config --name-only --get-regexp ^includeIf\.gitdir:
2026-10-03T07:37:16.3167340Z [command]/opt/homebrew/bin/git config --file /Users/runner/work/MadeiraTV/MadeiraTV/.git/modules/FEX/modules/External/xxhash/config --name-only --get-regexp ^includeIf\.gitdir:
2026-10-03T07:37:16.3250320Z [command]/opt/homebrew/bin/git config --file /Users/runner/work/MadeiraTV/MadeiraTV/.git/modules/FEX/modules/External/zydis/config --name-only --get-regexp ^includeIf\.gitdir:
2026-10-03T07:37:16.3335070Z [command]/opt/homebrew/bin/git config --file /Users/runner/work/MadeiraTV/MadeiraTV/.git/modules/FEX/modules/External/zydis/modules/dependencies/zycore/config --name-only --get-regexp ^includeIf\.gitdir:
2026-10-03T07:37:16.3489490Z [command]/opt/homebrew/bin/git config --file /Users/runner/work/MadeiraTV/MadeiraTV/.git/modules/FEX/modules/External/cpp-optparse/config --name-only --get-regexp ^includeIf\.gitdir:
2026-10-03T07:37:16.3560870Z [command]/opt/homebrew/bin/git config --file /Users/runner/work/MadeiraTV/MadeiraTV/.git/modules/dxmt/config --name-only --get-regexp ^includeIf\.gitdir:
2026-10-03T07:37:16.3637480Z [command]/opt/homebrew/bin/git config --file /Users/runner/work/MadeiraTV/MadeiraTV/.git/modules/dxmt/modules/external/nvapi/config --name-only --get-regexp ^includeIf\.gitdir:
2026-10-03T07:37:16.3709200Z [command]/opt/homebrew/bin/git config --file /Users/runner/work/MadeiraTV/MadeiraTV/.git/modules/dxmt/modules/include/native/directx/config --name-only --get-regexp ^includeIf\.gitdir:
2026-10-03T07:37:16.3798970Z [command]/opt/homebrew/bin/git config --file /Users/runner/work/MadeiraTV/MadeiraTV/.git/modules/madeira-dock/config --name-only --get-regexp ^includeIf\.gitdir:
2026-10-03T07:37:16.4103180Z [command]/opt/homebrew/bin/git config --file /Users/runner/work/MadeiraTV/MadeiraTV/.git/modules/wine/config --name-only --get-regexp ^includeIf\.gitdir:
2026-10-03T07:37:16.4278460Z Cleaning up orphan processes
2026-10-03T07:37:17.1955570Z ##[warning]Node.js 20 is deprecated. The following actions target Node.js 20 but are being forced to run on Node.js 24: actions/checkout@v4, actions/upload-artifact@v4. For more information see: https://github.blog/changelog/2025-09-19-deprecation-of-node-20-on-github-actions-runners/

