ï»¿2026-10-03T08:06:52.8700960Z Current runner version: '2.337.0'
2026-10-03T08:06:52.8759520Z ##[group]Runner Image Provisioner
2026-10-03T08:06:52.8761540Z Hosted Compute Agent
2026-10-03T08:06:52.8762840Z Version: 20260828.587
2026-10-03T08:06:52.8764150Z Commit: abac92662cab4cc7352de4f9f9d2e2419aad9c29
2026-10-03T08:06:52.8765670Z Build Date: 2026-08-28T16:44:25Z
2026-10-03T08:06:52.8766920Z Worker ID: {f0c7d2e6-0ab2-4ebe-857b-7a5bcbfff18e}
2026-10-03T08:06:52.8768200Z Azure Region: westus
2026-10-03T08:06:52.8769860Z ##[endgroup]
2026-10-03T08:06:52.8772470Z ##[group]Operating System
2026-10-03T08:06:52.8773510Z macOS
2026-10-03T08:06:52.8774350Z 15.7.9
2026-10-03T08:06:52.8775190Z 24G830
2026-10-03T08:06:52.8776070Z ##[endgroup]
2026-10-03T08:06:52.8777010Z ##[group]Runner Image
2026-10-03T08:06:52.8778020Z Image: macos-15-arm64
2026-10-03T08:06:52.8779230Z Version: 20260907.0337.1
2026-10-03T08:06:52.8781630Z Included Software: https://github.com/actions/runner-images/blob/macos-15-arm64/20260907.0337/images/macos/macos-15-arm64-Readme.md
2026-10-03T08:06:52.8784540Z Image Release: https://github.com/actions/runner-images/releases/tag/macos-15-arm64%2F20260907.0337
2026-10-03T08:06:52.8786320Z ##[endgroup]
2026-10-03T08:06:52.8788420Z ##[group]GITHUB_TOKEN Permissions
2026-10-03T08:06:52.8792650Z Contents: read
2026-10-03T08:06:52.8793690Z Metadata: read
2026-10-03T08:06:52.8796010Z Packages: read
2026-10-03T08:06:52.8796600Z ##[endgroup]
2026-10-03T08:06:52.8799980Z Secret source: Actions
2026-10-03T08:06:52.8801920Z Cache mode: write
2026-10-03T08:06:52.8803580Z Prepare workflow directory
2026-10-03T08:06:52.9232390Z Prepare all required actions
2026-10-03T08:06:52.9313250Z Getting action download info
2026-10-03T08:06:53.3565200Z Download action repository 'actions/checkout@v4' (SHA:11d5960a326750d5838078e36cf38b85af677262)
2026-10-03T08:06:53.7273630Z Download action repository 'actions/upload-artifact@v4' (SHA:ea165f8d65b6e75b540449e92b4886f43607fa02)
2026-10-03T08:06:54.0871930Z Complete job name: Configure + build Wine unix libs for tvOS
2026-10-03T08:06:54.1675920Z ##[warning]Unexpected input(s) 'submodule-depth', valid inputs are ['repository', 'ref', 'token', 'ssh-key', 'ssh-known-hosts', 'ssh-strict', 'ssh-user', 'persist-credentials', 'path', 'clean', 'filter', 'sparse-checkout', 'sparse-checkout-cone-mode', 'fetch-depth', 'fetch-tags', 'show-progress', 'lfs', 'submodules', 'set-safe-directory', 'github-server-url', 'allow-unsafe-pr-checkout']
2026-10-03T08:06:54.1755750Z ##[group]Run actions/checkout@v4
2026-10-03T08:06:54.1756390Z with:
2026-10-03T08:06:54.1756740Z   fetch-depth: 0
2026-10-03T08:06:54.1757090Z   submodules: recursive
2026-10-03T08:06:54.1757470Z   submodule-depth: 1
2026-10-03T08:06:54.1757860Z   repository: duranereloise-hash/MadeiraTV
2026-10-03T08:06:54.1760840Z   token: ***
2026-10-03T08:06:54.1761200Z   ssh-strict: true
2026-10-03T08:06:54.1761540Z   ssh-user: git
2026-10-03T08:06:54.1761900Z   persist-credentials: true
2026-10-03T08:06:54.1762290Z   clean: true
2026-10-03T08:06:54.1762720Z   sparse-checkout-cone-mode: true
2026-10-03T08:06:54.1763230Z   fetch-tags: false
2026-10-03T08:06:54.1763580Z   show-progress: true
2026-10-03T08:06:54.1763940Z   lfs: false
2026-10-03T08:06:54.1764280Z   set-safe-directory: true
2026-10-03T08:06:54.1764690Z   allow-unsafe-pr-checkout: false
2026-10-03T08:06:54.1765330Z ##[endgroup]
2026-10-03T08:06:54.6542880Z Syncing repository: duranereloise-hash/MadeiraTV
2026-10-03T08:06:54.6549550Z ##[group]Getting Git version info
2026-10-03T08:06:54.6550360Z Working directory is '/Users/runner/work/MadeiraTV/MadeiraTV'
2026-10-03T08:06:54.6551560Z [command]/opt/homebrew/bin/git version
2026-10-03T08:06:54.7364700Z git version 2.55.0
2026-10-03T08:06:54.7402810Z ##[endgroup]
2026-10-03T08:06:54.7411570Z Copying '/Users/runner/.gitconfig' to '/Users/runner/work/_temp/bc3fd11e-0a78-45fc-9b9c-3dd96533b40f/.gitconfig'
2026-10-03T08:06:54.7416270Z Temporarily overriding HOME='/Users/runner/work/_temp/bc3fd11e-0a78-45fc-9b9c-3dd96533b40f' before making global git config changes
2026-10-03T08:06:54.7419850Z Adding repository directory to the temporary git global config as a safe directory
2026-10-03T08:06:54.7422850Z [command]/opt/homebrew/bin/git config --global --add safe.directory /Users/runner/work/MadeiraTV/MadeiraTV
2026-10-03T08:06:54.7565900Z Deleting the contents of '/Users/runner/work/MadeiraTV/MadeiraTV'
2026-10-03T08:06:54.7571960Z ##[group]Initializing the repository
2026-10-03T08:06:54.7575470Z [command]/opt/homebrew/bin/git init /Users/runner/work/MadeiraTV/MadeiraTV
2026-10-03T08:06:54.7869230Z hint: Using 'master' as the name for the initial branch. This default branch name
2026-10-03T08:06:54.7886050Z hint: will change to "main" in Git 3.0. To configure the initial branch name
2026-10-03T08:06:54.7895460Z hint: to use in all of your new repositories, which will suppress this warning,
2026-10-03T08:06:54.7946470Z hint: call:
2026-10-03T08:06:54.7952750Z hint:
2026-10-03T08:06:54.7973650Z hint: 	git config --global init.defaultBranch <name>
2026-10-03T08:06:54.7993220Z hint:
2026-10-03T08:06:54.7998430Z hint: Names commonly chosen instead of 'master' are 'main', 'trunk' and
2026-10-03T08:06:54.8045450Z hint: 'development'. The just-created branch can be renamed via this command:
2026-10-03T08:06:54.8076260Z hint:
2026-10-03T08:06:54.8077580Z hint: 	git branch -m <name>
2026-10-03T08:06:54.8078570Z hint:
2026-10-03T08:06:54.8080210Z hint: Disable this message with "git config set advice.defaultBranchName false"
2026-10-03T08:06:54.8083750Z Initialized empty Git repository in /Users/runner/work/MadeiraTV/MadeiraTV/.git/
2026-10-03T08:06:54.8087660Z [command]/opt/homebrew/bin/git remote add origin https://github.com/duranereloise-hash/MadeiraTV
2026-10-03T08:06:54.8091190Z ##[endgroup]
2026-10-03T08:06:54.8092680Z ##[group]Disabling automatic garbage collection
2026-10-03T08:06:54.8093990Z [command]/opt/homebrew/bin/git config --local gc.auto 0
2026-10-03T08:06:54.8096830Z ##[endgroup]
2026-10-03T08:06:54.8098080Z ##[group]Setting up auth
2026-10-03T08:06:54.8100590Z [command]/opt/homebrew/bin/git config --local --name-only --get-regexp core\.sshCommand
2026-10-03T08:06:54.8179710Z [command]/opt/homebrew/bin/git submodule foreach --recursive sh -c "git config --local --name-only --get-regexp 'core\.sshCommand' && git config --local --unset-all 'core.sshCommand' || :"
2026-10-03T08:06:55.3833730Z [command]/opt/homebrew/bin/git config --local --name-only --get-regexp http\.https\:\/\/github\.com\/\.extraheader
2026-10-03T08:06:55.3917430Z [command]/opt/homebrew/bin/git submodule foreach --recursive sh -c "git config --local --name-only --get-regexp 'http\.https\:\/\/github\.com\/\.extraheader' && git config --local --unset-all 'http.https://github.com/.extraheader' || :"
2026-10-03T08:06:55.5282280Z [command]/opt/homebrew/bin/git config --local --name-only --get-regexp ^includeIf\.gitdir:
2026-10-03T08:06:55.5392170Z [command]/opt/homebrew/bin/git submodule foreach --recursive git config --local --show-origin --name-only --get-regexp remote.origin.url
2026-10-03T08:06:55.7191320Z [command]/opt/homebrew/bin/git config --local http.https://github.com/.extraheader AUTHORIZATION: basic ***
2026-10-03T08:06:55.7296250Z ##[endgroup]
2026-10-03T08:06:55.7298000Z ##[group]Fetching the repository
2026-10-03T08:06:55.7302180Z [command]/opt/homebrew/bin/git -c protocol.version=2 fetch --prune --no-recurse-submodules origin +refs/heads/*:refs/remotes/origin/* +refs/tags/*:refs/tags/*
2026-10-03T08:06:56.3557840Z From https://github.com/duranereloise-hash/MadeiraTV
2026-10-03T08:06:56.3561240Z  * [new branch]      main       -> origin/main
2026-10-03T08:06:56.3570150Z [command]/opt/homebrew/bin/git branch --list --remote origin/main
2026-10-03T08:06:56.3672290Z   origin/main
2026-10-03T08:06:56.3686030Z [command]/opt/homebrew/bin/git rev-parse refs/remotes/origin/main
2026-10-03T08:06:56.3786550Z d734d94534b73cd16228443d2e4e9bc537574cc9
2026-10-03T08:06:56.3793480Z ##[endgroup]
2026-10-03T08:06:56.3795090Z ##[group]Determining the checkout info
2026-10-03T08:06:56.3796670Z ##[endgroup]
2026-10-03T08:06:56.3801720Z [command]/opt/homebrew/bin/git sparse-checkout disable
2026-10-03T08:06:56.3911790Z [command]/opt/homebrew/bin/git config --local --unset-all extensions.worktreeConfig
2026-10-03T08:06:56.4011610Z ##[group]Checking out the ref
2026-10-03T08:06:56.4014010Z [command]/opt/homebrew/bin/git checkout --progress --force -B main refs/remotes/origin/main
2026-10-03T08:06:56.4492670Z Switched to a new branch 'main'
2026-10-03T08:06:56.4503310Z branch 'main' set up to track 'origin/main'.
2026-10-03T08:06:56.4593040Z ##[endgroup]
2026-10-03T08:06:56.4626280Z ##[group]Setting up auth for fetching submodules
2026-10-03T08:06:56.4660860Z [command]/opt/homebrew/bin/git config --global http.https://github.com/.extraheader AUTHORIZATION: basic ***
2026-10-03T08:06:56.4733400Z [command]/opt/homebrew/bin/git config --global --unset-all url.https://github.com/.insteadOf
2026-10-03T08:06:56.4831110Z [command]/opt/homebrew/bin/git config --global --add url.https://github.com/.insteadOf git@github.com:
2026-10-03T08:06:56.4907280Z [command]/opt/homebrew/bin/git config --global --add url.https://github.com/.insteadOf org-309539288@github.com:
2026-10-03T08:06:56.4969870Z ##[endgroup]
2026-10-03T08:06:56.5010090Z ##[group]Fetching submodules
2026-10-03T08:06:56.5044760Z [command]/opt/homebrew/bin/git submodule sync --recursive
2026-10-03T08:06:56.6241170Z [command]/opt/homebrew/bin/git -c protocol.version=2 submodule update --init --force --recursive
2026-10-03T08:06:56.7403890Z Submodule 'FEX' (https://github.com/duranereloise-hash/FEX.git) registered for path 'FEX'
2026-10-03T08:06:56.7412440Z Submodule 'dxmt' (https://github.com/willfaust/dxmt.git) registered for path 'dxmt'
2026-10-03T08:06:56.7426990Z Submodule 'madeira-dock' (https://github.com/willfaust/madeira-dock.git) registered for path 'madeira-dock'
2026-10-03T08:06:56.7443000Z Submodule 'wine' (https://github.com/willfaust/wine.git) registered for path 'wine'
2026-10-03T08:06:56.7596110Z Cloning into '/Users/runner/work/MadeiraTV/MadeiraTV/FEX'...
2026-10-03T08:07:02.1221190Z Cloning into '/Users/runner/work/MadeiraTV/MadeiraTV/dxmt'...
2026-10-03T08:07:03.6587890Z Cloning into '/Users/runner/work/MadeiraTV/MadeiraTV/madeira-dock'...
2026-10-03T08:07:04.1870630Z Cloning into '/Users/runner/work/MadeiraTV/MadeiraTV/wine'...
2026-10-03T08:09:13.0197770Z Submodule path 'FEX': checked out '48e05a249e2b25614cd3fcb8134ad5dc8b57f7ec'
2026-10-03T08:09:13.0204290Z Submodule 'External/Catch2' (https://github.com/catchorg/Catch2.git) registered for path 'FEX/External/Catch2'
2026-10-03T08:09:13.0216590Z Submodule 'External/Vulkan-Headers' (https://github.com/KhronosGroup/Vulkan-Headers.git) registered for path 'FEX/External/Vulkan-Headers'
2026-10-03T08:09:13.0254600Z Submodule 'External/drm-headers' (https://github.com/FEX-Emu/drm-headers.git) registered for path 'FEX/External/drm-headers'
2026-10-03T08:09:13.0270840Z Submodule 'External/fex-gcc-target-tests-bins' (https://github.com/FEX-Emu/fex-gcc-target-tests-bins.git) registered for path 'FEX/External/fex-gcc-target-tests-bins'
2026-10-03T08:09:13.0273190Z Submodule 'External/fex-gvisor-tests-bins' (https://github.com/FEX-Emu/fex-gvisor-tests-bins.git) registered for path 'FEX/External/fex-gvisor-tests-bins'
2026-10-03T08:09:13.0276400Z Submodule 'External/fex-posixtest-bins' (https://github.com/FEX-Emu/fex-posixtest-bins.git) registered for path 'FEX/External/fex-posixtest-bins'
2026-10-03T08:09:13.0277690Z Submodule 'External/fmt' (https://github.com/fmtlib/fmt.git) registered for path 'FEX/External/fmt'
2026-10-03T08:09:13.0278590Z Submodule 'External/jemalloc_glibc' (https://github.com/FEX-Emu/jemalloc.git) registered for path 'FEX/External/jemalloc_glibc'
2026-10-03T08:09:13.0294830Z Submodule 'External/range-v3' (https://github.com/ericniebler/range-v3.git) registered for path 'FEX/External/range-v3'
2026-10-03T08:09:13.0318040Z Submodule 'External/rpmalloc' (https://github.com/willfaust/rpmalloc.git) registered for path 'FEX/External/rpmalloc'
2026-10-03T08:09:13.0336510Z Submodule 'External/tracy' (https://github.com/wolfpld/tracy) registered for path 'FEX/External/tracy'
2026-10-03T08:09:13.0355420Z Submodule 'External/unordered_dense' (https://github.com/martinus/unordered_dense.git) registered for path 'FEX/External/unordered_dense'
2026-10-03T08:09:13.0374800Z Submodule 'External/vixl' (https://github.com/FEX-Emu/vixl.git) registered for path 'FEX/External/vixl'
2026-10-03T08:09:13.0392010Z Submodule 'External/xxhash' (https://github.com/Cyan4973/xxHash.git) registered for path 'FEX/External/xxhash'
2026-10-03T08:09:13.0433390Z Submodule 'External/zydis' (https://github.com/zyantific/zydis.git) registered for path 'FEX/External/zydis'
2026-10-03T08:09:13.0448270Z Submodule 'External/cpp-optparse' (https://github.com/Sonicadvance1/cpp-optparse) registered for path 'FEX/Source/Common/cpp-optparse'
2026-10-03T08:09:13.0742380Z Cloning into '/Users/runner/work/MadeiraTV/MadeiraTV/FEX/External/Catch2'...
2026-10-03T08:09:16.4391210Z Cloning into '/Users/runner/work/MadeiraTV/MadeiraTV/FEX/External/Vulkan-Headers'...
2026-10-03T08:09:17.1861930Z Cloning into '/Users/runner/work/MadeiraTV/MadeiraTV/FEX/External/drm-headers'...
2026-10-03T08:09:17.7312520Z Cloning into '/Users/runner/work/MadeiraTV/MadeiraTV/FEX/External/fex-gcc-target-tests-bins'...
2026-10-03T08:09:18.3964280Z Cloning into '/Users/runner/work/MadeiraTV/MadeiraTV/FEX/External/fex-gvisor-tests-bins'...
2026-10-03T08:09:23.0297990Z Cloning into '/Users/runner/work/MadeiraTV/MadeiraTV/FEX/External/fex-posixtest-bins'...
2026-10-03T08:09:23.7954500Z Cloning into '/Users/runner/work/MadeiraTV/MadeiraTV/FEX/External/fmt'...
2026-10-03T08:09:25.6923630Z Cloning into '/Users/runner/work/MadeiraTV/MadeiraTV/FEX/External/jemalloc_glibc'...
2026-10-03T08:09:27.0051530Z Cloning into '/Users/runner/work/MadeiraTV/MadeiraTV/FEX/External/range-v3'...
2026-10-03T08:09:29.7932520Z Cloning into '/Users/runner/work/MadeiraTV/MadeiraTV/FEX/External/rpmalloc'...
2026-10-03T08:09:30.4834670Z Cloning into '/Users/runner/work/MadeiraTV/MadeiraTV/FEX/External/tracy'...
2026-10-03T08:09:34.8212400Z Cloning into '/Users/runner/work/MadeiraTV/MadeiraTV/FEX/External/unordered_dense'...
2026-10-03T08:09:35.9204130Z Cloning into '/Users/runner/work/MadeiraTV/MadeiraTV/FEX/External/vixl'...
2026-10-03T08:09:38.6301900Z Cloning into '/Users/runner/work/MadeiraTV/MadeiraTV/FEX/External/xxhash'...
2026-10-03T08:09:39.6104030Z Cloning into '/Users/runner/work/MadeiraTV/MadeiraTV/FEX/External/zydis'...
2026-10-03T08:09:40.5304120Z Cloning into '/Users/runner/work/MadeiraTV/MadeiraTV/FEX/Source/Common/cpp-optparse'...
2026-10-03T08:09:41.0986810Z Submodule path 'FEX/External/Catch2': checked out 'b3fb4b9feafcd8d91c5cb510a4775143fdbef02f'
2026-10-03T08:10:00.6229090Z From https://github.com/KhronosGroup/Vulkan-Headers
2026-10-03T08:10:00.6232040Z  * branch            450bd2232225d6c7728a4108055ac2e37cef6475 -> FETCH_HEAD
2026-10-03T08:10:00.7545420Z Submodule path 'FEX/External/Vulkan-Headers': checked out '450bd2232225d6c7728a4108055ac2e37cef6475'
2026-10-03T08:10:00.8047280Z Submodule path 'FEX/External/drm-headers': checked out '3e49836995c1dcb3df709440ad2f270b569c6a5f'
2026-10-03T08:10:01.1345930Z Submodule path 'FEX/External/fex-gcc-target-tests-bins': checked out '442678a134e2d25e759c430cca32e06e9e142f1f'
2026-10-03T08:10:03.2164450Z Submodule path 'FEX/External/fex-gvisor-tests-bins': checked out '71349ae6d14ac2e3e792730e240aecd8076cee6c'
2026-10-03T08:10:03.9167820Z Submodule path 'FEX/External/fex-posixtest-bins': checked out '9ae29638f8000c1603f16385ed1cf6c4c23ee414'
2026-10-03T08:10:04.0374020Z Submodule path 'FEX/External/fmt': checked out '407c905e45ad75fc29bf0f9bb7c5c2fd3475976f'
2026-10-03T08:10:04.1898920Z Submodule path 'FEX/External/jemalloc_glibc': checked out '8436195ad5e1bc347d9b39743af3d29abee59f06'
2026-10-03T08:10:04.4072580Z Submodule path 'FEX/External/range-v3': checked out 'ca1388fb9da8e69314dda222dc7b139ca84e092f'
2026-10-03T08:10:04.4163710Z Submodule 'doc/gh-pages' (https://github.com/ericniebler/range-v3.git) registered for path 'FEX/External/range-v3/doc/gh-pages'
2026-10-03T08:10:04.4290140Z Cloning into '/Users/runner/work/MadeiraTV/MadeiraTV/FEX/External/range-v3/doc/gh-pages'...
2026-10-03T08:10:07.9963910Z Submodule path 'FEX/External/range-v3/doc/gh-pages': checked out '2dae74bb693e42d850fb0adcc9045c5b71fbdeae'
2026-10-03T08:10:08.0889920Z Submodule path 'FEX/External/rpmalloc': checked out '812c2b9cf4310ffacf14e6b64066e78ab0c394b5'
2026-10-03T08:10:08.3413940Z Submodule path 'FEX/External/tracy': checked out '650c98ece70da9e155e7ba1c2b3ee16004aae118'
2026-10-03T08:10:09.0315990Z Submodule path 'FEX/External/unordered_dense': checked out '3234af2c03549bc85656bfd3a86993bf1cd8aef1'
2026-10-03T08:10:19.2646250Z From https://github.com/FEX-Emu/vixl
2026-10-03T08:10:19.2649830Z  * branch              5f418449c48f6ca3ad37c47ec632f17a561c0580 -> FETCH_HEAD
2026-10-03T08:10:20.9211810Z Submodule path 'FEX/External/vixl': checked out '5f418449c48f6ca3ad37c47ec632f17a561c0580'
2026-10-03T08:10:21.0441230Z Submodule path 'FEX/External/xxhash': checked out 'e626a72bc2321cd320e953a0ccf1584cad60f363'
2026-10-03T08:10:28.7681760Z From https://github.com/zyantific/zydis
2026-10-03T08:10:28.7682580Z  * branch            9bfadd6a55fc92dbd37fa3ba089bf8b36622df4f -> FETCH_HEAD
2026-10-03T08:10:29.0050320Z Submodule path 'FEX/External/zydis': checked out '9bfadd6a55fc92dbd37fa3ba089bf8b36622df4f'
2026-10-03T08:10:29.0141730Z Submodule 'dependencies/zycore' (https://github.com/zyantific/zycore-c) registered for path 'FEX/External/zydis/dependencies/zycore'
2026-10-03T08:10:29.0302520Z Cloning into '/Users/runner/work/MadeiraTV/MadeiraTV/FEX/External/zydis/dependencies/zycore'...
2026-10-03T08:10:29.6075740Z Submodule path 'FEX/External/zydis/dependencies/zycore': checked out '75a36c45ae1ad382b0f4e0ede0af84c11ee69928'
2026-10-03T08:10:29.6495050Z Submodule path 'FEX/Source/Common/cpp-optparse': checked out '9f94388a339fcbb0bc95c17768eb786c85988f6e'
2026-10-03T08:10:29.8417140Z Submodule path 'dxmt': checked out 'a5e0cd3d41bf248fd1c030a2e1c515ba3522f4ef'
2026-10-03T08:10:29.8511170Z Submodule 'external/nvapi' (https://github.com/NVIDIA/nvapi.git) registered for path 'dxmt/external/nvapi'
2026-10-03T08:10:29.8512160Z Submodule 'include/native/directx' (https://github.com/misyltoad/mingw-directx-headers) registered for path 'dxmt/include/native/directx'
2026-10-03T08:10:29.8846400Z Cloning into '/Users/runner/work/MadeiraTV/MadeiraTV/dxmt/external/nvapi'...
2026-10-03T08:10:33.0536210Z Cloning into '/Users/runner/work/MadeiraTV/MadeiraTV/dxmt/include/native/directx'...
2026-10-03T08:10:33.6348840Z Submodule path 'dxmt/external/nvapi': checked out 'd08488fcc82eef313b0464db37d2955709691e94'
2026-10-03T08:10:33.6895100Z Submodule path 'dxmt/include/native/directx': checked out '9df86f2341616ef1888ae59919feaa6d4fad693d'
2026-10-03T08:10:33.8088050Z Submodule path 'madeira-dock': checked out '3cadfbea700e4da4b04e331dd7ef1ba633dfacef'
2026-10-03T08:10:37.9096700Z Submodule path 'wine': checked out '4f5b19718f4de88ecc5cb0dc08b119497a67ba8f'
2026-10-03T08:10:37.9365230Z [command]/opt/homebrew/bin/git submodule foreach --recursive git config --local gc.auto 0
2026-10-03T08:10:38.0901400Z Entering 'FEX'
2026-10-03T08:10:38.1192950Z Entering 'FEX/External/Catch2'
2026-10-03T08:10:38.1475070Z Entering 'FEX/External/Vulkan-Headers'
2026-10-03T08:10:38.1715050Z Entering 'FEX/External/drm-headers'
2026-10-03T08:10:38.1920750Z Entering 'FEX/External/fex-gcc-target-tests-bins'
2026-10-03T08:10:38.2192600Z Entering 'FEX/External/fex-gvisor-tests-bins'
2026-10-03T08:10:38.2500440Z Entering 'FEX/External/fex-posixtest-bins'
2026-10-03T08:10:38.2806200Z Entering 'FEX/External/fmt'
2026-10-03T08:10:38.3027690Z Entering 'FEX/External/jemalloc_glibc'
2026-10-03T08:10:38.3296700Z Entering 'FEX/External/range-v3'
2026-10-03T08:10:38.3519830Z Entering 'FEX/External/range-v3/doc/gh-pages'
2026-10-03T08:10:38.3764450Z Entering 'FEX/External/rpmalloc'
2026-10-03T08:10:38.3990660Z Entering 'FEX/External/tracy'
2026-10-03T08:10:38.4217120Z Entering 'FEX/External/unordered_dense'
2026-10-03T08:10:38.4440000Z Entering 'FEX/External/vixl'
2026-10-03T08:10:38.4677220Z Entering 'FEX/External/xxhash'
2026-10-03T08:10:38.4888510Z Entering 'FEX/External/zydis'
2026-10-03T08:10:38.5080220Z Entering 'FEX/External/zydis/dependencies/zycore'
2026-10-03T08:10:38.5275360Z Entering 'FEX/Source/Common/cpp-optparse'
2026-10-03T08:10:38.5470030Z Entering 'dxmt'
2026-10-03T08:10:38.5685790Z Entering 'dxmt/external/nvapi'
2026-10-03T08:10:38.5963360Z Entering 'dxmt/include/native/directx'
2026-10-03T08:10:38.6362120Z Entering 'madeira-dock'
2026-10-03T08:10:38.6554950Z Entering 'wine'
2026-10-03T08:10:38.6754790Z ##[endgroup]
2026-10-03T08:10:38.6755990Z ##[group]Persisting credentials for submodules
2026-10-03T08:10:38.6783880Z [command]/opt/homebrew/bin/git submodule foreach --recursive sh -c "git config --local --name-only --get-regexp 'url\.https\:\/\/github\.com\/\.insteadOf' && git config --local --unset-all 'url.https://github.com/.insteadOf' || :"
2026-10-03T08:10:38.7824290Z Entering 'FEX'
2026-10-03T08:10:38.8327070Z Entering 'FEX/External/Catch2'
2026-10-03T08:10:38.8625370Z Entering 'FEX/External/Vulkan-Headers'
2026-10-03T08:10:38.9278710Z Entering 'FEX/External/drm-headers'
2026-10-03T08:10:39.0372280Z Entering 'FEX/External/fex-gcc-target-tests-bins'
2026-10-03T08:10:39.0820810Z Entering 'FEX/External/fex-gvisor-tests-bins'
2026-10-03T08:10:39.1075180Z Entering 'FEX/External/fex-posixtest-bins'
2026-10-03T08:10:39.1333210Z Entering 'FEX/External/fmt'
2026-10-03T08:10:39.1569800Z Entering 'FEX/External/jemalloc_glibc'
2026-10-03T08:10:39.2003250Z Entering 'FEX/External/range-v3'
2026-10-03T08:10:39.2372510Z Entering 'FEX/External/range-v3/doc/gh-pages'
2026-10-03T08:10:39.2638730Z Entering 'FEX/External/rpmalloc'
2026-10-03T08:10:39.2876980Z Entering 'FEX/External/tracy'
2026-10-03T08:10:39.3109570Z Entering 'FEX/External/unordered_dense'
2026-10-03T08:10:39.3486350Z Entering 'FEX/External/vixl'
2026-10-03T08:10:39.3990770Z Entering 'FEX/External/xxhash'
2026-10-03T08:10:39.4827900Z Entering 'FEX/External/zydis'
2026-10-03T08:10:39.5231060Z Entering 'FEX/External/zydis/dependencies/zycore'
2026-10-03T08:10:39.5640000Z Entering 'FEX/Source/Common/cpp-optparse'
2026-10-03T08:10:39.6042210Z Entering 'dxmt'
2026-10-03T08:10:39.6626130Z Entering 'dxmt/external/nvapi'
2026-10-03T08:10:39.7149960Z Entering 'dxmt/include/native/directx'
2026-10-03T08:10:39.7553580Z Entering 'madeira-dock'
2026-10-03T08:10:39.7956160Z Entering 'wine'
2026-10-03T08:10:39.8568240Z [command]/opt/homebrew/bin/git submodule foreach --recursive sh -c "git config --local 'http.https://github.com/.extraheader' 'AUTHORIZATION: basic ***' && git config --local --show-origin --name-only --get-regexp remote.origin.url"
2026-10-03T08:10:40.0427590Z Entering 'FEX'
2026-10-03T08:10:40.0817960Z file:/Users/runner/work/MadeiraTV/MadeiraTV/.git/modules/FEX/config	remote.origin.url
2026-10-03T08:10:40.0935270Z Entering 'FEX/External/Catch2'
2026-10-03T08:10:40.1213760Z file:/Users/runner/work/MadeiraTV/MadeiraTV/.git/modules/FEX/modules/External/Catch2/config	remote.origin.url
2026-10-03T08:10:40.1311000Z Entering 'FEX/External/Vulkan-Headers'
2026-10-03T08:10:40.1607880Z file:/Users/runner/work/MadeiraTV/MadeiraTV/.git/modules/FEX/modules/External/Vulkan-Headers/config	remote.origin.url
2026-10-03T08:10:40.1685510Z Entering 'FEX/External/drm-headers'
2026-10-03T08:10:40.1913970Z file:/Users/runner/work/MadeiraTV/MadeiraTV/.git/modules/FEX/modules/External/drm-headers/config	remote.origin.url
2026-10-03T08:10:40.1991760Z Entering 'FEX/External/fex-gcc-target-tests-bins'
2026-10-03T08:10:40.2252140Z file:/Users/runner/work/MadeiraTV/MadeiraTV/.git/modules/FEX/modules/External/fex-gcc-target-tests-bins/config	remote.origin.url
2026-10-03T08:10:40.2337890Z Entering 'FEX/External/fex-gvisor-tests-bins'
2026-10-03T08:10:40.2570520Z file:/Users/runner/work/MadeiraTV/MadeiraTV/.git/modules/FEX/modules/External/fex-gvisor-tests-bins/config	remote.origin.url
2026-10-03T08:10:40.2649460Z Entering 'FEX/External/fex-posixtest-bins'
2026-10-03T08:10:40.2891000Z file:/Users/runner/work/MadeiraTV/MadeiraTV/.git/modules/FEX/modules/External/fex-posixtest-bins/config	remote.origin.url
2026-10-03T08:10:40.2981250Z Entering 'FEX/External/fmt'
2026-10-03T08:10:40.3220090Z file:/Users/runner/work/MadeiraTV/MadeiraTV/.git/modules/FEX/modules/External/fmt/config	remote.origin.url
2026-10-03T08:10:40.3295100Z Entering 'FEX/External/jemalloc_glibc'
2026-10-03T08:10:40.3649640Z file:/Users/runner/work/MadeiraTV/MadeiraTV/.git/modules/FEX/modules/External/jemalloc_glibc/config	remote.origin.url
2026-10-03T08:10:40.3755810Z Entering 'FEX/External/range-v3'
2026-10-03T08:10:40.4122400Z file:/Users/runner/work/MadeiraTV/MadeiraTV/.git/modules/FEX/modules/External/range-v3/config	remote.origin.url
2026-10-03T08:10:40.4285180Z Entering 'FEX/External/range-v3/doc/gh-pages'
2026-10-03T08:10:40.4694200Z file:/Users/runner/work/MadeiraTV/MadeiraTV/.git/modules/FEX/modules/External/range-v3/modules/doc/gh-pages/config	remote.origin.url
2026-10-03T08:10:40.4810230Z Entering 'FEX/External/rpmalloc'
2026-10-03T08:10:40.5137880Z file:/Users/runner/work/MadeiraTV/MadeiraTV/.git/modules/FEX/modules/External/rpmalloc/config	remote.origin.url
2026-10-03T08:10:40.5229020Z Entering 'FEX/External/tracy'
2026-10-03T08:10:40.5499800Z file:/Users/runner/work/MadeiraTV/MadeiraTV/.git/modules/FEX/modules/External/tracy/config	remote.origin.url
2026-10-03T08:10:40.5593020Z Entering 'FEX/External/unordered_dense'
2026-10-03T08:10:40.5844270Z file:/Users/runner/work/MadeiraTV/MadeiraTV/.git/modules/FEX/modules/External/unordered_dense/config	remote.origin.url
2026-10-03T08:10:40.5926040Z Entering 'FEX/External/vixl'
2026-10-03T08:10:40.6199530Z file:/Users/runner/work/MadeiraTV/MadeiraTV/.git/modules/FEX/modules/External/vixl/config	remote.origin.url
2026-10-03T08:10:40.6301390Z Entering 'FEX/External/xxhash'
2026-10-03T08:10:40.6577580Z file:/Users/runner/work/MadeiraTV/MadeiraTV/.git/modules/FEX/modules/External/xxhash/config	remote.origin.url
2026-10-03T08:10:40.6657100Z Entering 'FEX/External/zydis'
2026-10-03T08:10:40.6928410Z file:/Users/runner/work/MadeiraTV/MadeiraTV/.git/modules/FEX/modules/External/zydis/config	remote.origin.url
2026-10-03T08:10:40.7005840Z Entering 'FEX/External/zydis/dependencies/zycore'
2026-10-03T08:10:40.7280650Z file:/Users/runner/work/MadeiraTV/MadeiraTV/.git/modules/FEX/modules/External/zydis/modules/dependencies/zycore/config	remote.origin.url
2026-10-03T08:10:40.7368230Z Entering 'FEX/Source/Common/cpp-optparse'
2026-10-03T08:10:40.7710590Z file:/Users/runner/work/MadeiraTV/MadeiraTV/.git/modules/FEX/modules/External/cpp-optparse/config	remote.origin.url
2026-10-03T08:10:40.7806700Z Entering 'dxmt'
2026-10-03T08:10:40.8038820Z file:/Users/runner/work/MadeiraTV/MadeiraTV/.git/modules/dxmt/config	remote.origin.url
2026-10-03T08:10:40.8114670Z Entering 'dxmt/external/nvapi'
2026-10-03T08:10:40.8341500Z file:/Users/runner/work/MadeiraTV/MadeiraTV/.git/modules/dxmt/modules/external/nvapi/config	remote.origin.url
2026-10-03T08:10:40.8411810Z Entering 'dxmt/include/native/directx'
2026-10-03T08:10:40.8658870Z file:/Users/runner/work/MadeiraTV/MadeiraTV/.git/modules/dxmt/modules/include/native/directx/config	remote.origin.url
2026-10-03T08:10:40.8764630Z Entering 'madeira-dock'
2026-10-03T08:10:40.9061000Z file:/Users/runner/work/MadeiraTV/MadeiraTV/.git/modules/madeira-dock/config	remote.origin.url
2026-10-03T08:10:40.9142400Z Entering 'wine'
2026-10-03T08:10:40.9367630Z file:/Users/runner/work/MadeiraTV/MadeiraTV/.git/modules/wine/config	remote.origin.url
2026-10-03T08:10:40.9600300Z [command]/opt/homebrew/bin/git submodule foreach --recursive git config --local --add 'url.https://github.com/.insteadOf' 'git@github.com:'
2026-10-03T08:10:41.0561450Z Entering 'FEX'
2026-10-03T08:10:41.0751210Z Entering 'FEX/External/Catch2'
2026-10-03T08:10:41.0967090Z Entering 'FEX/External/Vulkan-Headers'
2026-10-03T08:10:41.1179900Z Entering 'FEX/External/drm-headers'
2026-10-03T08:10:41.1446890Z Entering 'FEX/External/fex-gcc-target-tests-bins'
2026-10-03T08:10:41.1642340Z Entering 'FEX/External/fex-gvisor-tests-bins'
2026-10-03T08:10:41.1848550Z Entering 'FEX/External/fex-posixtest-bins'
2026-10-03T08:10:41.2046640Z Entering 'FEX/External/fmt'
2026-10-03T08:10:41.2224250Z Entering 'FEX/External/jemalloc_glibc'
2026-10-03T08:10:41.2406310Z Entering 'FEX/External/range-v3'
2026-10-03T08:10:41.2586600Z Entering 'FEX/External/range-v3/doc/gh-pages'
2026-10-03T08:10:41.2791100Z Entering 'FEX/External/rpmalloc'
2026-10-03T08:10:41.3003740Z Entering 'FEX/External/tracy'
2026-10-03T08:10:41.3186770Z Entering 'FEX/External/unordered_dense'
2026-10-03T08:10:41.3370700Z Entering 'FEX/External/vixl'
2026-10-03T08:10:41.3629380Z Entering 'FEX/External/xxhash'
2026-10-03T08:10:41.3839420Z Entering 'FEX/External/zydis'
2026-10-03T08:10:41.4116480Z Entering 'FEX/External/zydis/dependencies/zycore'
2026-10-03T08:10:41.4293700Z Entering 'FEX/Source/Common/cpp-optparse'
2026-10-03T08:10:41.4446070Z Entering 'dxmt'
2026-10-03T08:10:41.4601480Z Entering 'dxmt/external/nvapi'
2026-10-03T08:10:41.4884550Z Entering 'dxmt/include/native/directx'
2026-10-03T08:10:41.5319840Z Entering 'madeira-dock'
2026-10-03T08:10:41.5653600Z Entering 'wine'
2026-10-03T08:10:41.5961350Z [command]/opt/homebrew/bin/git submodule foreach --recursive git config --local --add 'url.https://github.com/.insteadOf' 'org-309539288@github.com:'
2026-10-03T08:10:41.7304710Z Entering 'FEX'
2026-10-03T08:10:41.7644540Z Entering 'FEX/External/Catch2'
2026-10-03T08:10:41.7898770Z Entering 'FEX/External/Vulkan-Headers'
2026-10-03T08:10:41.8230640Z Entering 'FEX/External/drm-headers'
2026-10-03T08:10:41.8573750Z Entering 'FEX/External/fex-gcc-target-tests-bins'
2026-10-03T08:10:41.8834910Z Entering 'FEX/External/fex-gvisor-tests-bins'
2026-10-03T08:10:41.9083640Z Entering 'FEX/External/fex-posixtest-bins'
2026-10-03T08:10:41.9366060Z Entering 'FEX/External/fmt'
2026-10-03T08:10:41.9631410Z Entering 'FEX/External/jemalloc_glibc'
2026-10-03T08:10:41.9879530Z Entering 'FEX/External/range-v3'
2026-10-03T08:10:42.0126310Z Entering 'FEX/External/range-v3/doc/gh-pages'
2026-10-03T08:10:42.0421530Z Entering 'FEX/External/rpmalloc'
2026-10-03T08:10:42.0707910Z Entering 'FEX/External/tracy'
2026-10-03T08:10:42.0995700Z Entering 'FEX/External/unordered_dense'
2026-10-03T08:10:42.1372680Z Entering 'FEX/External/vixl'
2026-10-03T08:10:42.1716210Z Entering 'FEX/External/xxhash'
2026-10-03T08:10:42.2068430Z Entering 'FEX/External/zydis'
2026-10-03T08:10:42.2387020Z Entering 'FEX/External/zydis/dependencies/zycore'
2026-10-03T08:10:42.2721360Z Entering 'FEX/Source/Common/cpp-optparse'
2026-10-03T08:10:42.2993340Z Entering 'dxmt'
2026-10-03T08:10:42.3241140Z Entering 'dxmt/external/nvapi'
2026-10-03T08:10:42.3563120Z Entering 'dxmt/include/native/directx'
2026-10-03T08:10:42.3807710Z Entering 'madeira-dock'
2026-10-03T08:10:42.4062330Z Entering 'wine'
2026-10-03T08:10:42.4369640Z ##[endgroup]
2026-10-03T08:10:42.4528170Z [command]/opt/homebrew/bin/git log -1 --format=%H
2026-10-03T08:10:42.4619330Z d734d94534b73cd16228443d2e4e9bc537574cc9
2026-10-03T08:10:42.5307390Z ##[group]Run xcodebuild -version
2026-10-03T08:10:42.5308680Z [36;1mxcodebuild -version[0m
2026-10-03T08:10:42.5309570Z [36;1mxcrun --sdk appletvos --show-sdk-version[0m
2026-10-03T08:10:42.5310540Z [36;1mpython3 --version[0m
2026-10-03T08:10:42.5311200Z [36;1mbrew install bison flex 2>&1 | tail -3[0m
2026-10-03T08:10:42.5312060Z [36;1mecho "$(brew --prefix bison)/bin" >> $GITHUB_PATH[0m
2026-10-03T08:10:42.5312990Z [36;1mecho "$(brew --prefix flex)/bin" >> $GITHUB_PATH[0m
2026-10-03T08:10:42.5605350Z shell: /bin/bash -e {0}
2026-10-03T08:10:42.5605910Z ##[endgroup]
2026-10-03T08:10:43.0597010Z Xcode 16.4
2026-10-03T08:10:43.0616670Z Build version 16F6
2026-10-03T08:10:45.4786690Z 18.5
2026-10-03T08:10:45.5899040Z Python 3.14.7
2026-10-03T08:10:48.7124630Z For compilers to find flex you may need to set:
2026-10-03T08:10:48.7129750Z   export LDFLAGS="-L/opt/homebrew/opt/flex/lib"
2026-10-03T08:10:48.7156490Z   export CPPFLAGS="-I/opt/homebrew/opt/flex/include"
2026-10-03T08:10:48.7607780Z ##[group]Run set -e
2026-10-03T08:10:48.7608390Z [36;1mset -e[0m
2026-10-03T08:10:48.7609460Z [36;1mmkdir -p toolchains[0m
2026-10-03T08:10:48.7610020Z [36;1mcd toolchains[0m
2026-10-03T08:10:48.7610580Z [36;1mcurl -sSL -o llvm-mingw.tar.xz \[0m
2026-10-03T08:10:48.7611910Z [36;1m  https://github.com/mstorsjo/llvm-mingw/releases/download/20260421/llvm-mingw-20260421-ucrt-macos-universal.tar.xz[0m
2026-10-03T08:10:48.7613220Z [36;1mtar -xJf llvm-mingw.tar.xz[0m
2026-10-03T08:10:48.7613800Z [36;1mls -d llvm-mingw-*/[0m
2026-10-03T08:10:48.7614660Z [36;1mecho "$(pwd)/llvm-mingw-20260421-ucrt-macos-universal/bin" >> $GITHUB_PATH[0m
2026-10-03T08:10:48.7713120Z shell: /bin/bash -e {0}
2026-10-03T08:10:48.7714410Z ##[endgroup]
2026-10-03T08:11:02.9613240Z llvm-mingw-20260421-ucrt-macos-universal/
2026-10-03T08:11:02.9790780Z ##[group]Run set -o pipefail
2026-10-03T08:11:02.9792840Z [36;1mset -o pipefail[0m
2026-10-03T08:11:02.9793210Z [36;1mcd wine[0m
2026-10-03T08:11:02.9793870Z [36;1m# Wine sources reference ../../../../build/madeira_cfg.h from inside[0m
2026-10-03T08:11:02.9794520Z [36;1m# wine/build-macos/dlls/*/ â make it resolve to the repo-root build/.[0m
2026-10-03T08:11:02.9795250Z [36;1mln -sfn ../build build 2>/dev/null || true[0m
2026-10-03T08:11:02.9795750Z [36;1mmkdir -p build-macos[0m
2026-10-03T08:11:02.9796130Z [36;1mcd build-macos[0m
2026-10-03T08:11:02.9796390Z [36;1mif [ ! -f config.status ]; then[0m
2026-10-03T08:11:02.9796880Z [36;1m  ../configure --without-x --without-freetype --without-fontconfig \[0m
2026-10-03T08:11:02.9797320Z [36;1m    --without-vulkan --without-opengl \[0m
2026-10-03T08:11:02.9797830Z [36;1m    --enable-wineandroid=no 2>&1 | tee ../../wine-build-macos-config.log[0m
2026-10-03T08:11:02.9798460Z [36;1m  echo "=== configure rc=${PIPESTATUS[0]} ==="[0m
2026-10-03T08:11:02.9798950Z [36;1mfi[0m
2026-10-03T08:11:02.9799420Z [36;1mls include/config.h >/dev/null && echo "config.h OK" || echo "NO config.h"[0m
2026-10-03T08:11:02.9800000Z [36;1mls tools/winebuild/winebuild >/dev/null && echo "winebuild OK" || echo "winebuild not built yet"[0m
2026-10-03T08:11:02.9932790Z shell: /bin/bash -e {0}
2026-10-03T08:11:02.9933080Z ##[endgroup]
2026-10-03T08:11:03.3649750Z configure: WARNING: unrecognized options: --enable-wineandroid
2026-10-03T08:11:03.5255630Z checking build system type... aarch64-apple-darwin24.6.0
2026-10-03T08:11:03.5256800Z checking host system type... aarch64-apple-darwin24.6.0
2026-10-03T08:11:03.5262870Z checking for gcc... gcc
2026-10-03T08:11:05.2837950Z checking whether the C compiler works... yes
2026-10-03T08:11:05.2838960Z checking for C compiler default output file name... a.out
2026-10-03T08:11:05.3616050Z checking for suffix of executables... 
2026-10-03T08:11:05.5633020Z checking whether we are cross compiling... no
2026-10-03T08:11:05.6267000Z checking for suffix of object files... o
2026-10-03T08:11:05.6773110Z checking whether the compiler supports GNU C... yes
2026-10-03T08:11:05.7509840Z checking whether gcc accepts -g... yes
2026-10-03T08:11:05.8805470Z checking for gcc option to enable C11 features... none needed
2026-10-03T08:11:05.8826770Z checking for g++... g++
2026-10-03T08:11:07.3362860Z checking whether the compiler supports GNU C++... yes
2026-10-03T08:11:07.3943070Z checking whether g++ accepts -g... yes
2026-10-03T08:11:07.8593300Z checking for g++ option to enable C++11 features... none needed
2026-10-03T08:11:07.8601870Z checking for cpp... cpp
2026-10-03T08:11:07.8724610Z checking for ld... ld
2026-10-03T08:11:07.8725370Z checking for the directory containing the Wine tools... none needed
2026-10-03T08:11:07.8725920Z checking for flex... flex
2026-10-03T08:11:08.5179040Z checking whether flex is recent enough... yes
2026-10-03T08:11:08.5180950Z checking for bison... bison
2026-10-03T08:11:09.2044100Z checking whether bison is recent enough... yes
2026-10-03T08:11:09.2050000Z checking for strip... strip
2026-10-03T08:11:09.2050610Z checking whether ln -s works... yes
2026-10-03T08:11:09.2052790Z checking for pkg-config... pkg-config
2026-10-03T08:11:09.2060390Z checking for msgfmt... msgfmt
2026-10-03T08:11:09.2900850Z checking whether msgfmt supports contexts... yes
2026-10-03T08:11:09.2935700Z checking for aarch64-w64-mingw32-clang... aarch64-w64-mingw32-clang
2026-10-03T08:11:09.7541210Z checking whether aarch64-w64-mingw32-clang supports -target aarch64-windows -fuse-ld=lld -Wl,-subsystem:console -Wl,-WX --no-default-config... yes
2026-10-03T08:11:10.0943310Z checking for aarch64-w64-mingw32-clang option to enable C99 features... -D__STDC__
2026-10-03T08:11:10.2010550Z checking whether aarch64-w64-mingw32-clang supports SEH directives... yes
2026-10-03T08:11:10.3477520Z checking whether aarch64-w64-mingw32-clang supports -fno-strict-aliasing... yes
2026-10-03T08:11:10.4963040Z checking whether aarch64-w64-mingw32-clang supports -Werror=unknown-warning-option... yes
2026-10-03T08:11:10.6349050Z checking whether aarch64-w64-mingw32-clang supports -Werror=unused-command-line-argument... yes
2026-10-03T08:11:10.7714550Z checking whether aarch64-w64-mingw32-clang supports -Werror=ignored-optimization-argument... yes
2026-10-03T08:11:10.9425560Z checking whether aarch64-w64-mingw32-clang supports -Werror=unsupported-floating-point-opt... yes
2026-10-03T08:11:11.3069750Z checking whether aarch64-w64-mingw32-clang supports -Wdeclaration-after-statement... yes
2026-10-03T08:11:11.5813980Z checking whether aarch64-w64-mingw32-clang supports -Wempty-body... yes
2026-10-03T08:11:11.8043060Z checking whether aarch64-w64-mingw32-clang supports -Wignored-qualifiers... yes
2026-10-03T08:11:12.0166640Z checking whether aarch64-w64-mingw32-clang supports -Winit-self... yes
2026-10-03T08:11:12.2096730Z checking whether aarch64-w64-mingw32-clang supports -Wpacked-not-aligned... no
2026-10-03T08:11:12.3795140Z checking whether aarch64-w64-mingw32-clang supports -Wmicrosoft-enum-forward-reference... yes
2026-10-03T08:11:12.5162260Z checking whether aarch64-w64-mingw32-clang supports -Wshift-overflow=2... no
2026-10-03T08:11:12.6492400Z checking whether aarch64-w64-mingw32-clang supports -Wstrict-prototypes... yes
2026-10-03T08:11:12.8456540Z checking whether aarch64-w64-mingw32-clang supports -Wtype-limits... yes
2026-10-03T08:11:12.9947930Z checking whether aarch64-w64-mingw32-clang supports -Wunused-but-set-parameter... yes
2026-10-03T08:11:13.1373000Z checking whether aarch64-w64-mingw32-clang supports -Wvla... yes
2026-10-03T08:11:13.2921600Z checking whether aarch64-w64-mingw32-clang supports -Wwrite-strings... yes
2026-10-03T08:11:13.4391110Z checking whether aarch64-w64-mingw32-clang supports -Wpointer-arith... yes
2026-10-03T08:11:13.5837210Z checking whether aarch64-w64-mingw32-clang supports -Wlogical-op... no
2026-10-03T08:11:13.7205120Z checking whether aarch64-w64-mingw32-clang supports -Wabsolute-value... yes
2026-10-03T08:11:13.8609180Z checking whether aarch64-w64-mingw32-clang supports -Wenum-enum-conversion... yes
2026-10-03T08:11:14.0053470Z checking whether aarch64-w64-mingw32-clang supports -ffunction-sections... yes
2026-10-03T08:11:14.1380460Z checking whether aarch64-w64-mingw32-clang supports -fasync-exceptions -DMIN_CLANG_VERSION=19... yes
2026-10-03T08:11:14.2680810Z checking whether aarch64-w64-mingw32-clang supports -ffp-exception-behavior=maytrap... yes
2026-10-03T08:11:14.3921900Z checking whether aarch64-w64-mingw32-clang supports -fms-hotpatch -DMIN_CLANG_VERSION=18... no
2026-10-03T08:11:14.4766650Z checking whether aarch64-w64-mingw32-clang supports -flarge-source-files -Wmisleading-indentation... no
2026-10-03T08:11:14.6144430Z checking whether aarch64-w64-mingw32-clang supports -Wl,-debug:dwarf... yes
2026-10-03T08:11:14.7575620Z checking whether aarch64-w64-mingw32-clang supports -gdwarf-4... yes
2026-10-03T08:11:14.8924410Z checking for i386_set_ldt in -li386... no
2026-10-03T08:11:15.0373530Z checking for  option for large files... none needed
2026-10-03T08:11:15.0918340Z checking for  option for timestamps after 2038... none needed
2026-10-03T08:11:15.1443320Z checking for stdio.h... yes
2026-10-03T08:11:15.2045800Z checking for stdlib.h... yes
2026-10-03T08:11:15.2914760Z checking for string.h... yes
2026-10-03T08:11:15.3491240Z checking for inttypes.h... yes
2026-10-03T08:11:15.4143530Z checking for stdint.h... yes
2026-10-03T08:11:15.4748540Z checking for strings.h... yes
2026-10-03T08:11:15.5335820Z checking for sys/stat.h... yes
2026-10-03T08:11:15.5978110Z checking for sys/types.h... yes
2026-10-03T08:11:15.6686350Z checking for unistd.h... yes
2026-10-03T08:11:15.7399040Z checking for CL/cl.h... no
2026-10-03T08:11:15.8995530Z checking for OpenCL/opencl.h... yes
2026-10-03T08:11:15.9903020Z checking for arpa/inet.h... yes
2026-10-03T08:11:16.2294010Z checking for arpa/nameser.h... yes
2026-10-03T08:11:16.5583410Z checking for asm/termbits.h... no
2026-10-03T08:11:16.8503500Z checking for asm/types.h... no
2026-10-03T08:11:16.9702910Z checking for asm/user.h... no
2026-10-03T08:11:17.0890990Z checking for bluetooth/bluetooth.h... no
2026-10-03T08:11:17.1743770Z checking for elf.h... no
2026-10-03T08:11:17.2610440Z checking for gettext-po.h... no
2026-10-03T08:11:17.3399050Z checking for link.h... no
2026-10-03T08:11:17.4199110Z checking for linux/cdrom.h... no
2026-10-03T08:11:17.4997020Z checking for linux/filter.h... no
2026-10-03T08:11:17.5836770Z checking for linux/fs.h... no
2026-10-03T08:11:17.6699860Z checking for linux/hdreg.h... no
2026-10-03T08:11:17.7821880Z checking for linux/hidraw.h... no
2026-10-03T08:11:17.8735750Z checking for linux/input.h... no
2026-10-03T08:11:17.9613150Z checking for linux/ioctl.h... no
2026-10-03T08:11:18.0805920Z checking for linux/major.h... no
2026-10-03T08:11:18.1697220Z checking for linux/memfd.h... no
2026-10-03T08:11:18.2582190Z checking for linux/ntsync.h... no
2026-10-03T08:11:18.3620200Z checking for linux/param.h... no
2026-10-03T08:11:18.4636040Z checking for linux/serial.h... no
2026-10-03T08:11:18.5668290Z checking for linux/types.h... no
2026-10-03T08:11:18.6609480Z checking for linux/ucdrom.h... no
2026-10-03T08:11:18.7387190Z checking for linux/userfaultfd.h... no
2026-10-03T08:11:18.9244540Z checking for linux/wireless.h... no
2026-10-03T08:11:19.1489230Z checking for lwp.h... no
2026-10-03T08:11:19.3054860Z checking for mach-o/loader.h... yes
2026-10-03T08:11:19.5110170Z checking for mach/mach.h... yes
2026-10-03T08:11:19.6038400Z checking for machine/cpu.h... no
2026-10-03T08:11:19.7111640Z checking for machine/sysarch.h... no
2026-10-03T08:11:19.8306680Z checking for mntent.h... no
2026-10-03T08:11:19.9123450Z checking for netdb.h... yes
2026-10-03T08:11:19.9991940Z checking for netinet/in.h... yes
2026-10-03T08:11:20.0652310Z checking for netinet/in_systm.h... yes
2026-10-03T08:11:20.1343420Z checking for netinet/tcp.h... yes
2026-10-03T08:11:20.1875140Z checking for netinet/tcp_fsm.h... yes
2026-10-03T08:11:20.3385080Z checking for pcap/pcap.h... yes
2026-10-03T08:11:20.4790180Z checking for port.h... no
2026-10-03T08:11:20.5503150Z checking for pwd.h... yes
2026-10-03T08:11:20.6297350Z checking for sched.h... yes
2026-10-03T08:11:20.7039140Z checking for scsi/scsi.h... no
2026-10-03T08:11:20.8008830Z checking for scsi/scsi_ioctl.h... no
2026-10-03T08:11:20.8844810Z checking for scsi/sg.h... no
2026-10-03T08:11:20.9626040Z checking for sys/attr.h... yes
2026-10-03T08:11:21.0344090Z checking for sys/auxv.h... no
2026-10-03T08:11:21.1172990Z checking for sys/cdio.h... no
2026-10-03T08:11:21.2137640Z checking for sys/epoll.h... no
2026-10-03T08:11:21.2852790Z checking for sys/event.h... yes
2026-10-03T08:11:21.3589070Z checking for sys/extattr.h... no
2026-10-03T08:11:21.4300060Z checking for sys/filio.h... yes
2026-10-03T08:11:21.5101780Z checking for sys/ipc.h... yes
2026-10-03T08:11:21.5893250Z checking for sys/link.h... no
2026-10-03T08:11:21.6850570Z checking for sys/modem.h... no
2026-10-03T08:11:21.7787650Z checking for sys/mtio.h... no
2026-10-03T08:11:21.8481550Z checking for sys/param.h... yes
2026-10-03T08:11:21.9189940Z checking for sys/prctl.h... no
2026-10-03T08:11:21.9840390Z checking for sys/ptrace.h... yes
2026-10-03T08:11:22.0354640Z checking for sys/queue.h... yes
2026-10-03T08:11:22.0878680Z checking for sys/random.h... yes
2026-10-03T08:11:22.1411590Z checking for sys/resource.h... yes
2026-10-03T08:11:22.2026920Z checking for sys/scsiio.h... no
2026-10-03T08:11:22.2615660Z checking for sys/shm.h... yes
2026-10-03T08:11:22.3110860Z checking for sys/signal.h... yes
2026-10-03T08:11:22.3683190Z checking for sys/socketvar.h... yes
2026-10-03T08:11:22.4336250Z checking for sys/sockio.h... yes
2026-10-03T08:11:22.4964800Z checking for sys/statvfs.h... yes
2026-10-03T08:11:22.5661490Z checking for sys/strtio.h... no
2026-10-03T08:11:22.6464800Z checking for sys/syscall.h... yes
2026-10-03T08:11:22.7211570Z checking for sys/sysinfo.h... no
2026-10-03T08:11:22.8010830Z checking for sys/times.h... yes
2026-10-03T08:11:22.8633980Z checking for sys/uio.h... yes
2026-10-03T08:11:22.9591530Z checking for sys/user.h... yes
2026-10-03T08:11:23.1629530Z checking for sys/utsname.h... yes
2026-10-03T08:11:23.3143500Z checking for sys/vnode.h... yes
2026-10-03T08:11:23.3976480Z checking for sys/xattr.h... yes
2026-10-03T08:11:23.5290880Z checking for syscall.h... no
2026-10-03T08:11:23.5925260Z checking for utime.h... yes
2026-10-03T08:11:23.6596580Z checking for valgrind/memcheck.h... no
2026-10-03T08:11:23.7415790Z checking for valgrind/valgrind.h... no
2026-10-03T08:11:23.8256990Z checking for sys/mkdev.h... no
2026-10-03T08:11:23.8969560Z checking for sys/sysmacros.h... no
2026-10-03T08:11:23.9607440Z checking for sys/conf.h... yes
2026-10-03T08:11:24.0369830Z checking for sys/mount.h... yes
2026-10-03T08:11:24.0975690Z checking for sys/statfs.h... no
2026-10-03T08:11:24.0977050Z checking for sys/user.h... (cached) yes
2026-10-03T08:11:24.1899000Z checking for sys/vfs.h... no
2026-10-03T08:11:24.2557070Z checking for sys/sysctl.h... yes
2026-10-03T08:11:24.3242730Z checking for netinet/ip.h... yes
2026-10-03T08:11:24.3839520Z checking for net/if.h... yes
2026-10-03T08:11:24.4403130Z checking for net/if_arp.h... yes
2026-10-03T08:11:24.5036200Z checking for net/if_dl.h... yes
2026-10-03T08:11:24.5609960Z checking for net/if_types.h... yes
2026-10-03T08:11:24.6285870Z checking for net/route.h... yes
2026-10-03T08:11:24.7129360Z checking for netinet/if_ether.h... yes
2026-10-03T08:11:24.7745430Z checking for netinet/in_pcb.h... yes
2026-10-03T08:11:24.8373910Z checking for netinet/ip_icmp.h... yes
2026-10-03T08:11:24.9048550Z checking for netinet/ip_var.h... yes
2026-10-03T08:11:24.9632700Z checking for netinet/udp.h... yes
2026-10-03T08:11:25.0451270Z checking for netinet6/ip6_var.h... no
2026-10-03T08:11:25.1479820Z checking for netipx/ipx.h... no
2026-10-03T08:11:25.2236590Z checking for sys/un.h... yes
2026-10-03T08:11:25.2969230Z checking for netinet/udp_var.h... yes
2026-10-03T08:11:25.3750000Z checking for netinet/icmp_var.h... yes
2026-10-03T08:11:25.4466150Z checking for netinet/icmp6.h... yes
2026-10-03T08:11:25.5159680Z checking for netinet/tcp_var.h... yes
2026-10-03T08:11:25.5852450Z checking for linux/ipx.h... no
2026-10-03T08:11:25.6664610Z checking for linux/irda.h... no
2026-10-03T08:11:25.7597720Z checking for linux/rtnetlink.h... no
2026-10-03T08:11:25.8395470Z checking for resolv.h... yes
2026-10-03T08:11:25.8919410Z checking for ifaddrs.h... yes
2026-10-03T08:11:25.9549330Z checking for sys/ucontext.h... yes
2026-10-03T08:11:26.0247960Z checking for sys/thr.h... no
2026-10-03T08:11:26.1174220Z checking for pthread_np.h... no
2026-10-03T08:11:26.1928260Z checking for linux/videodev2.h... no
2026-10-03T08:11:26.2675560Z checking for libprocstat.h... no
2026-10-03T08:11:26.3379290Z checking for bluetooth/rfcomm.h... no
2026-10-03T08:11:26.4171990Z checking whether getxattr takes additional arguments... yes
2026-10-03T08:11:26.4184760Z checking for ldd... true
2026-10-03T08:11:26.4191890Z checking for otool... otool
2026-10-03T08:11:26.4197180Z checking for readelf... no
2026-10-03T08:11:26.4228600Z checking for gcc... gcc
2026-10-03T08:11:26.6581070Z checking whether the compiler supports GNU Objective C... yes
2026-10-03T08:11:26.7070070Z checking whether gcc accepts -g... yes
2026-10-03T08:11:27.7105390Z checking whether MTLDevice protocol supports registryID property... yes
2026-10-03T08:11:27.9810460Z checking for pthread_create... yes
2026-10-03T08:11:28.0939170Z checking how to run the C preprocessor... gcc -E
2026-10-03T08:11:28.2095380Z checking for X... disabled
2026-10-03T08:11:28.6124660Z checking for pcap_init in -lpcap... yes
2026-10-03T08:11:28.7510720Z checking for SCardEstablishContext in -lpcsclite... no
2026-10-03T08:11:28.8932700Z checking for sys/inotify.h... no
2026-10-03T08:11:28.9991270Z checking for inotify_add_watch in -linotify... no
2026-10-03T08:11:29.1263770Z checking for gnutls/gnutls.h... yes
2026-10-03T08:11:30.2213300Z checking for -lgnutls... libgnutls.30.dylib
2026-10-03T08:11:30.3544700Z checking for gnutls_cipher_init... yes
2026-10-03T08:11:30.4994040Z checking for libusb.h... yes
2026-10-03T08:11:30.6417650Z checking for libusb_interrupt_event_handler in -lusb-1.0... yes
2026-10-03T08:11:30.7509880Z checking for -lv4l2... not found
2026-10-03T08:11:30.9651010Z checking for gphoto2-camera.h... no
2026-10-03T08:11:31.1170680Z checking for gphoto2-port.h... no
2026-10-03T08:11:31.3231230Z checking for resolver library... -lresolv
2026-10-03T08:11:31.4177440Z checking for res_getservers... yes
2026-10-03T08:11:31.5090220Z checking for pthread_getthreadid_np... no
2026-10-03T08:11:31.7632800Z checking for snd_pcm_hw_params_get_access_mask in -lasound... no
2026-10-03T08:11:31.8405460Z checking for sys/soundcard.h... no
2026-10-03T08:11:31.9429160Z checking for libudev.h... no
2026-10-03T08:11:32.0543450Z checking for SDL.h... no
2026-10-03T08:11:32.2242770Z checking for cups/cups.h... yes
2026-10-03T08:11:32.2978390Z checking for cups/ppd.h... yes
2026-10-03T08:11:32.4239010Z checking for -lcups... libcups.2.dylib
2026-10-03T08:11:32.5546200Z checking for krb5/krb5.h... yes
2026-10-03T08:11:32.6870280Z checking for -lkrb5... not found
2026-10-03T08:11:32.7611060Z checking for -lodbc... not found
2026-10-03T08:11:32.8958660Z checking whether the compiler supports -Werror=unknown-warning-option... yes
2026-10-03T08:11:32.9916970Z checking whether the compiler supports -Werror=unused-command-line-argument... yes
2026-10-03T08:11:33.1040230Z checking whether the compiler supports -Werror=ignored-optimization-argument... yes
2026-10-03T08:11:33.2079540Z checking whether the compiler supports -fcf-protection=none... yes
2026-10-03T08:11:33.3012960Z checking whether the compiler supports -fvisibility=hidden... yes
2026-10-03T08:11:33.4000490Z checking whether the compiler supports -fno-stack-protector... yes
2026-10-03T08:11:33.5013070Z checking whether the compiler supports -fno-strict-aliasing... yes
2026-10-03T08:11:33.5965620Z checking whether the compiler supports -Wdeclaration-after-statement... yes
2026-10-03T08:11:33.6932560Z checking whether the compiler supports -Wempty-body... yes
2026-10-03T08:11:33.7913080Z checking whether the compiler supports -Wignored-qualifiers... yes
2026-10-03T08:11:33.8918530Z checking whether the compiler supports -Winit-self... yes
2026-10-03T08:11:33.9529570Z checking whether the compiler supports -Wlogical-op... no
2026-10-03T08:11:34.0203250Z checking whether the compiler supports -Wpacked-not-aligned... no
2026-10-03T08:11:34.1317330Z checking whether the compiler supports -Wpointer-arith... yes
2026-10-03T08:11:34.1951630Z checking whether the compiler supports -Wshift-overflow=2... no
2026-10-03T08:11:34.3006550Z checking whether the compiler supports -Wstrict-prototypes... yes
2026-10-03T08:11:34.3944920Z checking whether the compiler supports -Wtype-limits... yes
2026-10-03T08:11:34.4853110Z checking whether the compiler supports -Wunused-but-set-parameter... yes
2026-10-03T08:11:34.5758760Z checking whether the compiler supports -Wvla... yes
2026-10-03T08:11:34.6658920Z checking whether the compiler supports -Wwrite-strings... yes
2026-10-03T08:11:34.7137560Z checking whether the compiler supports -flarge-source-files -Wmisleading-indentation... no
2026-10-03T08:11:34.7698110Z checking for flags needed for 64-bit compare-and-swap support... none needed
2026-10-03T08:11:34.8576050Z checking whether the compiler supports -gdwarf-4... yes
2026-10-03T08:11:34.9110850Z checking for the need to disable Fortify... yes
2026-10-03T08:11:34.9771730Z checking whether CFI directives are supported in assembly code... yes
2026-10-03T08:11:35.0840720Z checking for library containing dlopen... none required
2026-10-03T08:11:35.1875190Z checking for dladdr1... no
2026-10-03T08:11:35.3026790Z checking for dlinfo... no
2026-10-03T08:11:35.4157020Z checking for epoll_create... no
2026-10-03T08:11:35.5229700Z checking for epoll_pwait2... no
2026-10-03T08:11:35.6640340Z checking for fstatfs... yes
2026-10-03T08:11:35.8412830Z checking for futimens... yes
2026-10-03T08:11:35.9854090Z checking for futimes... yes
2026-10-03T08:11:36.1210080Z checking for futimesat... no
2026-10-03T08:11:36.2576930Z checking for getaddrinfo... yes
2026-10-03T08:11:36.4157340Z checking for getattrlist... yes
2026-10-03T08:11:36.5261860Z checking for getauxval... no
2026-10-03T08:11:36.6600520Z checking for getifaddrs... yes
2026-10-03T08:11:36.7552930Z checking for getrandom... no
2026-10-03T08:11:36.8610390Z checking for kqueue... yes
2026-10-03T08:11:36.9950370Z checking for memfd_create... no
2026-10-03T08:11:37.1209240Z checking for pipe2... no
2026-10-03T08:11:37.2481180Z checking for port_create... no
2026-10-03T08:11:37.3539340Z checking for posix_fadvise... no
2026-10-03T08:11:37.4632640Z checking for posix_fallocate... no
2026-10-03T08:11:37.5681940Z checking for prctl... no
2026-10-03T08:11:37.6747990Z checking for process_vm_readv... no
2026-10-03T08:11:37.7835210Z checking for process_vm_writev... no
2026-10-03T08:11:37.8920930Z checking for sched_getcpu... no
2026-10-03T08:11:38.0081650Z checking for sched_yield... yes
2026-10-03T08:11:38.1464020Z checking for setproctitle... no
2026-10-03T08:11:38.2613110Z checking for setprogname... yes
2026-10-03T08:11:38.3628650Z checking for sigprocmask... yes
2026-10-03T08:11:38.4691620Z checking for sysinfo... no
2026-10-03T08:11:38.5855550Z checking for tcdrain... yes
2026-10-03T08:11:38.6725080Z checking for thr_kill2... no
2026-10-03T08:11:38.7817490Z checking for library containing clock_gettime... none required
2026-10-03T08:11:38.8649390Z checking for sched_setaffinity... no
2026-10-03T08:11:38.9467790Z checking whether we can use re-entrant gethostbyname_r Linux style... no
2026-10-03T08:11:39.0106190Z checking for struct sockaddr_un.sun_len... yes
2026-10-03T08:11:39.1711240Z checking for sg_io_hdr_t.interface_id... no
2026-10-03T08:11:39.3292720Z checking for siginfo_t.si_fd... no
2026-10-03T08:11:39.4961220Z checking for struct mtget.mt_blksiz... no
2026-10-03T08:11:39.6577680Z checking for struct mtget.mt_gstat... no
2026-10-03T08:11:39.8386900Z checking for struct mtget.mt_blkno... no
2026-10-03T08:11:40.0218210Z checking for struct stat.st_mtim... no
2026-10-03T08:11:40.1825380Z checking for struct stat.st_mtimespec... yes
2026-10-03T08:11:40.3583850Z checking for struct stat.st_ctim... no
2026-10-03T08:11:40.5331130Z checking for struct stat.st_ctimespec... yes
2026-10-03T08:11:40.7084140Z checking for struct stat.st_atim... no
2026-10-03T08:11:40.8685560Z checking for struct stat.st_atimespec... yes
2026-10-03T08:11:40.9294230Z checking for struct stat.st_birthtime... yes
2026-10-03T08:11:41.0893920Z checking for struct stat.st_birthtim... no
2026-10-03T08:11:41.2554840Z checking for struct stat.st_birthtimespec... yes
2026-10-03T08:11:41.4157090Z checking for struct stat.__st_birthtime... no
2026-10-03T08:11:41.5852050Z checking for struct stat.__st_birthtim... no
2026-10-03T08:11:41.6492260Z checking for struct sockaddr_in6.sin6_scope_id... yes
2026-10-03T08:11:41.8112450Z checking for struct __res_state._u._ext.nscount6... no
2026-10-03T08:11:41.9536300Z checking for struct in6_pktinfo.ipi6_addr... yes
2026-10-03T08:11:42.0041090Z checking for struct ipstat.ips_total... yes
2026-10-03T08:11:42.1326500Z checking for struct ip_stats.ips_total... no
2026-10-03T08:11:42.2778760Z checking for struct ip6stat.ip6s_total... no
2026-10-03T08:11:42.3486660Z checking for struct icmpstat.icps_error... yes
2026-10-03T08:11:42.4142200Z checking for struct icmp6stat.icp6s_error... yes
2026-10-03T08:11:42.4847780Z checking for struct tcpstat.tcps_connattempt... yes
2026-10-03T08:11:42.6439040Z checking for struct tcp_stats.tcps_connattempt... no
2026-10-03T08:11:42.7384720Z checking for struct udpstat.udps_ipackets... yes
2026-10-03T08:11:42.9042700Z checking for struct ifreq.ifr_hwaddr... no
2026-10-03T08:11:43.0467300Z checking for struct sysinfo.totalram... no
2026-10-03T08:11:43.1870690Z checking for struct sysinfo.mem_unit... no
2026-10-03T08:11:43.3043300Z checking for __builtin_popcount... yes
2026-10-03T08:11:43.4172640Z checking for __clear_cache... yes
2026-10-03T08:11:43.5213610Z checking whether we need to define __aarch64__... no
2026-10-03T08:11:43.8199580Z creating Makefile rules... done
2026-10-03T08:11:43.8679470Z configure: creating ./config.status
2026-10-03T08:11:43.9967820Z config.status: creating include/config.h
2026-10-03T08:11:44.0311020Z config.status: executing include/stamp-h commands
2026-10-03T08:11:44.0423610Z config.status: executing tools/makedep commands
2026-10-03T08:11:46.0852610Z config.status: executing Makefile commands
2026-10-03T08:11:48.2113010Z ../dlls/ntdll/unix/sync.c:29: error: ../../../../build/madeira_cfg.h: No such file or directory
2026-10-03T08:11:48.2133500Z config.status: error: could not create Makefile
2026-10-03T08:11:48.3165530Z ##[error]Process completed with exit code 1.
2026-10-03T08:11:48.3595760Z ##[group]Run actions/upload-artifact@v4
2026-10-03T08:11:48.3596100Z with:
2026-10-03T08:11:48.3596360Z   name: wine-tvos-ntdll-unix-artifacts
2026-10-03T08:11:48.3596760Z   path: build/ntdll-unix/obj/*.a
app/Madeira/libntdll_unix.a
build/ntdll-unix-tvos.log

2026-10-03T08:11:48.3597230Z   if-no-files-found: warn
2026-10-03T08:11:48.3597430Z   compression-level: 6
2026-10-03T08:11:48.3597770Z   overwrite: false
2026-10-03T08:11:48.3598010Z   include-hidden-files: false
2026-10-03T08:11:48.3598300Z ##[endgroup]
2026-10-03T08:11:48.9343910Z (node:13390) [DEP0040] DeprecationWarning: The `punycode` module is deprecated. Please use a userland alternative instead.
2026-10-03T08:11:48.9404300Z (Use `node --trace-deprecation ...` to show where the warning was created)
2026-10-03T08:11:48.9447550Z Multiple search paths detected. Calculating the least common ancestor of all paths
2026-10-03T08:11:48.9449500Z The least common ancestor is /Users/runner/work/MadeiraTV/MadeiraTV. This will be the root directory of the artifact
2026-10-03T08:11:48.9475950Z ##[warning]No files were found with the provided path: build/ntdll-unix/obj/*.a
app/Madeira/libntdll_unix.a
build/ntdll-unix-tvos.log. No artifacts will be uploaded.
2026-10-03T08:11:48.9643210Z ##[warning]Unexpected input(s) 'submodule-depth', valid inputs are ['repository', 'ref', 'token', 'ssh-key', 'ssh-known-hosts', 'ssh-strict', 'ssh-user', 'persist-credentials', 'path', 'clean', 'filter', 'sparse-checkout', 'sparse-checkout-cone-mode', 'fetch-depth', 'fetch-tags', 'show-progress', 'lfs', 'submodules', 'set-safe-directory', 'github-server-url', 'allow-unsafe-pr-checkout']
2026-10-03T08:11:48.9650240Z Post job cleanup.
2026-10-03T08:11:49.1043540Z [command]/opt/homebrew/bin/git version
2026-10-03T08:11:49.1324260Z git version 2.55.0
2026-10-03T08:11:49.1356260Z Copying '/Users/runner/.gitconfig' to '/Users/runner/work/_temp/9c1de992-5587-40bc-b7d2-0627d1ecf0c1/.gitconfig'
2026-10-03T08:11:49.1370020Z Temporarily overriding HOME='/Users/runner/work/_temp/9c1de992-5587-40bc-b7d2-0627d1ecf0c1' before making global git config changes
2026-10-03T08:11:49.1372290Z Adding repository directory to the temporary git global config as a safe directory
2026-10-03T08:11:49.1384990Z [command]/opt/homebrew/bin/git config --global --add safe.directory /Users/runner/work/MadeiraTV/MadeiraTV
2026-10-03T08:11:49.1512820Z [command]/opt/homebrew/bin/git config --local --name-only --get-regexp core\.sshCommand
2026-10-03T08:11:49.1582310Z [command]/opt/homebrew/bin/git submodule foreach --recursive sh -c "git config --local --name-only --get-regexp 'core\.sshCommand' && git config --local --unset-all 'core.sshCommand' || :"
2026-10-03T08:11:49.2645360Z Entering 'FEX'
2026-10-03T08:11:49.3003090Z Entering 'FEX/External/Catch2'
2026-10-03T08:11:49.3367120Z Entering 'FEX/External/Vulkan-Headers'
2026-10-03T08:11:49.3657860Z Entering 'FEX/External/drm-headers'
2026-10-03T08:11:49.3938090Z Entering 'FEX/External/fex-gcc-target-tests-bins'
2026-10-03T08:11:49.4184080Z Entering 'FEX/External/fex-gvisor-tests-bins'
2026-10-03T08:11:49.4445890Z Entering 'FEX/External/fex-posixtest-bins'
2026-10-03T08:11:49.4730560Z Entering 'FEX/External/fmt'
2026-10-03T08:11:49.5029880Z Entering 'FEX/External/jemalloc_glibc'
2026-10-03T08:11:49.5309030Z Entering 'FEX/External/range-v3'
2026-10-03T08:11:49.5583550Z Entering 'FEX/External/range-v3/doc/gh-pages'
2026-10-03T08:11:49.5879240Z Entering 'FEX/External/rpmalloc'
2026-10-03T08:11:49.6147890Z Entering 'FEX/External/tracy'
2026-10-03T08:11:49.6417770Z Entering 'FEX/External/unordered_dense'
2026-10-03T08:11:49.6715280Z Entering 'FEX/External/vixl'
2026-10-03T08:11:49.7008300Z Entering 'FEX/External/xxhash'
2026-10-03T08:11:49.7263280Z Entering 'FEX/External/zydis'
2026-10-03T08:11:49.7544990Z Entering 'FEX/External/zydis/dependencies/zycore'
2026-10-03T08:11:49.7810760Z Entering 'FEX/Source/Common/cpp-optparse'
2026-10-03T08:11:49.8269150Z Entering 'dxmt'
2026-10-03T08:11:49.8578250Z Entering 'dxmt/external/nvapi'
2026-10-03T08:11:49.8872810Z Entering 'dxmt/include/native/directx'
2026-10-03T08:11:49.9136860Z Entering 'madeira-dock'
2026-10-03T08:11:49.9458170Z Entering 'wine'
2026-10-03T08:11:49.9902610Z [command]/opt/homebrew/bin/git config --local --name-only --get-regexp http\.https\:\/\/github\.com\/\.extraheader
2026-10-03T08:11:49.9937740Z http.https://github.com/.extraheader
2026-10-03T08:11:49.9949840Z [command]/opt/homebrew/bin/git config --local --unset-all http.https://github.com/.extraheader
2026-10-03T08:11:50.0068400Z [command]/opt/homebrew/bin/git submodule foreach --recursive sh -c "git config --local --name-only --get-regexp 'http\.https\:\/\/github\.com\/\.extraheader' && git config --local --unset-all 'http.https://github.com/.extraheader' || :"
2026-10-03T08:11:50.1348360Z Entering 'FEX'
2026-10-03T08:11:50.1595120Z http.https://github.com/.extraheader
2026-10-03T08:11:50.1820630Z Entering 'FEX/External/Catch2'
2026-10-03T08:11:50.2041320Z http.https://github.com/.extraheader
2026-10-03T08:11:50.2201530Z Entering 'FEX/External/Vulkan-Headers'
2026-10-03T08:11:50.2385800Z http.https://github.com/.extraheader
2026-10-03T08:11:50.2540510Z Entering 'FEX/External/drm-headers'
2026-10-03T08:11:50.2755530Z http.https://github.com/.extraheader
2026-10-03T08:11:50.2919240Z Entering 'FEX/External/fex-gcc-target-tests-bins'
2026-10-03T08:11:50.3150530Z http.https://github.com/.extraheader
2026-10-03T08:11:50.3324590Z Entering 'FEX/External/fex-gvisor-tests-bins'
2026-10-03T08:11:50.3479770Z http.https://github.com/.extraheader
2026-10-03T08:11:50.3661820Z Entering 'FEX/External/fex-posixtest-bins'
2026-10-03T08:11:50.3928350Z http.https://github.com/.extraheader
2026-10-03T08:11:50.4107940Z Entering 'FEX/External/fmt'
2026-10-03T08:11:50.4346570Z http.https://github.com/.extraheader
2026-10-03T08:11:50.4527930Z Entering 'FEX/External/jemalloc_glibc'
2026-10-03T08:11:50.4750010Z http.https://github.com/.extraheader
2026-10-03T08:11:50.4954120Z Entering 'FEX/External/range-v3'
2026-10-03T08:11:50.5235830Z http.https://github.com/.extraheader
2026-10-03T08:11:50.5434330Z Entering 'FEX/External/range-v3/doc/gh-pages'
2026-10-03T08:11:50.5609520Z http.https://github.com/.extraheader
2026-10-03T08:11:50.5798400Z Entering 'FEX/External/rpmalloc'
2026-10-03T08:11:50.5976190Z http.https://github.com/.extraheader
2026-10-03T08:11:50.6203810Z Entering 'FEX/External/tracy'
2026-10-03T08:11:50.6398400Z http.https://github.com/.extraheader
2026-10-03T08:11:50.6590620Z Entering 'FEX/External/unordered_dense'
2026-10-03T08:11:50.6796570Z http.https://github.com/.extraheader
2026-10-03T08:11:50.7004050Z Entering 'FEX/External/vixl'
2026-10-03T08:11:50.7250420Z http.https://github.com/.extraheader
2026-10-03T08:11:50.7451350Z Entering 'FEX/External/xxhash'
2026-10-03T08:11:50.7636210Z http.https://github.com/.extraheader
2026-10-03T08:11:50.7787350Z Entering 'FEX/External/zydis'
2026-10-03T08:11:50.8022400Z http.https://github.com/.extraheader
2026-10-03T08:11:50.8256690Z Entering 'FEX/External/zydis/dependencies/zycore'
2026-10-03T08:11:50.8462220Z http.https://github.com/.extraheader
2026-10-03T08:11:50.8734870Z Entering 'FEX/Source/Common/cpp-optparse'
2026-10-03T08:11:50.9000780Z http.https://github.com/.extraheader
2026-10-03T08:11:50.9168960Z Entering 'dxmt'
2026-10-03T08:11:50.9427490Z http.https://github.com/.extraheader
2026-10-03T08:11:50.9699840Z Entering 'dxmt/external/nvapi'
2026-10-03T08:11:50.9894610Z http.https://github.com/.extraheader
2026-10-03T08:11:51.0096980Z Entering 'dxmt/include/native/directx'
2026-10-03T08:11:51.0358520Z http.https://github.com/.extraheader
2026-10-03T08:11:51.0626510Z Entering 'madeira-dock'
2026-10-03T08:11:51.0801660Z http.https://github.com/.extraheader
2026-10-03T08:11:51.1062120Z Entering 'wine'
2026-10-03T08:11:51.1253880Z http.https://github.com/.extraheader
2026-10-03T08:11:51.1427860Z [command]/opt/homebrew/bin/git config --local --name-only --get-regexp ^includeIf\.gitdir:
2026-10-03T08:11:51.1518140Z [command]/opt/homebrew/bin/git submodule foreach --recursive git config --local --show-origin --name-only --get-regexp remote.origin.url
2026-10-03T08:11:51.2684270Z Entering 'FEX'
2026-10-03T08:11:51.2803330Z file:/Users/runner/work/MadeiraTV/MadeiraTV/.git/modules/FEX/config	remote.origin.url
2026-10-03T08:11:51.2914360Z Entering 'FEX/External/Catch2'
2026-10-03T08:11:51.3019850Z file:/Users/runner/work/MadeiraTV/MadeiraTV/.git/modules/FEX/modules/External/Catch2/config	remote.origin.url
2026-10-03T08:11:51.3117330Z Entering 'FEX/External/Vulkan-Headers'
2026-10-03T08:11:51.3267480Z file:/Users/runner/work/MadeiraTV/MadeiraTV/.git/modules/FEX/modules/External/Vulkan-Headers/config	remote.origin.url
2026-10-03T08:11:51.3337850Z Entering 'FEX/External/drm-headers'
2026-10-03T08:11:51.3544540Z file:/Users/runner/work/MadeiraTV/MadeiraTV/.git/modules/FEX/modules/External/drm-headers/config	remote.origin.url
2026-10-03T08:11:51.3645020Z Entering 'FEX/External/fex-gcc-target-tests-bins'
2026-10-03T08:11:51.3846870Z file:/Users/runner/work/MadeiraTV/MadeiraTV/.git/modules/FEX/modules/External/fex-gcc-target-tests-bins/config	remote.origin.url
2026-10-03T08:11:51.3948270Z Entering 'FEX/External/fex-gvisor-tests-bins'
2026-10-03T08:11:51.4151660Z file:/Users/runner/work/MadeiraTV/MadeiraTV/.git/modules/FEX/modules/External/fex-gvisor-tests-bins/config	remote.origin.url
2026-10-03T08:11:51.4352480Z Entering 'FEX/External/fex-posixtest-bins'
2026-10-03T08:11:51.4560090Z file:/Users/runner/work/MadeiraTV/MadeiraTV/.git/modules/FEX/modules/External/fex-posixtest-bins/config	remote.origin.url
2026-10-03T08:11:51.4660840Z Entering 'FEX/External/fmt'
2026-10-03T08:11:51.4872940Z file:/Users/runner/work/MadeiraTV/MadeiraTV/.git/modules/FEX/modules/External/fmt/config	remote.origin.url
2026-10-03T08:11:51.4968080Z Entering 'FEX/External/jemalloc_glibc'
2026-10-03T08:11:51.5285610Z file:/Users/runner/work/MadeiraTV/MadeiraTV/.git/modules/FEX/modules/External/jemalloc_glibc/config	remote.origin.url
2026-10-03T08:11:51.5371140Z Entering 'FEX/External/range-v3'
2026-10-03T08:11:51.5508220Z file:/Users/runner/work/MadeiraTV/MadeiraTV/.git/modules/FEX/modules/External/range-v3/config	remote.origin.url
2026-10-03T08:11:51.5627910Z Entering 'FEX/External/range-v3/doc/gh-pages'
2026-10-03T08:11:51.5931420Z file:/Users/runner/work/MadeiraTV/MadeiraTV/.git/modules/FEX/modules/External/range-v3/modules/doc/gh-pages/config	remote.origin.url
2026-10-03T08:11:51.6030960Z Entering 'FEX/External/rpmalloc'
2026-10-03T08:11:51.6235660Z file:/Users/runner/work/MadeiraTV/MadeiraTV/.git/modules/FEX/modules/External/rpmalloc/config	remote.origin.url
2026-10-03T08:11:51.6335790Z Entering 'FEX/External/tracy'
2026-10-03T08:11:51.6551990Z file:/Users/runner/work/MadeiraTV/MadeiraTV/.git/modules/FEX/modules/External/tracy/config	remote.origin.url
2026-10-03T08:11:51.6854160Z Entering 'FEX/External/unordered_dense'
2026-10-03T08:11:51.7187190Z file:/Users/runner/work/MadeiraTV/MadeiraTV/.git/modules/FEX/modules/External/unordered_dense/config	remote.origin.url
2026-10-03T08:11:51.7290730Z Entering 'FEX/External/vixl'
2026-10-03T08:11:51.7402150Z file:/Users/runner/work/MadeiraTV/MadeiraTV/.git/modules/FEX/modules/External/vixl/config	remote.origin.url
2026-10-03T08:11:51.7505140Z Entering 'FEX/External/xxhash'
2026-10-03T08:11:51.7698180Z file:/Users/runner/work/MadeiraTV/MadeiraTV/.git/modules/FEX/modules/External/xxhash/config	remote.origin.url
2026-10-03T08:11:51.7898950Z Entering 'FEX/External/zydis'
2026-10-03T08:11:51.8101980Z file:/Users/runner/work/MadeiraTV/MadeiraTV/.git/modules/FEX/modules/External/zydis/config	remote.origin.url
2026-10-03T08:11:51.8203510Z Entering 'FEX/External/zydis/dependencies/zycore'
2026-10-03T08:11:51.8512610Z file:/Users/runner/work/MadeiraTV/MadeiraTV/.git/modules/FEX/modules/External/zydis/modules/dependencies/zycore/config	remote.origin.url
2026-10-03T08:11:51.8616560Z Entering 'FEX/Source/Common/cpp-optparse'
2026-10-03T08:11:51.8959560Z file:/Users/runner/work/MadeiraTV/MadeiraTV/.git/modules/FEX/modules/External/cpp-optparse/config	remote.origin.url
2026-10-03T08:11:51.9063480Z Entering 'dxmt'
2026-10-03T08:11:51.9165070Z file:/Users/runner/work/MadeiraTV/MadeiraTV/.git/modules/dxmt/config	remote.origin.url
2026-10-03T08:11:51.9386930Z Entering 'dxmt/external/nvapi'
2026-10-03T08:11:51.9591370Z file:/Users/runner/work/MadeiraTV/MadeiraTV/.git/modules/dxmt/modules/external/nvapi/config	remote.origin.url
2026-10-03T08:11:51.9702020Z Entering 'dxmt/include/native/directx'
2026-10-03T08:11:52.0015440Z file:/Users/runner/work/MadeiraTV/MadeiraTV/.git/modules/dxmt/modules/include/native/directx/config	remote.origin.url
2026-10-03T08:11:52.0221960Z Entering 'madeira-dock'
2026-10-03T08:11:52.0438800Z file:/Users/runner/work/MadeiraTV/MadeiraTV/.git/modules/madeira-dock/config	remote.origin.url
2026-10-03T08:11:52.0614860Z Entering 'wine'
2026-10-03T08:11:52.0861640Z file:/Users/runner/work/MadeiraTV/MadeiraTV/.git/modules/wine/config	remote.origin.url
2026-10-03T08:11:52.1149080Z [command]/opt/homebrew/bin/git config --file /Users/runner/work/MadeiraTV/MadeiraTV/.git/modules/FEX/config --name-only --get-regexp ^includeIf\.gitdir:
2026-10-03T08:11:52.1302180Z [command]/opt/homebrew/bin/git config --file /Users/runner/work/MadeiraTV/MadeiraTV/.git/modules/FEX/modules/External/Catch2/config --name-only --get-regexp ^includeIf\.gitdir:
2026-10-03T08:11:52.1378360Z [command]/opt/homebrew/bin/git config --file /Users/runner/work/MadeiraTV/MadeiraTV/.git/modules/FEX/modules/External/Vulkan-Headers/config --name-only --get-regexp ^includeIf\.gitdir:
2026-10-03T08:11:52.1438190Z [command]/opt/homebrew/bin/git config --file /Users/runner/work/MadeiraTV/MadeiraTV/.git/modules/FEX/modules/External/drm-headers/config --name-only --get-regexp ^includeIf\.gitdir:
2026-10-03T08:11:52.1574760Z [command]/opt/homebrew/bin/git config --file /Users/runner/work/MadeiraTV/MadeiraTV/.git/modules/FEX/modules/External/fex-gcc-target-tests-bins/config --name-only --get-regexp ^includeIf\.gitdir:
2026-10-03T08:11:52.1953410Z [command]/opt/homebrew/bin/git config --file /Users/runner/work/MadeiraTV/MadeiraTV/.git/modules/FEX/modules/External/fex-gvisor-tests-bins/config --name-only --get-regexp ^includeIf\.gitdir:
2026-10-03T08:11:52.2060150Z [command]/opt/homebrew/bin/git config --file /Users/runner/work/MadeiraTV/MadeiraTV/.git/modules/FEX/modules/External/fex-posixtest-bins/config --name-only --get-regexp ^includeIf\.gitdir:
2026-10-03T08:11:52.2077760Z [command]/opt/homebrew/bin/git config --file /Users/runner/work/MadeiraTV/MadeiraTV/.git/modules/FEX/modules/External/fmt/config --name-only --get-regexp ^includeIf\.gitdir:
2026-10-03T08:11:52.2131390Z [command]/opt/homebrew/bin/git config --file /Users/runner/work/MadeiraTV/MadeiraTV/.git/modules/FEX/modules/External/jemalloc_glibc/config --name-only --get-regexp ^includeIf\.gitdir:
2026-10-03T08:11:52.2197940Z [command]/opt/homebrew/bin/git config --file /Users/runner/work/MadeiraTV/MadeiraTV/.git/modules/FEX/modules/External/range-v3/config --name-only --get-regexp ^includeIf\.gitdir:
2026-10-03T08:11:52.2281860Z [command]/opt/homebrew/bin/git config --file /Users/runner/work/MadeiraTV/MadeiraTV/.git/modules/FEX/modules/External/range-v3/modules/doc/gh-pages/config --name-only --get-regexp ^includeIf\.gitdir:
2026-10-03T08:11:52.2414820Z [command]/opt/homebrew/bin/git config --file /Users/runner/work/MadeiraTV/MadeiraTV/.git/modules/FEX/modules/External/rpmalloc/config --name-only --get-regexp ^includeIf\.gitdir:
2026-10-03T08:11:52.2557050Z [command]/opt/homebrew/bin/git config --file /Users/runner/work/MadeiraTV/MadeiraTV/.git/modules/FEX/modules/External/tracy/config --name-only --get-regexp ^includeIf\.gitdir:
2026-10-03T08:11:52.2659740Z [command]/opt/homebrew/bin/git config --file /Users/runner/work/MadeiraTV/MadeiraTV/.git/modules/FEX/modules/External/unordered_dense/config --name-only --get-regexp ^includeIf\.gitdir:
2026-10-03T08:11:52.2747900Z [command]/opt/homebrew/bin/git config --file /Users/runner/work/MadeiraTV/MadeiraTV/.git/modules/FEX/modules/External/vixl/config --name-only --get-regexp ^includeIf\.gitdir:
2026-10-03T08:11:52.2824990Z [command]/opt/homebrew/bin/git config --file /Users/runner/work/MadeiraTV/MadeiraTV/.git/modules/FEX/modules/External/xxhash/config --name-only --get-regexp ^includeIf\.gitdir:
2026-10-03T08:11:52.2894160Z [command]/opt/homebrew/bin/git config --file /Users/runner/work/MadeiraTV/MadeiraTV/.git/modules/FEX/modules/External/zydis/config --name-only --get-regexp ^includeIf\.gitdir:
2026-10-03T08:11:52.2976420Z [command]/opt/homebrew/bin/git config --file /Users/runner/work/MadeiraTV/MadeiraTV/.git/modules/FEX/modules/External/zydis/modules/dependencies/zycore/config --name-only --get-regexp ^includeIf\.gitdir:
2026-10-03T08:11:52.3307930Z [command]/opt/homebrew/bin/git config --file /Users/runner/work/MadeiraTV/MadeiraTV/.git/modules/FEX/modules/External/cpp-optparse/config --name-only --get-regexp ^includeIf\.gitdir:
2026-10-03T08:11:52.3617610Z [command]/opt/homebrew/bin/git config --file /Users/runner/work/MadeiraTV/MadeiraTV/.git/modules/dxmt/config --name-only --get-regexp ^includeIf\.gitdir:
2026-10-03T08:11:52.3775210Z [command]/opt/homebrew/bin/git config --file /Users/runner/work/MadeiraTV/MadeiraTV/.git/modules/dxmt/modules/external/nvapi/config --name-only --get-regexp ^includeIf\.gitdir:
2026-10-03T08:11:52.3865220Z [command]/opt/homebrew/bin/git config --file /Users/runner/work/MadeiraTV/MadeiraTV/.git/modules/dxmt/modules/include/native/directx/config --name-only --get-regexp ^includeIf\.gitdir:
2026-10-03T08:11:52.3867790Z [command]/opt/homebrew/bin/git config --file /Users/runner/work/MadeiraTV/MadeiraTV/.git/modules/madeira-dock/config --name-only --get-regexp ^includeIf\.gitdir:
2026-10-03T08:11:52.3869970Z [command]/opt/homebrew/bin/git config --file /Users/runner/work/MadeiraTV/MadeiraTV/.git/modules/wine/config --name-only --get-regexp ^includeIf\.gitdir:
2026-10-03T08:11:52.4093360Z Cleaning up orphan processes
2026-10-03T08:11:55.4017010Z ##[warning]Node.js 20 is deprecated. The following actions target Node.js 20 but are being forced to run on Node.js 24: actions/checkout@v4, actions/upload-artifact@v4. For more information see: https://github.blog/changelog/2025-09-19-deprecation-of-node-20-on-github-actions-runners/

