ï»¿2026-10-03T08:27:26.9833230Z Current runner version: '2.337.0'
2026-10-03T08:27:26.9849070Z ##[group]Runner Image Provisioner
2026-10-03T08:27:26.9849630Z Hosted Compute Agent
2026-10-03T08:27:26.9850010Z Version: 20260828.587
2026-10-03T08:27:26.9850430Z Commit: abac92662cab4cc7352de4f9f9d2e2419aad9c29
2026-10-03T08:27:26.9850900Z Build Date: 2026-08-28T16:44:25Z
2026-10-03T08:27:26.9851360Z Worker ID: {4a7ddbed-e93c-41bc-a425-a708cf4d1ae8}
2026-10-03T08:27:26.9851840Z Azure Region: westus
2026-10-03T08:27:26.9852230Z ##[endgroup]
2026-10-03T08:27:26.9853130Z ##[group]Operating System
2026-10-03T08:27:26.9853570Z macOS
2026-10-03T08:27:26.9853920Z 15.7.9
2026-10-03T08:27:26.9854290Z 24G830
2026-10-03T08:27:26.9854650Z ##[endgroup]
2026-10-03T08:27:26.9855010Z ##[group]Runner Image
2026-10-03T08:27:26.9855400Z Image: macos-15-arm64
2026-10-03T08:27:26.9855770Z Version: 20260907.0337.1
2026-10-03T08:27:26.9856690Z Included Software: https://github.com/actions/runner-images/blob/macos-15-arm64/20260907.0337/images/macos/macos-15-arm64-Readme.md
2026-10-03T08:27:26.9857770Z Image Release: https://github.com/actions/runner-images/releases/tag/macos-15-arm64%2F20260907.0337
2026-10-03T08:27:26.9858450Z ##[endgroup]
2026-10-03T08:27:26.9859250Z ##[group]GITHUB_TOKEN Permissions
2026-10-03T08:27:26.9860500Z Contents: read
2026-10-03T08:27:26.9860860Z Metadata: read
2026-10-03T08:27:26.9861240Z Packages: read
2026-10-03T08:27:26.9861590Z ##[endgroup]
2026-10-03T08:27:26.9863100Z Secret source: Actions
2026-10-03T08:27:26.9863690Z Cache mode: write
2026-10-03T08:27:26.9864140Z Prepare workflow directory
2026-10-03T08:27:27.0103640Z Prepare all required actions
2026-10-03T08:27:27.0135130Z Getting action download info
2026-10-03T08:27:27.3004580Z Download action repository 'actions/checkout@v4' (SHA:11d5960a326750d5838078e36cf38b85af677262)
2026-10-03T08:27:27.5547790Z Download action repository 'actions/upload-artifact@v4' (SHA:ea165f8d65b6e75b540449e92b4886f43607fa02)
2026-10-03T08:27:27.8588030Z Complete job name: Configure + build Wine unix libs for tvOS
2026-10-03T08:27:27.9001190Z ##[warning]Unexpected input(s) 'submodule-depth', valid inputs are ['repository', 'ref', 'token', 'ssh-key', 'ssh-known-hosts', 'ssh-strict', 'ssh-user', 'persist-credentials', 'path', 'clean', 'filter', 'sparse-checkout', 'sparse-checkout-cone-mode', 'fetch-depth', 'fetch-tags', 'show-progress', 'lfs', 'submodules', 'set-safe-directory', 'github-server-url', 'allow-unsafe-pr-checkout']
2026-10-03T08:27:27.9045460Z ##[group]Run actions/checkout@v4
2026-10-03T08:27:27.9045950Z with:
2026-10-03T08:27:27.9046270Z   fetch-depth: 0
2026-10-03T08:27:27.9046590Z   submodules: recursive
2026-10-03T08:27:27.9046930Z   submodule-depth: 1
2026-10-03T08:27:27.9047290Z   repository: duranereloise-hash/MadeiraTV
2026-10-03T08:27:27.9050070Z   token: ***
2026-10-03T08:27:27.9050380Z   ssh-strict: true
2026-10-03T08:27:27.9050710Z   ssh-user: git
2026-10-03T08:27:27.9051030Z   persist-credentials: true
2026-10-03T08:27:27.9051390Z   clean: true
2026-10-03T08:27:27.9051760Z   sparse-checkout-cone-mode: true
2026-10-03T08:27:27.9052140Z   fetch-tags: false
2026-10-03T08:27:27.9052470Z   show-progress: true
2026-10-03T08:27:27.9052800Z   lfs: false
2026-10-03T08:27:27.9053110Z   set-safe-directory: true
2026-10-03T08:27:27.9053480Z   allow-unsafe-pr-checkout: false
2026-10-03T08:27:27.9053960Z ##[endgroup]
2026-10-03T08:27:28.2855430Z Syncing repository: duranereloise-hash/MadeiraTV
2026-10-03T08:27:28.2856950Z ##[group]Getting Git version info
2026-10-03T08:27:28.2857470Z Working directory is '/Users/runner/work/MadeiraTV/MadeiraTV'
2026-10-03T08:27:28.2858270Z [command]/opt/homebrew/bin/git version
2026-10-03T08:27:28.3315640Z git version 2.55.0
2026-10-03T08:27:28.3329350Z ##[endgroup]
2026-10-03T08:27:28.3335270Z Copying '/Users/runner/.gitconfig' to '/Users/runner/work/_temp/0b3724e6-bff3-4588-9af6-9d8f566883e3/.gitconfig'
2026-10-03T08:27:28.3341360Z Temporarily overriding HOME='/Users/runner/work/_temp/0b3724e6-bff3-4588-9af6-9d8f566883e3' before making global git config changes
2026-10-03T08:27:28.3342970Z Adding repository directory to the temporary git global config as a safe directory
2026-10-03T08:27:28.3344680Z [command]/opt/homebrew/bin/git config --global --add safe.directory /Users/runner/work/MadeiraTV/MadeiraTV
2026-10-03T08:27:28.3449270Z Deleting the contents of '/Users/runner/work/MadeiraTV/MadeiraTV'
2026-10-03T08:27:28.3453310Z ##[group]Initializing the repository
2026-10-03T08:27:28.3456580Z [command]/opt/homebrew/bin/git init /Users/runner/work/MadeiraTV/MadeiraTV
2026-10-03T08:27:28.3660490Z hint: Using 'master' as the name for the initial branch. This default branch name
2026-10-03T08:27:28.3661990Z hint: will change to "main" in Git 3.0. To configure the initial branch name
2026-10-03T08:27:28.3662720Z hint: to use in all of your new repositories, which will suppress this warning,
2026-10-03T08:27:28.3663320Z hint: call:
2026-10-03T08:27:28.3663640Z hint:
2026-10-03T08:27:28.3664100Z hint: 	git config --global init.defaultBranch <name>
2026-10-03T08:27:28.3664590Z hint:
2026-10-03T08:27:28.3665070Z hint: Names commonly chosen instead of 'master' are 'main', 'trunk' and
2026-10-03T08:27:28.3665820Z hint: 'development'. The just-created branch can be renamed via this command:
2026-10-03T08:27:28.3666350Z hint:
2026-10-03T08:27:28.3666690Z hint: 	git branch -m <name>
2026-10-03T08:27:28.3667040Z hint:
2026-10-03T08:27:28.3667550Z hint: Disable this message with "git config set advice.defaultBranchName false"
2026-10-03T08:27:28.3668340Z Initialized empty Git repository in /Users/runner/work/MadeiraTV/MadeiraTV/.git/
2026-10-03T08:27:28.3670060Z [command]/opt/homebrew/bin/git remote add origin https://github.com/duranereloise-hash/MadeiraTV
2026-10-03T08:27:28.3740850Z ##[endgroup]
2026-10-03T08:27:28.3741460Z ##[group]Disabling automatic garbage collection
2026-10-03T08:27:28.3743060Z [command]/opt/homebrew/bin/git config --local gc.auto 0
2026-10-03T08:27:28.3798890Z ##[endgroup]
2026-10-03T08:27:28.3799420Z ##[group]Setting up auth
2026-10-03T08:27:28.3804030Z [command]/opt/homebrew/bin/git config --local --name-only --get-regexp core\.sshCommand
2026-10-03T08:27:28.3857610Z [command]/opt/homebrew/bin/git submodule foreach --recursive sh -c "git config --local --name-only --get-regexp 'core\.sshCommand' && git config --local --unset-all 'core.sshCommand' || :"
2026-10-03T08:27:28.4661260Z [command]/opt/homebrew/bin/git config --local --name-only --get-regexp http\.https\:\/\/github\.com\/\.extraheader
2026-10-03T08:27:28.4706860Z [command]/opt/homebrew/bin/git submodule foreach --recursive sh -c "git config --local --name-only --get-regexp 'http\.https\:\/\/github\.com\/\.extraheader' && git config --local --unset-all 'http.https://github.com/.extraheader' || :"
2026-10-03T08:27:28.5315650Z [command]/opt/homebrew/bin/git config --local --name-only --get-regexp ^includeIf\.gitdir:
2026-10-03T08:27:28.5363730Z [command]/opt/homebrew/bin/git submodule foreach --recursive git config --local --show-origin --name-only --get-regexp remote.origin.url
2026-10-03T08:27:28.6399690Z [command]/opt/homebrew/bin/git config --local http.https://github.com/.extraheader AUTHORIZATION: basic ***
2026-10-03T08:27:28.6406480Z ##[endgroup]
2026-10-03T08:27:28.6409080Z ##[group]Fetching the repository
2026-10-03T08:27:28.6410130Z [command]/opt/homebrew/bin/git -c protocol.version=2 fetch --prune --no-recurse-submodules origin +refs/heads/*:refs/remotes/origin/* +refs/tags/*:refs/tags/*
2026-10-03T08:27:29.7817040Z From https://github.com/duranereloise-hash/MadeiraTV
2026-10-03T08:27:29.7820200Z  * [new branch]      main       -> origin/main
2026-10-03T08:27:29.7829040Z [command]/opt/homebrew/bin/git branch --list --remote origin/main
2026-10-03T08:27:29.7994910Z   origin/main
2026-10-03T08:27:29.8006930Z [command]/opt/homebrew/bin/git rev-parse refs/remotes/origin/main
2026-10-03T08:27:29.8090120Z c5181bd328a0c175bc341c7f2defd9e2fb7bda03
2026-10-03T08:27:29.8145670Z ##[endgroup]
2026-10-03T08:27:29.8148570Z ##[group]Determining the checkout info
2026-10-03T08:27:29.8151280Z ##[endgroup]
2026-10-03T08:27:29.8152480Z [command]/opt/homebrew/bin/git sparse-checkout disable
2026-10-03T08:27:29.8203130Z [command]/opt/homebrew/bin/git config --local --unset-all extensions.worktreeConfig
2026-10-03T08:27:29.8262950Z ##[group]Checking out the ref
2026-10-03T08:27:29.8264910Z [command]/opt/homebrew/bin/git checkout --progress --force -B main refs/remotes/origin/main
2026-10-03T08:27:29.9064080Z Switched to a new branch 'main'
2026-10-03T08:27:29.9068970Z branch 'main' set up to track 'origin/main'.
2026-10-03T08:27:29.9078090Z ##[endgroup]
2026-10-03T08:27:29.9079320Z ##[group]Setting up auth for fetching submodules
2026-10-03T08:27:29.9083130Z [command]/opt/homebrew/bin/git config --global http.https://github.com/.extraheader AUTHORIZATION: basic ***
2026-10-03T08:27:29.9161370Z [command]/opt/homebrew/bin/git config --global --unset-all url.https://github.com/.insteadOf
2026-10-03T08:27:29.9207910Z [command]/opt/homebrew/bin/git config --global --add url.https://github.com/.insteadOf git@github.com:
2026-10-03T08:27:29.9262780Z [command]/opt/homebrew/bin/git config --global --add url.https://github.com/.insteadOf org-309539288@github.com:
2026-10-03T08:27:29.9312180Z ##[endgroup]
2026-10-03T08:27:29.9313450Z ##[group]Fetching submodules
2026-10-03T08:27:29.9314530Z [command]/opt/homebrew/bin/git submodule sync --recursive
2026-10-03T08:27:29.9975370Z [command]/opt/homebrew/bin/git -c protocol.version=2 submodule update --init --force --recursive
2026-10-03T08:27:30.0681000Z Submodule 'FEX' (https://github.com/duranereloise-hash/FEX.git) registered for path 'FEX'
2026-10-03T08:27:30.0770430Z Submodule 'dxmt' (https://github.com/willfaust/dxmt.git) registered for path 'dxmt'
2026-10-03T08:27:30.0775900Z Submodule 'madeira-dock' (https://github.com/willfaust/madeira-dock.git) registered for path 'madeira-dock'
2026-10-03T08:27:30.0798890Z Submodule 'wine' (https://github.com/willfaust/wine.git) registered for path 'wine'
2026-10-03T08:27:30.0835460Z Cloning into '/Users/runner/work/MadeiraTV/MadeiraTV/FEX'...
2026-10-03T08:27:34.4364660Z Cloning into '/Users/runner/work/MadeiraTV/MadeiraTV/dxmt'...
2026-10-03T08:27:35.7034200Z Cloning into '/Users/runner/work/MadeiraTV/MadeiraTV/madeira-dock'...
2026-10-03T08:27:36.2340820Z Cloning into '/Users/runner/work/MadeiraTV/MadeiraTV/wine'...
2026-10-03T08:29:30.8145480Z Submodule path 'FEX': checked out '48e05a249e2b25614cd3fcb8134ad5dc8b57f7ec'
2026-10-03T08:29:30.8252810Z Submodule 'External/Catch2' (https://github.com/catchorg/Catch2.git) registered for path 'FEX/External/Catch2'
2026-10-03T08:29:30.8355790Z Submodule 'External/Vulkan-Headers' (https://github.com/KhronosGroup/Vulkan-Headers.git) registered for path 'FEX/External/Vulkan-Headers'
2026-10-03T08:29:30.8458690Z Submodule 'External/drm-headers' (https://github.com/FEX-Emu/drm-headers.git) registered for path 'FEX/External/drm-headers'
2026-10-03T08:29:30.8561150Z Submodule 'External/fex-gcc-target-tests-bins' (https://github.com/FEX-Emu/fex-gcc-target-tests-bins.git) registered for path 'FEX/External/fex-gcc-target-tests-bins'
2026-10-03T08:29:30.8664850Z Submodule 'External/fex-gvisor-tests-bins' (https://github.com/FEX-Emu/fex-gvisor-tests-bins.git) registered for path 'FEX/External/fex-gvisor-tests-bins'
2026-10-03T08:29:30.8767020Z Submodule 'External/fex-posixtest-bins' (https://github.com/FEX-Emu/fex-posixtest-bins.git) registered for path 'FEX/External/fex-posixtest-bins'
2026-10-03T08:29:30.8869540Z Submodule 'External/fmt' (https://github.com/fmtlib/fmt.git) registered for path 'FEX/External/fmt'
2026-10-03T08:29:30.8971900Z Submodule 'External/jemalloc_glibc' (https://github.com/FEX-Emu/jemalloc.git) registered for path 'FEX/External/jemalloc_glibc'
2026-10-03T08:29:30.9074100Z Submodule 'External/range-v3' (https://github.com/ericniebler/range-v3.git) registered for path 'FEX/External/range-v3'
2026-10-03T08:29:30.9176260Z Submodule 'External/rpmalloc' (https://github.com/willfaust/rpmalloc.git) registered for path 'FEX/External/rpmalloc'
2026-10-03T08:29:30.9278880Z Submodule 'External/tracy' (https://github.com/wolfpld/tracy) registered for path 'FEX/External/tracy'
2026-10-03T08:29:30.9391920Z Submodule 'External/unordered_dense' (https://github.com/martinus/unordered_dense.git) registered for path 'FEX/External/unordered_dense'
2026-10-03T08:29:30.9493920Z Submodule 'External/vixl' (https://github.com/FEX-Emu/vixl.git) registered for path 'FEX/External/vixl'
2026-10-03T08:29:30.9564580Z Submodule 'External/xxhash' (https://github.com/Cyan4973/xxHash.git) registered for path 'FEX/External/xxhash'
2026-10-03T08:29:30.9581310Z Submodule 'External/zydis' (https://github.com/zyantific/zydis.git) registered for path 'FEX/External/zydis'
2026-10-03T08:29:30.9588130Z Submodule 'External/cpp-optparse' (https://github.com/Sonicadvance1/cpp-optparse) registered for path 'FEX/Source/Common/cpp-optparse'
2026-10-03T08:29:30.9599870Z Cloning into '/Users/runner/work/MadeiraTV/MadeiraTV/FEX/External/Catch2'...
2026-10-03T08:29:33.6719570Z Cloning into '/Users/runner/work/MadeiraTV/MadeiraTV/FEX/External/Vulkan-Headers'...
2026-10-03T08:29:34.3921780Z Cloning into '/Users/runner/work/MadeiraTV/MadeiraTV/FEX/External/drm-headers'...
2026-10-03T08:29:34.9567730Z Cloning into '/Users/runner/work/MadeiraTV/MadeiraTV/FEX/External/fex-gcc-target-tests-bins'...
2026-10-03T08:29:35.6085740Z Cloning into '/Users/runner/work/MadeiraTV/MadeiraTV/FEX/External/fex-gvisor-tests-bins'...
2026-10-03T08:29:40.2853720Z Cloning into '/Users/runner/work/MadeiraTV/MadeiraTV/FEX/External/fex-posixtest-bins'...
2026-10-03T08:29:41.0410430Z Cloning into '/Users/runner/work/MadeiraTV/MadeiraTV/FEX/External/fmt'...
2026-10-03T08:29:43.3096590Z Cloning into '/Users/runner/work/MadeiraTV/MadeiraTV/FEX/External/jemalloc_glibc'...
2026-10-03T08:29:44.5751910Z Cloning into '/Users/runner/work/MadeiraTV/MadeiraTV/FEX/External/range-v3'...
2026-10-03T08:29:48.1087890Z Cloning into '/Users/runner/work/MadeiraTV/MadeiraTV/FEX/External/rpmalloc'...
2026-10-03T08:29:48.8525130Z Cloning into '/Users/runner/work/MadeiraTV/MadeiraTV/FEX/External/tracy'...
2026-10-03T08:29:52.4877170Z Cloning into '/Users/runner/work/MadeiraTV/MadeiraTV/FEX/External/unordered_dense'...
2026-10-03T08:29:53.4453170Z Cloning into '/Users/runner/work/MadeiraTV/MadeiraTV/FEX/External/vixl'...
2026-10-03T08:29:56.1642340Z Cloning into '/Users/runner/work/MadeiraTV/MadeiraTV/FEX/External/xxhash'...
2026-10-03T08:29:57.0934380Z Cloning into '/Users/runner/work/MadeiraTV/MadeiraTV/FEX/External/zydis'...
2026-10-03T08:29:57.9243460Z Cloning into '/Users/runner/work/MadeiraTV/MadeiraTV/FEX/Source/Common/cpp-optparse'...
2026-10-03T08:29:58.5099220Z Submodule path 'FEX/External/Catch2': checked out 'b3fb4b9feafcd8d91c5cb510a4775143fdbef02f'
2026-10-03T08:30:15.5212800Z From https://github.com/KhronosGroup/Vulkan-Headers
2026-10-03T08:30:15.5214240Z  * branch            450bd2232225d6c7728a4108055ac2e37cef6475 -> FETCH_HEAD
2026-10-03T08:30:15.6263000Z Submodule path 'FEX/External/Vulkan-Headers': checked out '450bd2232225d6c7728a4108055ac2e37cef6475'
2026-10-03T08:30:15.6865200Z Submodule path 'FEX/External/drm-headers': checked out '3e49836995c1dcb3df709440ad2f270b569c6a5f'
2026-10-03T08:30:15.9116050Z Submodule path 'FEX/External/fex-gcc-target-tests-bins': checked out '442678a134e2d25e759c430cca32e06e9e142f1f'
2026-10-03T08:30:17.9024490Z Submodule path 'FEX/External/fex-gvisor-tests-bins': checked out '71349ae6d14ac2e3e792730e240aecd8076cee6c'
2026-10-03T08:30:18.5673440Z Submodule path 'FEX/External/fex-posixtest-bins': checked out '9ae29638f8000c1603f16385ed1cf6c4c23ee414'
2026-10-03T08:30:18.6503800Z Submodule path 'FEX/External/fmt': checked out '407c905e45ad75fc29bf0f9bb7c5c2fd3475976f'
2026-10-03T08:30:18.7719760Z Submodule path 'FEX/External/jemalloc_glibc': checked out '8436195ad5e1bc347d9b39743af3d29abee59f06'
2026-10-03T08:30:18.9086840Z Submodule path 'FEX/External/range-v3': checked out 'ca1388fb9da8e69314dda222dc7b139ca84e092f'
2026-10-03T08:30:18.9141470Z Submodule 'doc/gh-pages' (https://github.com/ericniebler/range-v3.git) registered for path 'FEX/External/range-v3/doc/gh-pages'
2026-10-03T08:30:18.9243780Z Cloning into '/Users/runner/work/MadeiraTV/MadeiraTV/FEX/External/range-v3/doc/gh-pages'...
2026-10-03T08:30:21.4965510Z Submodule path 'FEX/External/range-v3/doc/gh-pages': checked out '2dae74bb693e42d850fb0adcc9045c5b71fbdeae'
2026-10-03T08:30:21.5584640Z Submodule path 'FEX/External/rpmalloc': checked out '812c2b9cf4310ffacf14e6b64066e78ab0c394b5'
2026-10-03T08:30:21.7495590Z Submodule path 'FEX/External/tracy': checked out '650c98ece70da9e155e7ba1c2b3ee16004aae118'
2026-10-03T08:30:22.0407550Z Submodule path 'FEX/External/unordered_dense': checked out '3234af2c03549bc85656bfd3a86993bf1cd8aef1'
2026-10-03T08:30:29.0823920Z From https://github.com/FEX-Emu/vixl
2026-10-03T08:30:29.0829510Z  * branch              5f418449c48f6ca3ad37c47ec632f17a561c0580 -> FETCH_HEAD
2026-10-03T08:30:30.2996040Z Submodule path 'FEX/External/vixl': checked out '5f418449c48f6ca3ad37c47ec632f17a561c0580'
2026-10-03T08:30:30.3857000Z Submodule path 'FEX/External/xxhash': checked out 'e626a72bc2321cd320e953a0ccf1584cad60f363'
2026-10-03T08:30:37.8428230Z From https://github.com/zyantific/zydis
2026-10-03T08:30:37.8428700Z  * branch            9bfadd6a55fc92dbd37fa3ba089bf8b36622df4f -> FETCH_HEAD
2026-10-03T08:30:37.9833660Z Submodule path 'FEX/External/zydis': checked out '9bfadd6a55fc92dbd37fa3ba089bf8b36622df4f'
2026-10-03T08:30:37.9900500Z Submodule 'dependencies/zycore' (https://github.com/zyantific/zycore-c) registered for path 'FEX/External/zydis/dependencies/zycore'
2026-10-03T08:30:38.0036330Z Cloning into '/Users/runner/work/MadeiraTV/MadeiraTV/FEX/External/zydis/dependencies/zycore'...
2026-10-03T08:30:38.5560920Z Submodule path 'FEX/External/zydis/dependencies/zycore': checked out '75a36c45ae1ad382b0f4e0ede0af84c11ee69928'
2026-10-03T08:30:38.5888860Z Submodule path 'FEX/Source/Common/cpp-optparse': checked out '9f94388a339fcbb0bc95c17768eb786c85988f6e'
2026-10-03T08:30:38.7309900Z Submodule path 'dxmt': checked out 'a5e0cd3d41bf248fd1c030a2e1c515ba3522f4ef'
2026-10-03T08:30:38.7371320Z Submodule 'external/nvapi' (https://github.com/NVIDIA/nvapi.git) registered for path 'dxmt/external/nvapi'
2026-10-03T08:30:38.7373290Z Submodule 'include/native/directx' (https://github.com/misyltoad/mingw-directx-headers) registered for path 'dxmt/include/native/directx'
2026-10-03T08:30:38.7468650Z Cloning into '/Users/runner/work/MadeiraTV/MadeiraTV/dxmt/external/nvapi'...
2026-10-03T08:30:42.4163010Z Cloning into '/Users/runner/work/MadeiraTV/MadeiraTV/dxmt/include/native/directx'...
2026-10-03T08:30:43.0362050Z Submodule path 'dxmt/external/nvapi': checked out 'd08488fcc82eef313b0464db37d2955709691e94'
2026-10-03T08:30:43.0775510Z Submodule path 'dxmt/include/native/directx': checked out '9df86f2341616ef1888ae59919feaa6d4fad693d'
2026-10-03T08:30:43.1176330Z Submodule path 'madeira-dock': checked out '3cadfbea700e4da4b04e331dd7ef1ba633dfacef'
2026-10-03T08:30:46.1443130Z Submodule path 'wine': checked out '4f5b19718f4de88ecc5cb0dc08b119497a67ba8f'
2026-10-03T08:30:46.1720870Z [command]/opt/homebrew/bin/git submodule foreach --recursive git config --local gc.auto 0
2026-10-03T08:30:46.2981250Z Entering 'FEX'
2026-10-03T08:30:46.3164220Z Entering 'FEX/External/Catch2'
2026-10-03T08:30:46.3370590Z Entering 'FEX/External/Vulkan-Headers'
2026-10-03T08:30:46.3573860Z Entering 'FEX/External/drm-headers'
2026-10-03T08:30:46.3748270Z Entering 'FEX/External/fex-gcc-target-tests-bins'
2026-10-03T08:30:46.3939210Z Entering 'FEX/External/fex-gvisor-tests-bins'
2026-10-03T08:30:46.4104130Z Entering 'FEX/External/fex-posixtest-bins'
2026-10-03T08:30:46.4272420Z Entering 'FEX/External/fmt'
2026-10-03T08:30:46.4438410Z Entering 'FEX/External/jemalloc_glibc'
2026-10-03T08:30:46.4608300Z Entering 'FEX/External/range-v3'
2026-10-03T08:30:46.4781040Z Entering 'FEX/External/range-v3/doc/gh-pages'
2026-10-03T08:30:46.4954360Z Entering 'FEX/External/rpmalloc'
2026-10-03T08:30:46.5125240Z Entering 'FEX/External/tracy'
2026-10-03T08:30:46.5289290Z Entering 'FEX/External/unordered_dense'
2026-10-03T08:30:46.5491390Z Entering 'FEX/External/vixl'
2026-10-03T08:30:46.5670790Z Entering 'FEX/External/xxhash'
2026-10-03T08:30:46.5828530Z Entering 'FEX/External/zydis'
2026-10-03T08:30:46.6094960Z Entering 'FEX/External/zydis/dependencies/zycore'
2026-10-03T08:30:46.6355500Z Entering 'FEX/Source/Common/cpp-optparse'
2026-10-03T08:30:46.6496800Z Entering 'dxmt'
2026-10-03T08:30:46.6624930Z Entering 'dxmt/external/nvapi'
2026-10-03T08:30:46.6752650Z Entering 'dxmt/include/native/directx'
2026-10-03T08:30:46.6904020Z Entering 'madeira-dock'
2026-10-03T08:30:46.7062150Z Entering 'wine'
2026-10-03T08:30:46.7245260Z ##[endgroup]
2026-10-03T08:30:46.7246180Z ##[group]Persisting credentials for submodules
2026-10-03T08:30:46.7258500Z [command]/opt/homebrew/bin/git submodule foreach --recursive sh -c "git config --local --name-only --get-regexp 'url\.https\:\/\/github\.com\/\.insteadOf' && git config --local --unset-all 'url.https://github.com/.insteadOf' || :"
2026-10-03T08:30:46.8112150Z Entering 'FEX'
2026-10-03T08:30:46.8404020Z Entering 'FEX/External/Catch2'
2026-10-03T08:30:46.8640170Z Entering 'FEX/External/Vulkan-Headers'
2026-10-03T08:30:46.8947510Z Entering 'FEX/External/drm-headers'
2026-10-03T08:30:46.9152850Z Entering 'FEX/External/fex-gcc-target-tests-bins'
2026-10-03T08:30:46.9378260Z Entering 'FEX/External/fex-gvisor-tests-bins'
2026-10-03T08:30:46.9880970Z Entering 'FEX/External/fex-posixtest-bins'
2026-10-03T08:30:47.0183530Z Entering 'FEX/External/fmt'
2026-10-03T08:30:47.0586550Z Entering 'FEX/External/jemalloc_glibc'
2026-10-03T08:30:47.0989360Z Entering 'FEX/External/range-v3'
2026-10-03T08:30:47.1294040Z Entering 'FEX/External/range-v3/doc/gh-pages'
2026-10-03T08:30:47.1799540Z Entering 'FEX/External/rpmalloc'
2026-10-03T08:30:47.2101520Z Entering 'FEX/External/tracy'
2026-10-03T08:30:47.2403550Z Entering 'FEX/External/unordered_dense'
2026-10-03T08:30:47.2805580Z Entering 'FEX/External/vixl'
2026-10-03T08:30:47.3108500Z Entering 'FEX/External/xxhash'
2026-10-03T08:30:47.3448660Z Entering 'FEX/External/zydis'
2026-10-03T08:30:47.3766430Z Entering 'FEX/External/zydis/dependencies/zycore'
2026-10-03T08:30:47.3968280Z Entering 'FEX/Source/Common/cpp-optparse'
2026-10-03T08:30:47.4191380Z Entering 'dxmt'
2026-10-03T08:30:47.4413150Z Entering 'dxmt/external/nvapi'
2026-10-03T08:30:47.4645600Z Entering 'dxmt/include/native/directx'
2026-10-03T08:30:47.5047910Z Entering 'madeira-dock'
2026-10-03T08:30:47.5350620Z Entering 'wine'
2026-10-03T08:30:47.5958340Z [command]/opt/homebrew/bin/git submodule foreach --recursive sh -c "git config --local 'http.https://github.com/.extraheader' 'AUTHORIZATION: basic ***' && git config --local --show-origin --name-only --get-regexp remote.origin.url"
2026-10-03T08:30:47.7129140Z Entering 'FEX'
2026-10-03T08:30:47.7443020Z file:/Users/runner/work/MadeiraTV/MadeiraTV/.git/modules/FEX/config	remote.origin.url
2026-10-03T08:30:47.7520580Z Entering 'FEX/External/Catch2'
2026-10-03T08:30:47.7690930Z file:/Users/runner/work/MadeiraTV/MadeiraTV/.git/modules/FEX/modules/External/Catch2/config	remote.origin.url
2026-10-03T08:30:47.7744350Z Entering 'FEX/External/Vulkan-Headers'
2026-10-03T08:30:47.7896210Z file:/Users/runner/work/MadeiraTV/MadeiraTV/.git/modules/FEX/modules/External/Vulkan-Headers/config	remote.origin.url
2026-10-03T08:30:47.7945890Z Entering 'FEX/External/drm-headers'
2026-10-03T08:30:47.8099600Z file:/Users/runner/work/MadeiraTV/MadeiraTV/.git/modules/FEX/modules/External/drm-headers/config	remote.origin.url
2026-10-03T08:30:47.8145310Z Entering 'FEX/External/fex-gcc-target-tests-bins'
2026-10-03T08:30:47.8332030Z file:/Users/runner/work/MadeiraTV/MadeiraTV/.git/modules/FEX/modules/External/fex-gcc-target-tests-bins/config	remote.origin.url
2026-10-03T08:30:47.8401290Z Entering 'FEX/External/fex-gvisor-tests-bins'
2026-10-03T08:30:47.8629830Z file:/Users/runner/work/MadeiraTV/MadeiraTV/.git/modules/FEX/modules/External/fex-gvisor-tests-bins/config	remote.origin.url
2026-10-03T08:30:47.8695880Z Entering 'FEX/External/fex-posixtest-bins'
2026-10-03T08:30:47.8922680Z file:/Users/runner/work/MadeiraTV/MadeiraTV/.git/modules/FEX/modules/External/fex-posixtest-bins/config	remote.origin.url
2026-10-03T08:30:47.8992910Z Entering 'FEX/External/fmt'
2026-10-03T08:30:47.9206870Z file:/Users/runner/work/MadeiraTV/MadeiraTV/.git/modules/FEX/modules/External/fmt/config	remote.origin.url
2026-10-03T08:30:47.9281900Z Entering 'FEX/External/jemalloc_glibc'
2026-10-03T08:30:47.9471690Z file:/Users/runner/work/MadeiraTV/MadeiraTV/.git/modules/FEX/modules/External/jemalloc_glibc/config	remote.origin.url
2026-10-03T08:30:47.9522610Z Entering 'FEX/External/range-v3'
2026-10-03T08:30:47.9682510Z file:/Users/runner/work/MadeiraTV/MadeiraTV/.git/modules/FEX/modules/External/range-v3/config	remote.origin.url
2026-10-03T08:30:47.9727900Z Entering 'FEX/External/range-v3/doc/gh-pages'
2026-10-03T08:30:47.9889860Z file:/Users/runner/work/MadeiraTV/MadeiraTV/.git/modules/FEX/modules/External/range-v3/modules/doc/gh-pages/config	remote.origin.url
2026-10-03T08:30:47.9945050Z Entering 'FEX/External/rpmalloc'
2026-10-03T08:30:48.0099380Z file:/Users/runner/work/MadeiraTV/MadeiraTV/.git/modules/FEX/modules/External/rpmalloc/config	remote.origin.url
2026-10-03T08:30:48.0147290Z Entering 'FEX/External/tracy'
2026-10-03T08:30:48.0295810Z file:/Users/runner/work/MadeiraTV/MadeiraTV/.git/modules/FEX/modules/External/tracy/config	remote.origin.url
2026-10-03T08:30:48.0364480Z Entering 'FEX/External/unordered_dense'
2026-10-03T08:30:48.0732660Z file:/Users/runner/work/MadeiraTV/MadeiraTV/.git/modules/FEX/modules/External/unordered_dense/config	remote.origin.url
2026-10-03T08:30:48.0835890Z Entering 'FEX/External/vixl'
2026-10-03T08:30:48.1096560Z file:/Users/runner/work/MadeiraTV/MadeiraTV/.git/modules/FEX/modules/External/vixl/config	remote.origin.url
2026-10-03T08:30:48.1195670Z Entering 'FEX/External/xxhash'
2026-10-03T08:30:48.1386870Z file:/Users/runner/work/MadeiraTV/MadeiraTV/.git/modules/FEX/modules/External/xxhash/config	remote.origin.url
2026-10-03T08:30:48.1458020Z Entering 'FEX/External/zydis'
2026-10-03T08:30:48.1663870Z file:/Users/runner/work/MadeiraTV/MadeiraTV/.git/modules/FEX/modules/External/zydis/config	remote.origin.url
2026-10-03T08:30:48.1717170Z Entering 'FEX/External/zydis/dependencies/zycore'
2026-10-03T08:30:48.1888320Z file:/Users/runner/work/MadeiraTV/MadeiraTV/.git/modules/FEX/modules/External/zydis/modules/dependencies/zycore/config	remote.origin.url
2026-10-03T08:30:48.1949770Z Entering 'FEX/Source/Common/cpp-optparse'
2026-10-03T08:30:48.2118760Z file:/Users/runner/work/MadeiraTV/MadeiraTV/.git/modules/FEX/modules/External/cpp-optparse/config	remote.origin.url
2026-10-03T08:30:48.2222400Z Entering 'dxmt'
2026-10-03T08:30:48.2421120Z file:/Users/runner/work/MadeiraTV/MadeiraTV/.git/modules/dxmt/config	remote.origin.url
2026-10-03T08:30:48.2486240Z Entering 'dxmt/external/nvapi'
2026-10-03T08:30:48.2695410Z file:/Users/runner/work/MadeiraTV/MadeiraTV/.git/modules/dxmt/modules/external/nvapi/config	remote.origin.url
2026-10-03T08:30:48.2759050Z Entering 'dxmt/include/native/directx'
2026-10-03T08:30:48.2995620Z file:/Users/runner/work/MadeiraTV/MadeiraTV/.git/modules/dxmt/modules/include/native/directx/config	remote.origin.url
2026-10-03T08:30:48.3062240Z Entering 'madeira-dock'
2026-10-03T08:30:48.3258030Z file:/Users/runner/work/MadeiraTV/MadeiraTV/.git/modules/madeira-dock/config	remote.origin.url
2026-10-03T08:30:48.3318520Z Entering 'wine'
2026-10-03T08:30:48.3518580Z file:/Users/runner/work/MadeiraTV/MadeiraTV/.git/modules/wine/config	remote.origin.url
2026-10-03T08:30:48.3685540Z [command]/opt/homebrew/bin/git submodule foreach --recursive git config --local --add 'url.https://github.com/.insteadOf' 'git@github.com:'
2026-10-03T08:30:48.4381470Z Entering 'FEX'
2026-10-03T08:30:48.4520290Z Entering 'FEX/External/Catch2'
2026-10-03T08:30:48.4649620Z Entering 'FEX/External/Vulkan-Headers'
2026-10-03T08:30:48.4783520Z Entering 'FEX/External/drm-headers'
2026-10-03T08:30:48.4910470Z Entering 'FEX/External/fex-gcc-target-tests-bins'
2026-10-03T08:30:48.5036650Z Entering 'FEX/External/fex-gvisor-tests-bins'
2026-10-03T08:30:48.5193350Z Entering 'FEX/External/fex-posixtest-bins'
2026-10-03T08:30:48.5393390Z Entering 'FEX/External/fmt'
2026-10-03T08:30:48.5659580Z Entering 'FEX/External/jemalloc_glibc'
2026-10-03T08:30:48.5929660Z Entering 'FEX/External/range-v3'
2026-10-03T08:30:48.6112170Z Entering 'FEX/External/range-v3/doc/gh-pages'
2026-10-03T08:30:48.6281670Z Entering 'FEX/External/rpmalloc'
2026-10-03T08:30:48.6454830Z Entering 'FEX/External/tracy'
2026-10-03T08:30:48.6618980Z Entering 'FEX/External/unordered_dense'
2026-10-03T08:30:48.6765620Z Entering 'FEX/External/vixl'
2026-10-03T08:30:48.6924130Z Entering 'FEX/External/xxhash'
2026-10-03T08:30:48.7079440Z Entering 'FEX/External/zydis'
2026-10-03T08:30:48.7240540Z Entering 'FEX/External/zydis/dependencies/zycore'
2026-10-03T08:30:48.7397630Z Entering 'FEX/Source/Common/cpp-optparse'
2026-10-03T08:30:48.7567330Z Entering 'dxmt'
2026-10-03T08:30:48.7727040Z Entering 'dxmt/external/nvapi'
2026-10-03T08:30:48.7883810Z Entering 'dxmt/include/native/directx'
2026-10-03T08:30:48.8053410Z Entering 'madeira-dock'
2026-10-03T08:30:48.8209080Z Entering 'wine'
2026-10-03T08:30:48.8390930Z [command]/opt/homebrew/bin/git submodule foreach --recursive git config --local --add 'url.https://github.com/.insteadOf' 'org-309539288@github.com:'
2026-10-03T08:30:48.9058820Z Entering 'FEX'
2026-10-03T08:30:48.9204380Z Entering 'FEX/External/Catch2'
2026-10-03T08:30:48.9348310Z Entering 'FEX/External/Vulkan-Headers'
2026-10-03T08:30:48.9493400Z Entering 'FEX/External/drm-headers'
2026-10-03T08:30:48.9629130Z Entering 'FEX/External/fex-gcc-target-tests-bins'
2026-10-03T08:30:48.9770240Z Entering 'FEX/External/fex-gvisor-tests-bins'
2026-10-03T08:30:48.9907010Z Entering 'FEX/External/fex-posixtest-bins'
2026-10-03T08:30:49.0047330Z Entering 'FEX/External/fmt'
2026-10-03T08:30:49.0195590Z Entering 'FEX/External/jemalloc_glibc'
2026-10-03T08:30:49.0338850Z Entering 'FEX/External/range-v3'
2026-10-03T08:30:49.0485660Z Entering 'FEX/External/range-v3/doc/gh-pages'
2026-10-03T08:30:49.0635430Z Entering 'FEX/External/rpmalloc'
2026-10-03T08:30:49.0779830Z Entering 'FEX/External/tracy'
2026-10-03T08:30:49.0916200Z Entering 'FEX/External/unordered_dense'
2026-10-03T08:30:49.1056080Z Entering 'FEX/External/vixl'
2026-10-03T08:30:49.1197570Z Entering 'FEX/External/xxhash'
2026-10-03T08:30:49.1334800Z Entering 'FEX/External/zydis'
2026-10-03T08:30:49.1478010Z Entering 'FEX/External/zydis/dependencies/zycore'
2026-10-03T08:30:49.1621720Z Entering 'FEX/Source/Common/cpp-optparse'
2026-10-03T08:30:49.1781100Z Entering 'dxmt'
2026-10-03T08:30:49.1924030Z Entering 'dxmt/external/nvapi'
2026-10-03T08:30:49.2056670Z Entering 'dxmt/include/native/directx'
2026-10-03T08:30:49.2198700Z Entering 'madeira-dock'
2026-10-03T08:30:49.2346150Z Entering 'wine'
2026-10-03T08:30:49.2495870Z ##[endgroup]
2026-10-03T08:30:49.2591310Z [command]/opt/homebrew/bin/git log -1 --format=%H
2026-10-03T08:30:49.2630800Z c5181bd328a0c175bc341c7f2defd9e2fb7bda03
2026-10-03T08:30:49.3446320Z ##[group]Run xcodebuild -version
2026-10-03T08:30:49.3447760Z [36;1mxcodebuild -version[0m
2026-10-03T08:30:49.3448600Z [36;1mxcrun --sdk appletvos --show-sdk-version[0m
2026-10-03T08:30:49.3448920Z [36;1mpython3 --version[0m
2026-10-03T08:30:49.3449130Z [36;1mbrew install bison flex 2>&1 | tail -3[0m
2026-10-03T08:30:49.3450870Z [36;1mecho "$(brew --prefix bison)/bin" >> $GITHUB_PATH[0m
2026-10-03T08:30:49.3451680Z [36;1mecho "$(brew --prefix flex)/bin" >> $GITHUB_PATH[0m
2026-10-03T08:30:49.3793870Z shell: /bin/bash -e {0}
2026-10-03T08:30:49.3794090Z ##[endgroup]
2026-10-03T08:30:49.9068650Z Xcode 16.4
2026-10-03T08:30:49.9085540Z Build version 16F6
2026-10-03T08:30:51.8843870Z 18.5
2026-10-03T08:30:51.9815400Z Python 3.14.7
2026-10-03T08:30:54.9646550Z For compilers to find flex you may need to set:
2026-10-03T08:30:54.9647090Z   export LDFLAGS="-L/opt/homebrew/opt/flex/lib"
2026-10-03T08:30:54.9647430Z   export CPPFLAGS="-I/opt/homebrew/opt/flex/include"
2026-10-03T08:30:54.9955030Z ##[group]Run set -e
2026-10-03T08:30:54.9955220Z [36;1mset -e[0m
2026-10-03T08:30:54.9955890Z [36;1mmkdir -p toolchains[0m
2026-10-03T08:30:54.9956060Z [36;1mcd toolchains[0m
2026-10-03T08:30:54.9956250Z [36;1mcurl -sSL -o llvm-mingw.tar.xz \[0m
2026-10-03T08:30:54.9956740Z [36;1m  https://github.com/mstorsjo/llvm-mingw/releases/download/20260421/llvm-mingw-20260421-ucrt-macos-universal.tar.xz[0m
2026-10-03T08:30:54.9957180Z [36;1mtar -xJf llvm-mingw.tar.xz[0m
2026-10-03T08:30:54.9957390Z [36;1mls -d llvm-mingw-*/[0m
2026-10-03T08:30:54.9957670Z [36;1mecho "$(pwd)/llvm-mingw-20260421-ucrt-macos-universal/bin" >> $GITHUB_PATH[0m
2026-10-03T08:30:54.9998580Z shell: /bin/bash -e {0}
2026-10-03T08:30:54.9998760Z ##[endgroup]
2026-10-03T08:31:06.2493620Z llvm-mingw-20260421-ucrt-macos-universal/
2026-10-03T08:31:06.2557670Z ##[group]Run set -o pipefail
2026-10-03T08:31:06.2558360Z [36;1mset -o pipefail[0m
2026-10-03T08:31:06.2558850Z [36;1mROOT="$(pwd)"[0m
2026-10-03T08:31:06.2559320Z [36;1mcd wine[0m
2026-10-03T08:31:06.2560250Z [36;1m# Wine's generated Makefiles reference ../../../../build/madeira_cfg.h[0m
2026-10-03T08:31:06.2561420Z [36;1m# from build-macos/dlls/*/ (i.e. $ROOT/wine/build). Make it resolve[0m
2026-10-03T08:31:06.2562340Z [36;1m# to the repo-root build/ via an absolute symlink.[0m
2026-10-03T08:31:06.2563100Z [36;1mln -sfn "$ROOT/build" "$ROOT/wine/build"[0m
2026-10-03T08:31:06.2563970Z [36;1mls -la "$ROOT/wine/build/madeira_cfg.h" || echo "SYMLINK TARGET MISSING"[0m
2026-10-03T08:31:06.2564870Z [36;1mmkdir -p build-macos[0m
2026-10-03T08:31:06.2565390Z [36;1mcd build-macos[0m
2026-10-03T08:31:06.2565880Z [36;1mif [ ! -f config.status ]; then[0m
2026-10-03T08:31:06.2566730Z [36;1m  ../configure --without-x --without-freetype --without-fontconfig \[0m
2026-10-03T08:31:06.2567780Z [36;1m    --without-vulkan --without-opengl \[0m
2026-10-03T08:31:06.2568740Z [36;1m    --enable-wineandroid=no 2>&1 | tee ../../wine-build-macos-config.log[0m
2026-10-03T08:31:06.2569670Z [36;1m  echo "=== configure rc=${PIPESTATUS[0]} ==="[0m
2026-10-03T08:31:06.2570320Z [36;1mfi[0m
2026-10-03T08:31:06.2570980Z [36;1mls include/config.h >/dev/null && echo "config.h OK" || echo "NO config.h"[0m
2026-10-03T08:31:06.2572270Z [36;1mls tools/winebuild/winebuild >/dev/null && echo "winebuild OK" || echo "winebuild not built yet"[0m
2026-10-03T08:31:06.2654040Z shell: /bin/bash -e {0}
2026-10-03T08:31:06.2654640Z ##[endgroup]
2026-10-03T08:31:06.3176930Z -rw-r--r--  1 runner  staff  8503 Oct  3 08:27 /Users/runner/work/MadeiraTV/MadeiraTV/wine/build/madeira_cfg.h
2026-10-03T08:31:06.6279370Z configure: WARNING: unrecognized options: --enable-wineandroid
2026-10-03T08:31:06.8124620Z checking build system type... aarch64-apple-darwin24.6.0
2026-10-03T08:31:06.8144370Z checking host system type... aarch64-apple-darwin24.6.0
2026-10-03T08:31:06.8155690Z checking for gcc... gcc
2026-10-03T08:31:08.5041000Z checking whether the C compiler works... yes
2026-10-03T08:31:08.5041870Z checking for C compiler default output file name... a.out
2026-10-03T08:31:08.5965560Z checking for suffix of executables... 
2026-10-03T08:31:08.7606270Z checking whether we are cross compiling... no
2026-10-03T08:31:08.8147280Z checking for suffix of object files... o
2026-10-03T08:31:08.8618160Z checking whether the compiler supports GNU C... yes
2026-10-03T08:31:08.9156870Z checking whether gcc accepts -g... yes
2026-10-03T08:31:09.0500380Z checking for gcc option to enable C11 features... none needed
2026-10-03T08:31:09.0508540Z checking for g++... g++
2026-10-03T08:31:10.4641160Z checking whether the compiler supports GNU C++... yes
2026-10-03T08:31:10.5053590Z checking whether g++ accepts -g... yes
2026-10-03T08:31:10.8249700Z checking for g++ option to enable C++11 features... none needed
2026-10-03T08:31:10.8265030Z checking for cpp... cpp
2026-10-03T08:31:10.8422050Z checking for ld... ld
2026-10-03T08:31:10.8425930Z checking for the directory containing the Wine tools... none needed
2026-10-03T08:31:10.8427400Z checking for flex... flex
2026-10-03T08:31:11.5699480Z checking whether flex is recent enough... yes
2026-10-03T08:31:11.5787970Z checking for bison... bison
2026-10-03T08:31:12.4255460Z checking whether bison is recent enough... yes
2026-10-03T08:31:12.4303020Z checking for strip... strip
2026-10-03T08:31:12.4310690Z checking whether ln -s works... yes
2026-10-03T08:31:12.4313780Z checking for pkg-config... pkg-config
2026-10-03T08:31:12.4324730Z checking for msgfmt... msgfmt
2026-10-03T08:31:12.5112230Z checking whether msgfmt supports contexts... yes
2026-10-03T08:31:12.5157560Z checking for aarch64-w64-mingw32-clang... aarch64-w64-mingw32-clang
2026-10-03T08:31:13.1878790Z checking whether aarch64-w64-mingw32-clang supports -target aarch64-windows -fuse-ld=lld -Wl,-subsystem:console -Wl,-WX --no-default-config... yes
2026-10-03T08:31:13.6765230Z checking for aarch64-w64-mingw32-clang option to enable C99 features... -D__STDC__
2026-10-03T08:31:13.7721330Z checking whether aarch64-w64-mingw32-clang supports SEH directives... yes
2026-10-03T08:31:13.9328430Z checking whether aarch64-w64-mingw32-clang supports -fno-strict-aliasing... yes
2026-10-03T08:31:14.0818350Z checking whether aarch64-w64-mingw32-clang supports -Werror=unknown-warning-option... yes
2026-10-03T08:31:14.2449520Z checking whether aarch64-w64-mingw32-clang supports -Werror=unused-command-line-argument... yes
2026-10-03T08:31:14.3773800Z checking whether aarch64-w64-mingw32-clang supports -Werror=ignored-optimization-argument... yes
2026-10-03T08:31:14.4997130Z checking whether aarch64-w64-mingw32-clang supports -Werror=unsupported-floating-point-opt... yes
2026-10-03T08:31:14.6328830Z checking whether aarch64-w64-mingw32-clang supports -Wdeclaration-after-statement... yes
2026-10-03T08:31:14.7923730Z checking whether aarch64-w64-mingw32-clang supports -Wempty-body... yes
2026-10-03T08:31:14.9321680Z checking whether aarch64-w64-mingw32-clang supports -Wignored-qualifiers... yes
2026-10-03T08:31:15.0732830Z checking whether aarch64-w64-mingw32-clang supports -Winit-self... yes
2026-10-03T08:31:15.2040810Z checking whether aarch64-w64-mingw32-clang supports -Wpacked-not-aligned... no
2026-10-03T08:31:15.3607780Z checking whether aarch64-w64-mingw32-clang supports -Wmicrosoft-enum-forward-reference... yes
2026-10-03T08:31:15.5319020Z checking whether aarch64-w64-mingw32-clang supports -Wshift-overflow=2... no
2026-10-03T08:31:15.6968620Z checking whether aarch64-w64-mingw32-clang supports -Wstrict-prototypes... yes
2026-10-03T08:31:15.8581410Z checking whether aarch64-w64-mingw32-clang supports -Wtype-limits... yes
2026-10-03T08:31:15.9870500Z checking whether aarch64-w64-mingw32-clang supports -Wunused-but-set-parameter... yes
2026-10-03T08:31:16.1198790Z checking whether aarch64-w64-mingw32-clang supports -Wvla... yes
2026-10-03T08:31:16.2522400Z checking whether aarch64-w64-mingw32-clang supports -Wwrite-strings... yes
2026-10-03T08:31:16.3717690Z checking whether aarch64-w64-mingw32-clang supports -Wpointer-arith... yes
2026-10-03T08:31:16.5014570Z checking whether aarch64-w64-mingw32-clang supports -Wlogical-op... no
2026-10-03T08:31:16.6796860Z checking whether aarch64-w64-mingw32-clang supports -Wabsolute-value... yes
2026-10-03T08:31:16.8854780Z checking whether aarch64-w64-mingw32-clang supports -Wenum-enum-conversion... yes
2026-10-03T08:31:17.0461840Z checking whether aarch64-w64-mingw32-clang supports -ffunction-sections... yes
2026-10-03T08:31:17.2227830Z checking whether aarch64-w64-mingw32-clang supports -fasync-exceptions -DMIN_CLANG_VERSION=19... yes
2026-10-03T08:31:17.4041130Z checking whether aarch64-w64-mingw32-clang supports -ffp-exception-behavior=maytrap... yes
2026-10-03T08:31:17.5868620Z checking whether aarch64-w64-mingw32-clang supports -fms-hotpatch -DMIN_CLANG_VERSION=18... no
2026-10-03T08:31:17.6951360Z checking whether aarch64-w64-mingw32-clang supports -flarge-source-files -Wmisleading-indentation... no
2026-10-03T08:31:17.8291960Z checking whether aarch64-w64-mingw32-clang supports -Wl,-debug:dwarf... yes
2026-10-03T08:31:17.9865720Z checking whether aarch64-w64-mingw32-clang supports -gdwarf-4... yes
2026-10-03T08:31:18.1270340Z checking for i386_set_ldt in -li386... no
2026-10-03T08:31:18.3059050Z checking for  option for large files... none needed
2026-10-03T08:31:18.3742140Z checking for  option for timestamps after 2038... none needed
2026-10-03T08:31:18.4373570Z checking for stdio.h... yes
2026-10-03T08:31:18.5541530Z checking for stdlib.h... yes
2026-10-03T08:31:18.6344250Z checking for string.h... yes
2026-10-03T08:31:18.7196170Z checking for inttypes.h... yes
2026-10-03T08:31:18.7960820Z checking for stdint.h... yes
2026-10-03T08:31:18.8799480Z checking for strings.h... yes
2026-10-03T08:31:18.9625500Z checking for sys/stat.h... yes
2026-10-03T08:31:19.0278040Z checking for sys/types.h... yes
2026-10-03T08:31:19.0993710Z checking for unistd.h... yes
2026-10-03T08:31:19.1758100Z checking for CL/cl.h... no
2026-10-03T08:31:19.4148490Z checking for OpenCL/opencl.h... yes
2026-10-03T08:31:19.5215120Z checking for arpa/inet.h... yes
2026-10-03T08:31:19.6122090Z checking for arpa/nameser.h... yes
2026-10-03T08:31:19.6954120Z checking for asm/termbits.h... no
2026-10-03T08:31:19.7854750Z checking for asm/types.h... no
2026-10-03T08:31:19.8792190Z checking for asm/user.h... no
2026-10-03T08:31:19.9735410Z checking for bluetooth/bluetooth.h... no
2026-10-03T08:31:20.0660600Z checking for elf.h... no
2026-10-03T08:31:20.1515580Z checking for gettext-po.h... no
2026-10-03T08:31:20.2467480Z checking for link.h... no
2026-10-03T08:31:20.3318400Z checking for linux/cdrom.h... no
2026-10-03T08:31:20.4376560Z checking for linux/filter.h... no
2026-10-03T08:31:20.5423490Z checking for linux/fs.h... no
2026-10-03T08:31:20.6351670Z checking for linux/hdreg.h... no
2026-10-03T08:31:20.7132650Z checking for linux/hidraw.h... no
2026-10-03T08:31:20.8054290Z checking for linux/input.h... no
2026-10-03T08:31:20.8996040Z checking for linux/ioctl.h... no
2026-10-03T08:31:20.9900780Z checking for linux/major.h... no
2026-10-03T08:31:21.0766800Z checking for linux/memfd.h... no
2026-10-03T08:31:21.1569800Z checking for linux/ntsync.h... no
2026-10-03T08:31:21.2512710Z checking for linux/param.h... no
2026-10-03T08:31:21.3449930Z checking for linux/serial.h... no
2026-10-03T08:31:21.4361800Z checking for linux/types.h... no
2026-10-03T08:31:21.5234000Z checking for linux/ucdrom.h... no
2026-10-03T08:31:21.6077480Z checking for linux/userfaultfd.h... no
2026-10-03T08:31:21.6930100Z checking for linux/wireless.h... no
2026-10-03T08:31:21.7975520Z checking for lwp.h... no
2026-10-03T08:31:21.8895600Z checking for mach-o/loader.h... yes
2026-10-03T08:31:22.0289680Z checking for mach/mach.h... yes
2026-10-03T08:31:22.1087720Z checking for machine/cpu.h... no
2026-10-03T08:31:22.2002090Z checking for machine/sysarch.h... no
2026-10-03T08:31:22.2908080Z checking for mntent.h... no
2026-10-03T08:31:22.3680200Z checking for netdb.h... yes
2026-10-03T08:31:22.4750690Z checking for netinet/in.h... yes
2026-10-03T08:31:22.5983120Z checking for netinet/in_systm.h... yes
2026-10-03T08:31:22.7011160Z checking for netinet/tcp.h... yes
2026-10-03T08:31:22.7894390Z checking for netinet/tcp_fsm.h... yes
2026-10-03T08:31:22.9067830Z checking for pcap/pcap.h... yes
2026-10-03T08:31:23.0169240Z checking for port.h... no
2026-10-03T08:31:23.0789260Z checking for pwd.h... yes
2026-10-03T08:31:23.1343110Z checking for sched.h... yes
2026-10-03T08:31:23.2514390Z checking for scsi/scsi.h... no
2026-10-03T08:31:23.3603860Z checking for scsi/scsi_ioctl.h... no
2026-10-03T08:31:23.4548000Z checking for scsi/sg.h... no
2026-10-03T08:31:23.5495190Z checking for sys/attr.h... yes
2026-10-03T08:31:23.6543690Z checking for sys/auxv.h... no
2026-10-03T08:31:23.7552740Z checking for sys/cdio.h... no
2026-10-03T08:31:23.8513690Z checking for sys/epoll.h... no
2026-10-03T08:31:23.9389100Z checking for sys/event.h... yes
2026-10-03T08:31:24.0498320Z checking for sys/extattr.h... no
2026-10-03T08:31:24.1549420Z checking for sys/filio.h... yes
2026-10-03T08:31:24.2298900Z checking for sys/ipc.h... yes
2026-10-03T08:31:24.3578130Z checking for sys/link.h... no
2026-10-03T08:31:24.4331900Z checking for sys/modem.h... no
2026-10-03T08:31:24.5144490Z checking for sys/mtio.h... no
2026-10-03T08:31:24.5908690Z checking for sys/param.h... yes
2026-10-03T08:31:24.6654730Z checking for sys/prctl.h... no
2026-10-03T08:31:24.7521120Z checking for sys/ptrace.h... yes
2026-10-03T08:31:24.8160090Z checking for sys/queue.h... yes
2026-10-03T08:31:24.8928300Z checking for sys/random.h... yes
2026-10-03T08:31:24.9570170Z checking for sys/resource.h... yes
2026-10-03T08:31:25.0292430Z checking for sys/scsiio.h... no
2026-10-03T08:31:25.0960470Z checking for sys/shm.h... yes
2026-10-03T08:31:25.1507940Z checking for sys/signal.h... yes
2026-10-03T08:31:25.2096200Z checking for sys/socketvar.h... yes
2026-10-03T08:31:25.2833620Z checking for sys/sockio.h... yes
2026-10-03T08:31:25.3632790Z checking for sys/statvfs.h... yes
2026-10-03T08:31:25.4408170Z checking for sys/strtio.h... no
2026-10-03T08:31:25.5173300Z checking for sys/syscall.h... yes
2026-10-03T08:31:25.5922990Z checking for sys/sysinfo.h... no
2026-10-03T08:31:25.6920230Z checking for sys/times.h... yes
2026-10-03T08:31:25.7697390Z checking for sys/uio.h... yes
2026-10-03T08:31:25.8422720Z checking for sys/user.h... yes
2026-10-03T08:31:25.9187640Z checking for sys/utsname.h... yes
2026-10-03T08:31:25.9945100Z checking for sys/vnode.h... yes
2026-10-03T08:31:26.0656180Z checking for sys/xattr.h... yes
2026-10-03T08:31:26.1526980Z checking for syscall.h... no
2026-10-03T08:31:26.2266590Z checking for utime.h... yes
2026-10-03T08:31:26.3080660Z checking for valgrind/memcheck.h... no
2026-10-03T08:31:26.4172440Z checking for valgrind/valgrind.h... no
2026-10-03T08:31:26.5059730Z checking for sys/mkdev.h... no
2026-10-03T08:31:26.6178550Z checking for sys/sysmacros.h... no
2026-10-03T08:31:26.6920680Z checking for sys/conf.h... yes
2026-10-03T08:31:26.7727000Z checking for sys/mount.h... yes
2026-10-03T08:31:26.8596790Z checking for sys/statfs.h... no
2026-10-03T08:31:26.8607550Z checking for sys/user.h... (cached) yes
2026-10-03T08:31:26.9606210Z checking for sys/vfs.h... no
2026-10-03T08:31:27.0176310Z checking for sys/sysctl.h... yes
2026-10-03T08:31:27.0815350Z checking for netinet/ip.h... yes
2026-10-03T08:31:27.1335040Z checking for net/if.h... yes
2026-10-03T08:31:27.1955890Z checking for net/if_arp.h... yes
2026-10-03T08:31:27.2584780Z checking for net/if_dl.h... yes
2026-10-03T08:31:27.3201940Z checking for net/if_types.h... yes
2026-10-03T08:31:27.3787500Z checking for net/route.h... yes
2026-10-03T08:31:27.4423270Z checking for netinet/if_ether.h... yes
2026-10-03T08:31:27.4982350Z checking for netinet/in_pcb.h... yes
2026-10-03T08:31:27.5562850Z checking for netinet/ip_icmp.h... yes
2026-10-03T08:31:27.6159180Z checking for netinet/ip_var.h... yes
2026-10-03T08:31:27.6842230Z checking for netinet/udp.h... yes
2026-10-03T08:31:27.7656000Z checking for netinet6/ip6_var.h... no
2026-10-03T08:31:27.8534340Z checking for netipx/ipx.h... no
2026-10-03T08:31:27.9248060Z checking for sys/un.h... yes
2026-10-03T08:31:27.9976260Z checking for netinet/udp_var.h... yes
2026-10-03T08:31:28.0739900Z checking for netinet/icmp_var.h... yes
2026-10-03T08:31:28.1360290Z checking for netinet/icmp6.h... yes
2026-10-03T08:31:28.1954950Z checking for netinet/tcp_var.h... yes
2026-10-03T08:31:28.2879300Z checking for linux/ipx.h... no
2026-10-03T08:31:28.3776650Z checking for linux/irda.h... no
2026-10-03T08:31:28.4612620Z checking for linux/rtnetlink.h... no
2026-10-03T08:31:28.5423950Z checking for resolv.h... yes
2026-10-03T08:31:28.5948940Z checking for ifaddrs.h... yes
2026-10-03T08:31:28.6424330Z checking for sys/ucontext.h... yes
2026-10-03T08:31:28.6990020Z checking for sys/thr.h... no
2026-10-03T08:31:28.7892960Z checking for pthread_np.h... no
2026-10-03T08:31:28.8960740Z checking for linux/videodev2.h... no
2026-10-03T08:31:28.9899740Z checking for libprocstat.h... no
2026-10-03T08:31:29.0705310Z checking for bluetooth/rfcomm.h... no
2026-10-03T08:31:29.1445360Z checking whether getxattr takes additional arguments... yes
2026-10-03T08:31:29.1454990Z checking for ldd... true
2026-10-03T08:31:29.1466630Z checking for otool... otool
2026-10-03T08:31:29.1474360Z checking for readelf... no
2026-10-03T08:31:29.1503440Z checking for gcc... gcc
2026-10-03T08:31:29.4505660Z checking whether the compiler supports GNU Objective C... yes
2026-10-03T08:31:29.4966930Z checking whether gcc accepts -g... yes
2026-10-03T08:31:30.8041120Z checking whether MTLDevice protocol supports registryID property... yes
2026-10-03T08:31:31.0720670Z checking for pthread_create... yes
2026-10-03T08:31:31.1977720Z checking how to run the C preprocessor... gcc -E
2026-10-03T08:31:31.2937310Z checking for X... disabled
2026-10-03T08:31:31.6454170Z checking for pcap_init in -lpcap... yes
2026-10-03T08:31:31.7296340Z checking for SCardEstablishContext in -lpcsclite... no
2026-10-03T08:31:31.8431830Z checking for sys/inotify.h... no
2026-10-03T08:31:31.9165970Z checking for inotify_add_watch in -linotify... no
2026-10-03T08:31:32.0496240Z checking for gnutls/gnutls.h... yes
2026-10-03T08:31:33.3046430Z checking for -lgnutls... libgnutls.30.dylib
2026-10-03T08:31:33.4062450Z checking for gnutls_cipher_init... yes
2026-10-03T08:31:33.5218580Z checking for libusb.h... yes
2026-10-03T08:31:33.6495680Z checking for libusb_interrupt_event_handler in -lusb-1.0... yes
2026-10-03T08:31:33.7319670Z checking for -lv4l2... not found
2026-10-03T08:31:33.8583230Z checking for gphoto2-camera.h... no
2026-10-03T08:31:33.9974500Z checking for gphoto2-port.h... no
2026-10-03T08:31:34.2362820Z checking for resolver library... -lresolv
2026-10-03T08:31:34.3332720Z checking for res_getservers... yes
2026-10-03T08:31:34.4340130Z checking for pthread_getthreadid_np... no
2026-10-03T08:31:34.6257450Z checking for snd_pcm_hw_params_get_access_mask in -lasound... no
2026-10-03T08:31:34.7079560Z checking for sys/soundcard.h... no
2026-10-03T08:31:34.8194970Z checking for libudev.h... no
2026-10-03T08:31:34.9172180Z checking for SDL.h... no
2026-10-03T08:31:35.0454920Z checking for cups/cups.h... yes
2026-10-03T08:31:35.1046700Z checking for cups/ppd.h... yes
2026-10-03T08:31:35.2322090Z checking for -lcups... libcups.2.dylib
2026-10-03T08:31:35.3603790Z checking for krb5/krb5.h... yes
2026-10-03T08:31:35.4923120Z checking for -lkrb5... not found
2026-10-03T08:31:35.5585790Z checking for -lodbc... not found
2026-10-03T08:31:35.6829050Z checking whether the compiler supports -Werror=unknown-warning-option... yes
2026-10-03T08:31:35.7613690Z checking whether the compiler supports -Werror=unused-command-line-argument... yes
2026-10-03T08:31:35.8421010Z checking whether the compiler supports -Werror=ignored-optimization-argument... yes
2026-10-03T08:31:35.9342350Z checking whether the compiler supports -fcf-protection=none... yes
2026-10-03T08:31:36.0231490Z checking whether the compiler supports -fvisibility=hidden... yes
2026-10-03T08:31:36.0975790Z checking whether the compiler supports -fno-stack-protector... yes
2026-10-03T08:31:36.1919040Z checking whether the compiler supports -fno-strict-aliasing... yes
2026-10-03T08:31:36.2786710Z checking whether the compiler supports -Wdeclaration-after-statement... yes
2026-10-03T08:31:36.3752890Z checking whether the compiler supports -Wempty-body... yes
2026-10-03T08:31:36.4568290Z checking whether the compiler supports -Wignored-qualifiers... yes
2026-10-03T08:31:36.5365220Z checking whether the compiler supports -Winit-self... yes
2026-10-03T08:31:36.5957930Z checking whether the compiler supports -Wlogical-op... no
2026-10-03T08:31:36.6598780Z checking whether the compiler supports -Wpacked-not-aligned... no
2026-10-03T08:31:36.7739710Z checking whether the compiler supports -Wpointer-arith... yes
2026-10-03T08:31:36.8421350Z checking whether the compiler supports -Wshift-overflow=2... no
2026-10-03T08:31:36.9422090Z checking whether the compiler supports -Wstrict-prototypes... yes
2026-10-03T08:31:37.0571640Z checking whether the compiler supports -Wtype-limits... yes
2026-10-03T08:31:37.1621810Z checking whether the compiler supports -Wunused-but-set-parameter... yes
2026-10-03T08:31:37.2465110Z checking whether the compiler supports -Wvla... yes
2026-10-03T08:31:37.3383100Z checking whether the compiler supports -Wwrite-strings... yes
2026-10-03T08:31:37.4065720Z checking whether the compiler supports -flarge-source-files -Wmisleading-indentation... no
2026-10-03T08:31:37.4670910Z checking for flags needed for 64-bit compare-and-swap support... none needed
2026-10-03T08:31:37.5672720Z checking whether the compiler supports -gdwarf-4... yes
2026-10-03T08:31:37.6311620Z checking for the need to disable Fortify... yes
2026-10-03T08:31:37.7023030Z checking whether CFI directives are supported in assembly code... yes
2026-10-03T08:31:37.8139430Z checking for library containing dlopen... none required
2026-10-03T08:31:37.9006020Z checking for dladdr1... no
2026-10-03T08:31:38.0021760Z checking for dlinfo... no
2026-10-03T08:31:38.0922450Z checking for epoll_create... no
2026-10-03T08:31:38.2120680Z checking for epoll_pwait2... no
2026-10-03T08:31:38.3080090Z checking for fstatfs... yes
2026-10-03T08:31:38.4076940Z checking for futimens... yes
2026-10-03T08:31:38.4939850Z checking for futimes... yes
2026-10-03T08:31:38.5803630Z checking for futimesat... no
2026-10-03T08:31:38.6793740Z checking for getaddrinfo... yes
2026-10-03T08:31:38.7815330Z checking for getattrlist... yes
2026-10-03T08:31:38.8900930Z checking for getauxval... no
2026-10-03T08:31:38.9815630Z checking for getifaddrs... yes
2026-10-03T08:31:39.0784680Z checking for getrandom... no
2026-10-03T08:31:39.1932850Z checking for kqueue... yes
2026-10-03T08:31:39.2964140Z checking for memfd_create... no
2026-10-03T08:31:39.3933790Z checking for pipe2... no
2026-10-03T08:31:39.4999200Z checking for port_create... no
2026-10-03T08:31:39.6060160Z checking for posix_fadvise... no
2026-10-03T08:31:39.7055290Z checking for posix_fallocate... no
2026-10-03T08:31:39.8126990Z checking for prctl... no
2026-10-03T08:31:39.9134060Z checking for process_vm_readv... no
2026-10-03T08:31:40.0122400Z checking for process_vm_writev... no
2026-10-03T08:31:40.1055790Z checking for sched_getcpu... no
2026-10-03T08:31:40.2046750Z checking for sched_yield... yes
2026-10-03T08:31:40.3157080Z checking for setproctitle... no
2026-10-03T08:31:40.4173610Z checking for setprogname... yes
2026-10-03T08:31:40.5264540Z checking for sigprocmask... yes
2026-10-03T08:31:40.6302500Z checking for sysinfo... no
2026-10-03T08:31:40.7451590Z checking for tcdrain... yes
2026-10-03T08:31:40.8700690Z checking for thr_kill2... no
2026-10-03T08:31:40.9850670Z checking for library containing clock_gettime... none required
2026-10-03T08:31:41.0601300Z checking for sched_setaffinity... no
2026-10-03T08:31:41.1485190Z checking whether we can use re-entrant gethostbyname_r Linux style... no
2026-10-03T08:31:41.2016490Z checking for struct sockaddr_un.sun_len... yes
2026-10-03T08:31:41.3404610Z checking for sg_io_hdr_t.interface_id... no
2026-10-03T08:31:41.4865320Z checking for siginfo_t.si_fd... no
2026-10-03T08:31:41.6258470Z checking for struct mtget.mt_blksiz... no
2026-10-03T08:31:41.7597600Z checking for struct mtget.mt_gstat... no
2026-10-03T08:31:41.8885370Z checking for struct mtget.mt_blkno... no
2026-10-03T08:31:42.0248800Z checking for struct stat.st_mtim... no
2026-10-03T08:31:42.1659740Z checking for struct stat.st_mtimespec... yes
2026-10-03T08:31:42.2942100Z checking for struct stat.st_ctim... no
2026-10-03T08:31:42.4423660Z checking for struct stat.st_ctimespec... yes
2026-10-03T08:31:42.5708100Z checking for struct stat.st_atim... no
2026-10-03T08:31:42.7006770Z checking for struct stat.st_atimespec... yes
2026-10-03T08:31:42.7491960Z checking for struct stat.st_birthtime... yes
2026-10-03T08:31:42.8944170Z checking for struct stat.st_birthtim... no
2026-10-03T08:31:43.0381500Z checking for struct stat.st_birthtimespec... yes
2026-10-03T08:31:43.1759000Z checking for struct stat.__st_birthtime... no
2026-10-03T08:31:43.3471580Z checking for struct stat.__st_birthtim... no
2026-10-03T08:31:43.4044970Z checking for struct sockaddr_in6.sin6_scope_id... yes
2026-10-03T08:31:43.5304530Z checking for struct __res_state._u._ext.nscount6... no
2026-10-03T08:31:43.6785990Z checking for struct in6_pktinfo.ipi6_addr... yes
2026-10-03T08:31:43.7456240Z checking for struct ipstat.ips_total... yes
2026-10-03T08:31:43.8712950Z checking for struct ip_stats.ips_total... no
2026-10-03T08:31:44.0057810Z checking for struct ip6stat.ip6s_total... no
2026-10-03T08:31:44.0658350Z checking for struct icmpstat.icps_error... yes
2026-10-03T08:31:44.1171560Z checking for struct icmp6stat.icp6s_error... yes
2026-10-03T08:31:44.1680020Z checking for struct tcpstat.tcps_connattempt... yes
2026-10-03T08:31:44.2915610Z checking for struct tcp_stats.tcps_connattempt... no
2026-10-03T08:31:44.3564890Z checking for struct udpstat.udps_ipackets... yes
2026-10-03T08:31:44.4942780Z checking for struct ifreq.ifr_hwaddr... no
2026-10-03T08:31:44.6441710Z checking for struct sysinfo.totalram... no
2026-10-03T08:31:44.7597320Z checking for struct sysinfo.mem_unit... no
2026-10-03T08:31:44.8770640Z checking for __builtin_popcount... yes
2026-10-03T08:31:44.9856540Z checking for __clear_cache... yes
2026-10-03T08:31:45.0801210Z checking whether we need to define __aarch64__... no
2026-10-03T08:31:45.3193500Z creating Makefile rules... done
2026-10-03T08:31:45.3654160Z configure: creating ./config.status
2026-10-03T08:31:45.4998930Z config.status: creating include/config.h
2026-10-03T08:31:45.5439640Z config.status: executing include/stamp-h commands
2026-10-03T08:31:45.5532320Z config.status: executing tools/makedep commands
2026-10-03T08:31:46.9734970Z config.status: executing Makefile commands
2026-10-03T08:31:51.9113990Z configure: WARNING: unrecognized options: --enable-wineandroid
2026-10-03T08:31:51.9114370Z 
2026-10-03T08:31:51.9114730Z configure: Wayland development files not found, the Wayland driver won't be supported.
2026-10-03T08:31:51.9115480Z configure: libinotify development files not found (or too old), filesystem change notifications won't be supported.
2026-10-03T08:31:51.9116330Z configure: libsane development files not found, scanners won't be supported.
2026-10-03T08:31:51.9116960Z configure: libv4l2 development files not found.
2026-10-03T08:31:51.9117550Z configure: libgphoto2 development files not found, digital cameras won't be supported.
2026-10-03T08:31:51.9118100Z configure: libgphoto2_port development files not found, digital cameras won't be auto-detected.
2026-10-03T08:31:51.9118770Z configure: libpulse development files not found or too old, Pulse won't be supported.
2026-10-03T08:31:51.9119550Z configure: FFmpeg development files not found.
2026-10-03T08:31:51.9120210Z configure: gstreamer-1.0 base plugins development files not found, GStreamer won't be supported.
2026-10-03T08:31:51.9120850Z configure: libasound development files not found, Alsa won't be supported.
2026-10-03T08:31:51.9121450Z configure: OSS sound system found but too old (OSSv4 needed), OSS won't be supported.
2026-10-03T08:31:51.9121970Z configure: libudev development files not found, plug and play won't be supported.
2026-10-03T08:31:51.9122570Z configure: libSDL2 development files not found, SDL2 won't be supported.
2026-10-03T08:31:51.9123060Z configure: libcapi20 development files not found, ISDN won't be supported.
2026-10-03T08:31:51.9123610Z configure: libkrb5 development files not found (or too old), Kerberos won't be supported.
2026-10-03T08:31:51.9124210Z configure: libnetapi not found, Samba NetAPI won't be supported.
2026-10-03T08:31:51.9124450Z 
2026-10-03T08:31:51.9124620Z configure: Finished.  Do 'make' to compile Wine.
2026-10-03T08:31:51.9124880Z 
2026-10-03T08:31:51.9888850Z === configure rc=0 ===
2026-10-03T08:31:52.0153870Z config.h OK
2026-10-03T08:31:52.0185700Z ls: tools/winebuild/winebuild: No such file or directory
2026-10-03T08:31:52.0186120Z winebuild not built yet
2026-10-03T08:31:52.0346920Z ##[group]Run set -o pipefail
2026-10-03T08:31:52.0347310Z [36;1mset -o pipefail[0m
2026-10-03T08:31:52.0347500Z [36;1mcd wine/build-macos[0m
2026-10-03T08:31:52.0347780Z [36;1mmake tools/winebuild/winebuild tools/widl/widl 2>&1 | tail -20[0m
2026-10-03T08:31:52.0453900Z [36;1mls -la tools/winebuild/winebuild tools/widl/widl 2>/dev/null || echo "tools missing"[0m
2026-10-03T08:31:52.0548200Z shell: /bin/bash -e {0}
2026-10-03T08:31:52.0548410Z ##[endgroup]
2026-10-03T08:32:01.2053080Z   -Wunused-but-set-parameter -Wvla -Wwrite-strings -gdwarf-4 -g -O2 -U_FORTIFY_SOURCE -D_FORTIFY_SOURCE=0
2026-10-03T08:32:01.2054100Z flex -otools/widl/ppl.yy.c ../tools/wrc/ppl.l
2026-10-03T08:32:01.2055030Z bison -o tools/widl/ppy.tab.$$.c --defines=tools/widl/ppy.tab.h ../tools/wrc/ppy.y && rm -f tools/widl/ppy.tab.$$.c
2026-10-03T08:32:01.2055810Z gcc -c -o tools/widl/ppl.yy.o tools/widl/ppl.yy.c -Itools/widl -I../tools/widl -I../tools/wrc -Iinclude \
2026-10-03T08:32:01.2056800Z   -I../include -D__WINESRC__ -DWINE_UNIX_LIB -Wall -pipe -fcf-protection=none -fvisibility=hidden \
2026-10-03T08:32:01.2057660Z   -fno-stack-protector -fno-strict-aliasing -Wdeclaration-after-statement -Wempty-body \
2026-10-03T08:32:01.2058890Z   -Wignored-qualifiers -Winit-self -Wpointer-arith -Wstrict-prototypes -Wtype-limits \
2026-10-03T08:32:01.2059760Z   -Wunused-but-set-parameter -Wvla -Wwrite-strings -gdwarf-4 -g -O2 -U_FORTIFY_SOURCE -D_FORTIFY_SOURCE=0
2026-10-03T08:32:01.2060390Z bison -o tools/widl/ppy.tab.c ../tools/wrc/ppy.y
2026-10-03T08:32:01.2061000Z gcc -c -o tools/widl/ppy.tab.o tools/widl/ppy.tab.c -Itools/widl -I../tools/widl -I../tools/wrc -Iinclude \
2026-10-03T08:32:01.2061820Z   -I../include -D__WINESRC__ -DWINE_UNIX_LIB -Wall -pipe -fcf-protection=none -fvisibility=hidden \
2026-10-03T08:32:01.2062590Z   -fno-stack-protector -fno-strict-aliasing -Wdeclaration-after-statement -Wempty-body \
2026-10-03T08:32:01.2063300Z   -Wignored-qualifiers -Winit-self -Wpointer-arith -Wstrict-prototypes -Wtype-limits \
2026-10-03T08:32:01.2064200Z   -Wunused-but-set-parameter -Wvla -Wwrite-strings -gdwarf-4 -g -O2 -U_FORTIFY_SOURCE -D_FORTIFY_SOURCE=0
2026-10-03T08:32:01.2065080Z gcc -o tools/widl/widl tools/widl/attribute.o tools/widl/client.o tools/widl/expr.o tools/widl/hash.o \
2026-10-03T08:32:01.2065770Z   tools/widl/header.o tools/widl/metadata.o tools/widl/proxy.o tools/widl/register.o \
2026-10-03T08:32:01.2066500Z   tools/widl/server.o tools/widl/typegen.o tools/widl/typelib.o tools/widl/typetree.o \
2026-10-03T08:32:01.2067140Z   tools/widl/utils.o tools/widl/widl.o tools/widl/wpp.o tools/widl/write_msft.o \
2026-10-03T08:32:01.2067840Z   tools/widl/write_sltg.o tools/widl/parser.yy.o tools/widl/parser.tab.o tools/widl/ppl.yy.o \
2026-10-03T08:32:01.2068370Z   tools/widl/ppy.tab.o 
2026-10-03T08:32:01.2095200Z -rwxr-xr-x  1 runner  staff  761688 Oct  3 08:32 tools/widl/widl
2026-10-03T08:32:01.2095860Z -rwxr-xr-x  1 runner  staff  226488 Oct  3 08:31 tools/winebuild/winebuild
2026-10-03T08:32:01.2133530Z ##[group]Run set -o pipefail
2026-10-03T08:32:01.2133910Z [36;1mset -o pipefail[0m
2026-10-03T08:32:01.2134150Z [36;1mmkdir -p build[0m
2026-10-03T08:32:01.2134630Z [36;1m# Patch the build script: iphoneos -> appletvos, miphoneos-version-min -> mtvos-version-min[0m
2026-10-03T08:32:01.2135140Z [36;1msed -i.bak \[0m
2026-10-03T08:32:01.2135450Z [36;1m  -e 's|xcrun --sdk iphoneos|xcrun --sdk appletvos|g' \[0m
2026-10-03T08:32:01.2135940Z [36;1m  -e 's|-miphoneos-version-min=17.0|-mtvos-version-min=17.0|g' \[0m
2026-10-03T08:32:01.2136380Z [36;1m  -e 's|-miphoneos-version-min=| -mtvos-version-min=|g' \[0m
2026-10-03T08:32:01.2136810Z [36;1m  build/ntdll-unix/build.sh[0m
2026-10-03T08:32:01.2137170Z [36;1mbash build/ntdll-unix/build.sh 2>&1 | tee build/ntdll-unix-tvos.log[0m
2026-10-03T08:32:01.2137620Z [36;1mecho "=== rc=${PIPESTATUS[0]} ==="[0m
2026-10-03T08:32:01.2197970Z shell: /bin/bash -e {0}
2026-10-03T08:32:01.2198280Z ##[endgroup]
2026-10-03T08:32:01.2616340Z build/ntdll-unix/build.sh: line 2: set: -
2026-10-03T08:32:01.2616750Z : invalid option
2026-10-03T08:32:01.2617180Z set: usage: set [--abefhkmnptuvxBCHP] [-o option] [arg ...]
2026-10-03T08:32:01.2618830Z build/ntdll-unix/build.sh: line 3: 
2026-10-03T08:32:01.2619160Z : command not found
2026-10-03T08:32:01.2657270Z build/ntdll-unix/build.sh: line 5: cd: /Users/runner/work/MadeiraTV/MadeiraTV/build/ntdll-unix
2026-10-03T08:32:01.2657720Z /../..: No such file or directory
2026-10-03T08:32:01.2714620Z build/ntdll-unix/build.sh: line 11: 
2026-10-03T08:32:01.2715110Z : command not found
2026-10-03T08:32:01.2741740Z build/ntdll-unix/build.sh: line 13: 
2026-10-03T08:32:01.2742250Z : command not found
2026-10-03T08:32:01.2745520Z build/ntdll-unix/build.sh: line 17: 
2026-10-03T08:32:01.2745960Z : command not found
2026-10-03T08:32:01.2746600Z build/ntdll-unix/build.sh: line 18: syntax error near unexpected token `{
2026-10-03T08:32:01.2747110Z '
2026-10-03T08:32:01.2747880Z build/ntdll-unix/build.sh: line 18: `compile_one() {
2026-10-03T08:32:01.2748400Z '
2026-10-03T08:32:01.2755780Z ##[error]Process completed with exit code 2.
2026-10-03T08:32:01.3034300Z ##[group]Run actions/upload-artifact@v4
2026-10-03T08:32:01.3034560Z with:
2026-10-03T08:32:01.3034720Z   name: wine-tvos-ntdll-unix-artifacts
2026-10-03T08:32:01.3035090Z   path: build/ntdll-unix/obj/*.a
app/Madeira/libntdll_unix.a
build/ntdll-unix-tvos.log

2026-10-03T08:32:01.3035450Z   if-no-files-found: warn
2026-10-03T08:32:01.3035630Z   compression-level: 6
2026-10-03T08:32:01.3035800Z   overwrite: false
2026-10-03T08:32:01.3035960Z   include-hidden-files: false
2026-10-03T08:32:01.3036170Z ##[endgroup]
2026-10-03T08:32:01.6525890Z (node:32258) [DEP0040] DeprecationWarning: The `punycode` module is deprecated. Please use a userland alternative instead.
2026-10-03T08:32:01.6526520Z (Use `node --trace-deprecation ...` to show where the warning was created)
2026-10-03T08:32:01.6571470Z Multiple search paths detected. Calculating the least common ancestor of all paths
2026-10-03T08:32:01.6572890Z The least common ancestor is /Users/runner/work/MadeiraTV/MadeiraTV. This will be the root directory of the artifact
2026-10-03T08:32:01.6573430Z With the provided path, there will be 1 file uploaded
2026-10-03T08:32:01.6575380Z Artifact name is valid!
2026-10-03T08:32:01.6575750Z Root directory input is valid!
2026-10-03T08:32:01.9568980Z Beginning upload of artifact content to blob storage
2026-10-03T08:32:01.9677770Z (node:32258) [DEP0169] DeprecationWarning: `url.parse()` behavior is not standardized and prone to errors that have security implications. Use the WHATWG URL API instead. CVEs are not issued for `url.parse()` vulnerabilities.
2026-10-03T08:32:02.1173960Z Uploaded bytes 408
2026-10-03T08:32:02.1575110Z Finished uploading artifact content to blob storage!
2026-10-03T08:32:02.1676270Z SHA256 digest of uploaded artifact zip is f27167eb8a19990891827408b267146b823736f1d168aa1870a6497fce0cd01e
2026-10-03T08:32:02.1776500Z Finalizing artifact upload
2026-10-03T08:32:02.3949410Z Artifact wine-tvos-ntdll-unix-artifacts.zip successfully finalized. Artifact ID 11269760665
2026-10-03T08:32:02.3950250Z Artifact wine-tvos-ntdll-unix-artifacts has been successfully uploaded! Final size is 408 bytes. Artifact ID is 11269760665
2026-10-03T08:32:02.3955770Z Artifact download URL: https://github.com/duranereloise-hash/MadeiraTV/actions/runs/37109751242/artifacts/11269760665
2026-10-03T08:32:02.4109600Z ##[warning]Unexpected input(s) 'submodule-depth', valid inputs are ['repository', 'ref', 'token', 'ssh-key', 'ssh-known-hosts', 'ssh-strict', 'ssh-user', 'persist-credentials', 'path', 'clean', 'filter', 'sparse-checkout', 'sparse-checkout-cone-mode', 'fetch-depth', 'fetch-tags', 'show-progress', 'lfs', 'submodules', 'set-safe-directory', 'github-server-url', 'allow-unsafe-pr-checkout']
2026-10-03T08:32:02.4115650Z Post job cleanup.
2026-10-03T08:32:02.4994890Z [command]/opt/homebrew/bin/git version
2026-10-03T08:32:02.5173310Z git version 2.55.0
2026-10-03T08:32:02.5189890Z Copying '/Users/runner/.gitconfig' to '/Users/runner/work/_temp/68ad829d-7581-49e4-afe3-7a5b1ef65a2d/.gitconfig'
2026-10-03T08:32:02.5196230Z Temporarily overriding HOME='/Users/runner/work/_temp/68ad829d-7581-49e4-afe3-7a5b1ef65a2d' before making global git config changes
2026-10-03T08:32:02.5197310Z Adding repository directory to the temporary git global config as a safe directory
2026-10-03T08:32:02.5199710Z [command]/opt/homebrew/bin/git config --global --add safe.directory /Users/runner/work/MadeiraTV/MadeiraTV
2026-10-03T08:32:02.5298750Z [command]/opt/homebrew/bin/git config --local --name-only --get-regexp core\.sshCommand
2026-10-03T08:32:02.5349720Z [command]/opt/homebrew/bin/git submodule foreach --recursive sh -c "git config --local --name-only --get-regexp 'core\.sshCommand' && git config --local --unset-all 'core.sshCommand' || :"
2026-10-03T08:32:02.6003860Z Entering 'FEX'
2026-10-03T08:32:02.6190960Z Entering 'FEX/External/Catch2'
2026-10-03T08:32:02.6364670Z Entering 'FEX/External/Vulkan-Headers'
2026-10-03T08:32:02.6533280Z Entering 'FEX/External/drm-headers'
2026-10-03T08:32:02.6693170Z Entering 'FEX/External/fex-gcc-target-tests-bins'
2026-10-03T08:32:02.6872380Z Entering 'FEX/External/fex-gvisor-tests-bins'
2026-10-03T08:32:02.7046910Z Entering 'FEX/External/fex-posixtest-bins'
2026-10-03T08:32:02.7232300Z Entering 'FEX/External/fmt'
2026-10-03T08:32:02.7410780Z Entering 'FEX/External/jemalloc_glibc'
2026-10-03T08:32:02.7587550Z Entering 'FEX/External/range-v3'
2026-10-03T08:32:02.7771510Z Entering 'FEX/External/range-v3/doc/gh-pages'
2026-10-03T08:32:02.8085540Z Entering 'FEX/External/rpmalloc'
2026-10-03T08:32:02.8279280Z Entering 'FEX/External/tracy'
2026-10-03T08:32:02.8474170Z Entering 'FEX/External/unordered_dense'
2026-10-03T08:32:02.8668510Z Entering 'FEX/External/vixl'
2026-10-03T08:32:02.8866040Z Entering 'FEX/External/xxhash'
2026-10-03T08:32:02.9043390Z Entering 'FEX/External/zydis'
2026-10-03T08:32:02.9240350Z Entering 'FEX/External/zydis/dependencies/zycore'
2026-10-03T08:32:02.9429170Z Entering 'FEX/Source/Common/cpp-optparse'
2026-10-03T08:32:02.9607360Z Entering 'dxmt'
2026-10-03T08:32:02.9789800Z Entering 'dxmt/external/nvapi'
2026-10-03T08:32:02.9975170Z Entering 'dxmt/include/native/directx'
2026-10-03T08:32:03.0153950Z Entering 'madeira-dock'
2026-10-03T08:32:03.0332630Z Entering 'wine'
2026-10-03T08:32:03.0551040Z [command]/opt/homebrew/bin/git config --local --name-only --get-regexp http\.https\:\/\/github\.com\/\.extraheader
2026-10-03T08:32:03.0599240Z http.https://github.com/.extraheader
2026-10-03T08:32:03.0605330Z [command]/opt/homebrew/bin/git config --local --unset-all http.https://github.com/.extraheader
2026-10-03T08:32:03.0662440Z [command]/opt/homebrew/bin/git submodule foreach --recursive sh -c "git config --local --name-only --get-regexp 'http\.https\:\/\/github\.com\/\.extraheader' && git config --local --unset-all 'http.https://github.com/.extraheader' || :"
2026-10-03T08:32:03.1317070Z Entering 'FEX'
2026-10-03T08:32:03.1433680Z http.https://github.com/.extraheader
2026-10-03T08:32:03.1536480Z Entering 'FEX/External/Catch2'
2026-10-03T08:32:03.1655470Z http.https://github.com/.extraheader
2026-10-03T08:32:03.1761630Z Entering 'FEX/External/Vulkan-Headers'
2026-10-03T08:32:03.1885450Z http.https://github.com/.extraheader
2026-10-03T08:32:03.1992250Z Entering 'FEX/External/drm-headers'
2026-10-03T08:32:03.2107100Z http.https://github.com/.extraheader
2026-10-03T08:32:03.2207980Z Entering 'FEX/External/fex-gcc-target-tests-bins'
2026-10-03T08:32:03.2327880Z http.https://github.com/.extraheader
2026-10-03T08:32:03.2437550Z Entering 'FEX/External/fex-gvisor-tests-bins'
2026-10-03T08:32:03.2555310Z http.https://github.com/.extraheader
2026-10-03T08:32:03.2655260Z Entering 'FEX/External/fex-posixtest-bins'
2026-10-03T08:32:03.2763690Z http.https://github.com/.extraheader
2026-10-03T08:32:03.2872470Z Entering 'FEX/External/fmt'
2026-10-03T08:32:03.2989870Z http.https://github.com/.extraheader
2026-10-03T08:32:03.3089570Z Entering 'FEX/External/jemalloc_glibc'
2026-10-03T08:32:03.3199590Z http.https://github.com/.extraheader
2026-10-03T08:32:03.3384870Z Entering 'FEX/External/range-v3'
2026-10-03T08:32:03.3496480Z http.https://github.com/.extraheader
2026-10-03T08:32:03.3595900Z Entering 'FEX/External/range-v3/doc/gh-pages'
2026-10-03T08:32:03.3704360Z http.https://github.com/.extraheader
2026-10-03T08:32:03.3808980Z Entering 'FEX/External/rpmalloc'
2026-10-03T08:32:03.3918660Z http.https://github.com/.extraheader
2026-10-03T08:32:03.4022580Z Entering 'FEX/External/tracy'
2026-10-03T08:32:03.4136380Z http.https://github.com/.extraheader
2026-10-03T08:32:03.4246910Z Entering 'FEX/External/unordered_dense'
2026-10-03T08:32:03.4361480Z http.https://github.com/.extraheader
2026-10-03T08:32:03.4469700Z Entering 'FEX/External/vixl'
2026-10-03T08:32:03.4587270Z http.https://github.com/.extraheader
2026-10-03T08:32:03.4700160Z Entering 'FEX/External/xxhash'
2026-10-03T08:32:03.4814200Z http.https://github.com/.extraheader
2026-10-03T08:32:03.4913230Z Entering 'FEX/External/zydis'
2026-10-03T08:32:03.5023010Z http.https://github.com/.extraheader
2026-10-03T08:32:03.5116490Z Entering 'FEX/External/zydis/dependencies/zycore'
2026-10-03T08:32:03.5224640Z http.https://github.com/.extraheader
2026-10-03T08:32:03.5327920Z Entering 'FEX/Source/Common/cpp-optparse'
2026-10-03T08:32:03.5434140Z http.https://github.com/.extraheader
2026-10-03T08:32:03.5539690Z Entering 'dxmt'
2026-10-03T08:32:03.5640970Z http.https://github.com/.extraheader
2026-10-03T08:32:03.5728350Z Entering 'dxmt/external/nvapi'
2026-10-03T08:32:03.5838580Z http.https://github.com/.extraheader
2026-10-03T08:32:03.5954970Z Entering 'dxmt/include/native/directx'
2026-10-03T08:32:03.6085610Z http.https://github.com/.extraheader
2026-10-03T08:32:03.6216260Z Entering 'madeira-dock'
2026-10-03T08:32:03.6352870Z http.https://github.com/.extraheader
2026-10-03T08:32:03.6505410Z Entering 'wine'
2026-10-03T08:32:03.6635900Z http.https://github.com/.extraheader
2026-10-03T08:32:03.6776110Z [command]/opt/homebrew/bin/git config --local --name-only --get-regexp ^includeIf\.gitdir:
2026-10-03T08:32:03.6837590Z [command]/opt/homebrew/bin/git submodule foreach --recursive git config --local --show-origin --name-only --get-regexp remote.origin.url
2026-10-03T08:32:03.7532640Z Entering 'FEX'
2026-10-03T08:32:03.7602710Z file:/Users/runner/work/MadeiraTV/MadeiraTV/.git/modules/FEX/config	remote.origin.url
2026-10-03T08:32:03.7646980Z Entering 'FEX/External/Catch2'
2026-10-03T08:32:03.7719850Z file:/Users/runner/work/MadeiraTV/MadeiraTV/.git/modules/FEX/modules/External/Catch2/config	remote.origin.url
2026-10-03T08:32:03.7764020Z Entering 'FEX/External/Vulkan-Headers'
2026-10-03T08:32:03.7837510Z file:/Users/runner/work/MadeiraTV/MadeiraTV/.git/modules/FEX/modules/External/Vulkan-Headers/config	remote.origin.url
2026-10-03T08:32:03.7938510Z Entering 'FEX/External/drm-headers'
2026-10-03T08:32:03.8140060Z file:/Users/runner/work/MadeiraTV/MadeiraTV/.git/modules/FEX/modules/External/drm-headers/config	remote.origin.url
2026-10-03T08:32:03.8241300Z Entering 'FEX/External/fex-gcc-target-tests-bins'
2026-10-03T08:32:03.8342790Z file:/Users/runner/work/MadeiraTV/MadeiraTV/.git/modules/FEX/modules/External/fex-gcc-target-tests-bins/config	remote.origin.url
2026-10-03T08:32:03.8444070Z Entering 'FEX/External/fex-gvisor-tests-bins'
2026-10-03T08:32:03.8545960Z file:/Users/runner/work/MadeiraTV/MadeiraTV/.git/modules/FEX/modules/External/fex-gvisor-tests-bins/config	remote.origin.url
2026-10-03T08:32:03.8647460Z Entering 'FEX/External/fex-posixtest-bins'
2026-10-03T08:32:03.8849150Z file:/Users/runner/work/MadeiraTV/MadeiraTV/.git/modules/FEX/modules/External/fex-posixtest-bins/config	remote.origin.url
2026-10-03T08:32:03.8849710Z Entering 'FEX/External/fmt'
2026-10-03T08:32:03.9051220Z file:/Users/runner/work/MadeiraTV/MadeiraTV/.git/modules/FEX/modules/External/fmt/config	remote.origin.url
2026-10-03T08:32:03.9152590Z Entering 'FEX/External/jemalloc_glibc'
2026-10-03T08:32:03.9253810Z file:/Users/runner/work/MadeiraTV/MadeiraTV/.git/modules/FEX/modules/External/jemalloc_glibc/config	remote.origin.url
2026-10-03T08:32:03.9354990Z Entering 'FEX/External/range-v3'
2026-10-03T08:32:03.9465700Z file:/Users/runner/work/MadeiraTV/MadeiraTV/.git/modules/FEX/modules/External/range-v3/config	remote.origin.url
2026-10-03T08:32:03.9515760Z Entering 'FEX/External/range-v3/doc/gh-pages'
2026-10-03T08:32:03.9624330Z file:/Users/runner/work/MadeiraTV/MadeiraTV/.git/modules/FEX/modules/External/range-v3/modules/doc/gh-pages/config	remote.origin.url
2026-10-03T08:32:03.9680470Z Entering 'FEX/External/rpmalloc'
2026-10-03T08:32:03.9761380Z file:/Users/runner/work/MadeiraTV/MadeiraTV/.git/modules/FEX/modules/External/rpmalloc/config	remote.origin.url
2026-10-03T08:32:03.9811910Z Entering 'FEX/External/tracy'
2026-10-03T08:32:03.9886740Z file:/Users/runner/work/MadeiraTV/MadeiraTV/.git/modules/FEX/modules/External/tracy/config	remote.origin.url
2026-10-03T08:32:03.9931200Z Entering 'FEX/External/unordered_dense'
2026-10-03T08:32:04.0011750Z file:/Users/runner/work/MadeiraTV/MadeiraTV/.git/modules/FEX/modules/External/unordered_dense/config	remote.origin.url
2026-10-03T08:32:04.0066850Z Entering 'FEX/External/vixl'
2026-10-03T08:32:04.0141550Z file:/Users/runner/work/MadeiraTV/MadeiraTV/.git/modules/FEX/modules/External/vixl/config	remote.origin.url
2026-10-03T08:32:04.0190070Z Entering 'FEX/External/xxhash'
2026-10-03T08:32:04.0262210Z file:/Users/runner/work/MadeiraTV/MadeiraTV/.git/modules/FEX/modules/External/xxhash/config	remote.origin.url
2026-10-03T08:32:04.0306320Z Entering 'FEX/External/zydis'
2026-10-03T08:32:04.0379530Z file:/Users/runner/work/MadeiraTV/MadeiraTV/.git/modules/FEX/modules/External/zydis/config	remote.origin.url
2026-10-03T08:32:04.0422160Z Entering 'FEX/External/zydis/dependencies/zycore'
2026-10-03T08:32:04.0493630Z file:/Users/runner/work/MadeiraTV/MadeiraTV/.git/modules/FEX/modules/External/zydis/modules/dependencies/zycore/config	remote.origin.url
2026-10-03T08:32:04.0554610Z Entering 'FEX/Source/Common/cpp-optparse'
2026-10-03T08:32:04.0756140Z file:/Users/runner/work/MadeiraTV/MadeiraTV/.git/modules/FEX/modules/External/cpp-optparse/config	remote.origin.url
2026-10-03T08:32:04.0857540Z Entering 'dxmt'
2026-10-03T08:32:04.1059240Z file:/Users/runner/work/MadeiraTV/MadeiraTV/.git/modules/dxmt/config	remote.origin.url
2026-10-03T08:32:04.1159320Z Entering 'dxmt/external/nvapi'
2026-10-03T08:32:04.1260150Z file:/Users/runner/work/MadeiraTV/MadeiraTV/.git/modules/dxmt/modules/external/nvapi/config	remote.origin.url
2026-10-03T08:32:04.1360690Z Entering 'dxmt/include/native/directx'
2026-10-03T08:32:04.1461430Z file:/Users/runner/work/MadeiraTV/MadeiraTV/.git/modules/dxmt/modules/include/native/directx/config	remote.origin.url
2026-10-03T08:32:04.1562330Z Entering 'madeira-dock'
2026-10-03T08:32:04.1662530Z file:/Users/runner/work/MadeiraTV/MadeiraTV/.git/modules/madeira-dock/config	remote.origin.url
2026-10-03T08:32:04.1763130Z Entering 'wine'
2026-10-03T08:32:04.1964310Z file:/Users/runner/work/MadeiraTV/MadeiraTV/.git/modules/wine/config	remote.origin.url
2026-10-03T08:32:04.2268440Z [command]/opt/homebrew/bin/git config --file /Users/runner/work/MadeiraTV/MadeiraTV/.git/modules/FEX/config --name-only --get-regexp ^includeIf\.gitdir:
2026-10-03T08:32:04.2570660Z [command]/opt/homebrew/bin/git config --file /Users/runner/work/MadeiraTV/MadeiraTV/.git/modules/FEX/modules/External/Catch2/config --name-only --get-regexp ^includeIf\.gitdir:
2026-10-03T08:32:04.2873010Z [command]/opt/homebrew/bin/git config --file /Users/runner/work/MadeiraTV/MadeiraTV/.git/modules/FEX/modules/External/Vulkan-Headers/config --name-only --get-regexp ^includeIf\.gitdir:
2026-10-03T08:32:04.3174680Z [command]/opt/homebrew/bin/git config --file /Users/runner/work/MadeiraTV/MadeiraTV/.git/modules/FEX/modules/External/drm-headers/config --name-only --get-regexp ^includeIf\.gitdir:
2026-10-03T08:32:04.3476800Z [command]/opt/homebrew/bin/git config --file /Users/runner/work/MadeiraTV/MadeiraTV/.git/modules/FEX/modules/External/fex-gcc-target-tests-bins/config --name-only --get-regexp ^includeIf\.gitdir:
2026-10-03T08:32:04.3713000Z [command]/opt/homebrew/bin/git config --file /Users/runner/work/MadeiraTV/MadeiraTV/.git/modules/FEX/modules/External/fex-gvisor-tests-bins/config --name-only --get-regexp ^includeIf\.gitdir:
2026-10-03T08:32:04.4017670Z [command]/opt/homebrew/bin/git config --file /Users/runner/work/MadeiraTV/MadeiraTV/.git/modules/FEX/modules/External/fex-posixtest-bins/config --name-only --get-regexp ^includeIf\.gitdir:
2026-10-03T08:32:04.4321580Z [command]/opt/homebrew/bin/git config --file /Users/runner/work/MadeiraTV/MadeiraTV/.git/modules/FEX/modules/External/fmt/config --name-only --get-regexp ^includeIf\.gitdir:
2026-10-03T08:32:04.4625700Z [command]/opt/homebrew/bin/git config --file /Users/runner/work/MadeiraTV/MadeiraTV/.git/modules/FEX/modules/External/jemalloc_glibc/config --name-only --get-regexp ^includeIf\.gitdir:
2026-10-03T08:32:04.4929470Z [command]/opt/homebrew/bin/git config --file /Users/runner/work/MadeiraTV/MadeiraTV/.git/modules/FEX/modules/External/range-v3/config --name-only --get-regexp ^includeIf\.gitdir:
2026-10-03T08:32:04.5233280Z [command]/opt/homebrew/bin/git config --file /Users/runner/work/MadeiraTV/MadeiraTV/.git/modules/FEX/modules/External/range-v3/modules/doc/gh-pages/config --name-only --get-regexp ^includeIf\.gitdir:
2026-10-03T08:32:04.5486060Z [command]/opt/homebrew/bin/git config --file /Users/runner/work/MadeiraTV/MadeiraTV/.git/modules/FEX/modules/External/rpmalloc/config --name-only --get-regexp ^includeIf\.gitdir:
2026-10-03T08:32:04.5740350Z [command]/opt/homebrew/bin/git config --file /Users/runner/work/MadeiraTV/MadeiraTV/.git/modules/FEX/modules/External/tracy/config --name-only --get-regexp ^includeIf\.gitdir:
2026-10-03T08:32:04.5907870Z [command]/opt/homebrew/bin/git config --file /Users/runner/work/MadeiraTV/MadeiraTV/.git/modules/FEX/modules/External/unordered_dense/config --name-only --get-regexp ^includeIf\.gitdir:
2026-10-03T08:32:04.6021610Z [command]/opt/homebrew/bin/git config --file /Users/runner/work/MadeiraTV/MadeiraTV/.git/modules/FEX/modules/External/vixl/config --name-only --get-regexp ^includeIf\.gitdir:
2026-10-03T08:32:04.6027030Z [command]/opt/homebrew/bin/git config --file /Users/runner/work/MadeiraTV/MadeiraTV/.git/modules/FEX/modules/External/xxhash/config --name-only --get-regexp ^includeIf\.gitdir:
2026-10-03T08:32:04.6030720Z [command]/opt/homebrew/bin/git config --file /Users/runner/work/MadeiraTV/MadeiraTV/.git/modules/FEX/modules/External/zydis/config --name-only --get-regexp ^includeIf\.gitdir:
2026-10-03T08:32:04.6041770Z [command]/opt/homebrew/bin/git config --file /Users/runner/work/MadeiraTV/MadeiraTV/.git/modules/FEX/modules/External/zydis/modules/dependencies/zycore/config --name-only --get-regexp ^includeIf\.gitdir:
2026-10-03T08:32:04.6056560Z [command]/opt/homebrew/bin/git config --file /Users/runner/work/MadeiraTV/MadeiraTV/.git/modules/FEX/modules/External/cpp-optparse/config --name-only --get-regexp ^includeIf\.gitdir:
2026-10-03T08:32:04.6064960Z [command]/opt/homebrew/bin/git config --file /Users/runner/work/MadeiraTV/MadeiraTV/.git/modules/dxmt/config --name-only --get-regexp ^includeIf\.gitdir:
2026-10-03T08:32:04.6066460Z [command]/opt/homebrew/bin/git config --file /Users/runner/work/MadeiraTV/MadeiraTV/.git/modules/dxmt/modules/external/nvapi/config --name-only --get-regexp ^includeIf\.gitdir:
2026-10-03T08:32:04.6068570Z [command]/opt/homebrew/bin/git config --file /Users/runner/work/MadeiraTV/MadeiraTV/.git/modules/dxmt/modules/include/native/directx/config --name-only --get-regexp ^includeIf\.gitdir:
2026-10-03T08:32:04.6070240Z [command]/opt/homebrew/bin/git config --file /Users/runner/work/MadeiraTV/MadeiraTV/.git/modules/madeira-dock/config --name-only --get-regexp ^includeIf\.gitdir:
2026-10-03T08:32:04.6071660Z [command]/opt/homebrew/bin/git config --file /Users/runner/work/MadeiraTV/MadeiraTV/.git/modules/wine/config --name-only --get-regexp ^includeIf\.gitdir:
2026-10-03T08:32:04.6130880Z Cleaning up orphan processes
2026-10-03T08:32:05.1699600Z ##[warning]Node.js 20 is deprecated. The following actions target Node.js 20 but are being forced to run on Node.js 24: actions/checkout@v4, actions/upload-artifact@v4. For more information see: https://github.blog/changelog/2025-09-19-deprecation-of-node-20-on-github-actions-runners/

