ï»¿2026-10-03T08:20:15.7063380Z Current runner version: '2.337.0'
2026-10-03T08:20:15.7077380Z ##[group]Runner Image Provisioner
2026-10-03T08:20:15.7077890Z Hosted Compute Agent
2026-10-03T08:20:15.7078250Z Version: 20260828.587
2026-10-03T08:20:15.7078660Z Commit: abac92662cab4cc7352de4f9f9d2e2419aad9c29
2026-10-03T08:20:15.7079140Z Build Date: 2026-08-28T16:44:25Z
2026-10-03T08:20:15.7079580Z Worker ID: {f73f3e6a-9dba-43a6-8892-b2c1a94b06c9}
2026-10-03T08:20:15.7080040Z Azure Region: westus
2026-10-03T08:20:15.7080410Z ##[endgroup]
2026-10-03T08:20:15.7081220Z ##[group]Operating System
2026-10-03T08:20:15.7081600Z macOS
2026-10-03T08:20:15.7081920Z 15.7.9
2026-10-03T08:20:15.7082230Z 24G830
2026-10-03T08:20:15.7082560Z ##[endgroup]
2026-10-03T08:20:15.7082910Z ##[group]Runner Image
2026-10-03T08:20:15.7083280Z Image: macos-15-arm64
2026-10-03T08:20:15.7083640Z Version: 20260907.0337.1
2026-10-03T08:20:15.7084430Z Included Software: https://github.com/actions/runner-images/blob/macos-15-arm64/20260907.0337/images/macos/macos-15-arm64-Readme.md
2026-10-03T08:20:15.7085450Z Image Release: https://github.com/actions/runner-images/releases/tag/macos-15-arm64%2F20260907.0337
2026-10-03T08:20:15.7086100Z ##[endgroup]
2026-10-03T08:20:15.7086860Z ##[group]GITHUB_TOKEN Permissions
2026-10-03T08:20:15.7087820Z Contents: read
2026-10-03T08:20:15.7088190Z Metadata: read
2026-10-03T08:20:15.7088560Z Packages: read
2026-10-03T08:20:15.7088920Z ##[endgroup]
2026-10-03T08:20:15.7090190Z Secret source: Actions
2026-10-03T08:20:15.7090750Z Cache mode: write
2026-10-03T08:20:15.7091170Z Prepare workflow directory
2026-10-03T08:20:15.7297370Z Prepare all required actions
2026-10-03T08:20:15.7333720Z Getting action download info
2026-10-03T08:20:15.9026380Z Download action repository 'actions/checkout@v4' (SHA:11d5960a326750d5838078e36cf38b85af677262)
2026-10-03T08:20:16.3245760Z Download action repository 'actions/upload-artifact@v4' (SHA:ea165f8d65b6e75b540449e92b4886f43607fa02)
2026-10-03T08:20:16.5722520Z Complete job name: Configure + build Wine unix libs for tvOS
2026-10-03T08:20:16.6156040Z ##[warning]Unexpected input(s) 'submodule-depth', valid inputs are ['repository', 'ref', 'token', 'ssh-key', 'ssh-known-hosts', 'ssh-strict', 'ssh-user', 'persist-credentials', 'path', 'clean', 'filter', 'sparse-checkout', 'sparse-checkout-cone-mode', 'fetch-depth', 'fetch-tags', 'show-progress', 'lfs', 'submodules', 'set-safe-directory', 'github-server-url', 'allow-unsafe-pr-checkout']
2026-10-03T08:20:16.6204650Z ##[group]Run actions/checkout@v4
2026-10-03T08:20:16.6205150Z with:
2026-10-03T08:20:16.6205460Z   fetch-depth: 0
2026-10-03T08:20:16.6205800Z   submodules: recursive
2026-10-03T08:20:16.6206140Z   submodule-depth: 1
2026-10-03T08:20:16.6206500Z   repository: duranereloise-hash/MadeiraTV
2026-10-03T08:20:16.6209380Z   token: ***
2026-10-03T08:20:16.6209680Z   ssh-strict: true
2026-10-03T08:20:16.6210000Z   ssh-user: git
2026-10-03T08:20:16.6210330Z   persist-credentials: true
2026-10-03T08:20:16.6210680Z   clean: true
2026-10-03T08:20:16.6211050Z   sparse-checkout-cone-mode: true
2026-10-03T08:20:16.6211450Z   fetch-tags: false
2026-10-03T08:20:16.6211780Z   show-progress: true
2026-10-03T08:20:16.6212110Z   lfs: false
2026-10-03T08:20:16.6212430Z   set-safe-directory: true
2026-10-03T08:20:16.6212800Z   allow-unsafe-pr-checkout: false
2026-10-03T08:20:16.6213280Z ##[endgroup]
2026-10-03T08:20:16.9278170Z Syncing repository: duranereloise-hash/MadeiraTV
2026-10-03T08:20:16.9279460Z ##[group]Getting Git version info
2026-10-03T08:20:16.9279990Z Working directory is '/Users/runner/work/MadeiraTV/MadeiraTV'
2026-10-03T08:20:16.9280790Z [command]/opt/homebrew/bin/git version
2026-10-03T08:20:16.9816770Z git version 2.55.0
2026-10-03T08:20:16.9829390Z ##[endgroup]
2026-10-03T08:20:16.9836910Z Copying '/Users/runner/.gitconfig' to '/Users/runner/work/_temp/e7338ae0-f553-43be-8f0d-b1e19bf64212/.gitconfig'
2026-10-03T08:20:16.9843790Z Temporarily overriding HOME='/Users/runner/work/_temp/e7338ae0-f553-43be-8f0d-b1e19bf64212' before making global git config changes
2026-10-03T08:20:16.9845670Z Adding repository directory to the temporary git global config as a safe directory
2026-10-03T08:20:16.9846770Z [command]/opt/homebrew/bin/git config --global --add safe.directory /Users/runner/work/MadeiraTV/MadeiraTV
2026-10-03T08:20:16.9951160Z Deleting the contents of '/Users/runner/work/MadeiraTV/MadeiraTV'
2026-10-03T08:20:16.9954130Z ##[group]Initializing the repository
2026-10-03T08:20:16.9956870Z [command]/opt/homebrew/bin/git init /Users/runner/work/MadeiraTV/MadeiraTV
2026-10-03T08:20:17.0196110Z hint: Using 'master' as the name for the initial branch. This default branch name
2026-10-03T08:20:17.0197060Z hint: will change to "main" in Git 3.0. To configure the initial branch name
2026-10-03T08:20:17.0197780Z hint: to use in all of your new repositories, which will suppress this warning,
2026-10-03T08:20:17.0198320Z hint: call:
2026-10-03T08:20:17.0198740Z hint:
2026-10-03T08:20:17.0199260Z hint: 	git config --global init.defaultBranch <name>
2026-10-03T08:20:17.0199790Z hint:
2026-10-03T08:20:17.0200260Z hint: Names commonly chosen instead of 'master' are 'main', 'trunk' and
2026-10-03T08:20:17.0200920Z hint: 'development'. The just-created branch can be renamed via this command:
2026-10-03T08:20:17.0201470Z hint:
2026-10-03T08:20:17.0201830Z hint: 	git branch -m <name>
2026-10-03T08:20:17.0202220Z hint:
2026-10-03T08:20:17.0202680Z hint: Disable this message with "git config set advice.defaultBranchName false"
2026-10-03T08:20:17.0204120Z Initialized empty Git repository in /Users/runner/work/MadeiraTV/MadeiraTV/.git/
2026-10-03T08:20:17.0214290Z [command]/opt/homebrew/bin/git remote add origin https://github.com/duranereloise-hash/MadeiraTV
2026-10-03T08:20:17.0286810Z ##[endgroup]
2026-10-03T08:20:17.0288650Z ##[group]Disabling automatic garbage collection
2026-10-03T08:20:17.0289870Z [command]/opt/homebrew/bin/git config --local gc.auto 0
2026-10-03T08:20:17.0348700Z ##[endgroup]
2026-10-03T08:20:17.0349290Z ##[group]Setting up auth
2026-10-03T08:20:17.0361800Z [command]/opt/homebrew/bin/git config --local --name-only --get-regexp core\.sshCommand
2026-10-03T08:20:17.0425840Z [command]/opt/homebrew/bin/git submodule foreach --recursive sh -c "git config --local --name-only --get-regexp 'core\.sshCommand' && git config --local --unset-all 'core.sshCommand' || :"
2026-10-03T08:20:17.1292930Z [command]/opt/homebrew/bin/git config --local --name-only --get-regexp http\.https\:\/\/github\.com\/\.extraheader
2026-10-03T08:20:17.1353730Z [command]/opt/homebrew/bin/git submodule foreach --recursive sh -c "git config --local --name-only --get-regexp 'http\.https\:\/\/github\.com\/\.extraheader' && git config --local --unset-all 'http.https://github.com/.extraheader' || :"
2026-10-03T08:20:17.2091960Z [command]/opt/homebrew/bin/git config --local --name-only --get-regexp ^includeIf\.gitdir:
2026-10-03T08:20:17.2147070Z [command]/opt/homebrew/bin/git submodule foreach --recursive git config --local --show-origin --name-only --get-regexp remote.origin.url
2026-10-03T08:20:17.3452040Z [command]/opt/homebrew/bin/git config --local http.https://github.com/.extraheader AUTHORIZATION: basic ***
2026-10-03T08:20:17.3498290Z ##[endgroup]
2026-10-03T08:20:17.3500190Z ##[group]Fetching the repository
2026-10-03T08:20:17.3503770Z [command]/opt/homebrew/bin/git -c protocol.version=2 fetch --prune --no-recurse-submodules origin +refs/heads/*:refs/remotes/origin/* +refs/tags/*:refs/tags/*
2026-10-03T08:20:18.3598740Z From https://github.com/duranereloise-hash/MadeiraTV
2026-10-03T08:20:18.3601530Z  * [new branch]      main       -> origin/main
2026-10-03T08:20:18.3606230Z [command]/opt/homebrew/bin/git branch --list --remote origin/main
2026-10-03T08:20:18.3677000Z   origin/main
2026-10-03T08:20:18.3688100Z [command]/opt/homebrew/bin/git rev-parse refs/remotes/origin/main
2026-10-03T08:20:18.3746280Z 114c9411a1541ad1c6c2b547c5c58a74f26e3ef2
2026-10-03T08:20:18.3751230Z ##[endgroup]
2026-10-03T08:20:18.3753410Z ##[group]Determining the checkout info
2026-10-03T08:20:18.3756470Z ##[endgroup]
2026-10-03T08:20:18.3759520Z [command]/opt/homebrew/bin/git sparse-checkout disable
2026-10-03T08:20:18.3828150Z [command]/opt/homebrew/bin/git config --local --unset-all extensions.worktreeConfig
2026-10-03T08:20:18.3892780Z ##[group]Checking out the ref
2026-10-03T08:20:18.3895620Z [command]/opt/homebrew/bin/git checkout --progress --force -B main refs/remotes/origin/main
2026-10-03T08:20:18.4512970Z Switched to a new branch 'main'
2026-10-03T08:20:18.4536190Z branch 'main' set up to track 'origin/main'.
2026-10-03T08:20:18.4539500Z ##[endgroup]
2026-10-03T08:20:18.4540780Z ##[group]Setting up auth for fetching submodules
2026-10-03T08:20:18.4543120Z [command]/opt/homebrew/bin/git config --global http.https://github.com/.extraheader AUTHORIZATION: basic ***
2026-10-03T08:20:18.4616360Z [command]/opt/homebrew/bin/git config --global --unset-all url.https://github.com/.insteadOf
2026-10-03T08:20:18.4673390Z [command]/opt/homebrew/bin/git config --global --add url.https://github.com/.insteadOf git@github.com:
2026-10-03T08:20:18.4756520Z [command]/opt/homebrew/bin/git config --global --add url.https://github.com/.insteadOf org-309539288@github.com:
2026-10-03T08:20:18.4836480Z ##[endgroup]
2026-10-03T08:20:18.4839430Z ##[group]Fetching submodules
2026-10-03T08:20:18.4845650Z [command]/opt/homebrew/bin/git submodule sync --recursive
2026-10-03T08:20:18.5622850Z [command]/opt/homebrew/bin/git -c protocol.version=2 submodule update --init --force --recursive
2026-10-03T08:20:18.6740040Z Submodule 'FEX' (https://github.com/duranereloise-hash/FEX.git) registered for path 'FEX'
2026-10-03T08:20:18.6764330Z Submodule 'dxmt' (https://github.com/willfaust/dxmt.git) registered for path 'dxmt'
2026-10-03T08:20:18.6786910Z Submodule 'madeira-dock' (https://github.com/willfaust/madeira-dock.git) registered for path 'madeira-dock'
2026-10-03T08:20:18.6788020Z Submodule 'wine' (https://github.com/willfaust/wine.git) registered for path 'wine'
2026-10-03T08:20:18.6895050Z Cloning into '/Users/runner/work/MadeiraTV/MadeiraTV/FEX'...
2026-10-03T08:20:23.0876320Z Cloning into '/Users/runner/work/MadeiraTV/MadeiraTV/dxmt'...
2026-10-03T08:20:24.8417800Z Cloning into '/Users/runner/work/MadeiraTV/MadeiraTV/madeira-dock'...
2026-10-03T08:20:25.6176880Z Cloning into '/Users/runner/work/MadeiraTV/MadeiraTV/wine'...
2026-10-03T08:22:31.4514340Z Submodule path 'FEX': checked out '48e05a249e2b25614cd3fcb8134ad5dc8b57f7ec'
2026-10-03T08:22:31.4602270Z Submodule 'External/Catch2' (https://github.com/catchorg/Catch2.git) registered for path 'FEX/External/Catch2'
2026-10-03T08:22:31.4620620Z Submodule 'External/Vulkan-Headers' (https://github.com/KhronosGroup/Vulkan-Headers.git) registered for path 'FEX/External/Vulkan-Headers'
2026-10-03T08:22:31.4633460Z Submodule 'External/drm-headers' (https://github.com/FEX-Emu/drm-headers.git) registered for path 'FEX/External/drm-headers'
2026-10-03T08:22:31.4672440Z Submodule 'External/fex-gcc-target-tests-bins' (https://github.com/FEX-Emu/fex-gcc-target-tests-bins.git) registered for path 'FEX/External/fex-gcc-target-tests-bins'
2026-10-03T08:22:31.4676450Z Submodule 'External/fex-gvisor-tests-bins' (https://github.com/FEX-Emu/fex-gvisor-tests-bins.git) registered for path 'FEX/External/fex-gvisor-tests-bins'
2026-10-03T08:22:31.4681060Z Submodule 'External/fex-posixtest-bins' (https://github.com/FEX-Emu/fex-posixtest-bins.git) registered for path 'FEX/External/fex-posixtest-bins'
2026-10-03T08:22:31.4696310Z Submodule 'External/fmt' (https://github.com/fmtlib/fmt.git) registered for path 'FEX/External/fmt'
2026-10-03T08:22:31.4709740Z Submodule 'External/jemalloc_glibc' (https://github.com/FEX-Emu/jemalloc.git) registered for path 'FEX/External/jemalloc_glibc'
2026-10-03T08:22:31.4722700Z Submodule 'External/range-v3' (https://github.com/ericniebler/range-v3.git) registered for path 'FEX/External/range-v3'
2026-10-03T08:22:31.4736480Z Submodule 'External/rpmalloc' (https://github.com/willfaust/rpmalloc.git) registered for path 'FEX/External/rpmalloc'
2026-10-03T08:22:31.4744860Z Submodule 'External/tracy' (https://github.com/wolfpld/tracy) registered for path 'FEX/External/tracy'
2026-10-03T08:22:31.4760130Z Submodule 'External/unordered_dense' (https://github.com/martinus/unordered_dense.git) registered for path 'FEX/External/unordered_dense'
2026-10-03T08:22:31.4762600Z Submodule 'External/vixl' (https://github.com/FEX-Emu/vixl.git) registered for path 'FEX/External/vixl'
2026-10-03T08:22:31.4774510Z Submodule 'External/xxhash' (https://github.com/Cyan4973/xxHash.git) registered for path 'FEX/External/xxhash'
2026-10-03T08:22:31.4788730Z Submodule 'External/zydis' (https://github.com/zyantific/zydis.git) registered for path 'FEX/External/zydis'
2026-10-03T08:22:31.4795660Z Submodule 'External/cpp-optparse' (https://github.com/Sonicadvance1/cpp-optparse) registered for path 'FEX/Source/Common/cpp-optparse'
2026-10-03T08:22:31.5075020Z Cloning into '/Users/runner/work/MadeiraTV/MadeiraTV/FEX/External/Catch2'...
2026-10-03T08:22:35.1062070Z Cloning into '/Users/runner/work/MadeiraTV/MadeiraTV/FEX/External/Vulkan-Headers'...
2026-10-03T08:22:36.0921110Z Cloning into '/Users/runner/work/MadeiraTV/MadeiraTV/FEX/External/drm-headers'...
2026-10-03T08:22:36.9359870Z Cloning into '/Users/runner/work/MadeiraTV/MadeiraTV/FEX/External/fex-gcc-target-tests-bins'...
2026-10-03T08:22:37.9069020Z Cloning into '/Users/runner/work/MadeiraTV/MadeiraTV/FEX/External/fex-gvisor-tests-bins'...
2026-10-03T08:22:42.4531200Z Cloning into '/Users/runner/work/MadeiraTV/MadeiraTV/FEX/External/fex-posixtest-bins'...
2026-10-03T08:22:43.6132070Z Cloning into '/Users/runner/work/MadeiraTV/MadeiraTV/FEX/External/fmt'...
2026-10-03T08:22:45.9490500Z Cloning into '/Users/runner/work/MadeiraTV/MadeiraTV/FEX/External/jemalloc_glibc'...
2026-10-03T08:22:47.6548660Z Cloning into '/Users/runner/work/MadeiraTV/MadeiraTV/FEX/External/range-v3'...
2026-10-03T08:22:51.3916760Z Cloning into '/Users/runner/work/MadeiraTV/MadeiraTV/FEX/External/rpmalloc'...
2026-10-03T08:22:52.5027730Z Cloning into '/Users/runner/work/MadeiraTV/MadeiraTV/FEX/External/tracy'...
2026-10-03T08:22:57.8169040Z Cloning into '/Users/runner/work/MadeiraTV/MadeiraTV/FEX/External/unordered_dense'...
2026-10-03T08:22:59.1931250Z Cloning into '/Users/runner/work/MadeiraTV/MadeiraTV/FEX/External/vixl'...
2026-10-03T08:23:01.6442220Z Cloning into '/Users/runner/work/MadeiraTV/MadeiraTV/FEX/External/xxhash'...
2026-10-03T08:23:02.9093880Z Cloning into '/Users/runner/work/MadeiraTV/MadeiraTV/FEX/External/zydis'...
2026-10-03T08:23:04.0572670Z Cloning into '/Users/runner/work/MadeiraTV/MadeiraTV/FEX/Source/Common/cpp-optparse'...
2026-10-03T08:23:04.9131990Z Submodule path 'FEX/External/Catch2': checked out 'b3fb4b9feafcd8d91c5cb510a4775143fdbef02f'
2026-10-03T08:23:27.5579470Z From https://github.com/KhronosGroup/Vulkan-Headers
2026-10-03T08:23:27.5580730Z  * branch            450bd2232225d6c7728a4108055ac2e37cef6475 -> FETCH_HEAD
2026-10-03T08:23:27.7096660Z Submodule path 'FEX/External/Vulkan-Headers': checked out '450bd2232225d6c7728a4108055ac2e37cef6475'
2026-10-03T08:23:27.7582610Z Submodule path 'FEX/External/drm-headers': checked out '3e49836995c1dcb3df709440ad2f270b569c6a5f'
2026-10-03T08:23:28.2268130Z Submodule path 'FEX/External/fex-gcc-target-tests-bins': checked out '442678a134e2d25e759c430cca32e06e9e142f1f'
2026-10-03T08:23:30.4099790Z Submodule path 'FEX/External/fex-gvisor-tests-bins': checked out '71349ae6d14ac2e3e792730e240aecd8076cee6c'
2026-10-03T08:23:31.4930630Z Submodule path 'FEX/External/fex-posixtest-bins': checked out '9ae29638f8000c1603f16385ed1cf6c4c23ee414'
2026-10-03T08:23:31.6378500Z Submodule path 'FEX/External/fmt': checked out '407c905e45ad75fc29bf0f9bb7c5c2fd3475976f'
2026-10-03T08:23:31.8322980Z Submodule path 'FEX/External/jemalloc_glibc': checked out '8436195ad5e1bc347d9b39743af3d29abee59f06'
2026-10-03T08:23:32.0419790Z Submodule path 'FEX/External/range-v3': checked out 'ca1388fb9da8e69314dda222dc7b139ca84e092f'
2026-10-03T08:23:32.0495400Z Submodule 'doc/gh-pages' (https://github.com/ericniebler/range-v3.git) registered for path 'FEX/External/range-v3/doc/gh-pages'
2026-10-03T08:23:32.0628830Z Cloning into '/Users/runner/work/MadeiraTV/MadeiraTV/FEX/External/range-v3/doc/gh-pages'...
2026-10-03T08:23:35.7639650Z Submodule path 'FEX/External/range-v3/doc/gh-pages': checked out '2dae74bb693e42d850fb0adcc9045c5b71fbdeae'
2026-10-03T08:23:35.8396310Z Submodule path 'FEX/External/rpmalloc': checked out '812c2b9cf4310ffacf14e6b64066e78ab0c394b5'
2026-10-03T08:23:36.0217880Z Submodule path 'FEX/External/tracy': checked out '650c98ece70da9e155e7ba1c2b3ee16004aae118'
2026-10-03T08:23:36.5998780Z Submodule path 'FEX/External/unordered_dense': checked out '3234af2c03549bc85656bfd3a86993bf1cd8aef1'
2026-10-03T08:23:45.5108620Z From https://github.com/FEX-Emu/vixl
2026-10-03T08:23:45.5110270Z  * branch              5f418449c48f6ca3ad37c47ec632f17a561c0580 -> FETCH_HEAD
2026-10-03T08:23:47.0160000Z Submodule path 'FEX/External/vixl': checked out '5f418449c48f6ca3ad37c47ec632f17a561c0580'
2026-10-03T08:23:47.0847800Z Submodule path 'FEX/External/xxhash': checked out 'e626a72bc2321cd320e953a0ccf1584cad60f363'
2026-10-03T08:23:54.8792510Z From https://github.com/zyantific/zydis
2026-10-03T08:23:54.8796060Z  * branch            9bfadd6a55fc92dbd37fa3ba089bf8b36622df4f -> FETCH_HEAD
2026-10-03T08:23:55.0684340Z Submodule path 'FEX/External/zydis': checked out '9bfadd6a55fc92dbd37fa3ba089bf8b36622df4f'
2026-10-03T08:23:55.0742340Z Submodule 'dependencies/zycore' (https://github.com/zyantific/zycore-c) registered for path 'FEX/External/zydis/dependencies/zycore'
2026-10-03T08:23:55.0838890Z Cloning into '/Users/runner/work/MadeiraTV/MadeiraTV/FEX/External/zydis/dependencies/zycore'...
2026-10-03T08:23:56.0467510Z Submodule path 'FEX/External/zydis/dependencies/zycore': checked out '75a36c45ae1ad382b0f4e0ede0af84c11ee69928'
2026-10-03T08:23:56.0791670Z Submodule path 'FEX/Source/Common/cpp-optparse': checked out '9f94388a339fcbb0bc95c17768eb786c85988f6e'
2026-10-03T08:23:56.1910040Z Submodule path 'dxmt': checked out 'a5e0cd3d41bf248fd1c030a2e1c515ba3522f4ef'
2026-10-03T08:23:56.1974830Z Submodule 'external/nvapi' (https://github.com/NVIDIA/nvapi.git) registered for path 'dxmt/external/nvapi'
2026-10-03T08:23:56.1977320Z Submodule 'include/native/directx' (https://github.com/misyltoad/mingw-directx-headers) registered for path 'dxmt/include/native/directx'
2026-10-03T08:23:56.2077650Z Cloning into '/Users/runner/work/MadeiraTV/MadeiraTV/dxmt/external/nvapi'...
2026-10-03T08:24:00.2953320Z Cloning into '/Users/runner/work/MadeiraTV/MadeiraTV/dxmt/include/native/directx'...
2026-10-03T08:24:01.2479240Z Submodule path 'dxmt/external/nvapi': checked out 'd08488fcc82eef313b0464db37d2955709691e94'
2026-10-03T08:24:01.3244520Z Submodule path 'dxmt/include/native/directx': checked out '9df86f2341616ef1888ae59919feaa6d4fad693d'
2026-10-03T08:24:01.3903840Z Submodule path 'madeira-dock': checked out '3cadfbea700e4da4b04e331dd7ef1ba633dfacef'
2026-10-03T08:24:04.3793440Z Submodule path 'wine': checked out '4f5b19718f4de88ecc5cb0dc08b119497a67ba8f'
2026-10-03T08:24:04.3992100Z [command]/opt/homebrew/bin/git submodule foreach --recursive git config --local gc.auto 0
2026-10-03T08:24:04.4921730Z Entering 'FEX'
2026-10-03T08:24:04.5097040Z Entering 'FEX/External/Catch2'
2026-10-03T08:24:04.5275140Z Entering 'FEX/External/Vulkan-Headers'
2026-10-03T08:24:04.5430190Z Entering 'FEX/External/drm-headers'
2026-10-03T08:24:04.5651380Z Entering 'FEX/External/fex-gcc-target-tests-bins'
2026-10-03T08:24:04.5826670Z Entering 'FEX/External/fex-gvisor-tests-bins'
2026-10-03T08:24:04.6002010Z Entering 'FEX/External/fex-posixtest-bins'
2026-10-03T08:24:04.6183970Z Entering 'FEX/External/fmt'
2026-10-03T08:24:04.6345160Z Entering 'FEX/External/jemalloc_glibc'
2026-10-03T08:24:04.6515390Z Entering 'FEX/External/range-v3'
2026-10-03T08:24:04.6664900Z Entering 'FEX/External/range-v3/doc/gh-pages'
2026-10-03T08:24:04.6821210Z Entering 'FEX/External/rpmalloc'
2026-10-03T08:24:04.6963110Z Entering 'FEX/External/tracy'
2026-10-03T08:24:04.7113870Z Entering 'FEX/External/unordered_dense'
2026-10-03T08:24:04.7269580Z Entering 'FEX/External/vixl'
2026-10-03T08:24:04.7417880Z Entering 'FEX/External/xxhash'
2026-10-03T08:24:04.7569650Z Entering 'FEX/External/zydis'
2026-10-03T08:24:04.7717920Z Entering 'FEX/External/zydis/dependencies/zycore'
2026-10-03T08:24:04.7863920Z Entering 'FEX/Source/Common/cpp-optparse'
2026-10-03T08:24:04.8011500Z Entering 'dxmt'
2026-10-03T08:24:04.8166690Z Entering 'dxmt/external/nvapi'
2026-10-03T08:24:04.8313710Z Entering 'dxmt/include/native/directx'
2026-10-03T08:24:04.8458250Z Entering 'madeira-dock'
2026-10-03T08:24:04.8593110Z Entering 'wine'
2026-10-03T08:24:04.8761090Z ##[endgroup]
2026-10-03T08:24:04.8761540Z ##[group]Persisting credentials for submodules
2026-10-03T08:24:04.8772140Z [command]/opt/homebrew/bin/git submodule foreach --recursive sh -c "git config --local --name-only --get-regexp 'url\.https\:\/\/github\.com\/\.insteadOf' && git config --local --unset-all 'url.https://github.com/.insteadOf' || :"
2026-10-03T08:24:04.9480430Z Entering 'FEX'
2026-10-03T08:24:04.9709010Z Entering 'FEX/External/Catch2'
2026-10-03T08:24:04.9896750Z Entering 'FEX/External/Vulkan-Headers'
2026-10-03T08:24:05.0083500Z Entering 'FEX/External/drm-headers'
2026-10-03T08:24:05.0267500Z Entering 'FEX/External/fex-gcc-target-tests-bins'
2026-10-03T08:24:05.0428760Z Entering 'FEX/External/fex-gvisor-tests-bins'
2026-10-03T08:24:05.0604500Z Entering 'FEX/External/fex-posixtest-bins'
2026-10-03T08:24:05.0847220Z Entering 'FEX/External/fmt'
2026-10-03T08:24:05.1248280Z Entering 'FEX/External/jemalloc_glibc'
2026-10-03T08:24:05.1574010Z Entering 'FEX/External/range-v3'
2026-10-03T08:24:05.2139050Z Entering 'FEX/External/range-v3/doc/gh-pages'
2026-10-03T08:24:05.2393380Z Entering 'FEX/External/rpmalloc'
2026-10-03T08:24:05.2569210Z Entering 'FEX/External/tracy'
2026-10-03T08:24:05.2745920Z Entering 'FEX/External/unordered_dense'
2026-10-03T08:24:05.2914470Z Entering 'FEX/External/vixl'
2026-10-03T08:24:05.3117180Z Entering 'FEX/External/xxhash'
2026-10-03T08:24:05.3518290Z Entering 'FEX/External/zydis'
2026-10-03T08:24:05.3820270Z Entering 'FEX/External/zydis/dependencies/zycore'
2026-10-03T08:24:05.4121400Z Entering 'FEX/Source/Common/cpp-optparse'
2026-10-03T08:24:05.4422350Z Entering 'dxmt'
2026-10-03T08:24:05.4823490Z Entering 'dxmt/external/nvapi'
2026-10-03T08:24:05.5124480Z Entering 'dxmt/include/native/directx'
2026-10-03T08:24:05.5425180Z Entering 'madeira-dock'
2026-10-03T08:24:05.5727310Z Entering 'wine'
2026-10-03T08:24:05.6230540Z [command]/opt/homebrew/bin/git submodule foreach --recursive sh -c "git config --local 'http.https://github.com/.extraheader' 'AUTHORIZATION: basic ***' && git config --local --show-origin --name-only --get-regexp remote.origin.url"
2026-10-03T08:24:05.6851730Z Entering 'FEX'
2026-10-03T08:24:05.7036090Z file:/Users/runner/work/MadeiraTV/MadeiraTV/.git/modules/FEX/config	remote.origin.url
2026-10-03T08:24:05.7097220Z Entering 'FEX/External/Catch2'
2026-10-03T08:24:05.7275180Z file:/Users/runner/work/MadeiraTV/MadeiraTV/.git/modules/FEX/modules/External/Catch2/config	remote.origin.url
2026-10-03T08:24:05.7327410Z Entering 'FEX/External/Vulkan-Headers'
2026-10-03T08:24:05.7495030Z file:/Users/runner/work/MadeiraTV/MadeiraTV/.git/modules/FEX/modules/External/Vulkan-Headers/config	remote.origin.url
2026-10-03T08:24:05.7550990Z Entering 'FEX/External/drm-headers'
2026-10-03T08:24:05.7724190Z file:/Users/runner/work/MadeiraTV/MadeiraTV/.git/modules/FEX/modules/External/drm-headers/config	remote.origin.url
2026-10-03T08:24:05.7782440Z Entering 'FEX/External/fex-gcc-target-tests-bins'
2026-10-03T08:24:05.7959060Z file:/Users/runner/work/MadeiraTV/MadeiraTV/.git/modules/FEX/modules/External/fex-gcc-target-tests-bins/config	remote.origin.url
2026-10-03T08:24:05.8018250Z Entering 'FEX/External/fex-gvisor-tests-bins'
2026-10-03T08:24:05.8216960Z file:/Users/runner/work/MadeiraTV/MadeiraTV/.git/modules/FEX/modules/External/fex-gvisor-tests-bins/config	remote.origin.url
2026-10-03T08:24:05.8275320Z Entering 'FEX/External/fex-posixtest-bins'
2026-10-03T08:24:05.8443080Z file:/Users/runner/work/MadeiraTV/MadeiraTV/.git/modules/FEX/modules/External/fex-posixtest-bins/config	remote.origin.url
2026-10-03T08:24:05.8505590Z Entering 'FEX/External/fmt'
2026-10-03T08:24:05.8674990Z file:/Users/runner/work/MadeiraTV/MadeiraTV/.git/modules/FEX/modules/External/fmt/config	remote.origin.url
2026-10-03T08:24:05.8728770Z Entering 'FEX/External/jemalloc_glibc'
2026-10-03T08:24:05.8909070Z file:/Users/runner/work/MadeiraTV/MadeiraTV/.git/modules/FEX/modules/External/jemalloc_glibc/config	remote.origin.url
2026-10-03T08:24:05.8963830Z Entering 'FEX/External/range-v3'
2026-10-03T08:24:05.9122790Z file:/Users/runner/work/MadeiraTV/MadeiraTV/.git/modules/FEX/modules/External/range-v3/config	remote.origin.url
2026-10-03T08:24:05.9173060Z Entering 'FEX/External/range-v3/doc/gh-pages'
2026-10-03T08:24:05.9353030Z file:/Users/runner/work/MadeiraTV/MadeiraTV/.git/modules/FEX/modules/External/range-v3/modules/doc/gh-pages/config	remote.origin.url
2026-10-03T08:24:05.9412830Z Entering 'FEX/External/rpmalloc'
2026-10-03T08:24:05.9584480Z file:/Users/runner/work/MadeiraTV/MadeiraTV/.git/modules/FEX/modules/External/rpmalloc/config	remote.origin.url
2026-10-03T08:24:05.9636720Z Entering 'FEX/External/tracy'
2026-10-03T08:24:05.9798160Z file:/Users/runner/work/MadeiraTV/MadeiraTV/.git/modules/FEX/modules/External/tracy/config	remote.origin.url
2026-10-03T08:24:05.9852150Z Entering 'FEX/External/unordered_dense'
2026-10-03T08:24:06.0035650Z file:/Users/runner/work/MadeiraTV/MadeiraTV/.git/modules/FEX/modules/External/unordered_dense/config	remote.origin.url
2026-10-03T08:24:06.0090320Z Entering 'FEX/External/vixl'
2026-10-03T08:24:06.0265020Z file:/Users/runner/work/MadeiraTV/MadeiraTV/.git/modules/FEX/modules/External/vixl/config	remote.origin.url
2026-10-03T08:24:06.0334220Z Entering 'FEX/External/xxhash'
2026-10-03T08:24:06.0511480Z file:/Users/runner/work/MadeiraTV/MadeiraTV/.git/modules/FEX/modules/External/xxhash/config	remote.origin.url
2026-10-03T08:24:06.0561300Z Entering 'FEX/External/zydis'
2026-10-03T08:24:06.0734820Z file:/Users/runner/work/MadeiraTV/MadeiraTV/.git/modules/FEX/modules/External/zydis/config	remote.origin.url
2026-10-03T08:24:06.0788510Z Entering 'FEX/External/zydis/dependencies/zycore'
2026-10-03T08:24:06.0975990Z file:/Users/runner/work/MadeiraTV/MadeiraTV/.git/modules/FEX/modules/External/zydis/modules/dependencies/zycore/config	remote.origin.url
2026-10-03T08:24:06.1041080Z Entering 'FEX/Source/Common/cpp-optparse'
2026-10-03T08:24:06.1207710Z file:/Users/runner/work/MadeiraTV/MadeiraTV/.git/modules/FEX/modules/External/cpp-optparse/config	remote.origin.url
2026-10-03T08:24:06.1260860Z Entering 'dxmt'
2026-10-03T08:24:06.1432160Z file:/Users/runner/work/MadeiraTV/MadeiraTV/.git/modules/dxmt/config	remote.origin.url
2026-10-03T08:24:06.1492540Z Entering 'dxmt/external/nvapi'
2026-10-03T08:24:06.1674260Z file:/Users/runner/work/MadeiraTV/MadeiraTV/.git/modules/dxmt/modules/external/nvapi/config	remote.origin.url
2026-10-03T08:24:06.1733180Z Entering 'dxmt/include/native/directx'
2026-10-03T08:24:06.1917020Z file:/Users/runner/work/MadeiraTV/MadeiraTV/.git/modules/dxmt/modules/include/native/directx/config	remote.origin.url
2026-10-03T08:24:06.1975370Z Entering 'madeira-dock'
2026-10-03T08:24:06.2158030Z file:/Users/runner/work/MadeiraTV/MadeiraTV/.git/modules/madeira-dock/config	remote.origin.url
2026-10-03T08:24:06.2213400Z Entering 'wine'
2026-10-03T08:24:06.2380260Z file:/Users/runner/work/MadeiraTV/MadeiraTV/.git/modules/wine/config	remote.origin.url
2026-10-03T08:24:06.2550980Z [command]/opt/homebrew/bin/git submodule foreach --recursive git config --local --add 'url.https://github.com/.insteadOf' 'git@github.com:'
2026-10-03T08:24:06.3227280Z Entering 'FEX'
2026-10-03T08:24:06.3382840Z Entering 'FEX/External/Catch2'
2026-10-03T08:24:06.3525610Z Entering 'FEX/External/Vulkan-Headers'
2026-10-03T08:24:06.3673560Z Entering 'FEX/External/drm-headers'
2026-10-03T08:24:06.3811210Z Entering 'FEX/External/fex-gcc-target-tests-bins'
2026-10-03T08:24:06.3956650Z Entering 'FEX/External/fex-gvisor-tests-bins'
2026-10-03T08:24:06.4090850Z Entering 'FEX/External/fex-posixtest-bins'
2026-10-03T08:24:06.4241010Z Entering 'FEX/External/fmt'
2026-10-03T08:24:06.4389550Z Entering 'FEX/External/jemalloc_glibc'
2026-10-03T08:24:06.4527560Z Entering 'FEX/External/range-v3'
2026-10-03T08:24:06.4665900Z Entering 'FEX/External/range-v3/doc/gh-pages'
2026-10-03T08:24:06.4822230Z Entering 'FEX/External/rpmalloc'
2026-10-03T08:24:06.4966010Z Entering 'FEX/External/tracy'
2026-10-03T08:24:06.5099550Z Entering 'FEX/External/unordered_dense'
2026-10-03T08:24:06.5237620Z Entering 'FEX/External/vixl'
2026-10-03T08:24:06.5377360Z Entering 'FEX/External/xxhash'
2026-10-03T08:24:06.5523030Z Entering 'FEX/External/zydis'
2026-10-03T08:24:06.5659770Z Entering 'FEX/External/zydis/dependencies/zycore'
2026-10-03T08:24:06.5803050Z Entering 'FEX/Source/Common/cpp-optparse'
2026-10-03T08:24:06.5948670Z Entering 'dxmt'
2026-10-03T08:24:06.6079260Z Entering 'dxmt/external/nvapi'
2026-10-03T08:24:06.6215350Z Entering 'dxmt/include/native/directx'
2026-10-03T08:24:06.6357900Z Entering 'madeira-dock'
2026-10-03T08:24:06.6506200Z Entering 'wine'
2026-10-03T08:24:06.6657400Z [command]/opt/homebrew/bin/git submodule foreach --recursive git config --local --add 'url.https://github.com/.insteadOf' 'org-309539288@github.com:'
2026-10-03T08:24:06.7346280Z Entering 'FEX'
2026-10-03T08:24:06.7492280Z Entering 'FEX/External/Catch2'
2026-10-03T08:24:06.7642790Z Entering 'FEX/External/Vulkan-Headers'
2026-10-03T08:24:06.7788450Z Entering 'FEX/External/drm-headers'
2026-10-03T08:24:06.7933470Z Entering 'FEX/External/fex-gcc-target-tests-bins'
2026-10-03T08:24:06.8081280Z Entering 'FEX/External/fex-gvisor-tests-bins'
2026-10-03T08:24:06.8223330Z Entering 'FEX/External/fex-posixtest-bins'
2026-10-03T08:24:06.8363240Z Entering 'FEX/External/fmt'
2026-10-03T08:24:06.8504950Z Entering 'FEX/External/jemalloc_glibc'
2026-10-03T08:24:06.8657580Z Entering 'FEX/External/range-v3'
2026-10-03T08:24:06.8794630Z Entering 'FEX/External/range-v3/doc/gh-pages'
2026-10-03T08:24:06.8935330Z Entering 'FEX/External/rpmalloc'
2026-10-03T08:24:06.9070500Z Entering 'FEX/External/tracy'
2026-10-03T08:24:06.9213950Z Entering 'FEX/External/unordered_dense'
2026-10-03T08:24:06.9353770Z Entering 'FEX/External/vixl'
2026-10-03T08:24:06.9496850Z Entering 'FEX/External/xxhash'
2026-10-03T08:24:06.9643940Z Entering 'FEX/External/zydis'
2026-10-03T08:24:06.9793270Z Entering 'FEX/External/zydis/dependencies/zycore'
2026-10-03T08:24:06.9947960Z Entering 'FEX/Source/Common/cpp-optparse'
2026-10-03T08:24:07.0088880Z Entering 'dxmt'
2026-10-03T08:24:07.0227800Z Entering 'dxmt/external/nvapi'
2026-10-03T08:24:07.0375070Z Entering 'dxmt/include/native/directx'
2026-10-03T08:24:07.0515520Z Entering 'madeira-dock'
2026-10-03T08:24:07.0657390Z Entering 'wine'
2026-10-03T08:24:07.0813580Z ##[endgroup]
2026-10-03T08:24:07.0910850Z [command]/opt/homebrew/bin/git log -1 --format=%H
2026-10-03T08:24:07.0966530Z 114c9411a1541ad1c6c2b547c5c58a74f26e3ef2
2026-10-03T08:24:07.1440560Z ##[group]Run xcodebuild -version
2026-10-03T08:24:07.1440850Z [36;1mxcodebuild -version[0m
2026-10-03T08:24:07.1441150Z [36;1mxcrun --sdk appletvos --show-sdk-version[0m
2026-10-03T08:24:07.1441370Z [36;1mpython3 --version[0m
2026-10-03T08:24:07.1441560Z [36;1mbrew install bison flex 2>&1 | tail -3[0m
2026-10-03T08:24:07.1441820Z [36;1mecho "$(brew --prefix bison)/bin" >> $GITHUB_PATH[0m
2026-10-03T08:24:07.1442100Z [36;1mecho "$(brew --prefix flex)/bin" >> $GITHUB_PATH[0m
2026-10-03T08:24:07.1694500Z shell: /bin/bash -e {0}
2026-10-03T08:24:07.1694750Z ##[endgroup]
2026-10-03T08:24:07.5719640Z Xcode 16.4
2026-10-03T08:24:07.5729090Z Build version 16F6
2026-10-03T08:24:09.2949890Z 18.5
2026-10-03T08:24:09.3978160Z Python 3.14.7
2026-10-03T08:24:11.5219330Z For compilers to find flex you may need to set:
2026-10-03T08:24:11.5220810Z   export LDFLAGS="-L/opt/homebrew/opt/flex/lib"
2026-10-03T08:24:11.5221320Z   export CPPFLAGS="-I/opt/homebrew/opt/flex/include"
2026-10-03T08:24:11.5702910Z ##[group]Run set -e
2026-10-03T08:24:11.5703150Z [36;1mset -e[0m
2026-10-03T08:24:11.5703510Z [36;1mmkdir -p toolchains[0m
2026-10-03T08:24:11.5703720Z [36;1mcd toolchains[0m
2026-10-03T08:24:11.5703910Z [36;1mcurl -sSL -o llvm-mingw.tar.xz \[0m
2026-10-03T08:24:11.5704420Z [36;1m  https://github.com/mstorsjo/llvm-mingw/releases/download/20260421/llvm-mingw-20260421-ucrt-macos-universal.tar.xz[0m
2026-10-03T08:24:11.5704880Z [36;1mtar -xJf llvm-mingw.tar.xz[0m
2026-10-03T08:24:11.5705090Z [36;1mls -d llvm-mingw-*/[0m
2026-10-03T08:24:11.5705390Z [36;1mecho "$(pwd)/llvm-mingw-20260421-ucrt-macos-universal/bin" >> $GITHUB_PATH[0m
2026-10-03T08:24:11.5751790Z shell: /bin/bash -e {0}
2026-10-03T08:24:11.5752080Z ##[endgroup]
2026-10-03T08:24:22.3654680Z llvm-mingw-20260421-ucrt-macos-universal/
2026-10-03T08:24:22.3710470Z ##[group]Run set -o pipefail
2026-10-03T08:24:22.3710730Z [36;1mset -o pipefail[0m
2026-10-03T08:24:22.3710900Z [36;1mROOT="$(pwd)"[0m
2026-10-03T08:24:22.3711070Z [36;1mcd wine[0m
2026-10-03T08:24:22.3711380Z [36;1m# Wine's generated Makefiles reference ../../../../build/madeira_cfg.h[0m
2026-10-03T08:24:22.3711830Z [36;1m# from build-macos/dlls/*/ (i.e. $ROOT/wine/build). Make it resolve[0m
2026-10-03T08:24:22.3712170Z [36;1m# to the repo-root build/ via an absolute symlink.[0m
2026-10-03T08:24:22.3712490Z [36;1mln -sfn "$ROOT/build" "$ROOT/wine/build"[0m
2026-10-03T08:24:22.3712820Z [36;1mls -la "$ROOT/wine/build/madeira_cfg.h" || echo "SYMLINK TARGET MISSING"[0m
2026-10-03T08:24:22.3713150Z [36;1mmkdir -p build-macos[0m
2026-10-03T08:24:22.3713340Z [36;1mcd build-macos[0m
2026-10-03T08:24:22.3713540Z [36;1mif [ ! -f config.status ]; then[0m
2026-10-03T08:24:22.3713850Z [36;1m  ../configure --without-x --without-freetype --without-fontconfig \[0m
2026-10-03T08:24:22.3714240Z [36;1m    --without-vulkan --without-opengl \[0m
2026-10-03T08:24:22.3714580Z [36;1m    --enable-wineandroid=no 2>&1 | tee ../../wine-build-macos-config.log[0m
2026-10-03T08:24:22.3714940Z [36;1m  echo "=== configure rc=${PIPESTATUS[0]} ==="[0m
2026-10-03T08:24:22.3715180Z [36;1mfi[0m
2026-10-03T08:24:22.3715450Z [36;1mls include/config.h >/dev/null && echo "config.h OK" || echo "NO config.h"[0m
2026-10-03T08:24:22.3715940Z [36;1mls tools/winebuild/winebuild >/dev/null && echo "winebuild OK" || echo "winebuild not built yet"[0m
2026-10-03T08:24:22.3776640Z shell: /bin/bash -e {0}
2026-10-03T08:24:22.3776830Z ##[endgroup]
2026-10-03T08:24:22.4554830Z ls: /Users/runner/work/MadeiraTV/MadeiraTV/wine/build/madeira_cfg.h: No such file or directory
2026-10-03T08:24:22.4556490Z SYMLINK TARGET MISSING
2026-10-03T08:24:22.5796900Z configure: WARNING: unrecognized options: --enable-wineandroid
2026-10-03T08:24:22.6772470Z checking build system type... aarch64-apple-darwin24.6.0
2026-10-03T08:24:22.6773080Z checking host system type... aarch64-apple-darwin24.6.0
2026-10-03T08:24:22.6779570Z checking for gcc... gcc
2026-10-03T08:24:24.5443330Z checking whether the C compiler works... yes
2026-10-03T08:24:24.5446650Z checking for C compiler default output file name... a.out
2026-10-03T08:24:24.6045590Z checking for suffix of executables... 
2026-10-03T08:24:24.7107260Z checking whether we are cross compiling... no
2026-10-03T08:24:24.7508460Z checking for suffix of object files... o
2026-10-03T08:24:24.7866940Z checking whether the compiler supports GNU C... yes
2026-10-03T08:24:24.8235700Z checking whether gcc accepts -g... yes
2026-10-03T08:24:24.9130780Z checking for gcc option to enable C11 features... none needed
2026-10-03T08:24:24.9138100Z checking for g++... g++
2026-10-03T08:24:26.1881980Z checking whether the compiler supports GNU C++... yes
2026-10-03T08:24:26.2278300Z checking whether g++ accepts -g... yes
2026-10-03T08:24:26.5421630Z checking for g++ option to enable C++11 features... none needed
2026-10-03T08:24:26.5427820Z checking for cpp... cpp
2026-10-03T08:24:26.5549420Z checking for ld... ld
2026-10-03T08:24:26.5552400Z checking for the directory containing the Wine tools... none needed
2026-10-03T08:24:26.5558080Z checking for flex... flex
2026-10-03T08:24:27.0575070Z checking whether flex is recent enough... yes
2026-10-03T08:24:27.0576330Z checking for bison... bison
2026-10-03T08:24:27.5100320Z checking whether bison is recent enough... yes
2026-10-03T08:24:27.5105930Z checking for strip... strip
2026-10-03T08:24:27.5108030Z checking whether ln -s works... yes
2026-10-03T08:24:27.5109450Z checking for pkg-config... pkg-config
2026-10-03T08:24:27.5116190Z checking for msgfmt... msgfmt
2026-10-03T08:24:27.5989120Z checking whether msgfmt supports contexts... yes
2026-10-03T08:24:27.6016930Z checking for aarch64-w64-mingw32-clang... aarch64-w64-mingw32-clang
2026-10-03T08:24:27.7669290Z checking whether aarch64-w64-mingw32-clang supports -target aarch64-windows -fuse-ld=lld -Wl,-subsystem:console -Wl,-WX --no-default-config... yes
2026-10-03T08:24:28.0209150Z checking for aarch64-w64-mingw32-clang option to enable C99 features... -D__STDC__
2026-10-03T08:24:28.1067120Z checking whether aarch64-w64-mingw32-clang supports SEH directives... yes
2026-10-03T08:24:28.2343830Z checking whether aarch64-w64-mingw32-clang supports -fno-strict-aliasing... yes
2026-10-03T08:24:28.3417190Z checking whether aarch64-w64-mingw32-clang supports -Werror=unknown-warning-option... yes
2026-10-03T08:24:28.4513140Z checking whether aarch64-w64-mingw32-clang supports -Werror=unused-command-line-argument... yes
2026-10-03T08:24:28.5727350Z checking whether aarch64-w64-mingw32-clang supports -Werror=ignored-optimization-argument... yes
2026-10-03T08:24:28.6809200Z checking whether aarch64-w64-mingw32-clang supports -Werror=unsupported-floating-point-opt... yes
2026-10-03T08:24:28.7877870Z checking whether aarch64-w64-mingw32-clang supports -Wdeclaration-after-statement... yes
2026-10-03T08:24:28.8926560Z checking whether aarch64-w64-mingw32-clang supports -Wempty-body... yes
2026-10-03T08:24:28.9997830Z checking whether aarch64-w64-mingw32-clang supports -Wignored-qualifiers... yes
2026-10-03T08:24:29.1103480Z checking whether aarch64-w64-mingw32-clang supports -Winit-self... yes
2026-10-03T08:24:29.2342500Z checking whether aarch64-w64-mingw32-clang supports -Wpacked-not-aligned... no
2026-10-03T08:24:29.3591700Z checking whether aarch64-w64-mingw32-clang supports -Wmicrosoft-enum-forward-reference... yes
2026-10-03T08:24:29.4626960Z checking whether aarch64-w64-mingw32-clang supports -Wshift-overflow=2... no
2026-10-03T08:24:29.5848160Z checking whether aarch64-w64-mingw32-clang supports -Wstrict-prototypes... yes
2026-10-03T08:24:29.6898490Z checking whether aarch64-w64-mingw32-clang supports -Wtype-limits... yes
2026-10-03T08:24:29.7951870Z checking whether aarch64-w64-mingw32-clang supports -Wunused-but-set-parameter... yes
2026-10-03T08:24:29.9078920Z checking whether aarch64-w64-mingw32-clang supports -Wvla... yes
2026-10-03T08:24:30.0201740Z checking whether aarch64-w64-mingw32-clang supports -Wwrite-strings... yes
2026-10-03T08:24:30.1263690Z checking whether aarch64-w64-mingw32-clang supports -Wpointer-arith... yes
2026-10-03T08:24:30.2272450Z checking whether aarch64-w64-mingw32-clang supports -Wlogical-op... no
2026-10-03T08:24:30.3420090Z checking whether aarch64-w64-mingw32-clang supports -Wabsolute-value... yes
2026-10-03T08:24:30.4479310Z checking whether aarch64-w64-mingw32-clang supports -Wenum-enum-conversion... yes
2026-10-03T08:24:30.5587250Z checking whether aarch64-w64-mingw32-clang supports -ffunction-sections... yes
2026-10-03T08:24:30.6691330Z checking whether aarch64-w64-mingw32-clang supports -fasync-exceptions -DMIN_CLANG_VERSION=19... yes
2026-10-03T08:24:30.7761720Z checking whether aarch64-w64-mingw32-clang supports -ffp-exception-behavior=maytrap... yes
2026-10-03T08:24:30.8904350Z checking whether aarch64-w64-mingw32-clang supports -fms-hotpatch -DMIN_CLANG_VERSION=18... no
2026-10-03T08:24:30.9787320Z checking whether aarch64-w64-mingw32-clang supports -flarge-source-files -Wmisleading-indentation... no
2026-10-03T08:24:31.0955630Z checking whether aarch64-w64-mingw32-clang supports -Wl,-debug:dwarf... yes
2026-10-03T08:24:31.2033760Z checking whether aarch64-w64-mingw32-clang supports -gdwarf-4... yes
2026-10-03T08:24:31.2649610Z checking for i386_set_ldt in -li386... no
2026-10-03T08:24:31.3781890Z checking for  option for large files... none needed
2026-10-03T08:24:31.4187560Z checking for  option for timestamps after 2038... none needed
2026-10-03T08:24:31.4579350Z checking for stdio.h... yes
2026-10-03T08:24:31.5008160Z checking for stdlib.h... yes
2026-10-03T08:24:31.5479460Z checking for string.h... yes
2026-10-03T08:24:31.5933830Z checking for inttypes.h... yes
2026-10-03T08:24:31.6389310Z checking for stdint.h... yes
2026-10-03T08:24:31.6842940Z checking for strings.h... yes
2026-10-03T08:24:31.7305940Z checking for sys/stat.h... yes
2026-10-03T08:24:31.7754060Z checking for sys/types.h... yes
2026-10-03T08:24:31.8267110Z checking for unistd.h... yes
2026-10-03T08:24:31.8844340Z checking for CL/cl.h... no
2026-10-03T08:24:32.0191830Z checking for OpenCL/opencl.h... yes
2026-10-03T08:24:32.0783590Z checking for arpa/inet.h... yes
2026-10-03T08:24:32.1421830Z checking for arpa/nameser.h... yes
2026-10-03T08:24:32.2035980Z checking for asm/termbits.h... no
2026-10-03T08:24:32.3100370Z checking for asm/types.h... no
2026-10-03T08:24:32.3943120Z checking for asm/user.h... no
2026-10-03T08:24:32.4617110Z checking for bluetooth/bluetooth.h... no
2026-10-03T08:24:32.5339920Z checking for elf.h... no
2026-10-03T08:24:32.6037260Z checking for gettext-po.h... no
2026-10-03T08:24:32.6744200Z checking for link.h... no
2026-10-03T08:24:32.7467800Z checking for linux/cdrom.h... no
2026-10-03T08:24:32.8221040Z checking for linux/filter.h... no
2026-10-03T08:24:32.8944070Z checking for linux/fs.h... no
2026-10-03T08:24:32.9641790Z checking for linux/hdreg.h... no
2026-10-03T08:24:33.0372660Z checking for linux/hidraw.h... no
2026-10-03T08:24:33.1112300Z checking for linux/input.h... no
2026-10-03T08:24:33.1826520Z checking for linux/ioctl.h... no
2026-10-03T08:24:33.2550300Z checking for linux/major.h... no
2026-10-03T08:24:33.3263080Z checking for linux/memfd.h... no
2026-10-03T08:24:33.3987210Z checking for linux/ntsync.h... no
2026-10-03T08:24:33.4752390Z checking for linux/param.h... no
2026-10-03T08:24:33.5462970Z checking for linux/serial.h... no
2026-10-03T08:24:33.6212690Z checking for linux/types.h... no
2026-10-03T08:24:33.6950570Z checking for linux/ucdrom.h... no
2026-10-03T08:24:33.7627340Z checking for linux/userfaultfd.h... no
2026-10-03T08:24:33.8366410Z checking for linux/wireless.h... no
2026-10-03T08:24:33.9059310Z checking for lwp.h... no
2026-10-03T08:24:33.9749530Z checking for mach-o/loader.h... yes
2026-10-03T08:24:34.0965900Z checking for mach/mach.h... yes
2026-10-03T08:24:34.1499580Z checking for machine/cpu.h... no
2026-10-03T08:24:34.2158670Z checking for machine/sysarch.h... no
2026-10-03T08:24:34.2882530Z checking for mntent.h... no
2026-10-03T08:24:34.3568890Z checking for netdb.h... yes
2026-10-03T08:24:34.4033740Z checking for netinet/in.h... yes
2026-10-03T08:24:34.4509120Z checking for netinet/in_systm.h... yes
2026-10-03T08:24:34.4973310Z checking for netinet/tcp.h... yes
2026-10-03T08:24:34.5433090Z checking for netinet/tcp_fsm.h... yes
2026-10-03T08:24:34.5990650Z checking for pcap/pcap.h... yes
2026-10-03T08:24:34.6564590Z checking for port.h... no
2026-10-03T08:24:34.7240380Z checking for pwd.h... yes
2026-10-03T08:24:34.7748180Z checking for sched.h... yes
2026-10-03T08:24:34.8294130Z checking for scsi/scsi.h... no
2026-10-03T08:24:34.9061790Z checking for scsi/scsi_ioctl.h... no
2026-10-03T08:24:34.9805790Z checking for scsi/sg.h... no
2026-10-03T08:24:35.0496970Z checking for sys/attr.h... yes
2026-10-03T08:24:35.1041660Z checking for sys/auxv.h... no
2026-10-03T08:24:35.1782030Z checking for sys/cdio.h... no
2026-10-03T08:24:35.2512330Z checking for sys/epoll.h... no
2026-10-03T08:24:35.3169630Z checking for sys/event.h... yes
2026-10-03T08:24:35.3705270Z checking for sys/extattr.h... no
2026-10-03T08:24:35.4350670Z checking for sys/filio.h... yes
2026-10-03T08:24:35.4813280Z checking for sys/ipc.h... yes
2026-10-03T08:24:35.5344530Z checking for sys/link.h... no
2026-10-03T08:24:35.6084790Z checking for sys/modem.h... no
2026-10-03T08:24:35.6839460Z checking for sys/mtio.h... no
2026-10-03T08:24:35.7503120Z checking for sys/param.h... yes
2026-10-03T08:24:35.8075700Z checking for sys/prctl.h... no
2026-10-03T08:24:35.8693730Z checking for sys/ptrace.h... yes
2026-10-03T08:24:35.9145470Z checking for sys/queue.h... yes
2026-10-03T08:24:35.9604660Z checking for sys/random.h... yes
2026-10-03T08:24:36.0073700Z checking for sys/resource.h... yes
2026-10-03T08:24:36.0615150Z checking for sys/scsiio.h... no
2026-10-03T08:24:36.1263040Z checking for sys/shm.h... yes
2026-10-03T08:24:36.1748630Z checking for sys/signal.h... yes
2026-10-03T08:24:36.2237870Z checking for sys/socketvar.h... yes
2026-10-03T08:24:36.2752820Z checking for sys/sockio.h... yes
2026-10-03T08:24:36.3224290Z checking for sys/statvfs.h... yes
2026-10-03T08:24:36.3746990Z checking for sys/strtio.h... no
2026-10-03T08:24:36.4409350Z checking for sys/syscall.h... yes
2026-10-03T08:24:36.4937100Z checking for sys/sysinfo.h... no
2026-10-03T08:24:36.5618770Z checking for sys/times.h... yes
2026-10-03T08:24:36.6080310Z checking for sys/uio.h... yes
2026-10-03T08:24:36.6592420Z checking for sys/user.h... yes
2026-10-03T08:24:36.7106430Z checking for sys/utsname.h... yes
2026-10-03T08:24:36.7574890Z checking for sys/vnode.h... yes
2026-10-03T08:24:36.8045370Z checking for sys/xattr.h... yes
2026-10-03T08:24:36.8586360Z checking for syscall.h... no
2026-10-03T08:24:36.9212900Z checking for utime.h... yes
2026-10-03T08:24:36.9762420Z checking for valgrind/memcheck.h... no
2026-10-03T08:24:37.0446490Z checking for valgrind/valgrind.h... no
2026-10-03T08:24:37.1190360Z checking for sys/mkdev.h... no
2026-10-03T08:24:37.1929840Z checking for sys/sysmacros.h... no
2026-10-03T08:24:37.2516900Z checking for sys/conf.h... yes
2026-10-03T08:24:37.2978170Z checking for sys/mount.h... yes
2026-10-03T08:24:37.3460000Z checking for sys/statfs.h... no
2026-10-03T08:24:37.3460650Z checking for sys/user.h... (cached) yes
2026-10-03T08:24:37.4113300Z checking for sys/vfs.h... no
2026-10-03T08:24:37.4752830Z checking for sys/sysctl.h... yes
2026-10-03T08:24:37.5186260Z checking for netinet/ip.h... yes
2026-10-03T08:24:37.5672470Z checking for net/if.h... yes
2026-10-03T08:24:37.6205520Z checking for net/if_arp.h... yes
2026-10-03T08:24:37.6673170Z checking for net/if_dl.h... yes
2026-10-03T08:24:37.7122210Z checking for net/if_types.h... yes
2026-10-03T08:24:37.7581420Z checking for net/route.h... yes
2026-10-03T08:24:37.8026770Z checking for netinet/if_ether.h... yes
2026-10-03T08:24:37.8496600Z checking for netinet/in_pcb.h... yes
2026-10-03T08:24:37.8946510Z checking for netinet/ip_icmp.h... yes
2026-10-03T08:24:37.9408100Z checking for netinet/ip_var.h... yes
2026-10-03T08:24:37.9835340Z checking for netinet/udp.h... yes
2026-10-03T08:24:38.0369700Z checking for netinet6/ip6_var.h... no
2026-10-03T08:24:38.1104590Z checking for netipx/ipx.h... no
2026-10-03T08:24:38.1765980Z checking for sys/un.h... yes
2026-10-03T08:24:38.2261990Z checking for netinet/udp_var.h... yes
2026-10-03T08:24:38.2727600Z checking for netinet/icmp_var.h... yes
2026-10-03T08:24:38.3208990Z checking for netinet/icmp6.h... yes
2026-10-03T08:24:38.3671630Z checking for netinet/tcp_var.h... yes
2026-10-03T08:24:38.4155010Z checking for linux/ipx.h... no
2026-10-03T08:24:38.4806840Z checking for linux/irda.h... no
2026-10-03T08:24:38.5502520Z checking for linux/rtnetlink.h... no
2026-10-03T08:24:38.6099670Z checking for resolv.h... yes
2026-10-03T08:24:38.6525360Z checking for ifaddrs.h... yes
2026-10-03T08:24:38.6919770Z checking for sys/ucontext.h... yes
2026-10-03T08:24:38.7391340Z checking for sys/thr.h... no
2026-10-03T08:24:38.8069170Z checking for pthread_np.h... no
2026-10-03T08:24:38.8742590Z checking for linux/videodev2.h... no
2026-10-03T08:24:38.9433300Z checking for libprocstat.h... no
2026-10-03T08:24:39.0059770Z checking for bluetooth/rfcomm.h... no
2026-10-03T08:24:39.0682560Z checking whether getxattr takes additional arguments... yes
2026-10-03T08:24:39.0693870Z checking for ldd... true
2026-10-03T08:24:39.0695220Z checking for otool... otool
2026-10-03T08:24:39.0700620Z checking for readelf... no
2026-10-03T08:24:39.0714740Z checking for gcc... gcc
2026-10-03T08:24:39.2464570Z checking whether the compiler supports GNU Objective C... yes
2026-10-03T08:24:39.2823890Z checking whether gcc accepts -g... yes
2026-10-03T08:24:40.0062840Z checking whether MTLDevice protocol supports registryID property... yes
2026-10-03T08:24:40.2137780Z checking for pthread_create... yes
2026-10-03T08:24:40.3004290Z checking how to run the C preprocessor... gcc -E
2026-10-03T08:24:40.3909880Z checking for X... disabled
2026-10-03T08:24:40.6351600Z checking for pcap_init in -lpcap... yes
2026-10-03T08:24:40.6919520Z checking for SCardEstablishContext in -lpcsclite... no
2026-10-03T08:24:40.7781710Z checking for sys/inotify.h... no
2026-10-03T08:24:40.8535770Z checking for inotify_add_watch in -linotify... no
2026-10-03T08:24:40.9470270Z checking for gnutls/gnutls.h... yes
2026-10-03T08:24:41.4953860Z checking for -lgnutls... libgnutls.30.dylib
2026-10-03T08:24:41.5720870Z checking for gnutls_cipher_init... yes
2026-10-03T08:24:41.6628700Z checking for libusb.h... yes
2026-10-03T08:24:41.7373590Z checking for libusb_interrupt_event_handler in -lusb-1.0... yes
2026-10-03T08:24:41.8147610Z checking for -lv4l2... not found
2026-10-03T08:24:41.9491420Z checking for gphoto2-camera.h... no
2026-10-03T08:24:42.0361250Z checking for gphoto2-port.h... no
2026-10-03T08:24:42.2374830Z checking for resolver library... -lresolv
2026-10-03T08:24:42.3290360Z checking for res_getservers... yes
2026-10-03T08:24:42.4038050Z checking for pthread_getthreadid_np... no
2026-10-03T08:24:42.5866720Z checking for snd_pcm_hw_params_get_access_mask in -lasound... no
2026-10-03T08:24:42.6594050Z checking for sys/soundcard.h... no
2026-10-03T08:24:42.7570290Z checking for libudev.h... no
2026-10-03T08:24:42.8548760Z checking for SDL.h... no
2026-10-03T08:24:42.9731850Z checking for cups/cups.h... yes
2026-10-03T08:24:43.0282630Z checking for cups/ppd.h... yes
2026-10-03T08:24:43.1200580Z checking for -lcups... libcups.2.dylib
2026-10-03T08:24:43.2345590Z checking for krb5/krb5.h... yes
2026-10-03T08:24:43.3354040Z checking for -lkrb5... not found
2026-10-03T08:24:43.4040320Z checking for -lodbc... not found
2026-10-03T08:24:43.5193130Z checking whether the compiler supports -Werror=unknown-warning-option... yes
2026-10-03T08:24:43.5920690Z checking whether the compiler supports -Werror=unused-command-line-argument... yes
2026-10-03T08:24:43.6624590Z checking whether the compiler supports -Werror=ignored-optimization-argument... yes
2026-10-03T08:24:43.7362260Z checking whether the compiler supports -fcf-protection=none... yes
2026-10-03T08:24:43.8074540Z checking whether the compiler supports -fvisibility=hidden... yes
2026-10-03T08:24:43.8844690Z checking whether the compiler supports -fno-stack-protector... yes
2026-10-03T08:24:43.9559950Z checking whether the compiler supports -fno-strict-aliasing... yes
2026-10-03T08:24:44.0275840Z checking whether the compiler supports -Wdeclaration-after-statement... yes
2026-10-03T08:24:44.1008080Z checking whether the compiler supports -Wempty-body... yes
2026-10-03T08:24:44.1736390Z checking whether the compiler supports -Wignored-qualifiers... yes
2026-10-03T08:24:44.2464750Z checking whether the compiler supports -Winit-self... yes
2026-10-03T08:24:44.2932540Z checking whether the compiler supports -Wlogical-op... no
2026-10-03T08:24:44.3537010Z checking whether the compiler supports -Wpacked-not-aligned... no
2026-10-03T08:24:44.4446860Z checking whether the compiler supports -Wpointer-arith... yes
2026-10-03T08:24:44.4882740Z checking whether the compiler supports -Wshift-overflow=2... no
2026-10-03T08:24:44.5956250Z checking whether the compiler supports -Wstrict-prototypes... yes
2026-10-03T08:24:44.6741420Z checking whether the compiler supports -Wtype-limits... yes
2026-10-03T08:24:44.7459300Z checking whether the compiler supports -Wunused-but-set-parameter... yes
2026-10-03T08:24:44.8185370Z checking whether the compiler supports -Wvla... yes
2026-10-03T08:24:44.8909480Z checking whether the compiler supports -Wwrite-strings... yes
2026-10-03T08:24:44.9336790Z checking whether the compiler supports -flarge-source-files -Wmisleading-indentation... no
2026-10-03T08:24:44.9842760Z checking for flags needed for 64-bit compare-and-swap support... none needed
2026-10-03T08:24:45.0588850Z checking whether the compiler supports -gdwarf-4... yes
2026-10-03T08:24:45.1070950Z checking for the need to disable Fortify... yes
2026-10-03T08:24:45.1638350Z checking whether CFI directives are supported in assembly code... yes
2026-10-03T08:24:45.2381700Z checking for library containing dlopen... none required
2026-10-03T08:24:45.3138510Z checking for dladdr1... no
2026-10-03T08:24:45.4010450Z checking for dlinfo... no
2026-10-03T08:24:45.4885060Z checking for epoll_create... no
2026-10-03T08:24:45.5767600Z checking for epoll_pwait2... no
2026-10-03T08:24:45.6682130Z checking for fstatfs... yes
2026-10-03T08:24:45.7434500Z checking for futimens... yes
2026-10-03T08:24:45.8191920Z checking for futimes... yes
2026-10-03T08:24:45.9022000Z checking for futimesat... no
2026-10-03T08:24:45.9943430Z checking for getaddrinfo... yes
2026-10-03T08:24:46.0690760Z checking for getattrlist... yes
2026-10-03T08:24:46.1434820Z checking for getauxval... no
2026-10-03T08:24:46.2336160Z checking for getifaddrs... yes
2026-10-03T08:24:46.3120040Z checking for getrandom... no
2026-10-03T08:24:46.4033170Z checking for kqueue... yes
2026-10-03T08:24:46.4789050Z checking for memfd_create... no
2026-10-03T08:24:46.5647470Z checking for pipe2... no
2026-10-03T08:24:46.7046920Z checking for port_create... no
2026-10-03T08:24:46.7908220Z checking for posix_fadvise... no
2026-10-03T08:24:46.8836450Z checking for posix_fallocate... no
2026-10-03T08:24:46.9698890Z checking for prctl... no
2026-10-03T08:24:47.0587720Z checking for process_vm_readv... no
2026-10-03T08:24:47.1528120Z checking for process_vm_writev... no
2026-10-03T08:24:47.2501250Z checking for sched_getcpu... no
2026-10-03T08:24:47.3352560Z checking for sched_yield... yes
2026-10-03T08:24:47.4099390Z checking for setproctitle... no
2026-10-03T08:24:47.4964340Z checking for setprogname... yes
2026-10-03T08:24:47.5701470Z checking for sigprocmask... yes
2026-10-03T08:24:47.6454450Z checking for sysinfo... no
2026-10-03T08:24:47.7378130Z checking for tcdrain... yes
2026-10-03T08:24:47.8147380Z checking for thr_kill2... no
2026-10-03T08:24:47.9057310Z checking for library containing clock_gettime... none required
2026-10-03T08:24:47.9531140Z checking for sched_setaffinity... no
2026-10-03T08:24:48.0222580Z checking whether we can use re-entrant gethostbyname_r Linux style... no
2026-10-03T08:24:48.0782860Z checking for struct sockaddr_un.sun_len... yes
2026-10-03T08:24:48.2001400Z checking for sg_io_hdr_t.interface_id... no
2026-10-03T08:24:48.3315250Z checking for siginfo_t.si_fd... no
2026-10-03T08:24:48.4645080Z checking for struct mtget.mt_blksiz... no
2026-10-03T08:24:48.6040100Z checking for struct mtget.mt_gstat... no
2026-10-03T08:24:48.7472500Z checking for struct mtget.mt_blkno... no
2026-10-03T08:24:48.8911090Z checking for struct stat.st_mtim... no
2026-10-03T08:24:49.0305860Z checking for struct stat.st_mtimespec... yes
2026-10-03T08:24:49.1598710Z checking for struct stat.st_ctim... no
2026-10-03T08:24:49.3077640Z checking for struct stat.st_ctimespec... yes
2026-10-03T08:24:49.4410680Z checking for struct stat.st_atim... no
2026-10-03T08:24:49.5808940Z checking for struct stat.st_atimespec... yes
2026-10-03T08:24:49.6303240Z checking for struct stat.st_birthtime... yes
2026-10-03T08:24:49.7552420Z checking for struct stat.st_birthtim... no
2026-10-03T08:24:49.8857830Z checking for struct stat.st_birthtimespec... yes
2026-10-03T08:24:50.0238150Z checking for struct stat.__st_birthtime... no
2026-10-03T08:24:50.1685540Z checking for struct stat.__st_birthtim... no
2026-10-03T08:24:50.2285190Z checking for struct sockaddr_in6.sin6_scope_id... yes
2026-10-03T08:24:50.3554050Z checking for struct __res_state._u._ext.nscount6... no
2026-10-03T08:24:50.4826540Z checking for struct in6_pktinfo.ipi6_addr... yes
2026-10-03T08:24:50.5286440Z checking for struct ipstat.ips_total... yes
2026-10-03T08:24:50.6517560Z checking for struct ip_stats.ips_total... no
2026-10-03T08:24:50.7866880Z checking for struct ip6stat.ip6s_total... no
2026-10-03T08:24:50.8458520Z checking for struct icmpstat.icps_error... yes
2026-10-03T08:24:50.8908200Z checking for struct icmp6stat.icp6s_error... yes
2026-10-03T08:24:50.9349420Z checking for struct tcpstat.tcps_connattempt... yes
2026-10-03T08:24:51.0578900Z checking for struct tcp_stats.tcps_connattempt... no
2026-10-03T08:24:51.1223810Z checking for struct udpstat.udps_ipackets... yes
2026-10-03T08:24:51.2420310Z checking for struct ifreq.ifr_hwaddr... no
2026-10-03T08:24:51.3628940Z checking for struct sysinfo.totalram... no
2026-10-03T08:24:51.4873820Z checking for struct sysinfo.mem_unit... no
2026-10-03T08:24:51.5731450Z checking for __builtin_popcount... yes
2026-10-03T08:24:51.6455720Z checking for __clear_cache... yes
2026-10-03T08:24:51.6896760Z checking whether we need to define __aarch64__... no
2026-10-03T08:24:51.9843660Z creating Makefile rules... done
2026-10-03T08:24:52.0253380Z configure: creating ./config.status
2026-10-03T08:24:52.1276610Z config.status: creating include/config.h
2026-10-03T08:24:52.1615480Z config.status: executing include/stamp-h commands
2026-10-03T08:24:52.1734380Z config.status: executing tools/makedep commands
2026-10-03T08:24:53.5973570Z config.status: executing Makefile commands
2026-10-03T08:24:55.1344970Z ../dlls/ntdll/unix/sync.c:29: error: ../../../../build/madeira_cfg.h: No such file or directory
2026-10-03T08:24:55.1353230Z config.status: error: could not create Makefile
2026-10-03T08:24:55.2004770Z ##[error]Process completed with exit code 1.
2026-10-03T08:24:55.2360730Z ##[group]Run actions/upload-artifact@v4
2026-10-03T08:24:55.2369410Z with:
2026-10-03T08:24:55.2369580Z   name: wine-tvos-ntdll-unix-artifacts
2026-10-03T08:24:55.2369940Z   path: build/ntdll-unix/obj/*.a
app/Madeira/libntdll_unix.a
build/ntdll-unix-tvos.log

2026-10-03T08:24:55.2370370Z   if-no-files-found: warn
2026-10-03T08:24:55.2370560Z   compression-level: 6
2026-10-03T08:24:55.2370730Z   overwrite: false
2026-10-03T08:24:55.2370910Z   include-hidden-files: false
2026-10-03T08:24:55.2371120Z ##[endgroup]
2026-10-03T08:24:55.4357270Z (node:22794) [DEP0040] DeprecationWarning: The `punycode` module is deprecated. Please use a userland alternative instead.
2026-10-03T08:24:55.4358080Z (Use `node --trace-deprecation ...` to show where the warning was created)
2026-10-03T08:24:55.4392490Z Multiple search paths detected. Calculating the least common ancestor of all paths
2026-10-03T08:24:55.4394180Z The least common ancestor is /Users/runner/work/MadeiraTV/MadeiraTV. This will be the root directory of the artifact
2026-10-03T08:24:55.4408890Z ##[warning]No files were found with the provided path: build/ntdll-unix/obj/*.a
app/Madeira/libntdll_unix.a
build/ntdll-unix-tvos.log. No artifacts will be uploaded.
2026-10-03T08:24:55.4524780Z ##[warning]Unexpected input(s) 'submodule-depth', valid inputs are ['repository', 'ref', 'token', 'ssh-key', 'ssh-known-hosts', 'ssh-strict', 'ssh-user', 'persist-credentials', 'path', 'clean', 'filter', 'sparse-checkout', 'sparse-checkout-cone-mode', 'fetch-depth', 'fetch-tags', 'show-progress', 'lfs', 'submodules', 'set-safe-directory', 'github-server-url', 'allow-unsafe-pr-checkout']
2026-10-03T08:24:55.4530590Z Post job cleanup.
2026-10-03T08:24:55.5463710Z [command]/opt/homebrew/bin/git version
2026-10-03T08:24:55.5542330Z git version 2.55.0
2026-10-03T08:24:55.5563260Z Copying '/Users/runner/.gitconfig' to '/Users/runner/work/_temp/bb411d30-213e-4c66-989b-4f5952caa6d4/.gitconfig'
2026-10-03T08:24:55.5574300Z Temporarily overriding HOME='/Users/runner/work/_temp/bb411d30-213e-4c66-989b-4f5952caa6d4' before making global git config changes
2026-10-03T08:24:55.5576290Z Adding repository directory to the temporary git global config as a safe directory
2026-10-03T08:24:55.5577620Z [command]/opt/homebrew/bin/git config --global --add safe.directory /Users/runner/work/MadeiraTV/MadeiraTV
2026-10-03T08:24:55.5651670Z [command]/opt/homebrew/bin/git config --local --name-only --get-regexp core\.sshCommand
2026-10-03T08:24:55.5712620Z [command]/opt/homebrew/bin/git submodule foreach --recursive sh -c "git config --local --name-only --get-regexp 'core\.sshCommand' && git config --local --unset-all 'core.sshCommand' || :"
2026-10-03T08:24:55.6454520Z Entering 'FEX'
2026-10-03T08:24:55.6644850Z Entering 'FEX/External/Catch2'
2026-10-03T08:24:55.6833850Z Entering 'FEX/External/Vulkan-Headers'
2026-10-03T08:24:55.7034990Z Entering 'FEX/External/drm-headers'
2026-10-03T08:24:55.7223060Z Entering 'FEX/External/fex-gcc-target-tests-bins'
2026-10-03T08:24:55.7424730Z Entering 'FEX/External/fex-gvisor-tests-bins'
2026-10-03T08:24:55.7617310Z Entering 'FEX/External/fex-posixtest-bins'
2026-10-03T08:24:55.7808010Z Entering 'FEX/External/fmt'
2026-10-03T08:24:55.7995420Z Entering 'FEX/External/jemalloc_glibc'
2026-10-03T08:24:55.8178490Z Entering 'FEX/External/range-v3'
2026-10-03T08:24:55.8366930Z Entering 'FEX/External/range-v3/doc/gh-pages'
2026-10-03T08:24:55.8559240Z Entering 'FEX/External/rpmalloc'
2026-10-03T08:24:55.8751980Z Entering 'FEX/External/tracy'
2026-10-03T08:24:55.8929200Z Entering 'FEX/External/unordered_dense'
2026-10-03T08:24:55.9106290Z Entering 'FEX/External/vixl'
2026-10-03T08:24:55.9507990Z Entering 'FEX/External/xxhash'
2026-10-03T08:24:55.9810220Z Entering 'FEX/External/zydis'
2026-10-03T08:24:56.0119980Z Entering 'FEX/External/zydis/dependencies/zycore'
2026-10-03T08:24:56.0461160Z Entering 'FEX/Source/Common/cpp-optparse'
2026-10-03T08:24:56.0772810Z Entering 'dxmt'
2026-10-03T08:24:56.1209710Z Entering 'dxmt/external/nvapi'
2026-10-03T08:24:56.1518920Z Entering 'dxmt/include/native/directx'
2026-10-03T08:24:56.1827330Z Entering 'madeira-dock'
2026-10-03T08:24:56.2129000Z Entering 'wine'
2026-10-03T08:24:56.2644950Z [command]/opt/homebrew/bin/git config --local --name-only --get-regexp http\.https\:\/\/github\.com\/\.extraheader
2026-10-03T08:24:56.2752710Z http.https://github.com/.extraheader
2026-10-03T08:24:56.2814910Z [command]/opt/homebrew/bin/git config --local --unset-all http.https://github.com/.extraheader
2026-10-03T08:24:56.2850810Z [command]/opt/homebrew/bin/git submodule foreach --recursive sh -c "git config --local --name-only --get-regexp 'http\.https\:\/\/github\.com\/\.extraheader' && git config --local --unset-all 'http.https://github.com/.extraheader' || :"
2026-10-03T08:24:56.3379220Z Entering 'FEX'
2026-10-03T08:24:56.3506060Z http.https://github.com/.extraheader
2026-10-03T08:24:56.3627280Z Entering 'FEX/External/Catch2'
2026-10-03T08:24:56.3762480Z http.https://github.com/.extraheader
2026-10-03T08:24:56.3884560Z Entering 'FEX/External/Vulkan-Headers'
2026-10-03T08:24:56.4043010Z http.https://github.com/.extraheader
2026-10-03T08:24:56.4158930Z Entering 'FEX/External/drm-headers'
2026-10-03T08:24:56.4300580Z http.https://github.com/.extraheader
2026-10-03T08:24:56.4444660Z Entering 'FEX/External/fex-gcc-target-tests-bins'
2026-10-03T08:24:56.4606910Z http.https://github.com/.extraheader
2026-10-03T08:24:56.4745850Z Entering 'FEX/External/fex-gvisor-tests-bins'
2026-10-03T08:24:56.4893280Z http.https://github.com/.extraheader
2026-10-03T08:24:56.5027060Z Entering 'FEX/External/fex-posixtest-bins'
2026-10-03T08:24:56.5164200Z http.https://github.com/.extraheader
2026-10-03T08:24:56.5302800Z Entering 'FEX/External/fmt'
2026-10-03T08:24:56.5512140Z http.https://github.com/.extraheader
2026-10-03T08:24:56.5655060Z Entering 'FEX/External/jemalloc_glibc'
2026-10-03T08:24:56.5814400Z http.https://github.com/.extraheader
2026-10-03T08:24:56.5928420Z Entering 'FEX/External/range-v3'
2026-10-03T08:24:56.6052150Z http.https://github.com/.extraheader
2026-10-03T08:24:56.6168570Z Entering 'FEX/External/range-v3/doc/gh-pages'
2026-10-03T08:24:56.6292990Z http.https://github.com/.extraheader
2026-10-03T08:24:56.6419450Z Entering 'FEX/External/rpmalloc'
2026-10-03T08:24:56.6554430Z http.https://github.com/.extraheader
2026-10-03T08:24:56.6664580Z Entering 'FEX/External/tracy'
2026-10-03T08:24:56.6796950Z http.https://github.com/.extraheader
2026-10-03T08:24:56.6935250Z Entering 'FEX/External/unordered_dense'
2026-10-03T08:24:56.7067610Z http.https://github.com/.extraheader
2026-10-03T08:24:56.7215380Z Entering 'FEX/External/vixl'
2026-10-03T08:24:56.7367440Z http.https://github.com/.extraheader
2026-10-03T08:24:56.7487680Z Entering 'FEX/External/xxhash'
2026-10-03T08:24:56.7612780Z http.https://github.com/.extraheader
2026-10-03T08:24:56.7725720Z Entering 'FEX/External/zydis'
2026-10-03T08:24:56.7854260Z http.https://github.com/.extraheader
2026-10-03T08:24:56.7967540Z Entering 'FEX/External/zydis/dependencies/zycore'
2026-10-03T08:24:56.8091570Z http.https://github.com/.extraheader
2026-10-03T08:24:56.8206850Z Entering 'FEX/Source/Common/cpp-optparse'
2026-10-03T08:24:56.8345330Z http.https://github.com/.extraheader
2026-10-03T08:24:56.8459250Z Entering 'dxmt'
2026-10-03T08:24:56.8580760Z http.https://github.com/.extraheader
2026-10-03T08:24:56.8695490Z Entering 'dxmt/external/nvapi'
2026-10-03T08:24:56.8813800Z http.https://github.com/.extraheader
2026-10-03T08:24:56.8928040Z Entering 'dxmt/include/native/directx'
2026-10-03T08:24:56.9052590Z http.https://github.com/.extraheader
2026-10-03T08:24:56.9162640Z Entering 'madeira-dock'
2026-10-03T08:24:56.9285930Z http.https://github.com/.extraheader
2026-10-03T08:24:56.9418200Z Entering 'wine'
2026-10-03T08:24:56.9565800Z http.https://github.com/.extraheader
2026-10-03T08:24:56.9713740Z [command]/opt/homebrew/bin/git config --local --name-only --get-regexp ^includeIf\.gitdir:
2026-10-03T08:24:56.9782620Z [command]/opt/homebrew/bin/git submodule foreach --recursive git config --local --show-origin --name-only --get-regexp remote.origin.url
2026-10-03T08:24:57.0701420Z Entering 'FEX'
2026-10-03T08:24:57.0902300Z file:/Users/runner/work/MadeiraTV/MadeiraTV/.git/modules/FEX/config	remote.origin.url
2026-10-03T08:24:57.1002940Z Entering 'FEX/External/Catch2'
2026-10-03T08:24:57.1103910Z file:/Users/runner/work/MadeiraTV/MadeiraTV/.git/modules/FEX/modules/External/Catch2/config	remote.origin.url
2026-10-03T08:24:57.1204170Z Entering 'FEX/External/Vulkan-Headers'
2026-10-03T08:24:57.1406140Z file:/Users/runner/work/MadeiraTV/MadeiraTV/.git/modules/FEX/modules/External/Vulkan-Headers/config	remote.origin.url
2026-10-03T08:24:57.1507260Z Entering 'FEX/External/drm-headers'
2026-10-03T08:24:57.1607850Z file:/Users/runner/work/MadeiraTV/MadeiraTV/.git/modules/FEX/modules/External/drm-headers/config	remote.origin.url
2026-10-03T08:24:57.1708990Z Entering 'FEX/External/fex-gcc-target-tests-bins'
2026-10-03T08:24:57.1809660Z file:/Users/runner/work/MadeiraTV/MadeiraTV/.git/modules/FEX/modules/External/fex-gcc-target-tests-bins/config	remote.origin.url
2026-10-03T08:24:57.1910400Z Entering 'FEX/External/fex-gvisor-tests-bins'
2026-10-03T08:24:57.2112290Z file:/Users/runner/work/MadeiraTV/MadeiraTV/.git/modules/FEX/modules/External/fex-gvisor-tests-bins/config	remote.origin.url
2026-10-03T08:24:57.2211980Z Entering 'FEX/External/fex-posixtest-bins'
2026-10-03T08:24:57.2313770Z file:/Users/runner/work/MadeiraTV/MadeiraTV/.git/modules/FEX/modules/External/fex-posixtest-bins/config	remote.origin.url
2026-10-03T08:24:57.2415290Z Entering 'FEX/External/fmt'
2026-10-03T08:24:57.2515930Z file:/Users/runner/work/MadeiraTV/MadeiraTV/.git/modules/FEX/modules/External/fmt/config	remote.origin.url
2026-10-03T08:24:57.2615960Z Entering 'FEX/External/jemalloc_glibc'
2026-10-03T08:24:57.2717920Z file:/Users/runner/work/MadeiraTV/MadeiraTV/.git/modules/FEX/modules/External/jemalloc_glibc/config	remote.origin.url
2026-10-03T08:24:57.2819040Z Entering 'FEX/External/range-v3'
2026-10-03T08:24:57.3018890Z file:/Users/runner/work/MadeiraTV/MadeiraTV/.git/modules/FEX/modules/External/range-v3/config	remote.origin.url
2026-10-03T08:24:57.3120240Z Entering 'FEX/External/range-v3/doc/gh-pages'
2026-10-03T08:24:57.3221250Z file:/Users/runner/work/MadeiraTV/MadeiraTV/.git/modules/FEX/modules/External/range-v3/modules/doc/gh-pages/config	remote.origin.url
2026-10-03T08:24:57.3321140Z Entering 'FEX/External/rpmalloc'
2026-10-03T08:24:57.3522720Z file:/Users/runner/work/MadeiraTV/MadeiraTV/.git/modules/FEX/modules/External/rpmalloc/config	remote.origin.url
2026-10-03T08:24:57.3622720Z Entering 'FEX/External/tracy'
2026-10-03T08:24:57.3723990Z file:/Users/runner/work/MadeiraTV/MadeiraTV/.git/modules/FEX/modules/External/tracy/config	remote.origin.url
2026-10-03T08:24:57.3925970Z Entering 'FEX/External/unordered_dense'
2026-10-03T08:24:57.4025370Z file:/Users/runner/work/MadeiraTV/MadeiraTV/.git/modules/FEX/modules/External/unordered_dense/config	remote.origin.url
2026-10-03T08:24:57.4125800Z Entering 'FEX/External/vixl'
2026-10-03T08:24:57.4227140Z file:/Users/runner/work/MadeiraTV/MadeiraTV/.git/modules/FEX/modules/External/vixl/config	remote.origin.url
2026-10-03T08:24:57.4327450Z Entering 'FEX/External/xxhash'
2026-10-03T08:24:57.4402360Z file:/Users/runner/work/MadeiraTV/MadeiraTV/.git/modules/FEX/modules/External/xxhash/config	remote.origin.url
2026-10-03T08:24:57.4471220Z Entering 'FEX/External/zydis'
2026-10-03T08:24:57.4564620Z file:/Users/runner/work/MadeiraTV/MadeiraTV/.git/modules/FEX/modules/External/zydis/config	remote.origin.url
2026-10-03T08:24:57.4627080Z Entering 'FEX/External/zydis/dependencies/zycore'
2026-10-03T08:24:57.4717900Z file:/Users/runner/work/MadeiraTV/MadeiraTV/.git/modules/FEX/modules/External/zydis/modules/dependencies/zycore/config	remote.origin.url
2026-10-03T08:24:57.4772030Z Entering 'FEX/Source/Common/cpp-optparse'
2026-10-03T08:24:57.4867520Z file:/Users/runner/work/MadeiraTV/MadeiraTV/.git/modules/FEX/modules/External/cpp-optparse/config	remote.origin.url
2026-10-03T08:24:57.4931490Z Entering 'dxmt'
2026-10-03T08:24:57.5025770Z file:/Users/runner/work/MadeiraTV/MadeiraTV/.git/modules/dxmt/config	remote.origin.url
2026-10-03T08:24:57.5141260Z Entering 'dxmt/external/nvapi'
2026-10-03T08:24:57.5278760Z file:/Users/runner/work/MadeiraTV/MadeiraTV/.git/modules/dxmt/modules/external/nvapi/config	remote.origin.url
2026-10-03T08:24:57.5380140Z Entering 'dxmt/include/native/directx'
2026-10-03T08:24:57.5581650Z file:/Users/runner/work/MadeiraTV/MadeiraTV/.git/modules/dxmt/modules/include/native/directx/config	remote.origin.url
2026-10-03T08:24:57.5682900Z Entering 'madeira-dock'
2026-10-03T08:24:57.5724850Z file:/Users/runner/work/MadeiraTV/MadeiraTV/.git/modules/madeira-dock/config	remote.origin.url
2026-10-03T08:24:57.5788820Z Entering 'wine'
2026-10-03T08:24:57.5894020Z file:/Users/runner/work/MadeiraTV/MadeiraTV/.git/modules/wine/config	remote.origin.url
2026-10-03T08:24:57.6027250Z [command]/opt/homebrew/bin/git config --file /Users/runner/work/MadeiraTV/MadeiraTV/.git/modules/FEX/config --name-only --get-regexp ^includeIf\.gitdir:
2026-10-03T08:24:57.6076900Z [command]/opt/homebrew/bin/git config --file /Users/runner/work/MadeiraTV/MadeiraTV/.git/modules/FEX/modules/External/Catch2/config --name-only --get-regexp ^includeIf\.gitdir:
2026-10-03T08:24:57.6138070Z [command]/opt/homebrew/bin/git config --file /Users/runner/work/MadeiraTV/MadeiraTV/.git/modules/FEX/modules/External/Vulkan-Headers/config --name-only --get-regexp ^includeIf\.gitdir:
2026-10-03T08:24:57.6185150Z [command]/opt/homebrew/bin/git config --file /Users/runner/work/MadeiraTV/MadeiraTV/.git/modules/FEX/modules/External/drm-headers/config --name-only --get-regexp ^includeIf\.gitdir:
2026-10-03T08:24:57.6250500Z [command]/opt/homebrew/bin/git config --file /Users/runner/work/MadeiraTV/MadeiraTV/.git/modules/FEX/modules/External/fex-gcc-target-tests-bins/config --name-only --get-regexp ^includeIf\.gitdir:
2026-10-03T08:24:57.6308260Z [command]/opt/homebrew/bin/git config --file /Users/runner/work/MadeiraTV/MadeiraTV/.git/modules/FEX/modules/External/fex-gvisor-tests-bins/config --name-only --get-regexp ^includeIf\.gitdir:
2026-10-03T08:24:57.6371040Z [command]/opt/homebrew/bin/git config --file /Users/runner/work/MadeiraTV/MadeiraTV/.git/modules/FEX/modules/External/fex-posixtest-bins/config --name-only --get-regexp ^includeIf\.gitdir:
2026-10-03T08:24:57.6444400Z [command]/opt/homebrew/bin/git config --file /Users/runner/work/MadeiraTV/MadeiraTV/.git/modules/FEX/modules/External/fmt/config --name-only --get-regexp ^includeIf\.gitdir:
2026-10-03T08:24:57.6495340Z [command]/opt/homebrew/bin/git config --file /Users/runner/work/MadeiraTV/MadeiraTV/.git/modules/FEX/modules/External/jemalloc_glibc/config --name-only --get-regexp ^includeIf\.gitdir:
2026-10-03T08:24:57.6564700Z [command]/opt/homebrew/bin/git config --file /Users/runner/work/MadeiraTV/MadeiraTV/.git/modules/FEX/modules/External/range-v3/config --name-only --get-regexp ^includeIf\.gitdir:
2026-10-03T08:24:57.6628200Z [command]/opt/homebrew/bin/git config --file /Users/runner/work/MadeiraTV/MadeiraTV/.git/modules/FEX/modules/External/range-v3/modules/doc/gh-pages/config --name-only --get-regexp ^includeIf\.gitdir:
2026-10-03T08:24:57.6692550Z [command]/opt/homebrew/bin/git config --file /Users/runner/work/MadeiraTV/MadeiraTV/.git/modules/FEX/modules/External/rpmalloc/config --name-only --get-regexp ^includeIf\.gitdir:
2026-10-03T08:24:57.6756350Z [command]/opt/homebrew/bin/git config --file /Users/runner/work/MadeiraTV/MadeiraTV/.git/modules/FEX/modules/External/tracy/config --name-only --get-regexp ^includeIf\.gitdir:
2026-10-03T08:24:57.6841330Z [command]/opt/homebrew/bin/git config --file /Users/runner/work/MadeiraTV/MadeiraTV/.git/modules/FEX/modules/External/unordered_dense/config --name-only --get-regexp ^includeIf\.gitdir:
2026-10-03T08:24:57.6902490Z [command]/opt/homebrew/bin/git config --file /Users/runner/work/MadeiraTV/MadeiraTV/.git/modules/FEX/modules/External/vixl/config --name-only --get-regexp ^includeIf\.gitdir:
2026-10-03T08:24:57.6988440Z [command]/opt/homebrew/bin/git config --file /Users/runner/work/MadeiraTV/MadeiraTV/.git/modules/FEX/modules/External/xxhash/config --name-only --get-regexp ^includeIf\.gitdir:
2026-10-03T08:24:57.7058400Z [command]/opt/homebrew/bin/git config --file /Users/runner/work/MadeiraTV/MadeiraTV/.git/modules/FEX/modules/External/zydis/config --name-only --get-regexp ^includeIf\.gitdir:
2026-10-03T08:24:57.7124410Z [command]/opt/homebrew/bin/git config --file /Users/runner/work/MadeiraTV/MadeiraTV/.git/modules/FEX/modules/External/zydis/modules/dependencies/zycore/config --name-only --get-regexp ^includeIf\.gitdir:
2026-10-03T08:24:57.7186160Z [command]/opt/homebrew/bin/git config --file /Users/runner/work/MadeiraTV/MadeiraTV/.git/modules/FEX/modules/External/cpp-optparse/config --name-only --get-regexp ^includeIf\.gitdir:
2026-10-03T08:24:57.7246750Z [command]/opt/homebrew/bin/git config --file /Users/runner/work/MadeiraTV/MadeiraTV/.git/modules/dxmt/config --name-only --get-regexp ^includeIf\.gitdir:
2026-10-03T08:24:57.7318680Z [command]/opt/homebrew/bin/git config --file /Users/runner/work/MadeiraTV/MadeiraTV/.git/modules/dxmt/modules/external/nvapi/config --name-only --get-regexp ^includeIf\.gitdir:
2026-10-03T08:24:57.7393000Z [command]/opt/homebrew/bin/git config --file /Users/runner/work/MadeiraTV/MadeiraTV/.git/modules/dxmt/modules/include/native/directx/config --name-only --get-regexp ^includeIf\.gitdir:
2026-10-03T08:24:57.7455040Z [command]/opt/homebrew/bin/git config --file /Users/runner/work/MadeiraTV/MadeiraTV/.git/modules/madeira-dock/config --name-only --get-regexp ^includeIf\.gitdir:
2026-10-03T08:24:57.7515190Z [command]/opt/homebrew/bin/git config --file /Users/runner/work/MadeiraTV/MadeiraTV/.git/modules/wine/config --name-only --get-regexp ^includeIf\.gitdir:
2026-10-03T08:24:57.7665760Z Cleaning up orphan processes
2026-10-03T08:24:58.2976490Z ##[warning]Node.js 20 is deprecated. The following actions target Node.js 20 but are being forced to run on Node.js 24: actions/checkout@v4, actions/upload-artifact@v4. For more information see: https://github.blog/changelog/2025-09-19-deprecation-of-node-20-on-github-actions-runners/

